<?xml version="1.0"?>
<link_info>
   <banner>TI ARM Linker Unix v16.9.4.LTS</banner>
   <copyright>Copyright (c) 1996-2017 Texas Instruments Incorporated</copyright>
   <link_time>0x5a21b0b9</link_time>
   <link_errors>0x0</link_errors>
   <output_file>M3_V2.0.out</output_file>
   <entry_point>
      <name>_c_int00</name>
      <address>0x20ef81</address>
   </entry_point>
   <input_file_list>
      <input_file id="fl-2">
         <path>./</path>
         <kind>object</kind>
         <file>main.obj</file>
         <name>main.obj</name>
      </input_file>
      <input_file id="fl-3">
         <path>./</path>
         <kind>object</kind>
         <file>startup_ccs.obj</file>
         <name>startup_ccs.obj</name>
      </input_file>
      <input_file id="fl-4">
         <path>./</path>
         <kind>object</kind>
         <file>uartstdio.obj</file>
         <name>uartstdio.obj</name>
      </input_file>
      <input_file id="fl-5">
         <path>./app/board_drivers/</path>
         <kind>object</kind>
         <file>hardware_def.obj</file>
         <name>hardware_def.obj</name>
      </input_file>
      <input_file id="fl-6">
         <path>./app/communication_drivers/adcp/</path>
         <kind>object</kind>
         <file>adcp.obj</file>
         <name>adcp.obj</name>
      </input_file>
      <input_file id="fl-7">
         <path>./app/communication_drivers/bsmp/bsmp/src/</path>
         <kind>object</kind>
         <file>bsmp.obj</file>
         <name>bsmp.obj</name>
      </input_file>
      <input_file id="fl-8">
         <path>./app/communication_drivers/bsmp/bsmp/src/</path>
         <kind>object</kind>
         <file>client.obj</file>
         <name>client.obj</name>
      </input_file>
      <input_file id="fl-9">
         <path>./app/communication_drivers/bsmp/bsmp/src/</path>
         <kind>object</kind>
         <file>server.obj</file>
         <name>server.obj</name>
      </input_file>
      <input_file id="fl-a">
         <path>./app/communication_drivers/bsmp/bsmp/src/</path>
         <kind>object</kind>
         <file>server_priv.obj</file>
         <name>server_priv.obj</name>
      </input_file>
      <input_file id="fl-b">
         <path>./app/communication_drivers/bsmp/bsmp/src/md5/</path>
         <kind>object</kind>
         <file>md5.obj</file>
         <name>md5.obj</name>
      </input_file>
      <input_file id="fl-c">
         <path>./app/communication_drivers/bsmp/</path>
         <kind>object</kind>
         <file>bsmp_lib.obj</file>
         <name>bsmp_lib.obj</name>
      </input_file>
      <input_file id="fl-d">
         <path>./app/communication_drivers/control/</path>
         <kind>object</kind>
         <file>control.obj</file>
         <name>control.obj</name>
      </input_file>
      <input_file id="fl-e">
         <path>./app/communication_drivers/epi/</path>
         <kind>object</kind>
         <file>sdram_mem.obj</file>
         <name>sdram_mem.obj</name>
      </input_file>
      <input_file id="fl-f">
         <path>./app/communication_drivers/ethernet/</path>
         <kind>object</kind>
         <file>ethernet_uip.obj</file>
         <name>ethernet_uip.obj</name>
      </input_file>
      <input_file id="fl-10">
         <path>./app/communication_drivers/ethernet/server_net/</path>
         <kind>object</kind>
         <file>httpd.obj</file>
         <name>httpd.obj</name>
      </input_file>
      <input_file id="fl-11">
         <path>./app/communication_drivers/ethernet/server_net/uip-1.0/apps/dhcpc/</path>
         <kind>object</kind>
         <file>dhcpc.obj</file>
         <name>dhcpc.obj</name>
      </input_file>
      <input_file id="fl-12">
         <path>./app/communication_drivers/ethernet/server_net/uip-1.0/uip/</path>
         <kind>object</kind>
         <file>psock.obj</file>
         <name>psock.obj</name>
      </input_file>
      <input_file id="fl-13">
         <path>./app/communication_drivers/ethernet/server_net/uip-1.0/uip/</path>
         <kind>object</kind>
         <file>uip-fw.obj</file>
         <name>uip-fw.obj</name>
      </input_file>
      <input_file id="fl-14">
         <path>./app/communication_drivers/ethernet/server_net/uip-1.0/uip/</path>
         <kind>object</kind>
         <file>uip-neighbor.obj</file>
         <name>uip-neighbor.obj</name>
      </input_file>
      <input_file id="fl-15">
         <path>./app/communication_drivers/ethernet/server_net/uip-1.0/uip/</path>
         <kind>object</kind>
         <file>uip-split.obj</file>
         <name>uip-split.obj</name>
      </input_file>
      <input_file id="fl-16">
         <path>./app/communication_drivers/ethernet/server_net/uip-1.0/uip/</path>
         <kind>object</kind>
         <file>uip.obj</file>
         <name>uip.obj</name>
      </input_file>
      <input_file id="fl-17">
         <path>./app/communication_drivers/ethernet/server_net/uip-1.0/uip/</path>
         <kind>object</kind>
         <file>uip_arp.obj</file>
         <name>uip_arp.obj</name>
      </input_file>
      <input_file id="fl-18">
         <path>./app/communication_drivers/ethernet/server_net/uip-1.0/uip/</path>
         <kind>object</kind>
         <file>uip_timer.obj</file>
         <name>uip_timer.obj</name>
      </input_file>
      <input_file id="fl-19">
         <path>./app/communication_drivers/ethernet/server_net/uip-1.0/uip/</path>
         <kind>object</kind>
         <file>uiplib.obj</file>
         <name>uiplib.obj</name>
      </input_file>
      <input_file id="fl-1a">
         <path>./app/communication_drivers/flash/</path>
         <kind>object</kind>
         <file>flash_mem.obj</file>
         <name>flash_mem.obj</name>
      </input_file>
      <input_file id="fl-1b">
         <path>./app/communication_drivers/i2c_offboard_isolated/</path>
         <kind>object</kind>
         <file>external_devices.obj</file>
         <name>external_devices.obj</name>
      </input_file>
      <input_file id="fl-1c">
         <path>./app/communication_drivers/i2c_offboard_isolated/</path>
         <kind>object</kind>
         <file>i2c_offboard_isolated.obj</file>
         <name>i2c_offboard_isolated.obj</name>
      </input_file>
      <input_file id="fl-1d">
         <path>./app/communication_drivers/i2c_offboard_isolated/</path>
         <kind>object</kind>
         <file>temp_low_power_module.obj</file>
         <name>temp_low_power_module.obj</name>
      </input_file>
      <input_file id="fl-1e">
         <path>./app/communication_drivers/i2c_onboard/</path>
         <kind>object</kind>
         <file>eeprom.obj</file>
         <name>eeprom.obj</name>
      </input_file>
      <input_file id="fl-1f">
         <path>./app/communication_drivers/i2c_onboard/</path>
         <kind>object</kind>
         <file>exio.obj</file>
         <name>exio.obj</name>
      </input_file>
      <input_file id="fl-20">
         <path>./app/communication_drivers/i2c_onboard/</path>
         <kind>object</kind>
         <file>i2c_onboard.obj</file>
         <name>i2c_onboard.obj</name>
      </input_file>
      <input_file id="fl-21">
         <path>./app/communication_drivers/i2c_onboard/</path>
         <kind>object</kind>
         <file>rtc.obj</file>
         <name>rtc.obj</name>
      </input_file>
      <input_file id="fl-22">
         <path>./app/communication_drivers/ipc/</path>
         <kind>object</kind>
         <file>ipc_lib.obj</file>
         <name>ipc_lib.obj</name>
      </input_file>
      <input_file id="fl-23">
         <path>./app/communication_drivers/parameters/system/</path>
         <kind>object</kind>
         <file>system.obj</file>
         <name>system.obj</name>
      </input_file>
      <input_file id="fl-24">
         <path>./app/communication_drivers/psmodules/fbp/</path>
         <kind>object</kind>
         <file>fbp_main.obj</file>
         <name>fbp_main.obj</name>
      </input_file>
      <input_file id="fl-25">
         <path>./app/communication_drivers/psmodules/fbp/</path>
         <kind>object</kind>
         <file>fbp_system.obj</file>
         <name>fbp_system.obj</name>
      </input_file>
      <input_file id="fl-26">
         <path>./app/communication_drivers/rs485/</path>
         <kind>object</kind>
         <file>rs485.obj</file>
         <name>rs485.obj</name>
      </input_file>
      <input_file id="fl-27">
         <path>./app/communication_drivers/rs485_bkp/</path>
         <kind>object</kind>
         <file>rs485_bkp.obj</file>
         <name>rs485_bkp.obj</name>
      </input_file>
      <input_file id="fl-28">
         <path>./app/communication_drivers/signals_onboard/</path>
         <kind>object</kind>
         <file>signals_onboard.obj</file>
         <name>signals_onboard.obj</name>
      </input_file>
      <input_file id="fl-29">
         <path>./app/communication_drivers/system_task/</path>
         <kind>object</kind>
         <file>system_task.obj</file>
         <name>system_task.obj</name>
      </input_file>
      <input_file id="fl-2a">
         <path>./app/communication_drivers/timer/</path>
         <kind>object</kind>
         <file>timer.obj</file>
         <name>timer.obj</name>
      </input_file>
      <input_file id="fl-2b">
         <path>./app/communication_drivers/usb_device/</path>
         <kind>object</kind>
         <file>superv_cmd.obj</file>
         <name>superv_cmd.obj</name>
      </input_file>
      <input_file id="fl-2c">
         <path>./app/communication_drivers/usb_device/</path>
         <kind>object</kind>
         <file>usb_dev_serial.obj</file>
         <name>usb_dev_serial.obj</name>
      </input_file>
      <input_file id="fl-2d">
         <path>./app/communication_drivers/usb_device/</path>
         <kind>object</kind>
         <file>usb_serial_structs.obj</file>
         <name>usb_serial_structs.obj</name>
      </input_file>
      <input_file id="fl-2e">
         <path>./app/communication_drivers/usb_to_serial/</path>
         <kind>object</kind>
         <file>usb_to_serial.obj</file>
         <name>usb_to_serial.obj</name>
      </input_file>
      <input_file id="fl-34">
         <kind>object</kind>
         <file>&lt;internal&gt;</file>
         <name>&lt;internal&gt;</name>
      </input_file>
      <input_file id="fl-35">
         <path>../</path>
         <kind>archive</kind>
         <file>driverlib.lib</file>
         <name>udma.obj</name>
      </input_file>
      <input_file id="fl-36">
         <path>../</path>
         <kind>archive</kind>
         <file>driverlib.lib</file>
         <name>timer.obj</name>
      </input_file>
      <input_file id="fl-37">
         <path>../</path>
         <kind>archive</kind>
         <file>driverlib.lib</file>
         <name>systick.obj</name>
      </input_file>
      <input_file id="fl-38">
         <path>../</path>
         <kind>archive</kind>
         <file>driverlib.lib</file>
         <name>sysctl.obj</name>
      </input_file>
      <input_file id="fl-39">
         <path>../</path>
         <kind>archive</kind>
         <file>driverlib.lib</file>
         <name>ssi.obj</name>
      </input_file>
      <input_file id="fl-3a">
         <path>../</path>
         <kind>archive</kind>
         <file>driverlib.lib</file>
         <name>ram.obj</name>
      </input_file>
      <input_file id="fl-3b">
         <path>../</path>
         <kind>archive</kind>
         <file>driverlib.lib</file>
         <name>ipc_util.obj</name>
      </input_file>
      <input_file id="fl-3c">
         <path>../</path>
         <kind>archive</kind>
         <file>driverlib.lib</file>
         <name>ipc_lite.obj</name>
      </input_file>
      <input_file id="fl-3d">
         <path>../</path>
         <kind>archive</kind>
         <file>driverlib.lib</file>
         <name>interrupt.obj</name>
      </input_file>
      <input_file id="fl-3e">
         <path>../</path>
         <kind>archive</kind>
         <file>driverlib.lib</file>
         <name>i2c.obj</name>
      </input_file>
      <input_file id="fl-3f">
         <path>../</path>
         <kind>archive</kind>
         <file>driverlib.lib</file>
         <name>gpio.obj</name>
      </input_file>
      <input_file id="fl-40">
         <path>../</path>
         <kind>archive</kind>
         <file>driverlib.lib</file>
         <name>flash.obj</name>
      </input_file>
      <input_file id="fl-41">
         <path>../</path>
         <kind>archive</kind>
         <file>driverlib.lib</file>
         <name>ethernet.obj</name>
      </input_file>
      <input_file id="fl-42">
         <path>../</path>
         <kind>archive</kind>
         <file>driverlib.lib</file>
         <name>epi.obj</name>
      </input_file>
      <input_file id="fl-43">
         <path>../</path>
         <kind>archive</kind>
         <file>driverlib.lib</file>
         <name>cpu.obj</name>
      </input_file>
      <input_file id="fl-44">
         <path>../</path>
         <kind>archive</kind>
         <file>driverlib.lib</file>
         <name>watchdog.obj</name>
      </input_file>
      <input_file id="fl-45">
         <path>../</path>
         <kind>archive</kind>
         <file>usblib.lib</file>
         <name>usbdhandler.obj</name>
      </input_file>
      <input_file id="fl-46">
         <path>../</path>
         <kind>archive</kind>
         <file>usblib.lib</file>
         <name>usbdenum.obj</name>
      </input_file>
      <input_file id="fl-47">
         <path>../</path>
         <kind>archive</kind>
         <file>usblib.lib</file>
         <name>usbdconfig.obj</name>
      </input_file>
      <input_file id="fl-48">
         <path>../</path>
         <kind>archive</kind>
         <file>usblib.lib</file>
         <name>usbdcdesc.obj</name>
      </input_file>
      <input_file id="fl-49">
         <path>../</path>
         <kind>archive</kind>
         <file>usblib.lib</file>
         <name>usbdcdc.obj</name>
      </input_file>
      <input_file id="fl-4a">
         <path>../</path>
         <kind>archive</kind>
         <file>usblib.lib</file>
         <name>usbtick.obj</name>
      </input_file>
      <input_file id="fl-4b">
         <path>../</path>
         <kind>archive</kind>
         <file>usblib.lib</file>
         <name>usbmode.obj</name>
      </input_file>
      <input_file id="fl-4c">
         <path>../</path>
         <kind>archive</kind>
         <file>usblib.lib</file>
         <name>usbdesc.obj</name>
      </input_file>
      <input_file id="fl-4d">
         <path>../</path>
         <kind>archive</kind>
         <file>usblib.lib</file>
         <name>usbbuffer.obj</name>
      </input_file>
      <input_file id="fl-4e">
         <path>../</path>
         <kind>archive</kind>
         <file>usblib.lib</file>
         <name>usbhostenum.obj</name>
      </input_file>
      <input_file id="fl-4f">
         <path>../</path>
         <kind>archive</kind>
         <file>usblib.lib</file>
         <name>usbhhub.obj</name>
      </input_file>
      <input_file id="fl-50">
         <path>../</path>
         <kind>archive</kind>
         <file>usblib.lib</file>
         <name>usbringbuf.obj</name>
      </input_file>
      <input_file id="fl-106">
         <path>/home/allefpablo/ti/ccsv7/tools/compiler/ti-cgt-arm_16.9.4.LTS/lib/</path>
         <kind>archive</kind>
         <file>rtsv7M3_T_le_eabi.lib</file>
         <name>boot.obj</name>
      </input_file>
      <input_file id="fl-107">
         <path>/home/allefpablo/ti/ccsv7/tools/compiler/ti-cgt-arm_16.9.4.LTS/lib/</path>
         <kind>archive</kind>
         <file>rtsv7M3_T_le_eabi.lib</file>
         <name>copy_decompress_lzss.obj</name>
      </input_file>
      <input_file id="fl-108">
         <path>/home/allefpablo/ti/ccsv7/tools/compiler/ti-cgt-arm_16.9.4.LTS/lib/</path>
         <kind>archive</kind>
         <file>rtsv7M3_T_le_eabi.lib</file>
         <name>copy_decompress_none.obj</name>
      </input_file>
      <input_file id="fl-109">
         <path>/home/allefpablo/ti/ccsv7/tools/compiler/ti-cgt-arm_16.9.4.LTS/lib/</path>
         <kind>archive</kind>
         <file>rtsv7M3_T_le_eabi.lib</file>
         <name>copy_zero_init.obj</name>
      </input_file>
      <input_file id="fl-10a">
         <path>/home/allefpablo/ti/ccsv7/tools/compiler/ti-cgt-arm_16.9.4.LTS/lib/</path>
         <kind>archive</kind>
         <file>rtsv7M3_T_le_eabi.lib</file>
         <name>exit.obj</name>
      </input_file>
      <input_file id="fl-10b">
         <path>/home/allefpablo/ti/ccsv7/tools/compiler/ti-cgt-arm_16.9.4.LTS/lib/</path>
         <kind>archive</kind>
         <file>rtsv7M3_T_le_eabi.lib</file>
         <name>fs_mul_t2.obj</name>
      </input_file>
      <input_file id="fl-10c">
         <path>/home/allefpablo/ti/ccsv7/tools/compiler/ti-cgt-arm_16.9.4.LTS/lib/</path>
         <kind>archive</kind>
         <file>rtsv7M3_T_le_eabi.lib</file>
         <name>fs_tou_t2.obj</name>
      </input_file>
      <input_file id="fl-10d">
         <path>/home/allefpablo/ti/ccsv7/tools/compiler/ti-cgt-arm_16.9.4.LTS/lib/</path>
         <kind>archive</kind>
         <file>rtsv7M3_T_le_eabi.lib</file>
         <name>i_tofs_t2.obj</name>
      </input_file>
      <input_file id="fl-10e">
         <path>/home/allefpablo/ti/ccsv7/tools/compiler/ti-cgt-arm_16.9.4.LTS/lib/</path>
         <kind>archive</kind>
         <file>rtsv7M3_T_le_eabi.lib</file>
         <name>memcmp.obj</name>
      </input_file>
      <input_file id="fl-10f">
         <path>/home/allefpablo/ti/ccsv7/tools/compiler/ti-cgt-arm_16.9.4.LTS/lib/</path>
         <kind>archive</kind>
         <file>rtsv7M3_T_le_eabi.lib</file>
         <name>memcpy_t2.obj</name>
      </input_file>
      <input_file id="fl-110">
         <path>/home/allefpablo/ti/ccsv7/tools/compiler/ti-cgt-arm_16.9.4.LTS/lib/</path>
         <kind>archive</kind>
         <file>rtsv7M3_T_le_eabi.lib</file>
         <name>memset_t2.obj</name>
      </input_file>
      <input_file id="fl-111">
         <path>/home/allefpablo/ti/ccsv7/tools/compiler/ti-cgt-arm_16.9.4.LTS/lib/</path>
         <kind>archive</kind>
         <file>rtsv7M3_T_le_eabi.lib</file>
         <name>mpu_init.obj</name>
      </input_file>
      <input_file id="fl-112">
         <path>/home/allefpablo/ti/ccsv7/tools/compiler/ti-cgt-arm_16.9.4.LTS/lib/</path>
         <kind>archive</kind>
         <file>rtsv7M3_T_le_eabi.lib</file>
         <name>pre_init.obj</name>
      </input_file>
      <input_file id="fl-113">
         <path>/home/allefpablo/ti/ccsv7/tools/compiler/ti-cgt-arm_16.9.4.LTS/lib/</path>
         <kind>archive</kind>
         <file>rtsv7M3_T_le_eabi.lib</file>
         <name>printf.obj</name>
      </input_file>
      <input_file id="fl-114">
         <path>/home/allefpablo/ti/ccsv7/tools/compiler/ti-cgt-arm_16.9.4.LTS/lib/</path>
         <kind>archive</kind>
         <file>rtsv7M3_T_le_eabi.lib</file>
         <name>snprintf.obj</name>
      </input_file>
      <input_file id="fl-115">
         <path>/home/allefpablo/ti/ccsv7/tools/compiler/ti-cgt-arm_16.9.4.LTS/lib/</path>
         <kind>archive</kind>
         <file>rtsv7M3_T_le_eabi.lib</file>
         <name>stkdepth_vars.obj</name>
      </input_file>
      <input_file id="fl-116">
         <path>/home/allefpablo/ti/ccsv7/tools/compiler/ti-cgt-arm_16.9.4.LTS/lib/</path>
         <kind>archive</kind>
         <file>rtsv7M3_T_le_eabi.lib</file>
         <name>u_divt2.obj</name>
      </input_file>
      <input_file id="fl-117">
         <path>/home/allefpablo/ti/ccsv7/tools/compiler/ti-cgt-arm_16.9.4.LTS/lib/</path>
         <kind>archive</kind>
         <file>rtsv7M3_T_le_eabi.lib</file>
         <name>u_tofs_t2.obj</name>
      </input_file>
      <input_file id="fl-118">
         <path>/home/allefpablo/ti/ccsv7/tools/compiler/ti-cgt-arm_16.9.4.LTS/lib/</path>
         <kind>archive</kind>
         <file>rtsv7M3_T_le_eabi.lib</file>
         <name>vla_alloc.obj</name>
      </input_file>
      <input_file id="fl-119">
         <path>/home/allefpablo/ti/ccsv7/tools/compiler/ti-cgt-arm_16.9.4.LTS/lib/</path>
         <kind>archive</kind>
         <file>rtsv7M3_T_le_eabi.lib</file>
         <name>_lock.obj</name>
      </input_file>
      <input_file id="fl-11a">
         <path>/home/allefpablo/ti/ccsv7/tools/compiler/ti-cgt-arm_16.9.4.LTS/lib/</path>
         <kind>archive</kind>
         <file>rtsv7M3_T_le_eabi.lib</file>
         <name>_printfi.obj</name>
      </input_file>
      <input_file id="fl-11b">
         <path>/home/allefpablo/ti/ccsv7/tools/compiler/ti-cgt-arm_16.9.4.LTS/lib/</path>
         <kind>archive</kind>
         <file>rtsv7M3_T_le_eabi.lib</file>
         <name>args_main.obj</name>
      </input_file>
      <input_file id="fl-11c">
         <path>/home/allefpablo/ti/ccsv7/tools/compiler/ti-cgt-arm_16.9.4.LTS/lib/</path>
         <kind>archive</kind>
         <file>rtsv7M3_T_le_eabi.lib</file>
         <name>atoi.obj</name>
      </input_file>
      <input_file id="fl-11d">
         <path>/home/allefpablo/ti/ccsv7/tools/compiler/ti-cgt-arm_16.9.4.LTS/lib/</path>
         <kind>archive</kind>
         <file>rtsv7M3_T_le_eabi.lib</file>
         <name>autoinit.obj</name>
      </input_file>
      <input_file id="fl-11e">
         <path>/home/allefpablo/ti/ccsv7/tools/compiler/ti-cgt-arm_16.9.4.LTS/lib/</path>
         <kind>archive</kind>
         <file>rtsv7M3_T_le_eabi.lib</file>
         <name>cpy_tbl.obj</name>
      </input_file>
      <input_file id="fl-11f">
         <path>/home/allefpablo/ti/ccsv7/tools/compiler/ti-cgt-arm_16.9.4.LTS/lib/</path>
         <kind>archive</kind>
         <file>rtsv7M3_T_le_eabi.lib</file>
         <name>ctype.obj</name>
      </input_file>
      <input_file id="fl-120">
         <path>/home/allefpablo/ti/ccsv7/tools/compiler/ti-cgt-arm_16.9.4.LTS/lib/</path>
         <kind>archive</kind>
         <file>rtsv7M3_T_le_eabi.lib</file>
         <name>defs.obj</name>
      </input_file>
      <input_file id="fl-121">
         <path>/home/allefpablo/ti/ccsv7/tools/compiler/ti-cgt-arm_16.9.4.LTS/lib/</path>
         <kind>archive</kind>
         <file>rtsv7M3_T_le_eabi.lib</file>
         <name>error.obj</name>
      </input_file>
      <input_file id="fl-122">
         <path>/home/allefpablo/ti/ccsv7/tools/compiler/ti-cgt-arm_16.9.4.LTS/lib/</path>
         <kind>archive</kind>
         <file>rtsv7M3_T_le_eabi.lib</file>
         <name>fd_add_t2.obj</name>
      </input_file>
      <input_file id="fl-123">
         <path>/home/allefpablo/ti/ccsv7/tools/compiler/ti-cgt-arm_16.9.4.LTS/lib/</path>
         <kind>archive</kind>
         <file>rtsv7M3_T_le_eabi.lib</file>
         <name>fd_cmp_t2.obj</name>
      </input_file>
      <input_file id="fl-124">
         <path>/home/allefpablo/ti/ccsv7/tools/compiler/ti-cgt-arm_16.9.4.LTS/lib/</path>
         <kind>archive</kind>
         <file>rtsv7M3_T_le_eabi.lib</file>
         <name>fd_div_t2.obj</name>
      </input_file>
      <input_file id="fl-125">
         <path>/home/allefpablo/ti/ccsv7/tools/compiler/ti-cgt-arm_16.9.4.LTS/lib/</path>
         <kind>archive</kind>
         <file>rtsv7M3_T_le_eabi.lib</file>
         <name>fd_mul_t2.obj</name>
      </input_file>
      <input_file id="fl-126">
         <path>/home/allefpablo/ti/ccsv7/tools/compiler/ti-cgt-arm_16.9.4.LTS/lib/</path>
         <kind>archive</kind>
         <file>rtsv7M3_T_le_eabi.lib</file>
         <name>fd_toi_t2.obj</name>
      </input_file>
      <input_file id="fl-127">
         <path>/home/allefpablo/ti/ccsv7/tools/compiler/ti-cgt-arm_16.9.4.LTS/lib/</path>
         <kind>archive</kind>
         <file>rtsv7M3_T_le_eabi.lib</file>
         <name>fputc.obj</name>
      </input_file>
      <input_file id="fl-128">
         <path>/home/allefpablo/ti/ccsv7/tools/compiler/ti-cgt-arm_16.9.4.LTS/lib/</path>
         <kind>archive</kind>
         <file>rtsv7M3_T_le_eabi.lib</file>
         <name>fputs.obj</name>
      </input_file>
      <input_file id="fl-129">
         <path>/home/allefpablo/ti/ccsv7/tools/compiler/ti-cgt-arm_16.9.4.LTS/lib/</path>
         <kind>archive</kind>
         <file>rtsv7M3_T_le_eabi.lib</file>
         <name>fs_toi_t2.obj</name>
      </input_file>
      <input_file id="fl-12a">
         <path>/home/allefpablo/ti/ccsv7/tools/compiler/ti-cgt-arm_16.9.4.LTS/lib/</path>
         <kind>archive</kind>
         <file>rtsv7M3_T_le_eabi.lib</file>
         <name>i_div0.obj</name>
      </input_file>
      <input_file id="fl-12b">
         <path>/home/allefpablo/ti/ccsv7/tools/compiler/ti-cgt-arm_16.9.4.LTS/lib/</path>
         <kind>archive</kind>
         <file>rtsv7M3_T_le_eabi.lib</file>
         <name>i_tofd_t2.obj</name>
      </input_file>
      <input_file id="fl-12c">
         <path>/home/allefpablo/ti/ccsv7/tools/compiler/ti-cgt-arm_16.9.4.LTS/lib/</path>
         <kind>archive</kind>
         <file>rtsv7M3_T_le_eabi.lib</file>
         <name>ltoa.obj</name>
      </input_file>
      <input_file id="fl-12d">
         <path>/home/allefpablo/ti/ccsv7/tools/compiler/ti-cgt-arm_16.9.4.LTS/lib/</path>
         <kind>archive</kind>
         <file>rtsv7M3_T_le_eabi.lib</file>
         <name>memccpy.obj</name>
      </input_file>
      <input_file id="fl-12e">
         <path>/home/allefpablo/ti/ccsv7/tools/compiler/ti-cgt-arm_16.9.4.LTS/lib/</path>
         <kind>archive</kind>
         <file>rtsv7M3_T_le_eabi.lib</file>
         <name>memchr.obj</name>
      </input_file>
      <input_file id="fl-12f">
         <path>/home/allefpablo/ti/ccsv7/tools/compiler/ti-cgt-arm_16.9.4.LTS/lib/</path>
         <kind>archive</kind>
         <file>rtsv7M3_T_le_eabi.lib</file>
         <name>memory.obj</name>
      </input_file>
      <input_file id="fl-130">
         <path>/home/allefpablo/ti/ccsv7/tools/compiler/ti-cgt-arm_16.9.4.LTS/lib/</path>
         <kind>archive</kind>
         <file>rtsv7M3_T_le_eabi.lib</file>
         <name>s_frexp.obj</name>
      </input_file>
      <input_file id="fl-131">
         <path>/home/allefpablo/ti/ccsv7/tools/compiler/ti-cgt-arm_16.9.4.LTS/lib/</path>
         <kind>archive</kind>
         <file>rtsv7M3_T_le_eabi.lib</file>
         <name>s_scalbn.obj</name>
      </input_file>
      <input_file id="fl-132">
         <path>/home/allefpablo/ti/ccsv7/tools/compiler/ti-cgt-arm_16.9.4.LTS/lib/</path>
         <kind>archive</kind>
         <file>rtsv7M3_T_le_eabi.lib</file>
         <name>startup.obj</name>
      </input_file>
      <input_file id="fl-133">
         <path>/home/allefpablo/ti/ccsv7/tools/compiler/ti-cgt-arm_16.9.4.LTS/lib/</path>
         <kind>archive</kind>
         <file>rtsv7M3_T_le_eabi.lib</file>
         <name>strchr.obj</name>
      </input_file>
      <input_file id="fl-134">
         <path>/home/allefpablo/ti/ccsv7/tools/compiler/ti-cgt-arm_16.9.4.LTS/lib/</path>
         <kind>archive</kind>
         <file>rtsv7M3_T_le_eabi.lib</file>
         <name>strlen.obj</name>
      </input_file>
      <input_file id="fl-135">
         <path>/home/allefpablo/ti/ccsv7/tools/compiler/ti-cgt-arm_16.9.4.LTS/lib/</path>
         <kind>archive</kind>
         <file>rtsv7M3_T_le_eabi.lib</file>
         <name>ull_div_t2.obj</name>
      </input_file>
      <input_file id="fl-136">
         <path>/home/allefpablo/ti/ccsv7/tools/compiler/ti-cgt-arm_16.9.4.LTS/lib/</path>
         <kind>archive</kind>
         <file>rtsv7M3_T_le_eabi.lib</file>
         <name>write.obj</name>
      </input_file>
      <input_file id="fl-137">
         <path>/home/allefpablo/ti/ccsv7/tools/compiler/ti-cgt-arm_16.9.4.LTS/lib/</path>
         <kind>archive</kind>
         <file>rtsv7M3_T_le_eabi.lib</file>
         <name>_io_perm.obj</name>
      </input_file>
      <input_file id="fl-138">
         <path>/home/allefpablo/ti/ccsv7/tools/compiler/ti-cgt-arm_16.9.4.LTS/lib/</path>
         <kind>archive</kind>
         <file>rtsv7M3_T_le_eabi.lib</file>
         <name>errno.obj</name>
      </input_file>
      <input_file id="fl-139">
         <path>/home/allefpablo/ti/ccsv7/tools/compiler/ti-cgt-arm_16.9.4.LTS/lib/</path>
         <kind>archive</kind>
         <file>rtsv7M3_T_le_eabi.lib</file>
         <name>fflush.obj</name>
      </input_file>
      <input_file id="fl-13a">
         <path>/home/allefpablo/ti/ccsv7/tools/compiler/ti-cgt-arm_16.9.4.LTS/lib/</path>
         <kind>archive</kind>
         <file>rtsv7M3_T_le_eabi.lib</file>
         <name>fseek.obj</name>
      </input_file>
      <input_file id="fl-13b">
         <path>/home/allefpablo/ti/ccsv7/tools/compiler/ti-cgt-arm_16.9.4.LTS/lib/</path>
         <kind>archive</kind>
         <file>rtsv7M3_T_le_eabi.lib</file>
         <name>hostclose.obj</name>
      </input_file>
      <input_file id="fl-13c">
         <path>/home/allefpablo/ti/ccsv7/tools/compiler/ti-cgt-arm_16.9.4.LTS/lib/</path>
         <kind>archive</kind>
         <file>rtsv7M3_T_le_eabi.lib</file>
         <name>hostlseek.obj</name>
      </input_file>
      <input_file id="fl-13d">
         <path>/home/allefpablo/ti/ccsv7/tools/compiler/ti-cgt-arm_16.9.4.LTS/lib/</path>
         <kind>archive</kind>
         <file>rtsv7M3_T_le_eabi.lib</file>
         <name>hostopen.obj</name>
      </input_file>
      <input_file id="fl-13e">
         <path>/home/allefpablo/ti/ccsv7/tools/compiler/ti-cgt-arm_16.9.4.LTS/lib/</path>
         <kind>archive</kind>
         <file>rtsv7M3_T_le_eabi.lib</file>
         <name>hostread.obj</name>
      </input_file>
      <input_file id="fl-13f">
         <path>/home/allefpablo/ti/ccsv7/tools/compiler/ti-cgt-arm_16.9.4.LTS/lib/</path>
         <kind>archive</kind>
         <file>rtsv7M3_T_le_eabi.lib</file>
         <name>hostrename.obj</name>
      </input_file>
      <input_file id="fl-140">
         <path>/home/allefpablo/ti/ccsv7/tools/compiler/ti-cgt-arm_16.9.4.LTS/lib/</path>
         <kind>archive</kind>
         <file>rtsv7M3_T_le_eabi.lib</file>
         <name>hostunlink.obj</name>
      </input_file>
      <input_file id="fl-141">
         <path>/home/allefpablo/ti/ccsv7/tools/compiler/ti-cgt-arm_16.9.4.LTS/lib/</path>
         <kind>archive</kind>
         <file>rtsv7M3_T_le_eabi.lib</file>
         <name>hostwrite.obj</name>
      </input_file>
      <input_file id="fl-142">
         <path>/home/allefpablo/ti/ccsv7/tools/compiler/ti-cgt-arm_16.9.4.LTS/lib/</path>
         <kind>archive</kind>
         <file>rtsv7M3_T_le_eabi.lib</file>
         <name>lseek.obj</name>
      </input_file>
      <input_file id="fl-143">
         <path>/home/allefpablo/ti/ccsv7/tools/compiler/ti-cgt-arm_16.9.4.LTS/lib/</path>
         <kind>archive</kind>
         <file>rtsv7M3_T_le_eabi.lib</file>
         <name>s_copysign.obj</name>
      </input_file>
      <input_file id="fl-144">
         <path>/home/allefpablo/ti/ccsv7/tools/compiler/ti-cgt-arm_16.9.4.LTS/lib/</path>
         <kind>archive</kind>
         <file>rtsv7M3_T_le_eabi.lib</file>
         <name>setvbuf.obj</name>
      </input_file>
      <input_file id="fl-145">
         <path>/home/allefpablo/ti/ccsv7/tools/compiler/ti-cgt-arm_16.9.4.LTS/lib/</path>
         <kind>archive</kind>
         <file>rtsv7M3_T_le_eabi.lib</file>
         <name>strcpy.obj</name>
      </input_file>
      <input_file id="fl-146">
         <path>/home/allefpablo/ti/ccsv7/tools/compiler/ti-cgt-arm_16.9.4.LTS/lib/</path>
         <kind>archive</kind>
         <file>rtsv7M3_T_le_eabi.lib</file>
         <name>trgmsg.obj</name>
      </input_file>
      <input_file id="fl-147">
         <path>/home/allefpablo/ti/ccsv7/tools/compiler/ti-cgt-arm_16.9.4.LTS/lib/</path>
         <kind>archive</kind>
         <file>rtsv7M3_T_le_eabi.lib</file>
         <name>fopen.obj</name>
      </input_file>
      <input_file id="fl-148">
         <path>/home/allefpablo/ti/ccsv7/tools/compiler/ti-cgt-arm_16.9.4.LTS/lib/</path>
         <kind>archive</kind>
         <file>rtsv7M3_T_le_eabi.lib</file>
         <name>open.obj</name>
      </input_file>
      <input_file id="fl-149">
         <path>/home/allefpablo/ti/ccsv7/tools/compiler/ti-cgt-arm_16.9.4.LTS/lib/</path>
         <kind>archive</kind>
         <file>rtsv7M3_T_le_eabi.lib</file>
         <name>fclose.obj</name>
      </input_file>
      <input_file id="fl-14a">
         <path>/home/allefpablo/ti/ccsv7/tools/compiler/ti-cgt-arm_16.9.4.LTS/lib/</path>
         <kind>archive</kind>
         <file>rtsv7M3_T_le_eabi.lib</file>
         <name>getdevice.obj</name>
      </input_file>
      <input_file id="fl-14b">
         <path>/home/allefpablo/ti/ccsv7/tools/compiler/ti-cgt-arm_16.9.4.LTS/lib/</path>
         <kind>archive</kind>
         <file>rtsv7M3_T_le_eabi.lib</file>
         <name>remove.obj</name>
      </input_file>
      <input_file id="fl-14c">
         <path>/home/allefpablo/ti/ccsv7/tools/compiler/ti-cgt-arm_16.9.4.LTS/lib/</path>
         <kind>archive</kind>
         <file>rtsv7M3_T_le_eabi.lib</file>
         <name>strcmp.obj</name>
      </input_file>
      <input_file id="fl-14d">
         <path>/home/allefpablo/ti/ccsv7/tools/compiler/ti-cgt-arm_16.9.4.LTS/lib/</path>
         <kind>archive</kind>
         <file>rtsv7M3_T_le_eabi.lib</file>
         <name>strncpy.obj</name>
      </input_file>
      <input_file id="fl-14e">
         <path>/home/allefpablo/ti/ccsv7/tools/compiler/ti-cgt-arm_16.9.4.LTS/lib/</path>
         <kind>archive</kind>
         <file>rtsv7M3_T_le_eabi.lib</file>
         <name>unlink.obj</name>
      </input_file>
      <input_file id="fl-14f">
         <path>/home/allefpablo/ti/ccsv7/tools/compiler/ti-cgt-arm_16.9.4.LTS/lib/</path>
         <kind>archive</kind>
         <file>rtsv7M3_T_le_eabi.lib</file>
         <name>close.obj</name>
      </input_file>
      <input_file id="fl-150">
         <path>../</path>
         <kind>archive</kind>
         <file>driverlib.lib</file>
         <name>usb.obj</name>
      </input_file>
   </input_file_list>
   <object_component_list>
      <object_component id="oc-21">
         <name>.intvecs</name>
         <load_address>0x201000</load_address>
         <run_address>0x201000</run_address>
         <size>0x258</size>
         <input_file_ref idref="fl-3"/>
      </object_component>
      <object_component id="oc-46">
         <name>.resetisr:ResetISR</name>
         <load_address>0x200030</load_address>
         <run_address>0x200030</run_address>
         <size>0x6</size>
         <input_file_ref idref="fl-3"/>
      </object_component>
      <object_component id="oc-10b">
         <name>.text</name>
         <load_address>0x208000</load_address>
         <run_address>0x208000</run_address>
         <size>0x96c</size>
         <input_file_ref idref="fl-38"/>
      </object_component>
      <object_component id="oc-a49">
         <name>.text:MD5Transform</name>
         <load_address>0x20896c</load_address>
         <run_address>0x20896c</run_address>
         <size>0x728</size>
         <input_file_ref idref="fl-b"/>
      </object_component>
      <object_component id="oc-18d">
         <name>.text</name>
         <load_address>0x209094</load_address>
         <run_address>0x209094</run_address>
         <size>0x578</size>
         <input_file_ref idref="fl-3c"/>
      </object_component>
      <object_component id="oc-25b">
         <name>.text</name>
         <load_address>0x20960c</load_address>
         <run_address>0x20960c</run_address>
         <size>0x448</size>
         <input_file_ref idref="fl-3f"/>
      </object_component>
      <object_component id="oc-a2b">
         <name>.text</name>
         <load_address>0x209a54</load_address>
         <run_address>0x209a54</run_address>
         <size>0x3cc</size>
         <input_file_ref idref="fl-12f"/>
      </object_component>
      <object_component id="oc-5cb">
         <name>.text:bsmp_init</name>
         <load_address>0x209e20</load_address>
         <run_address>0x209e20</run_address>
         <size>0x354</size>
         <input_file_ref idref="fl-c"/>
      </object_component>
      <object_component id="oc-180">
         <name>.text:port_control_setup</name>
         <load_address>0x20a174</load_address>
         <run_address>0x20a174</run_address>
         <size>0x334</size>
         <input_file_ref idref="fl-5"/>
      </object_component>
      <object_component id="oc-349">
         <name>.text</name>
         <load_address>0x20a4a8</load_address>
         <run_address>0x20a4a8</run_address>
         <size>0x310</size>
         <input_file_ref idref="fl-41"/>
      </object_component>
      <object_component id="oc-33d">
         <name>.text</name>
         <load_address>0x20a7b8</load_address>
         <run_address>0x20a7b8</run_address>
         <size>0x2ec</size>
         <input_file_ref idref="fl-35"/>
      </object_component>
      <object_component id="oc-12f">
         <name>.text</name>
         <load_address>0x20aaa4</load_address>
         <run_address>0x20aaa4</run_address>
         <size>0x2d0</size>
         <input_file_ref idref="fl-3d"/>
      </object_component>
      <object_component id="oc-9f3">
         <name>.text</name>
         <load_address>0x20ad74</load_address>
         <run_address>0x20ad74</run_address>
         <size>0x248</size>
         <input_file_ref idref="fl-118"/>
      </object_component>
      <object_component id="oc-3c6">
         <name>.text</name>
         <load_address>0x20afbc</load_address>
         <run_address>0x20afbc</run_address>
         <size>0x22c</size>
         <input_file_ref idref="fl-36"/>
      </object_component>
      <object_component id="oc-1d7">
         <name>.text:ethernet_init</name>
         <load_address>0x20b1e8</load_address>
         <run_address>0x20b1e8</run_address>
         <size>0x1fc</size>
         <input_file_ref idref="fl-f"/>
      </object_component>
      <object_component id="oc-2d2">
         <name>.text:flash_mem_read_serial_number</name>
         <load_address>0x20b3e4</load_address>
         <run_address>0x20b3e4</run_address>
         <size>0x1bc</size>
         <input_file_ref idref="fl-1a"/>
      </object_component>
      <object_component id="oc-20d">
         <name>.text</name>
         <load_address>0x20b5a0</load_address>
         <run_address>0x20b5a0</run_address>
         <size>0x1ac</size>
         <input_file_ref idref="fl-3b"/>
      </object_component>
      <object_component id="oc-47d">
         <name>.text:eeprom_write_rs485_add</name>
         <load_address>0x20b74c</load_address>
         <run_address>0x20b74c</run_address>
         <size>0x190</size>
         <input_file_ref idref="fl-1e"/>
      </object_component>
      <object_component id="oc-266">
         <name>.text</name>
         <load_address>0x20b8dc</load_address>
         <run_address>0x20b8dc</run_address>
         <size>0x170</size>
         <input_file_ref idref="fl-3e"/>
      </object_component>
      <object_component id="oc-3e7">
         <name>.text:bsmp_init_server</name>
         <load_address>0x20ba4c</load_address>
         <run_address>0x20ba4c</run_address>
         <size>0x148</size>
         <input_file_ref idref="fl-25"/>
      </object_component>
      <object_component id="oc-8df">
         <name>.text:buffer_read_block</name>
         <load_address>0x20bb94</load_address>
         <run_address>0x20bb94</run_address>
         <size>0x138</size>
         <input_file_ref idref="fl-c"/>
      </object_component>
      <object_component id="oc-2cc">
         <name>.text</name>
         <load_address>0x20bccc</load_address>
         <run_address>0x20bccc</run_address>
         <size>0x124</size>
         <input_file_ref idref="fl-39"/>
      </object_component>
      <object_component id="oc-213">
         <name>.text:TaskCheck</name>
         <load_address>0x20bdf0</load_address>
         <run_address>0x20bdf0</run_address>
         <size>0x110</size>
         <input_file_ref idref="fl-29"/>
      </object_component>
      <object_component id="oc-11d">
         <name>.text</name>
         <load_address>0x20bf00</load_address>
         <run_address>0x20bf00</run_address>
         <size>0x108</size>
         <input_file_ref idref="fl-3a"/>
      </object_component>
      <object_component id="oc-17a">
         <name>.text:pin_core_setup</name>
         <load_address>0x20c008</load_address>
         <run_address>0x20c008</run_address>
         <size>0xf0</size>
         <input_file_ref idref="fl-5"/>
      </object_component>
      <object_component id="oc-884">
         <name>.text:SetSlowRefFBP</name>
         <load_address>0x20c0f8</load_address>
         <run_address>0x20c0f8</run_address>
         <size>0xd0</size>
         <input_file_ref idref="fl-c"/>
      </object_component>
      <object_component id="oc-628">
         <name>.text:adc_channel</name>
         <load_address>0x20c1c8</load_address>
         <run_address>0x20c1c8</run_address>
         <size>0xcc</size>
         <input_file_ref idref="fl-6"/>
      </object_component>
      <object_component id="oc-9b8">
         <name>.text:curve_recalc_csum</name>
         <load_address>0x20c294</load_address>
         <run_address>0x20c294</run_address>
         <size>0xcc</size>
         <input_file_ref idref="fl-a"/>
      </object_component>
      <object_component id="oc-117">
         <name>.text:pinout_setup</name>
         <load_address>0x20c360</load_address>
         <run_address>0x20c360</run_address>
         <size>0xc8</size>
         <input_file_ref idref="fl-5"/>
      </object_component>
      <object_component id="oc-99a">
         <name>.text:var_write_read</name>
         <load_address>0x20c428</load_address>
         <run_address>0x20c428</run_address>
         <size>0xc8</size>
         <input_file_ref idref="fl-a"/>
      </object_component>
      <object_component id="oc-87c">
         <name>.text:SetSlowRef</name>
         <load_address>0x20c4f0</load_address>
         <run_address>0x20c4f0</run_address>
         <size>0xc0</size>
         <input_file_ref idref="fl-c"/>
      </object_component>
      <object_component id="oc-988">
         <name>.text:group_write</name>
         <load_address>0x20c5b0</load_address>
         <run_address>0x20c5b0</run_address>
         <size>0xbe</size>
         <input_file_ref idref="fl-a"/>
      </object_component>
      <object_component id="oc-52">
         <name>.text:FaultISR</name>
         <load_address>0x20c66e</load_address>
         <run_address>0x20c66e</run_address>
         <size>0x2</size>
         <input_file_ref idref="fl-3"/>
      </object_component>
      <object_component id="oc-8d6">
         <name>.text:curve_write_block</name>
         <load_address>0x20c670</load_address>
         <run_address>0x20c670</run_address>
         <size>0xb8</size>
         <input_file_ref idref="fl-c"/>
      </object_component>
      <object_component id="oc-994">
         <name>.text:group_bin_op</name>
         <load_address>0x20c728</load_address>
         <run_address>0x20c728</run_address>
         <size>0xb8</size>
         <input_file_ref idref="fl-a"/>
      </object_component>
      <object_component id="oc-5bd">
         <name>.text:TaskSetNew</name>
         <load_address>0x20c7e0</load_address>
         <run_address>0x20c7e0</run_address>
         <size>0xac</size>
         <input_file_ref idref="fl-29"/>
      </object_component>
      <object_component id="oc-1e9">
         <name>.text:adcp_init</name>
         <load_address>0x20c88c</load_address>
         <run_address>0x20c88c</run_address>
         <size>0xac</size>
         <input_file_ref idref="fl-6"/>
      </object_component>
      <object_component id="oc-16c">
         <name>.text</name>
         <load_address>0x20c938</load_address>
         <run_address>0x20c938</run_address>
         <size>0xac</size>
         <input_file_ref idref="fl-44"/>
      </object_component>
      <object_component id="oc-459">
         <name>.text:read_i2c</name>
         <load_address>0x20c9e4</load_address>
         <run_address>0x20c9e4</run_address>
         <size>0xa0</size>
         <input_file_ref idref="fl-20"/>
      </object_component>
      <object_component id="oc-5e9">
         <name>.text:read_i2c_offboard_isolated</name>
         <load_address>0x20ca84</load_address>
         <run_address>0x20ca84</run_address>
         <size>0xa0</size>
         <input_file_ref idref="fl-1c"/>
      </object_component>
      <object_component id="oc-3ed">
         <name>.text:adcp_channel_config</name>
         <load_address>0x20cb24</load_address>
         <run_address>0x20cb24</run_address>
         <size>0x9c</size>
         <input_file_ref idref="fl-25"/>
      </object_component>
      <object_component id="oc-337">
         <name>.text:eth_load_param</name>
         <load_address>0x20cbc0</load_address>
         <run_address>0x20cbc0</run_address>
         <size>0x9c</size>
         <input_file_ref idref="fl-f"/>
      </object_component>
      <object_component id="oc-6c">
         <name>.text</name>
         <load_address>0x20cc5c</load_address>
         <run_address>0x20cc5c</run_address>
         <size>0x9c</size>
         <input_file_ref idref="fl-10f"/>
      </object_component>
      <object_component id="oc-533">
         <name>.text:sdram_read_write</name>
         <load_address>0x20ccf8</load_address>
         <run_address>0x20ccf8</run_address>
         <size>0x98</size>
         <input_file_ref idref="fl-e"/>
      </object_component>
      <object_component id="oc-97c">
         <name>.text:group_read</name>
         <load_address>0x20cd90</load_address>
         <run_address>0x20cd90</run_address>
         <size>0x96</size>
         <input_file_ref idref="fl-a"/>
      </object_component>
      <object_component id="oc-58">
         <name>.text:IntDefaultHandler</name>
         <load_address>0x20ce26</load_address>
         <run_address>0x20ce26</run_address>
         <size>0x2</size>
         <input_file_ref idref="fl-3"/>
      </object_component>
      <object_component id="oc-81c">
         <name>.text:OpMode</name>
         <load_address>0x20ce28</load_address>
         <run_address>0x20ce28</run_address>
         <size>0x94</size>
         <input_file_ref idref="fl-c"/>
      </object_component>
      <object_component id="oc-7a5">
         <name>.text:bsmp_process_packet</name>
         <load_address>0x20cebc</load_address>
         <run_address>0x20cebc</run_address>
         <size>0x94</size>
         <input_file_ref idref="fl-9"/>
      </object_component>
      <object_component id="oc-186">
         <name>.text:enable_peripherals</name>
         <load_address>0x20cf50</load_address>
         <run_address>0x20cf50</run_address>
         <size>0x94</size>
         <input_file_ref idref="fl-5"/>
      </object_component>
      <object_component id="oc-814">
         <name>.text:ClosedLoop</name>
         <load_address>0x20cfe4</load_address>
         <run_address>0x20cfe4</run_address>
         <size>0x8c</size>
         <input_file_ref idref="fl-c"/>
      </object_component>
      <object_component id="oc-7fc">
         <name>.text:TurnOn</name>
         <load_address>0x20d070</load_address>
         <run_address>0x20d070</run_address>
         <size>0x8c</size>
         <input_file_ref idref="fl-c"/>
      </object_component>
      <object_component id="oc-80c">
         <name>.text:OpenLoop</name>
         <load_address>0x20d0fc</load_address>
         <run_address>0x20d0fc</run_address>
         <size>0x88</size>
         <input_file_ref idref="fl-c"/>
      </object_component>
      <object_component id="oc-804">
         <name>.text:TurnOff</name>
         <load_address>0x20d184</load_address>
         <run_address>0x20d184</run_address>
         <size>0x88</size>
         <input_file_ref idref="fl-c"/>
      </object_component>
      <object_component id="oc-3e1">
         <name>.text:ipc_init_parameters</name>
         <load_address>0x20d20c</load_address>
         <run_address>0x20d20c</run_address>
         <size>0x88</size>
         <input_file_ref idref="fl-25"/>
      </object_component>
      <object_component id="oc-428">
         <name>.text:rtc_read_data_hour</name>
         <load_address>0x20d294</load_address>
         <run_address>0x20d294</run_address>
         <size>0x88</size>
         <input_file_ref idref="fl-21"/>
      </object_component>
      <object_component id="oc-489">
         <name>.text:eeprom_write_Kp1</name>
         <load_address>0x20d31c</load_address>
         <run_address>0x20d31c</run_address>
         <size>0x84</size>
         <input_file_ref idref="fl-1e"/>
      </object_component>
      <object_component id="oc-495">
         <name>.text:eeprom_write_kd1</name>
         <load_address>0x20d3a0</load_address>
         <run_address>0x20d3a0</run_address>
         <size>0x84</size>
         <input_file_ref idref="fl-1e"/>
      </object_component>
      <object_component id="oc-4a7">
         <name>.text:eeprom_write_kd2</name>
         <load_address>0x20d424</load_address>
         <run_address>0x20d424</run_address>
         <size>0x84</size>
         <input_file_ref idref="fl-1e"/>
      </object_component>
      <object_component id="oc-4b9">
         <name>.text:eeprom_write_kd3</name>
         <load_address>0x20d4a8</load_address>
         <run_address>0x20d4a8</run_address>
         <size>0x84</size>
         <input_file_ref idref="fl-1e"/>
      </object_component>
      <object_component id="oc-4cb">
         <name>.text:eeprom_write_kd4</name>
         <load_address>0x20d52c</load_address>
         <run_address>0x20d52c</run_address>
         <size>0x84</size>
         <input_file_ref idref="fl-1e"/>
      </object_component>
      <object_component id="oc-48f">
         <name>.text:eeprom_write_ki1</name>
         <load_address>0x20d5b0</load_address>
         <run_address>0x20d5b0</run_address>
         <size>0x84</size>
         <input_file_ref idref="fl-1e"/>
      </object_component>
      <object_component id="oc-4a1">
         <name>.text:eeprom_write_ki2</name>
         <load_address>0x20d634</load_address>
         <run_address>0x20d634</run_address>
         <size>0x84</size>
         <input_file_ref idref="fl-1e"/>
      </object_component>
      <object_component id="oc-4b3">
         <name>.text:eeprom_write_ki3</name>
         <load_address>0x20d6b8</load_address>
         <run_address>0x20d6b8</run_address>
         <size>0x84</size>
         <input_file_ref idref="fl-1e"/>
      </object_component>
      <object_component id="oc-4c5">
         <name>.text:eeprom_write_ki4</name>
         <load_address>0x20d73c</load_address>
         <run_address>0x20d73c</run_address>
         <size>0x84</size>
         <input_file_ref idref="fl-1e"/>
      </object_component>
      <object_component id="oc-49b">
         <name>.text:eeprom_write_kp2</name>
         <load_address>0x20d7c0</load_address>
         <run_address>0x20d7c0</run_address>
         <size>0x84</size>
         <input_file_ref idref="fl-1e"/>
      </object_component>
      <object_component id="oc-4ad">
         <name>.text:eeprom_write_kp3</name>
         <load_address>0x20d844</load_address>
         <run_address>0x20d844</run_address>
         <size>0x84</size>
         <input_file_ref idref="fl-1e"/>
      </object_component>
      <object_component id="oc-4bf">
         <name>.text:eeprom_write_kp4</name>
         <load_address>0x20d8c8</load_address>
         <run_address>0x20d8c8</run_address>
         <size>0x84</size>
         <input_file_ref idref="fl-1e"/>
      </object_component>
      <object_component id="oc-9a0">
         <name>.text:group_create</name>
         <load_address>0x20d94c</load_address>
         <run_address>0x20d94c</run_address>
         <size>0x84</size>
         <input_file_ref idref="fl-a"/>
      </object_component>
      <object_component id="oc-1c5">
         <name>.text:init_rs485</name>
         <load_address>0x20d9d0</load_address>
         <run_address>0x20d9d0</run_address>
         <size>0x84</size>
         <input_file_ref idref="fl-26"/>
      </object_component>
      <object_component id="oc-36d">
         <name>.text:isr_ethernet</name>
         <load_address>0x20da54</load_address>
         <run_address>0x20da54</run_address>
         <size>0x84</size>
         <input_file_ref idref="fl-f"/>
      </object_component>
      <object_component id="oc-d6">
         <name>.text:main</name>
         <load_address>0x20dad8</load_address>
         <run_address>0x20dad8</run_address>
         <size>0x80</size>
         <input_file_ref idref="fl-2"/>
      </object_component>
      <object_component id="oc-422">
         <name>.text:rs485_bkp_tx_handler</name>
         <load_address>0x20db58</load_address>
         <run_address>0x20db58</run_address>
         <size>0x80</size>
         <input_file_ref idref="fl-27"/>
      </object_component>
      <object_component id="oc-9ff">
         <name>.text:MD5Update</name>
         <load_address>0x20dbd8</load_address>
         <run_address>0x20dbd8</run_address>
         <size>0x7e</size>
         <input_file_ref idref="fl-b"/>
      </object_component>
      <object_component id="oc-4c">
         <name>.text:NmiSR</name>
         <load_address>0x20dc56</load_address>
         <run_address>0x20dc56</run_address>
         <size>0x2</size>
         <input_file_ref idref="fl-3"/>
      </object_component>
      <object_component id="oc-471">
         <name>.text:eeprom_write_ip</name>
         <load_address>0x20dc58</load_address>
         <run_address>0x20dc58</run_address>
         <size>0x7c</size>
         <input_file_ref idref="fl-1e"/>
      </object_component>
      <object_component id="oc-477">
         <name>.text:eeprom_write_ip_mask</name>
         <load_address>0x20dcd4</load_address>
         <run_address>0x20dcd4</run_address>
         <size>0x7c</size>
         <input_file_ref idref="fl-1e"/>
      </object_component>
      <object_component id="oc-483">
         <name>.text:eeprom_write_rs485_baudrate</name>
         <load_address>0x20dd50</load_address>
         <run_address>0x20dd50</run_address>
         <size>0x7c</size>
         <input_file_ref idref="fl-1e"/>
      </object_component>
      <object_component id="oc-5f4">
         <name>.text</name>
         <load_address>0x20ddcc</load_address>
         <run_address>0x20ddcc</run_address>
         <size>0x7a</size>
         <input_file_ref idref="fl-10b"/>
      </object_component>
      <object_component id="oc-78">
         <name>.text</name>
         <load_address>0x20de46</load_address>
         <run_address>0x20de46</run_address>
         <size>0x7a</size>
         <input_file_ref idref="fl-110"/>
      </object_component>
      <object_component id="oc-982">
         <name>.text:var_write</name>
         <load_address>0x20dec0</load_address>
         <run_address>0x20dec0</run_address>
         <size>0x7a</size>
         <input_file_ref idref="fl-a"/>
      </object_component>
      <object_component id="oc-9ac">
         <name>.text:curve_block_request</name>
         <load_address>0x20df3a</load_address>
         <run_address>0x20df3a</run_address>
         <size>0x78</size>
         <input_file_ref idref="fl-a"/>
      </object_component>
      <object_component id="oc-84">
         <name>.text</name>
         <load_address>0x20dfb2</load_address>
         <run_address>0x20dfb2</run_address>
         <size>0x2</size>
         <input_file_ref idref="fl-111"/>
      </object_component>
      <object_component id="oc-343">
         <name>.text</name>
         <load_address>0x20dfb4</load_address>
         <run_address>0x20dfb4</run_address>
         <size>0x78</size>
         <input_file_ref idref="fl-37"/>
      </object_component>
      <object_component id="oc-82c">
         <name>.text:ResetInterlocks</name>
         <load_address>0x20e02c</load_address>
         <run_address>0x20e02c</run_address>
         <size>0x74</size>
         <input_file_ref idref="fl-c"/>
      </object_component>
      <object_component id="oc-9b2">
         <name>.text:curve_block</name>
         <load_address>0x20e0a0</load_address>
         <run_address>0x20e0a0</run_address>
         <size>0x74</size>
         <input_file_ref idref="fl-a"/>
      </object_component>
      <object_component id="oc-329">
         <name>.text:isr_rs485_bkp</name>
         <load_address>0x20e114</load_address>
         <run_address>0x20e114</run_address>
         <size>0x74</size>
         <input_file_ref idref="fl-27"/>
      </object_component>
      <object_component id="oc-617">
         <name>.text:rs485_tx_handler</name>
         <load_address>0x20e188</load_address>
         <run_address>0x20e188</run_address>
         <size>0x74</size>
         <input_file_ref idref="fl-26"/>
      </object_component>
      <object_component id="oc-98e">
         <name>.text:var_bin_op</name>
         <load_address>0x20e1fc</load_address>
         <run_address>0x20e1fc</run_address>
         <size>0x74</size>
         <input_file_ref idref="fl-a"/>
      </object_component>
      <object_component id="oc-90">
         <name>.text</name>
         <load_address>0x20e270</load_address>
         <run_address>0x20e270</run_address>
         <size>0x70</size>
         <input_file_ref idref="fl-11d"/>
      </object_component>
      <object_component id="oc-864">
         <name>.text:EnableSamplesBuffer</name>
         <load_address>0x20e2e0</load_address>
         <run_address>0x20e2e0</run_address>
         <size>0x6c</size>
         <input_file_ref idref="fl-c"/>
      </object_component>
      <object_component id="oc-4d1">
         <name>.text:eeprom_write_ps_model</name>
         <load_address>0x20e34c</load_address>
         <run_address>0x20e34c</run_address>
         <size>0x6c</size>
         <input_file_ref idref="fl-1e"/>
      </object_component>
      <object_component id="oc-86c">
         <name>.text:DisableSamplesBuffer</name>
         <load_address>0x20e3b8</load_address>
         <run_address>0x20e3b8</run_address>
         <size>0x68</size>
         <input_file_ref idref="fl-c"/>
      </object_component>
      <object_component id="oc-8d0">
         <name>.text:curve_read_block</name>
         <load_address>0x20e420</load_address>
         <run_address>0x20e420</run_address>
         <size>0x68</size>
         <input_file_ref idref="fl-c"/>
      </object_component>
      <object_component id="oc-24">
         <name>.text:decompress:lzss</name>
         <load_address>0x20e488</load_address>
         <run_address>0x20e488</run_address>
         <size>0x68</size>
         <input_file_ref idref="fl-107"/>
      </object_component>
      <object_component id="oc-9be">
         <name>.text:func_execute</name>
         <load_address>0x20e4f0</load_address>
         <run_address>0x20e4f0</run_address>
         <size>0x68</size>
         <input_file_ref idref="fl-a"/>
      </object_component>
      <object_component id="oc-3cc">
         <name>.text:isr_global_timer</name>
         <load_address>0x20e558</load_address>
         <run_address>0x20e558</run_address>
         <size>0x68</size>
         <input_file_ref idref="fl-2a"/>
      </object_component>
      <object_component id="oc-6dd">
         <name>.text:bsmp_register_variable</name>
         <load_address>0x20e5c0</load_address>
         <run_address>0x20e5c0</run_address>
         <size>0x66</size>
         <input_file_ref idref="fl-9"/>
      </object_component>
      <object_component id="oc-ce">
         <name>.text</name>
         <load_address>0x20e626</load_address>
         <run_address>0x20e626</run_address>
         <size>0x2</size>
         <input_file_ref idref="fl-132"/>
      </object_component>
      <object_component id="oc-19a">
         <name>.text:test_eeprom_memory</name>
         <load_address>0x20e628</load_address>
         <run_address>0x20e628</run_address>
         <size>0x64</size>
         <input_file_ref idref="fl-23"/>
      </object_component>
      <object_component id="oc-976">
         <name>.text:var_read</name>
         <load_address>0x20e68c</load_address>
         <run_address>0x20e68c</run_address>
         <size>0x5e</size>
         <input_file_ref idref="fl-a"/>
      </object_component>
      <object_component id="oc-874">
         <name>.text:SyncPulse</name>
         <load_address>0x20e6ec</load_address>
         <run_address>0x20e6ec</run_address>
         <size>0x5c</size>
         <input_file_ref idref="fl-c"/>
      </object_component>
      <object_component id="oc-1a0">
         <name>.text:extern_io_init</name>
         <load_address>0x20e748</load_address>
         <run_address>0x20e748</run_address>
         <size>0x5c</size>
         <input_file_ref idref="fl-1f"/>
      </object_component>
      <object_component id="oc-330">
         <name>.text:isr_usb_to_serial</name>
         <load_address>0x20e7a4</load_address>
         <run_address>0x20e7a4</run_address>
         <size>0x5c</size>
         <input_file_ref idref="fl-2e"/>
      </object_component>
      <object_component id="oc-2bc">
         <name>.text:write_i2c</name>
         <load_address>0x20e800</load_address>
         <run_address>0x20e800</run_address>
         <size>0x5c</size>
         <input_file_ref idref="fl-20"/>
      </object_component>
      <object_component id="oc-5aa">
         <name>.text:write_i2c_offboard_isolated</name>
         <load_address>0x20e85c</load_address>
         <run_address>0x20e85c</run_address>
         <size>0x5c</size>
         <input_file_ref idref="fl-1c"/>
      </object_component>
      <object_component id="oc-964">
         <name>.text:curve_query_list</name>
         <load_address>0x20e8b8</load_address>
         <run_address>0x20e8b8</run_address>
         <size>0x58</size>
         <input_file_ref idref="fl-a"/>
      </object_component>
      <object_component id="oc-34f">
         <name>.text:uip_init</name>
         <load_address>0x20e910</load_address>
         <run_address>0x20e910</run_address>
         <size>0x58</size>
         <input_file_ref idref="fl-16"/>
      </object_component>
      <object_component id="oc-1d1">
         <name>.text:init_usb_to_serial</name>
         <load_address>0x20e968</load_address>
         <run_address>0x20e968</run_address>
         <size>0x54</size>
         <input_file_ref idref="fl-2e"/>
      </object_component>
      <object_component id="oc-40a">
         <name>.text:power_supply_1_temp_read</name>
         <load_address>0x20e9bc</load_address>
         <run_address>0x20e9bc</run_address>
         <size>0x54</size>
         <input_file_ref idref="fl-1d"/>
      </object_component>
      <object_component id="oc-410">
         <name>.text:power_supply_2_temp_read</name>
         <load_address>0x20ea10</load_address>
         <run_address>0x20ea10</run_address>
         <size>0x54</size>
         <input_file_ref idref="fl-1d"/>
      </object_component>
      <object_component id="oc-416">
         <name>.text:power_supply_3_temp_read</name>
         <load_address>0x20ea64</load_address>
         <run_address>0x20ea64</run_address>
         <size>0x54</size>
         <input_file_ref idref="fl-1d"/>
      </object_component>
      <object_component id="oc-41c">
         <name>.text:power_supply_4_temp_read</name>
         <load_address>0x20eab8</load_address>
         <run_address>0x20eab8</run_address>
         <size>0x54</size>
         <input_file_ref idref="fl-1d"/>
      </object_component>
      <object_component id="oc-9c">
         <name>.text</name>
         <load_address>0x20eb0c</load_address>
         <run_address>0x20eb0c</run_address>
         <size>0x54</size>
         <input_file_ref idref="fl-10a"/>
      </object_component>
      <object_component id="oc-a05">
         <name>.text:MD5Final</name>
         <load_address>0x20eb60</load_address>
         <run_address>0x20eb60</run_address>
         <size>0x50</size>
         <input_file_ref idref="fl-b"/>
      </object_component>
      <object_component id="oc-1f5">
         <name>.text:global_timer_init</name>
         <load_address>0x20ebb0</load_address>
         <run_address>0x20ebb0</run_address>
         <size>0x50</size>
         <input_file_ref idref="fl-2a"/>
      </object_component>
      <object_component id="oc-958">
         <name>.text:group_query_list</name>
         <load_address>0x20ec00</load_address>
         <run_address>0x20ec00</run_address>
         <size>0x50</size>
         <input_file_ref idref="fl-a"/>
      </object_component>
      <object_component id="oc-1cb">
         <name>.text:init_rs485_bkp</name>
         <load_address>0x20ec50</load_address>
         <run_address>0x20ec50</run_address>
         <size>0x50</size>
         <input_file_ref idref="fl-27"/>
      </object_component>
      <object_component id="oc-6e3">
         <name>.text:bsmp_register_curve</name>
         <load_address>0x20eca0</load_address>
         <run_address>0x20eca0</run_address>
         <size>0x4e</size>
         <input_file_ref idref="fl-9"/>
      </object_component>
      <object_component id="oc-6d1">
         <name>.text:bsmp_register_function</name>
         <load_address>0x20ecee</load_address>
         <run_address>0x20ecee</run_address>
         <size>0x4e</size>
         <input_file_ref idref="fl-9"/>
      </object_component>
      <object_component id="oc-95e">
         <name>.text:group_query</name>
         <load_address>0x20ed3c</load_address>
         <run_address>0x20ed3c</run_address>
         <size>0x4e</size>
         <input_file_ref idref="fl-a"/>
      </object_component>
      <object_component id="oc-6b2">
         <name>.text:isr_adcp</name>
         <load_address>0x20ed8c</load_address>
         <run_address>0x20ed8c</run_address>
         <size>0x4c</size>
         <input_file_ref idref="fl-6"/>
      </object_component>
      <object_component id="oc-c8">
         <name>.text</name>
         <load_address>0x20edd8</load_address>
         <run_address>0x20edd8</run_address>
         <size>0x4c</size>
         <input_file_ref idref="fl-11e"/>
      </object_component>
      <object_component id="oc-2b5">
         <name>.text:eeprom_write_request_check</name>
         <load_address>0x20ee24</load_address>
         <run_address>0x20ee24</run_address>
         <size>0x48</size>
         <input_file_ref idref="fl-1e"/>
      </object_component>
      <object_component id="oc-952">
         <name>.text:var_query_list</name>
         <load_address>0x20ee6c</load_address>
         <run_address>0x20ee6c</run_address>
         <size>0x48</size>
         <input_file_ref idref="fl-a"/>
      </object_component>
      <object_component id="oc-323">
         <name>.text:UARTConfigSetExpClk</name>
         <load_address>0x20eeb4</load_address>
         <run_address>0x20eeb4</run_address>
         <size>0x46</size>
         <input_file_ref idref="fl-27"/>
      </object_component>
      <object_component id="oc-96a">
         <name>.text:curve_query_csum</name>
         <load_address>0x20eefa</load_address>
         <run_address>0x20eefa</run_address>
         <size>0x44</size>
         <input_file_ref idref="fl-a"/>
      </object_component>
      <object_component id="oc-43a">
         <name>.text:adcp_get_samples</name>
         <load_address>0x20ef40</load_address>
         <run_address>0x20ef40</run_address>
         <size>0x40</size>
         <input_file_ref idref="fl-6"/>
      </object_component>
      <object_component id="oc-36">
         <name>.text</name>
         <load_address>0x20ef80</load_address>
         <run_address>0x20ef80</run_address>
         <size>0x40</size>
         <input_file_ref idref="fl-106"/>
      </object_component>
      <object_component id="oc-6cb">
         <name>.text:bsmp_server_init</name>
         <load_address>0x20efc0</load_address>
         <run_address>0x20efc0</run_address>
         <size>0x3c</size>
         <input_file_ref idref="fl-9"/>
      </object_component>
      <object_component id="oc-26d">
         <name>.text:eeprom_read_rs485_add</name>
         <load_address>0x20effc</load_address>
         <run_address>0x20effc</run_address>
         <size>0x3c</size>
         <input_file_ref idref="fl-1e"/>
      </object_component>
      <object_component id="oc-970">
         <name>.text:func_query_list</name>
         <load_address>0x20f038</load_address>
         <run_address>0x20f038</run_address>
         <size>0x3c</size>
         <input_file_ref idref="fl-a"/>
      </object_component>
      <object_component id="oc-1b9">
         <name>.text:flash_mem_init</name>
         <load_address>0x20f074</load_address>
         <run_address>0x20f074</run_address>
         <size>0x38</size>
         <input_file_ref idref="fl-1a"/>
      </object_component>
      <object_component id="oc-79a">
         <name>.text</name>
         <load_address>0x20f0ac</load_address>
         <run_address>0x20f0ac</run_address>
         <size>0x38</size>
         <input_file_ref idref="fl-129"/>
      </object_component>
      <object_component id="oc-7b9">
         <name>.text</name>
         <load_address>0x20f0e4</load_address>
         <run_address>0x20f0e4</run_address>
         <size>0x38</size>
         <input_file_ref idref="fl-10d"/>
      </object_component>
      <object_component id="oc-129">
         <name>.text:system_init</name>
         <load_address>0x20f11c</load_address>
         <run_address>0x20f11c</run_address>
         <size>0x38</size>
         <input_file_ref idref="fl-23"/>
      </object_component>
      <object_component id="oc-162">
         <name>.text</name>
         <load_address>0x20f154</load_address>
         <run_address>0x20f154</run_address>
         <size>0x36</size>
         <input_file_ref idref="fl-43"/>
      </object_component>
      <object_component id="oc-546">
         <name>.text:eeprom_read_ip</name>
         <load_address>0x20f18c</load_address>
         <run_address>0x20f18c</run_address>
         <size>0x34</size>
         <input_file_ref idref="fl-1e"/>
      </object_component>
      <object_component id="oc-54c">
         <name>.text:eeprom_read_ip_mask</name>
         <load_address>0x20f1c0</load_address>
         <run_address>0x20f1c0</run_address>
         <size>0x34</size>
         <input_file_ref idref="fl-1e"/>
      </object_component>
      <object_component id="oc-3ad">
         <name>.text:power_supply_1_temp_init</name>
         <load_address>0x20f1f4</load_address>
         <run_address>0x20f1f4</run_address>
         <size>0x34</size>
         <input_file_ref idref="fl-1d"/>
      </object_component>
      <object_component id="oc-3b3">
         <name>.text:power_supply_2_temp_init</name>
         <load_address>0x20f228</load_address>
         <run_address>0x20f228</run_address>
         <size>0x34</size>
         <input_file_ref idref="fl-1d"/>
      </object_component>
      <object_component id="oc-3b9">
         <name>.text:power_supply_3_temp_init</name>
         <load_address>0x20f25c</load_address>
         <run_address>0x20f25c</run_address>
         <size>0x34</size>
         <input_file_ref idref="fl-1d"/>
      </object_component>
      <object_component id="oc-3bf">
         <name>.text:power_supply_4_temp_init</name>
         <load_address>0x20f290</load_address>
         <run_address>0x20f290</run_address>
         <size>0x34</size>
         <input_file_ref idref="fl-1d"/>
      </object_component>
      <object_component id="oc-38f">
         <name>.text:rtc_check_of</name>
         <load_address>0x20f2c4</load_address>
         <run_address>0x20f2c4</run_address>
         <size>0x34</size>
         <input_file_ref idref="fl-21"/>
      </object_component>
      <object_component id="oc-389">
         <name>.text:rtc_clear_ht</name>
         <load_address>0x20f2f8</load_address>
         <run_address>0x20f2f8</run_address>
         <size>0x34</size>
         <input_file_ref idref="fl-21"/>
      </object_component>
      <object_component id="oc-5f9">
         <name>.text</name>
         <load_address>0x20f32c</load_address>
         <run_address>0x20f32c</run_address>
         <size>0x34</size>
         <input_file_ref idref="fl-10c"/>
      </object_component>
      <object_component id="oc-39c">
         <name>.text:adcp_config</name>
         <load_address>0x20f360</load_address>
         <run_address>0x20f360</run_address>
         <size>0x30</size>
         <input_file_ref idref="fl-6"/>
      </object_component>
      <object_component id="oc-a7a">
         <name>.text:Decode</name>
         <load_address>0x20f390</load_address>
         <run_address>0x20f390</run_address>
         <size>0x2e</size>
         <input_file_ref idref="fl-b"/>
      </object_component>
      <object_component id="oc-9e0">
         <name>.text:group_to_mod_list</name>
         <load_address>0x20f3be</load_address>
         <run_address>0x20f3be</run_address>
         <size>0x2e</size>
         <input_file_ref idref="fl-a"/>
      </object_component>
      <object_component id="oc-a50">
         <name>.text:Encode</name>
         <load_address>0x20f3ec</load_address>
         <run_address>0x20f3ec</run_address>
         <size>0x2c</size>
         <input_file_ref idref="fl-b"/>
      </object_component>
      <object_component id="oc-59c">
         <name>.text:adcp_rx_isr_enable</name>
         <load_address>0x20f418</load_address>
         <run_address>0x20f418</run_address>
         <size>0x2c</size>
         <input_file_ref idref="fl-6"/>
      </object_component>
      <object_component id="oc-1a6">
         <name>.text:buffers_ctrl</name>
         <load_address>0x20f444</load_address>
         <run_address>0x20f444</run_address>
         <size>0x2c</size>
         <input_file_ref idref="fl-1f"/>
      </object_component>
      <object_component id="oc-2f8">
         <name>.text:config_rs485</name>
         <load_address>0x20f470</load_address>
         <run_address>0x20f470</run_address>
         <size>0x2c</size>
         <input_file_ref idref="fl-26"/>
      </object_component>
      <object_component id="oc-1bf">
         <name>.text:dcdc_pwr_ctrl</name>
         <load_address>0x20f49c</load_address>
         <run_address>0x20f49c</run_address>
         <size>0x2c</size>
         <input_file_ref idref="fl-1f"/>
      </object_component>
      <object_component id="oc-1dd">
         <name>.text:display_pwr_ctrl</name>
         <load_address>0x20f4c8</load_address>
         <run_address>0x20f4c8</run_address>
         <size>0x2c</size>
         <input_file_ref idref="fl-1f"/>
      </object_component>
      <object_component id="oc-3fe">
         <name>.text:led_itlk_ctrl</name>
         <load_address>0x20f4f4</load_address>
         <run_address>0x20f4f4</run_address>
         <size>0x2c</size>
         <input_file_ref idref="fl-1f"/>
      </object_component>
      <object_component id="oc-3f8">
         <name>.text:led_sts_ctrl</name>
         <load_address>0x20f520</load_address>
         <run_address>0x20f520</run_address>
         <size>0x2c</size>
         <input_file_ref idref="fl-1f"/>
      </object_component>
      <object_component id="oc-94c">
         <name>.text:query_version</name>
         <load_address>0x20f54c</load_address>
         <run_address>0x20f54c</run_address>
         <size>0x2c</size>
         <input_file_ref idref="fl-a"/>
      </object_component>
      <object_component id="oc-2da">
         <name>.text:rs485_term_ctrl</name>
         <load_address>0x20f578</load_address>
         <run_address>0x20f578</run_address>
         <size>0x2c</size>
         <input_file_ref idref="fl-1f"/>
      </object_component>
      <object_component id="oc-593">
         <name>.text:rtc_stop_clock</name>
         <load_address>0x20f5a4</load_address>
         <run_address>0x20f5a4</run_address>
         <size>0x2c</size>
         <input_file_ref idref="fl-21"/>
      </object_component>
      <object_component id="oc-404">
         <name>.text:sound_sel_ctrl</name>
         <load_address>0x20f5d0</load_address>
         <run_address>0x20f5d0</run_address>
         <size>0x2c</size>
         <input_file_ref idref="fl-1f"/>
      </object_component>
      <object_component id="oc-560">
         <name>.text:uip_listen</name>
         <load_address>0x20f5fc</load_address>
         <run_address>0x20f5fc</run_address>
         <size>0x2c</size>
         <input_file_ref idref="fl-16"/>
      </object_component>
      <object_component id="oc-9f9">
         <name>.text:MD5Init</name>
         <load_address>0x20f628</load_address>
         <run_address>0x20f628</run_address>
         <size>0x28</size>
         <input_file_ref idref="fl-b"/>
      </object_component>
      <object_component id="oc-7f3">
         <name>.text:curve_check</name>
         <load_address>0x20f650</load_address>
         <run_address>0x20f650</run_address>
         <size>0x28</size>
         <input_file_ref idref="fl-a"/>
      </object_component>
      <object_component id="oc-366">
         <name>.text:isr_systick</name>
         <load_address>0x20f678</load_address>
         <run_address>0x20f678</run_address>
         <size>0x28</size>
         <input_file_ref idref="fl-f"/>
      </object_component>
      <object_component id="oc-434">
         <name>.text:adcp_read</name>
         <load_address>0x20f6a0</load_address>
         <run_address>0x20f6a0</run_address>
         <size>0x24</size>
         <input_file_ref idref="fl-6"/>
      </object_component>
      <object_component id="oc-135">
         <name>.text:fbp_main</name>
         <load_address>0x20f6c4</load_address>
         <run_address>0x20f6c4</run_address>
         <size>0x24</size>
         <input_file_ref idref="fl-24"/>
      </object_component>
      <object_component id="oc-7ec">
         <name>.text:group_add_var</name>
         <load_address>0x20f6e8</load_address>
         <run_address>0x20f6e8</run_address>
         <size>0x24</size>
         <input_file_ref idref="fl-a"/>
      </object_component>
      <object_component id="oc-3db">
         <name>.text:init_control_framework</name>
         <load_address>0x20f70c</load_address>
         <run_address>0x20f70c</run_address>
         <size>0x24</size>
         <input_file_ref idref="fl-d"/>
      </object_component>
      <object_component id="oc-1ef">
         <name>.text:init_i2c_offboard_external_devices</name>
         <load_address>0x20f730</load_address>
         <run_address>0x20f730</run_address>
         <size>0x24</size>
         <input_file_ref idref="fl-1b"/>
      </object_component>
      <object_component id="oc-1b3">
         <name>.text:init_i2c_offboard_isolated</name>
         <load_address>0x20f754</load_address>
         <run_address>0x20f754</run_address>
         <size>0x24</size>
         <input_file_ref idref="fl-1c"/>
      </object_component>
      <object_component id="oc-194">
         <name>.text:init_i2c_onboard</name>
         <load_address>0x20f778</load_address>
         <run_address>0x20f778</run_address>
         <size>0x24</size>
         <input_file_ref idref="fl-20"/>
      </object_component>
      <object_component id="oc-5ef">
         <name>.text</name>
         <load_address>0x20f79c</load_address>
         <run_address>0x20f79c</run_address>
         <size>0x24</size>
         <input_file_ref idref="fl-117"/>
      </object_component>
      <object_component id="oc-525">
         <name>.text:UARTDisable</name>
         <load_address>0x20f7c0</load_address>
         <run_address>0x20f7c0</run_address>
         <size>0x20</size>
         <input_file_ref idref="fl-27"/>
      </object_component>
      <object_component id="oc-58d">
         <name>.text:rtc_status_of</name>
         <load_address>0x20f7e0</load_address>
         <run_address>0x20f7e0</run_address>
         <size>0x20</size>
         <input_file_ref idref="fl-21"/>
      </object_component>
      <object_component id="oc-913">
         <name>.text:send_ipc_lowpriority_msg</name>
         <load_address>0x20f800</load_address>
         <run_address>0x20f800</run_address>
         <size>0x20</size>
         <input_file_ref idref="fl-22"/>
      </object_component>
[...]
         <object_component_ref idref="oc-25b"/>
      </symbol>
      <symbol id="sm-152e">
         <name>GPIOIntTypeSet</name>
         <value>0x209709</value>
         <object_component_ref idref="oc-25b"/>
      </symbol>
      <symbol id="sm-152f">
         <name>GPIOPinConfigureCoreSelect</name>
         <value>0x2099d5</value>
         <object_component_ref idref="oc-25b"/>
      </symbol>
      <symbol id="sm-1530">
         <name>GPIOPinTypeGPIOInput</name>
         <value>0x209899</value>
         <object_component_ref idref="oc-25b"/>
      </symbol>
      <symbol id="sm-1531">
         <name>GPIOPinIntEnable</name>
         <value>0x20981f</value>
         <object_component_ref idref="oc-25b"/>
      </symbol>
      <symbol id="sm-1532">
         <name>GPIOPadConfigGet</name>
         <value>0x2097e3</value>
         <object_component_ref idref="oc-25b"/>
      </symbol>
      <symbol id="sm-1533">
         <name>GPIOPinLockStatus</name>
         <value>0x2099f5</value>
         <object_component_ref idref="oc-25b"/>
      </symbol>
      <symbol id="sm-1534">
         <name>GPIOPinTypeUART</name>
         <value>0x209911</value>
         <object_component_ref idref="oc-25b"/>
      </symbol>
      <symbol id="sm-1535">
         <name>GPIOPinLock</name>
         <value>0x2099ff</value>
         <object_component_ref idref="oc-25b"/>
      </symbol>
      <symbol id="sm-1536">
         <name>GPIOPinTypeGPIOOutput</name>
         <value>0x2098ad</value>
         <object_component_ref idref="oc-25b"/>
      </symbol>
      <symbol id="sm-1537">
         <name>GPIOIntTypeGet</name>
         <value>0x20974f</value>
         <object_component_ref idref="oc-25b"/>
      </symbol>
      <symbol id="sm-1538">
         <name>GPIOPinRead</name>
         <value>0x209879</value>
         <object_component_ref idref="oc-25b"/>
      </symbol>
      <symbol id="sm-1539">
         <name>GPIODirModeSet</name>
         <value>0x2096af</value>
         <object_component_ref idref="oc-25b"/>
      </symbol>
      <symbol id="sm-153a">
         <name>GPIOPinWrite</name>
         <value>0x20987f</value>
         <object_component_ref idref="oc-25b"/>
      </symbol>
      <symbol id="sm-153b">
         <name>GPIOPadConfigSet</name>
         <value>0x209789</value>
         <object_component_ref idref="oc-25b"/>
      </symbol>
      <symbol id="sm-153c">
         <name>GPIOPinTypeSSI</name>
         <value>0x2098e9</value>
         <object_component_ref idref="oc-25b"/>
      </symbol>
      <symbol id="sm-153d">
         <name>GPIOPortIntRegister</name>
         <value>0x20984d</value>
         <object_component_ref idref="oc-25b"/>
      </symbol>
      <symbol id="sm-153e">
         <name>GPIOPinTypeTimer</name>
         <value>0x2098fd</value>
         <object_component_ref idref="oc-25b"/>
      </symbol>
      <symbol id="sm-153f">
         <name>GPIOPinTypeCAN</name>
         <value>0x209885</value>
         <object_component_ref idref="oc-25b"/>
      </symbol>
      <symbol id="sm-1540">
         <name>GPIOPinIntStatus</name>
         <value>0x209839</value>
         <object_component_ref idref="oc-25b"/>
      </symbol>
      <symbol id="sm-1541">
         <name>GPIOPinTypeEPI</name>
         <value>0x209955</value>
         <object_component_ref idref="oc-25b"/>
      </symbol>
      <symbol id="sm-1558">
         <name>FlashInit</name>
         <value>0x200001f5</value>
         <object_component_ref idref="oc-111"/>
      </symbol>
      <symbol id="sm-1559">
         <name>FlashSetup</name>
         <value>0x2000024b</value>
         <object_component_ref idref="oc-111"/>
      </symbol>
      <symbol id="sm-159f">
         <name>EthernetPHYWrite</name>
         <value>0x20a73b</value>
         <object_component_ref idref="oc-349"/>
      </symbol>
      <symbol id="sm-15a0">
         <name>EthernetConfigSet</name>
         <value>0x20a4b9</value>
         <object_component_ref idref="oc-349"/>
      </symbol>
      <symbol id="sm-15a1">
         <name>EthernetPacketPutNonBlocking</name>
         <value>0x20a6df</value>
         <object_component_ref idref="oc-349"/>
      </symbol>
      <symbol id="sm-15a2">
         <name>EthernetPacketPut</name>
         <value>0x20a6ef</value>
         <object_component_ref idref="oc-349"/>
      </symbol>
      <symbol id="sm-15a3">
         <name>EthernetIntDisable</name>
         <value>0x20a721</value>
         <object_component_ref idref="oc-349"/>
      </symbol>
      <symbol id="sm-15a4">
         <name>EthernetPacketAvail</name>
         <value>0x20a59b</value>
         <object_component_ref idref="oc-349"/>
      </symbol>
      <symbol id="sm-15a5">
         <name>EthernetPHYPowerOff</name>
         <value>0x20a77b</value>
         <object_component_ref idref="oc-349"/>
      </symbol>
      <symbol id="sm-15a6">
         <name>EthernetIntUnregister</name>
         <value>0x20a709</value>
         <object_component_ref idref="oc-349"/>
      </symbol>
      <symbol id="sm-15a7">
         <name>EthernetPacketGet</name>
         <value>0x20a64f</value>
         <object_component_ref idref="oc-349"/>
      </symbol>
      <symbol id="sm-15a8">
         <name>EthernetInitExpClk</name>
         <value>0x20a4a9</value>
         <object_component_ref idref="oc-349"/>
      </symbol>
      <symbol id="sm-15a9">
         <name>EthernetEnable</name>
         <value>0x20a557</value>
         <object_component_ref idref="oc-349"/>
      </symbol>
      <symbol id="sm-15aa">
         <name>EthernetSpaceAvail</name>
         <value>0x20a5a9</value>
         <object_component_ref idref="oc-349"/>
      </symbol>
      <symbol id="sm-15ab">
         <name>EthernetIntEnable</name>
         <value>0x20a719</value>
         <object_component_ref idref="oc-349"/>
      </symbol>
      <symbol id="sm-15ac">
         <name>EthernetMACAddrGet</name>
         <value>0x20a52d</value>
         <object_component_ref idref="oc-349"/>
      </symbol>
      <symbol id="sm-15ad">
         <name>EthernetIntRegister</name>
         <value>0x20a6f9</value>
         <object_component_ref idref="oc-349"/>
      </symbol>
      <symbol id="sm-15ae">
         <name>EthernetIntStatus</name>
         <value>0x20a72b</value>
         <object_component_ref idref="oc-349"/>
      </symbol>
      <symbol id="sm-15af">
         <name>EthernetPHYRead</name>
         <value>0x20a75b</value>
         <object_component_ref idref="oc-349"/>
      </symbol>
      <symbol id="sm-15b0">
         <name>EthernetPacketGetNonBlocking</name>
         <value>0x20a63f</value>
         <object_component_ref idref="oc-349"/>
      </symbol>
      <symbol id="sm-15b1">
         <name>EthernetConfigGet</name>
         <value>0x20a4e5</value>
         <object_component_ref idref="oc-349"/>
      </symbol>
      <symbol id="sm-15b2">
         <name>EthernetMACAddrSet</name>
         <value>0x20a4ff</value>
         <object_component_ref idref="oc-349"/>
      </symbol>
      <symbol id="sm-15b3">
         <name>EthernetPHYPowerOn</name>
         <value>0x20a797</value>
         <object_component_ref idref="oc-349"/>
      </symbol>
      <symbol id="sm-15b4">
         <name>EthernetDisable</name>
         <value>0x20a579</value>
         <object_component_ref idref="oc-349"/>
      </symbol>
      <symbol id="sm-15b5">
         <name>EthernetIntClear</name>
         <value>0x20a737</value>
         <object_component_ref idref="oc-349"/>
      </symbol>
      <symbol id="sm-15c5">
         <name>CPUbasepriGet</name>
         <value>0x20f181</value>
         <object_component_ref idref="oc-162"/>
      </symbol>
      <symbol id="sm-15c6">
         <name>CPUbasepriSet</name>
         <value>0x20f17b</value>
         <object_component_ref idref="oc-162"/>
      </symbol>
      <symbol id="sm-15c7">
         <name>CPUprimask</name>
         <value>0x20f161</value>
         <object_component_ref idref="oc-162"/>
      </symbol>
      <symbol id="sm-15c8">
         <name>CPUcpsie</name>
         <value>0x20f16b</value>
         <object_component_ref idref="oc-162"/>
      </symbol>
      <symbol id="sm-15c9">
         <name>CPUcpsid</name>
         <value>0x20f155</value>
         <object_component_ref idref="oc-162"/>
      </symbol>
      <symbol id="sm-15ca">
         <name>CPUwfi</name>
         <value>0x20f177</value>
         <object_component_ref idref="oc-162"/>
      </symbol>
      <symbol id="sm-15ec">
         <name>WatchdogIntClear</name>
         <value>0x20c9bd</value>
         <object_component_ref idref="oc-16c"/>
      </symbol>
      <symbol id="sm-15ed">
         <name>WatchdogUnlock</name>
         <value>0x20c967</value>
         <object_component_ref idref="oc-16c"/>
      </symbol>
      <symbol id="sm-15ee">
         <name>WatchdogRunning</name>
         <value>0x20c939</value>
         <object_component_ref idref="oc-16c"/>
      </symbol>
      <symbol id="sm-15ef">
         <name>WatchdogStallDisable</name>
         <value>0x20c9d1</value>
         <object_component_ref idref="oc-16c"/>
      </symbol>
      <symbol id="sm-15f0">
         <name>WatchdogStallEnable</name>
         <value>0x20c9c3</value>
         <object_component_ref idref="oc-16c"/>
      </symbol>
      <symbol id="sm-15f1">
         <name>WatchdogResetDisable</name>
         <value>0x20c955</value>
         <object_component_ref idref="oc-16c"/>
      </symbol>
      <symbol id="sm-15f2">
         <name>WatchdogReloadSet</name>
         <value>0x20c97d</value>
         <object_component_ref idref="oc-16c"/>
      </symbol>
      <symbol id="sm-15f3">
         <name>WatchdogLockState</name>
         <value>0x20c96f</value>
         <object_component_ref idref="oc-16c"/>
      </symbol>
      <symbol id="sm-15f4">
         <name>WatchdogResetEnable</name>
         <value>0x20c94b</value>
         <object_component_ref idref="oc-16c"/>
      </symbol>
      <symbol id="sm-15f5">
         <name>WatchdogEnable</name>
         <value>0x20c941</value>
         <object_component_ref idref="oc-16c"/>
      </symbol>
      <symbol id="sm-15f6">
         <name>WatchdogIntRegister</name>
         <value>0x20c989</value>
         <object_component_ref idref="oc-16c"/>
      </symbol>
      <symbol id="sm-15f7">
         <name>WatchdogReloadGet</name>
         <value>0x20c981</value>
         <object_component_ref idref="oc-16c"/>
      </symbol>
      <symbol id="sm-15f8">
         <name>WatchdogValueGet</name>
         <value>0x20c985</value>
         <object_component_ref idref="oc-16c"/>
      </symbol>
      <symbol id="sm-15f9">
         <name>WatchdogIntStatus</name>
         <value>0x20c9b3</value>
         <object_component_ref idref="oc-16c"/>
      </symbol>
      <symbol id="sm-15fa">
         <name>WatchdogIntEnable</name>
         <value>0x20c9a9</value>
         <object_component_ref idref="oc-16c"/>
      </symbol>
      <symbol id="sm-15fb">
         <name>WatchdogLock</name>
         <value>0x20c95f</value>
         <object_component_ref idref="oc-16c"/>
      </symbol>
      <symbol id="sm-15fc">
         <name>WatchdogIntUnregister</name>
         <value>0x20c999</value>
         <object_component_ref idref="oc-16c"/>
      </symbol>
      <symbol id="sm-1618">
         <name>_c_int00</name>
         <value>0x20ef81</value>
         <object_component_ref idref="oc-36"/>
      </symbol>
      <symbol id="sm-1619">
         <name>__stack</name>
         <value>0x200002b0</value>
         <object_component_ref idref="oc-42"/>
      </symbol>
      <symbol id="sm-1637">
         <name>__TI_decompress_lzss</name>
         <value>0x20e489</value>
         <object_component_ref idref="oc-24"/>
      </symbol>
      <symbol id="sm-164e">
         <name>__TI_decompress_none</name>
         <value>0x20fbcf</value>
         <object_component_ref idref="oc-2a"/>
      </symbol>
      <symbol id="sm-1660">
         <name>__TI_zero_init</name>
         <value>0x20fbe9</value>
         <object_component_ref idref="oc-30"/>
      </symbol>
      <symbol id="sm-1681">
         <name>C$$EXIT</name>
         <value>0x20eb0d</value>
         <object_component_ref idref="oc-9c"/>
      </symbol>
      <symbol id="sm-1682">
         <name>abort</name>
         <value>0x20eb11</value>
         <object_component_ref idref="oc-9c"/>
      </symbol>
      <symbol id="sm-1683">
         <name>exit</name>
         <value>0x20eb19</value>
         <object_component_ref idref="oc-9c"/>
      </symbol>
      <symbol id="sm-1684">
         <name>__TI_dtors_ptr</name>
         <value>0x20005ea8</value>
         <object_component_ref idref="oc-de"/>
      </symbol>
      <symbol id="sm-1685">
         <name>__TI_cleanup_ptr</name>
         <value>0x20005ea4</value>
         <object_component_ref idref="oc-de"/>
      </symbol>
      <symbol id="sm-1686">
         <name>__TI_enable_exit_profile_output</name>
         <value>0x20005eac</value>
         <object_component_ref idref="oc-de"/>
      </symbol>
      <symbol id="sm-1690">
         <name>__aeabi_fmul</name>
         <value>0x20ddcd</value>
         <object_component_ref idref="oc-5f4"/>
      </symbol>
      <symbol id="sm-169b">
         <name>__aeabi_f2uiz</name>
         <value>0x20f32d</value>
         <object_component_ref idref="oc-5f9"/>
      </symbol>
      <symbol id="sm-16a6">
         <name>__aeabi_i2f</name>
         <value>0x20f0e5</value>
         <object_component_ref idref="oc-7b9"/>
      </symbol>
      <symbol id="sm-16c2">
         <name>memcpy</name>
         <value>0x20cc5d</value>
         <object_component_ref idref="oc-6c"/>
      </symbol>
      <symbol id="sm-16c3">
         <name>__aeabi_memcpy</name>
         <value>0x20cc5d</value>
         <object_component_ref idref="oc-6c"/>
      </symbol>
      <symbol id="sm-16c4">
         <name>__aeabi_memcpy8</name>
         <value>0x20cc5d</value>
         <object_component_ref idref="oc-6c"/>
      </symbol>
      <symbol id="sm-16c5">
         <name>__aeabi_memcpy4</name>
         <value>0x20cc5d</value>
         <object_component_ref idref="oc-6c"/>
      </symbol>
      <symbol id="sm-16d4">
         <name>__aeabi_memset</name>
         <value>0x20de49</value>
         <object_component_ref idref="oc-78"/>
      </symbol>
      <symbol id="sm-16d5">
         <name>memset</name>
         <value>0x20de4f</value>
         <object_component_ref idref="oc-78"/>
      </symbol>
      <symbol id="sm-16d6">
         <name>__aeabi_memset8</name>
         <value>0x20de49</value>
         <object_component_ref idref="oc-78"/>
      </symbol>
      <symbol id="sm-16d7">
         <name>__aeabi_memset4</name>
         <value>0x20de49</value>
         <object_component_ref idref="oc-78"/>
      </symbol>
      <symbol id="sm-16d8">
         <name>__aeabi_memclr8</name>
         <value>0x20de47</value>
         <object_component_ref idref="oc-78"/>
      </symbol>
      <symbol id="sm-16d9">
         <name>__aeabi_memclr4</name>
         <value>0x20de47</value>
         <object_component_ref idref="oc-78"/>
      </symbol>
      <symbol id="sm-16da">
         <name>__aeabi_memclr</name>
         <value>0x20de47</value>
         <object_component_ref idref="oc-78"/>
      </symbol>
      <symbol id="sm-16e4">
         <name>__mpu_init</name>
         <value>0x20dfb3</value>
         <object_component_ref idref="oc-84"/>
      </symbol>
      <symbol id="sm-16ee">
         <name>_system_pre_init</name>
         <value>0x20fca7</value>
         <object_component_ref idref="oc-8a"/>
      </symbol>
      <symbol id="sm-16f8">
         <name>main_func_sp</name>
         <value>0x20005f7c</value>
         <object_component_ref idref="oc-a2"/>
      </symbol>
      <symbol id="sm-1704">
         <name>__aeabi_ui2f</name>
         <value>0x20f79d</value>
         <object_component_ref idref="oc-5ef"/>
      </symbol>
      <symbol id="sm-1756">
         <name>__vla_dealloc</name>
         <value>0x20ad75</value>
         <object_component_ref idref="oc-9f3"/>
      </symbol>
      <symbol id="sm-1757">
         <name>__vla_dealloc_eh</name>
         <value>0x20ade7</value>
         <object_component_ref idref="oc-9f3"/>
      </symbol>
      <symbol id="sm-1758">
         <name>__vla_alloc</name>
         <value>0x20ae67</value>
         <object_component_ref idref="oc-9f3"/>
      </symbol>
      <symbol id="sm-1771">
         <name>_nop</name>
         <value>0x20fa7b</value>
         <object_component_ref idref="oc-14a"/>
      </symbol>
      <symbol id="sm-1772">
         <name>_lock</name>
         <value>0x20005ec8</value>
         <object_component_ref idref="oc-e1"/>
      </symbol>
      <symbol id="sm-1773">
         <name>_unlock</name>
         <value>0x20005ecc</value>
         <object_component_ref idref="oc-e1"/>
      </symbol>
      <symbol id="sm-1774">
         <name>_register_lock</name>
         <value>0x20fa73</value>
         <object_component_ref idref="oc-14a"/>
      </symbol>
      <symbol id="sm-1775">
         <name>_register_unlock</name>
         <value>0x20fa6d</value>
         <object_component_ref idref="oc-14a"/>
      </symbol>
      <symbol id="sm-178a">
         <name>_args_main</name>
         <value>0x20f9e5</value>
         <object_component_ref idref="oc-96"/>
      </symbol>
      <symbol id="sm-17b5">
         <name>__TI_auto_init</name>
         <value>0x20e271</value>
         <object_component_ref idref="oc-90"/>
      </symbol>
      <symbol id="sm-17cf">
         <name>copy_in</name>
         <value>0x20edd9</value>
         <object_component_ref idref="oc-c8"/>
      </symbol>
      <symbol id="sm-17db">
         <name>__abort_execution</name>
         <value>0x20fca3</value>
         <object_component_ref idref="oc-a31"/>
      </symbol>
      <symbol id="sm-17ec">
         <name>__aeabi_f2iz</name>
         <value>0x20f0ad</value>
         <object_component_ref idref="oc-79a"/>
      </symbol>
      <symbol id="sm-1865">
         <name>_sys_memory</name>
         <value>0x200003b0</value>
         <object_component_ref idref="oc-43"/>
      </symbol>
      <symbol id="sm-1866">
         <name>free</name>
         <value>0x209b3f</value>
         <object_component_ref idref="oc-a2b"/>
      </symbol>
      <symbol id="sm-1867">
         <name>realloc</name>
         <value>0x209c01</value>
         <object_component_ref idref="oc-a2b"/>
      </symbol>
      <symbol id="sm-1868">
         <name>memalign</name>
         <value>0x209d09</value>
         <object_component_ref idref="oc-a2b"/>
      </symbol>
      <symbol id="sm-1869">
         <name>calloc</name>
         <value>0x209df3</value>
         <object_component_ref idref="oc-a2b"/>
      </symbol>
      <symbol id="sm-186a">
         <name>malloc</name>
         <value>0x209ad5</value>
         <object_component_ref idref="oc-a2b"/>
      </symbol>
      <symbol id="sm-186b">
         <name>minit</name>
         <value>0x209a55</value>
         <object_component_ref idref="oc-a2b"/>
      </symbol>
      <symbol id="sm-1877">
         <name>_system_post_cinit</name>
         <value>0x20e627</value>
         <object_component_ref idref="oc-ce"/>
      </symbol>
      <symbol id="sm-1896">
         <name>__TI_static_base__</name>
         <value>0x20fe88</value>
      </symbol>
      <symbol id="sm-189c">
         <name>SHT$$INIT_ARRAY$$Limit</name>
         <value>0x0</value>
      </symbol>
      <symbol id="sm-189d">
         <name>SHT$$INIT_ARRAY$$Base</name>
         <value>0x0</value>
      </symbol>
      <symbol id="sm-189e">
         <name>SysCtlSleep</name>
         <value>0x20f177</value>
      </symbol>
      <symbol id="sm-189f">
         <name>IntPriorityMaskSet</name>
         <value>0x20f17b</value>
      </symbol>
      <symbol id="sm-18a0">
         <name>IntPriorityMaskGet</name>
         <value>0x20f181</value>
      </symbol>
   </symbol_table>
   <title>Link successful</title>
</link_info>
