******************************************************************************
                  TI ARM Linker Unix v16.9.4                   
******************************************************************************
>> Linked Wed Dec  6 17:07:12 2017

OUTPUT FILE NAME:   <M3_V2.0.out>
ENTRY POINT SYMBOL: "_c_int00"  address: 0020ef7d


MEMORY CONFIGURATION

         name            origin    length      used     unused   attr    fill
----------------------  --------  ---------  --------  --------  ----  --------
  CSM_RSVD_Z2           0002ffe0   000001dc  00000000  000001dc  RWIX
  CSM_ECSL_Z1           00200000   00000024  00000000  00000024  RWIX
  CSM_RSVD_Z1           00200024   0000000c  00000000  0000000c  RWIX
  RESETISR              00200030   00000008  00000006  00000002  R  X
  INTVECS               00201000   00000258  00000258  00000000  R  X
  FLASHLOAD             00201258   00006da8  000002b0  00006af8  R  X
  FLASH                 00208000   000f7e00  000080ec  000efd14  R  X
  CSM_ECSL_Z2           002fffdc   00000024  00000000  00000024  RWIX
  OTPSECLOCK            00681000   00000004  00000000  00000004  RWIX
  OTP_Reserved1         00681004   00000004  00000000  00000004  RWIX
  OTP_Reserved2         00681008   00000004  00000000  00000004  RWIX
  OTP_Z2_FLASH_START_AD 0068100c   00000004  00000000  00000004  RWIX
  OTP_EMACID            00681010   00000008  00000000  00000008  RWIX
  OTP_Reserved3         00681018   00000004  00000000  00000004  RWIX
  CUSTOMER_OTP_MAIN_OSC 0068101c   00000004  00000000  00000004  RWIX
  OTP_Reserved4         00681020   00000004  00000000  00000004  RWIX
  OTP_BOOT_MODE_GPIO_CO 00681024   00000004  00000000  00000004  RWIX
  OTP_Reserved5         00681028   00000004  00000000  00000004  RWIX
  OTP_ENTRY_POINT       0068102c   00000004  00000000  00000004  RWIX
  OTP_Reserved6         00681030   00000010  00000000  00000010  RWIX
  C0                    20000000   00002000  00000610  000019f0  RW X
  C1                    20002000   00002000  00000000  00002000  RW X
  BOOT_RSVD             20004000   00000ff8  00000000  00000ff8  R  X
  C2                    200051b0   00000e50  00000ddb  00000075  RW X
  C3                    20006000   00002000  00000000  00002000  RW X
  S0                    20008000   00002000  00000c38  000013c8  RW X
  S1                    2000a000   00002000  00000c38  000013c8  RW X
  S2                    2000c000   00002000  00000000  00002000  RW X
  S3                    2000e000   00002000  00000000  00002000  RW X
  S45                   20010000   00004000  00004000  00000000  RW X
  S67                   20014000   00004000  00004000  00000000  RW X
  C0408                 20018000   0000a000  0000706a  00002f96  RW X
  C0913                 20022000   0000a000  0000839c  00001c64  RW X
  C1415                 2002c000   00004000  00000000  00004000  RW X
  CTOMRAM               2007f000   00000800  00000000  00000800  R  X
  MTOCRAM               2007f800   00000800  00000278  00000588  RW X


SEGMENT ALLOCATION MAP

run origin  load origin   length   init length attrs members
----------  ----------- ---------- ----------- ----- -------
00200030    00200030    00000006   00000006    r-x
  00200030    00200030    00000006   00000006    r-x .resetisr
00201000    00201000    00000258   00000258    r--
  00201000    00201000    00000258   00000258    r-- .intvecs
00208000    00208000    000080f0   000080f0    r-x
  00208000    00208000    00007cb8   00007cb8    r-x .text
  0020fcb8    0020fcb8    000001c4   000001c4    r-- .const
  0020fe80    0020fe80    00000208   00000208    r-- .cinit
  00210088    00210088    00000068   00000068    r-- .TI.crctab
20000000    00201258    000002b0   000002b0    r-x
  20000000    00201258    000002b0   000002b0    r-x ramfuncs
200002b0    200002b0    00000108   00000000    rw-
  200002b0    200002b0    00000100   00000000    rw- .stack
  200003b0    200003b0    00000008   00000000    rw- .sysmem
20000400    20000400    00000258   00000000    rw-
  20000400    20000400    00000258   00000000    rw- .vtable
200051b0    200051b0    00000ddb   00000000    rw-
  200051b0    200051b0    00000ddb   00000000    rw- .data
20008000    20008000    00000c38   00000000    rw-
  20008000    20008000    00000c38   00000000    rw- SHARERAMS0
2000a000    2000a000    00000c38   00000000    rw-
  2000a000    2000a000    00000c38   00000000    rw- SHARERAMS1
20010000    20010000    0000f06a   00000000    rw-
  20010000    20010000    00004000   00000000    rw- SHARERAMS45
  20014000    20014000    00004000   00000000    rw- SHARERAMS67
  20018000    20018000    0000706a   00000000    rw- .bss
20022000    20022000    0000839c   00000000    rw-
  20022000    20022000    0000839c   00000000    rw- SERIALBUFFER
2007f800    2007f800    00000278   00000000    rw-
  2007f800    2007f800    00000278   00000000    rw- MTOC_MSG_RAM


SECTION ALLOCATION MAP

 output                                  attributes/
section   page    origin      length       input sections
--------  ----  ----------  ----------   ----------------
.resetisr 
*          0    00200030    00000006     
                  00200030    00000006     startup_ccs.obj (.resetisr:ResetISR)

.intvecs   0    00201000    00000258     
                  00201000    00000258     startup_ccs.obj (.intvecs)

.text      0    00208000    00007cb8     
                  00208000    0000096c     driverlib.lib : sysctl.obj (.text)
                  0020896c    00000728     md5.obj (.text:MD5Transform)
                  00209094    00000578     driverlib.lib : ipc_lite.obj (.text)
                  0020960c    00000448                   : gpio.obj (.text)
                  00209a54    000003cc     rtsv7M3_T_le_eabi.lib : memory.obj (.text)
                  00209e20    00000350     bsmp_lib.obj (.text:bsmp_init)
                  0020a170    00000334     hardware_def.obj (.text:port_control_setup)
                  0020a4a4    00000310     driverlib.lib : ethernet.obj (.text)
                  0020a7b4    000002ec                   : udma.obj (.text)
                  0020aaa0    000002d0                   : interrupt.obj (.text)
                  0020ad70    00000248     rtsv7M3_T_le_eabi.lib : vla_alloc.obj (.text)
                  0020afb8    0000022c     driverlib.lib : timer.obj (.text)
                  0020b1e4    000001fc     ethernet_uip.obj (.text:ethernet_init)
                  0020b3e0    000001bc     flash_mem.obj (.text:flash_mem_read_serial_number)
                  0020b59c    000001ac     driverlib.lib : ipc_util.obj (.text)
                  0020b748    00000190     eeprom.obj (.text:eeprom_write_rs485_add)
                  0020b8d8    00000170     driverlib.lib : i2c.obj (.text)
                  0020ba48    00000148     fbp_system.obj (.text:bsmp_init_server)
                  0020bb90    00000138     bsmp_lib.obj (.text:buffer_read_block)
                  0020bcc8    00000124     driverlib.lib : ssi.obj (.text)
                  0020bdec    00000110     system_task.obj (.text:TaskCheck)
                  0020befc    00000108     driverlib.lib : ram.obj (.text)
                  0020c004    000000f0     hardware_def.obj (.text:pin_core_setup)
                  0020c0f4    000000d0     bsmp_lib.obj (.text:SetSlowRefFBP)
                  0020c1c4    000000cc     adcp.obj (.text:adc_channel)
                  0020c290    000000cc     server_priv.obj (.text:curve_recalc_csum)
                  0020c35c    000000c8     hardware_def.obj (.text:pinout_setup)
                  0020c424    000000c8     server_priv.obj (.text:var_write_read)
                  0020c4ec    000000c0     bsmp_lib.obj (.text:SetSlowRef)
                  0020c5ac    000000be     server_priv.obj (.text:group_write)
                  0020c66a    00000002     startup_ccs.obj (.text:FaultISR)
                  0020c66c    000000b8     bsmp_lib.obj (.text:curve_write_block)
                  0020c724    000000b8     server_priv.obj (.text:group_bin_op)
                  0020c7dc    000000ac     system_task.obj (.text:TaskSetNew)
                  0020c888    000000ac     adcp.obj (.text:adcp_init)
                  0020c934    000000ac     driverlib.lib : watchdog.obj (.text)
                  0020c9e0    000000a0     i2c_onboard.obj (.text:read_i2c)
                  0020ca80    000000a0     i2c_offboard_isolated.obj (.text:read_i2c_offboard_isolated)
                  0020cb20    0000009c     fbp_system.obj (.text:adcp_channel_config)
                  0020cbbc    0000009c     ethernet_uip.obj (.text:eth_load_param)
                  0020cc58    0000009c     rtsv7M3_T_le_eabi.lib : memcpy_t2.obj (.text)
                  0020ccf4    00000098     sdram_mem.obj (.text:sdram_read_write)
                  0020cd8c    00000096     server_priv.obj (.text:group_read)
                  0020ce22    00000002     startup_ccs.obj (.text:IntDefaultHandler)
                  0020ce24    00000094     bsmp_lib.obj (.text:OpMode)
                  0020ceb8    00000094     server.obj (.text:bsmp_process_packet)
                  0020cf4c    00000094     hardware_def.obj (.text:enable_peripherals)
                  0020cfe0    0000008c     bsmp_lib.obj (.text:ClosedLoop)
                  0020d06c    0000008c     bsmp_lib.obj (.text:TurnOn)
                  0020d0f8    00000088     bsmp_lib.obj (.text:OpenLoop)
                  0020d180    00000088     bsmp_lib.obj (.text:TurnOff)
                  0020d208    00000088     fbp_system.obj (.text:ipc_init_parameters)
                  0020d290    00000088     rtc.obj (.text:rtc_read_data_hour)
                  0020d318    00000084     eeprom.obj (.text:eeprom_write_Kp1)
                  0020d39c    00000084     eeprom.obj (.text:eeprom_write_kd1)
                  0020d420    00000084     eeprom.obj (.text:eeprom_write_kd2)
                  0020d4a4    00000084     eeprom.obj (.text:eeprom_write_kd3)
                  0020d528    00000084     eeprom.obj (.text:eeprom_write_kd4)
                  0020d5ac    00000084     eeprom.obj (.text:eeprom_write_ki1)
                  0020d630    00000084     eeprom.obj (.text:eeprom_write_ki2)
                  0020d6b4    00000084     eeprom.obj (.text:eeprom_write_ki3)
                  0020d738    00000084     eeprom.obj (.text:eeprom_write_ki4)
                  0020d7bc    00000084     eeprom.obj (.text:eeprom_write_kp2)
                  0020d840    00000084     eeprom.obj (.text:eeprom_write_kp3)
                  0020d8c4    00000084     eeprom.obj (.text:eeprom_write_kp4)
                  0020d948    00000084     server_priv.obj (.text:group_create)
                  0020d9cc    00000084     rs485.obj (.text:init_rs485)
                  0020da50    00000084     ethernet_uip.obj (.text:isr_ethernet)
                  0020dad4    00000080     main.obj (.text:main)
                  0020db54    00000080     rs485_bkp.obj (.text:rs485_bkp_tx_handler)
                  0020dbd4    0000007e     md5.obj (.text:MD5Update)
                  0020dc52    00000002     startup_ccs.obj (.text:NmiSR)
                  0020dc54    0000007c     eeprom.obj (.text:eeprom_write_ip)
                  0020dcd0    0000007c     eeprom.obj (.text:eeprom_write_ip_mask)
                  0020dd4c    0000007c     eeprom.obj (.text:eeprom_write_rs485_baudrate)
                  0020ddc8    0000007a     rtsv7M3_T_le_eabi.lib : fs_mul_t2.obj (.text)
                  0020de42    0000007a                           : memset_t2.obj (.text)
                  0020debc    0000007a     server_priv.obj (.text:var_write)
                  0020df36    00000078     server_priv.obj (.text:curve_block_request)
                  0020dfae    00000002     rtsv7M3_T_le_eabi.lib : mpu_init.obj (.text)
                  0020dfb0    00000078     driverlib.lib : systick.obj (.text)
                  0020e028    00000074     bsmp_lib.obj (.text:ResetInterlocks)
                  0020e09c    00000074     server_priv.obj (.text:curve_block)
                  0020e110    00000074     rs485_bkp.obj (.text:isr_rs485_bkp)
                  0020e184    00000074     rs485.obj (.text:rs485_tx_handler)
                  0020e1f8    00000074     server_priv.obj (.text:var_bin_op)
                  0020e26c    00000070     rtsv7M3_T_le_eabi.lib : autoinit.obj (.text)
                  0020e2dc    0000006c     bsmp_lib.obj (.text:EnableSamplesBuffer)
                  0020e348    0000006c     eeprom.obj (.text:eeprom_write_ps_model)
                  0020e3b4    00000068     bsmp_lib.obj (.text:DisableSamplesBuffer)
                  0020e41c    00000068     bsmp_lib.obj (.text:curve_read_block)
                  0020e484    00000068     rtsv7M3_T_le_eabi.lib : copy_decompress_lzss.obj (.text:decompress:lzss)
                  0020e4ec    00000068     server_priv.obj (.text:func_execute)
                  0020e554    00000068     timer.obj (.text:isr_global_timer)
                  0020e5bc    00000066     server.obj (.text:bsmp_register_variable)
                  0020e622    00000002     rtsv7M3_T_le_eabi.lib : startup.obj (.text)
                  0020e624    00000064     system.obj (.text:test_eeprom_memory)
                  0020e688    0000005e     server_priv.obj (.text:var_read)
                  0020e6e6    00000002     --HOLE-- [fill = 0]
                  0020e6e8    0000005c     bsmp_lib.obj (.text:SyncPulse)
                  0020e744    0000005c     exio.obj (.text:extern_io_init)
                  0020e7a0    0000005c     usb_to_serial.obj (.text:isr_usb_to_serial)
                  0020e7fc    0000005c     i2c_onboard.obj (.text:write_i2c)
                  0020e858    0000005c     i2c_offboard_isolated.obj (.text:write_i2c_offboard_isolated)
                  0020e8b4    00000058     server_priv.obj (.text:curve_query_list)
                  0020e90c    00000058     uip.obj (.text:uip_init)
                  0020e964    00000054     usb_to_serial.obj (.text:init_usb_to_serial)
                  0020e9b8    00000054     temp_low_power_module.obj (.text:power_supply_1_temp_read)
                  0020ea0c    00000054     temp_low_power_module.obj (.text:power_supply_2_temp_read)
                  0020ea60    00000054     temp_low_power_module.obj (.text:power_supply_3_temp_read)
                  0020eab4    00000054     temp_low_power_module.obj (.text:power_supply_4_temp_read)
                  0020eb08    00000054     rtsv7M3_T_le_eabi.lib : exit.obj (.text)
                  0020eb5c    00000050     md5.obj (.text:MD5Final)
                  0020ebac    00000050     timer.obj (.text:global_timer_init)
                  0020ebfc    00000050     server_priv.obj (.text:group_query_list)
                  0020ec4c    00000050     rs485_bkp.obj (.text:init_rs485_bkp)
                  0020ec9c    0000004e     server.obj (.text:bsmp_register_curve)
                  0020ecea    0000004e     server.obj (.text:bsmp_register_function)
                  0020ed38    0000004e     server_priv.obj (.text:group_query)
                  0020ed86    00000002     --HOLE-- [fill = 0]
                  0020ed88    0000004c     adcp.obj (.text:isr_adcp)
                  0020edd4    0000004c     rtsv7M3_T_le_eabi.lib : cpy_tbl.obj (.text)
                  0020ee20    00000048     eeprom.obj (.text:eeprom_write_request_check)
                  0020ee68    00000048     server_priv.obj (.text:var_query_list)
                  0020eeb0    00000046     rs485_bkp.obj (.text:UARTConfigSetExpClk)
                  0020eef6    00000044     server_priv.obj (.text:curve_query_csum)
                  0020ef3a    00000002     --HOLE-- [fill = 0]
                  0020ef3c    00000040     adcp.obj (.text:adcp_get_samples)
                  0020ef7c    00000040     rtsv7M3_T_le_eabi.lib : boot.obj (.text)
                  0020efbc    0000003c     server.obj (.text:bsmp_server_init)
                  0020eff8    0000003c     eeprom.obj (.text:eeprom_read_rs485_add)
                  0020f034    0000003c     server_priv.obj (.text:func_query_list)
                  0020f070    00000038     flash_mem.obj (.text:flash_mem_init)
                  0020f0a8    00000038     rtsv7M3_T_le_eabi.lib : fs_toi_t2.obj (.text)
                  0020f0e0    00000038                           : i_tofs_t2.obj (.text)
                  0020f118    00000038     system.obj (.text:system_init)
                  0020f150    00000036     driverlib.lib : cpu.obj (.text)
                  0020f186    00000002     --HOLE-- [fill = 0]
                  0020f188    00000034     eeprom.obj (.text:eeprom_read_ip)
                  0020f1bc    00000034     eeprom.obj (.text:eeprom_read_ip_mask)
                  0020f1f0    00000034     temp_low_power_module.obj (.text:power_supply_1_temp_init)
                  0020f224    00000034     temp_low_power_module.obj (.text:power_supply_2_temp_init)
                  0020f258    00000034     temp_low_power_module.obj (.text:power_supply_3_temp_init)
                  0020f28c    00000034     temp_low_power_module.obj (.text:power_supply_4_temp_init)
                  0020f2c0    00000034     rtc.obj (.text:rtc_check_of)
                  0020f2f4    00000034     rtc.obj (.text:rtc_clear_ht)
                  0020f328    00000034     rtsv7M3_T_le_eabi.lib : fs_tou_t2.obj (.text)
                  0020f35c    00000030     adcp.obj (.text:adcp_config)
                  0020f38c    0000002e     md5.obj (.text:Decode)
                  0020f3ba    0000002e     server_priv.obj (.text:group_to_mod_list)
                  0020f3e8    0000002c     md5.obj (.text:Encode)
                  0020f414    0000002c     adcp.obj (.text:adcp_rx_isr_enable)
                  0020f440    0000002c     exio.obj (.text:buffers_ctrl)
                  0020f46c    0000002c     rs485.obj (.text:config_rs485)
                  0020f498    0000002c     exio.obj (.text:dcdc_pwr_ctrl)
                  0020f4c4    0000002c     exio.obj (.text:display_pwr_ctrl)
                  0020f4f0    0000002c     exio.obj (.text:led_itlk_ctrl)
                  0020f51c    0000002c     exio.obj (.text:led_sts_ctrl)
                  0020f548    0000002c     server_priv.obj (.text:query_version)
                  0020f574    0000002c     exio.obj (.text:rs485_term_ctrl)
                  0020f5a0    0000002c     rtc.obj (.text:rtc_stop_clock)
                  0020f5cc    0000002c     exio.obj (.text:sound_sel_ctrl)
                  0020f5f8    0000002c     uip.obj (.text:uip_listen)
                  0020f624    00000028     md5.obj (.text:MD5Init)
                  0020f64c    00000028     server_priv.obj (.text:curve_check)
                  0020f674    00000028     ethernet_uip.obj (.text:isr_systick)
                  0020f69c    00000024     adcp.obj (.text:adcp_read)
                  0020f6c0    00000024     fbp_main.obj (.text:fbp_main)
                  0020f6e4    00000024     server_priv.obj (.text:group_add_var)
                  0020f708    00000024     control.obj (.text:init_control_framework)
                  0020f72c    00000024     external_devices.obj (.text:init_i2c_offboard_external_devices)
                  0020f750    00000024     i2c_offboard_isolated.obj (.text:init_i2c_offboard_isolated)
                  0020f774    00000024     i2c_onboard.obj (.text:init_i2c_onboard)
                  0020f798    00000024     rtsv7M3_T_le_eabi.lib : u_tofs_t2.obj (.text)
                  0020f7bc    00000020     rs485_bkp.obj (.text:UARTDisable)
                  0020f7dc    00000020     rtc.obj (.text:rtc_status_of)
                  0020f7fc    00000020     ipc_lib.obj (.text:send_ipc_lowpriority_msg)
                  0020f81c    0000001e     server_priv.obj (.text:func_check)
                  0020f83a    00000002     --HOLE-- [fill = 0]
                  0020f83c    0000001c     bsmp_lib.obj (.text:BSMPprocess)
                  0020f858    0000001c     fbp_system.obj (.text:fbp_system_config)
                  0020f874    0000001c     ipc_lib.obj (.text:ipc_mtoc_translate)
                  0020f890    0000001c     rs485.obj (.text:set_rs485_ch_0_address)
                  0020f8ac    0000001c     rs485.obj (.text:set_rs485_ch_1_address)
                  0020f8c8    0000001c     rs485.obj (.text:set_rs485_ch_2_address)
                  0020f8e4    0000001c     rs485.obj (.text:set_rs485_ch_3_address)
                  0020f900    0000001a     server_priv.obj (.text:group_init)
                  0020f91a    0000001a     server_priv.obj (.text:group_remove_all)
                  0020f934    0000001a     system.obj (.text:system_config)
                  0020f94e    00000002     --HOLE-- [fill = 0]
                  0020f950    00000018     adcp.obj (.text:adcp_clean_rx_buffer)
                  0020f968    00000018     bsmp.obj (.text:binops_and)
                  0020f980    00000018     bsmp.obj (.text:binops_clear)
                  0020f998    00000018     bsmp.obj (.text:binops_or)
                  0020f9b0    00000018     bsmp.obj (.text:binops_xor)
                  0020f9c8    00000018     ipc_lib.obj (.text:ipc_ctom_translate)
                  0020f9e0    00000018     rtsv7M3_T_le_eabi.lib : args_main.obj (.text)
                  0020f9f8    00000018     ipc_lib.obj (.text:send_ipc_msg)
                  0020fa10    00000018     bsmp_lib.obj (.text:set_bsmp_var_pointer)
                  0020fa28    00000018     server_priv.obj (.text:var_check)
                  0020fa40    00000014     rs485_bkp.obj (.text:UARTEnable)
                  0020fa54    00000014     ipc_lib.obj (.text:ipc_mtoc_busy)
                  0020fa68    00000014     rtsv7M3_T_le_eabi.lib : _lock.obj (.text)
                  0020fa7c    00000014     eeprom.obj (.text:save_ip_address)
                  0020fa90    00000014     eeprom.obj (.text:save_ip_mask)
                  0020faa4    00000014     eeprom.obj (.text:save_kd1_gain)
                  0020fab8    00000014     eeprom.obj (.text:save_ki1_gain)
                  0020facc    00000014     eeprom.obj (.text:save_kp1_gain)
                  0020fae0    00000014     eeprom.obj (.text:save_ps_model)
                  0020faf4    00000014     eeprom.obj (.text:save_rs485_baud)
                  0020fb08    00000014     eeprom.obj (.text:save_rs485_ch_0_add)
                  0020fb1c    00000014     eeprom.obj (.text:save_rs485_ch_1_add)
                  0020fb30    00000014     eeprom.obj (.text:save_rs485_ch_2_add)
                  0020fb44    00000014     eeprom.obj (.text:save_rs485_ch_3_add)
                  0020fb58    00000012     bsmp_lib.obj (.text:ConfigPSModel)
                  0020fb6a    00000012     bsmp_lib.obj (.text:SetRSAddress)
                  0020fb7c    00000012     bsmp_lib.obj (.text:SetRSTermination)
                  0020fb8e    00000002     --HOLE-- [fill = 0]
                  0020fb90    00000010     ipc_lib.obj (.text:ipc_init)
                  0020fba0    0000000e     rs485_bkp.obj (.text:UARTCharPutNonBlocking)
                  0020fbae    0000000e     rs485_bkp.obj (.text:UARTCharsAvail)
                  0020fbbc    0000000e     rs485_bkp.obj (.text:UARTSpaceAvail)
                  0020fbca    0000000e     rtsv7M3_T_le_eabi.lib : copy_decompress_none.obj (.text:decompress:none)
                  0020fbd8    0000000c     rs485_bkp.obj (.text:UARTTxIntModeSet)
                  0020fbe4    0000000c     rtsv7M3_T_le_eabi.lib : copy_zero_init.obj (.text:decompress:ZI)
                  0020fbf0    0000000c     flash_mem.obj (.text:flash_device_id_read)
                  0020fbfc    0000000c     httpd.obj (.text:httpd_clear_command)
                  0020fc08    0000000c     bsmp_lib.obj (.text:init_bsmp_var)
                  0020fc14    0000000c     rtc.obj (.text:rtc_init)
                  0020fc20    0000000a     rs485_bkp.obj (.text:UARTCharGet)
                  0020fc2a    0000000a     rs485_bkp.obj (.text:UARTCharPut)
                  0020fc34    0000000a     rs485_bkp.obj (.text:UARTFIFOEnable)
                  0020fc3e    0000000a     rs485_bkp.obj (.text:UARTIntStatus)
                  0020fc48    00000008     rs485_bkp.obj (.text:UARTBusy)
                  0020fc50    00000008     rs485_bkp.obj (.text:UARTIntEnable)
                  0020fc58    00000008     rs485_bkp.obj (.text:UARTRxErrorGet)
                  0020fc60    00000008     httpd.obj (.text:httpd_init)
                  0020fc68    00000008     ipc_lib.obj (.text:low_priority_msg_to_reg)
                  0020fc70    00000006     bsmp_lib.obj (.text:DummyFunc1)
                  0020fc76    00000006     bsmp_lib.obj (.text:DummyFunc2)
                  0020fc7c    00000006     bsmp_lib.obj (.text:DummyFunc3)
                  0020fc82    00000006     bsmp_lib.obj (.text:DummyFunc4)
                  0020fc88    00000006     driverlib.lib : sysctl.obj (.text:SysCtlDelay)
                  0020fc8e    00000006     rs485_bkp.obj (.text:UARTFIFOLevelSet)
                  0020fc94    00000006     rs485_bkp.obj (.text:UARTRxErrorClear)
                  0020fc9a    00000004     rs485_bkp.obj (.text:UARTIntClear)
                  0020fc9e    00000004     rtsv7M3_T_le_eabi.lib : error.obj (.text)
                  0020fca2    00000004                           : pre_init.obj (.text)
                  0020fca6    00000002     --HOLE-- [fill = 0]
                  0020fca8    00000008     driverlib.lib : flash.obj (.tramp.FlashInit.1)
                  0020fcb0    00000008     rs485.obj (.tramp.rs485_process_data.1)

.const     0    0020fcb8    000001c4     
                  0020fcb8    00000088     driverlib.lib : gpio.obj (.const:g_pulGPIOBaseAddrs)
                  0020fd40    00000070                   : interrupt.obj (.const:g_pulRegs)
                  0020fdb0    00000064                   : sysctl.obj (.const)
                  0020fe14    00000026     bsmp_lib.obj (.const:.string)
                  0020fe3a    00000002     --HOLE-- [fill = 0]
                  0020fe3c    00000020     driverlib.lib : interrupt.obj (.const)
                  0020fe5c    00000020                   : ssi.obj (.const)

.cinit     0    0020fe80    00000208     
                  0020fe80    0000016d     (.cinit..data.load) [load image, compression = lzss]
                  0020ffed    0000000d     (.cinit.SERIALBUFFER.load) [load image, compression = lzss]
                  0020fffa    00000002     --HOLE-- [fill = 0]
                  0020fffc    0000000c     (__TI_handler_table)
                  00210008    00000008     (.cinit..bss.load) [load image, compression = zero_init]
                  00210010    00000008     (.cinit..vtable.load) [load image, compression = zero_init]
                  00210018    00000008     (.cinit.MTOC_MSG_RAM.load) [load image, compression = zero_init]
                  00210020    00000008     (.cinit.SHARERAMS0.load) [load image, compression = zero_init]
                  00210028    00000008     (.cinit.SHARERAMS1.load) [load image, compression = zero_init]
                  00210030    00000008     (.cinit.SHARERAMS45.load) [load image, compression = zero_init]
                  00210038    00000008     (.cinit.SHARERAMS67.load) [load image, compression = zero_init]
                  00210040    00000048     (__TI_cinit_table)

.TI.crctab 
*          0    00210088    00000068     
                  00210088    00000068     (.TI.crctab:AppCrc)

.stack     0    200002b0    00000100     UNINITIALIZED
                  200002b0    00000100     --HOLE--

.sysmem    0    200003b0    00000008     UNINITIALIZED
                  200003b0    00000008     rtsv7M3_T_le_eabi.lib : memory.obj (.sysmem)

.vtable    0    20000400    00000258     UNINITIALIZED
                  20000400    00000258     driverlib.lib : interrupt.obj (.vtable)

.data      0    200051b0    00000ddb     UNINITIALIZED
                  200051b0    00000400     bsmp.obj (.data:bin_op)
                  200055b0    00000400     server.obj (.data:command)
                  200059b0    00000106     rs485_bkp.obj (.data:recv_buffer)
                  20005ab6    00000106     rs485_bkp.obj (.data:send_buffer)
                  20005bbc    00000083     eeprom.obj (.data)
                  20005c3f    00000040     md5.obj (.data:PADDING)
                  20005c7f    00000001     --HOLE--
                  20005c80    00000028     bsmp_lib.obj (.data:samples_buffer)
                  20005ca8    00000028     bsmp_lib.obj (.data:sigGen_SweepAmp)
                  20005cd0    00000028     bsmp_lib.obj (.data:wfm_curve)
                  20005cf8    00000016     ethernet_uip.obj (.data)
                  20005d0e    00000012     adcp.obj (.data:ADCP_RxTable)
                  20005d20    00000012     adcp.obj (.data:ADCP_TxTable)
                  20005d32    00000002     bsmp_lib.obj (.data)
                  20005d34    00000010     bsmp_lib.obj (.data:iMod2)
                  20005d44    00000010     bsmp_lib.obj (.data:iMod3)
                  20005d54    00000010     bsmp_lib.obj (.data:iMod4)
                  20005d64    00000010     bsmp_lib.obj (.data:iRef)
                  20005d74    00000010     bsmp_lib.obj (.data:ps_OpenLoop)
                  20005d84    00000010     bsmp_lib.obj (.data:ps_onoff)
                  20005d94    00000010     bsmp_lib.obj (.data:ps_opmode)
                  20005da4    00000010     bsmp_lib.obj (.data:ps_remote)
                  20005db4    00000010     bsmp_lib.obj (.data:temp1)
                  20005dc4    00000010     bsmp_lib.obj (.data:temp2)
                  20005dd4    00000010     bsmp_lib.obj (.data:temp3)
                  20005de4    00000010     bsmp_lib.obj (.data:temp4)
                  20005df4    00000010     bsmp_lib.obj (.data:vDCMod1)
                  20005e04    00000010     bsmp_lib.obj (.data:vDCMod2)
                  20005e14    00000010     bsmp_lib.obj (.data:vDCMod3)
                  20005e24    00000010     bsmp_lib.obj (.data:vDCMod4)
                  20005e34    00000010     bsmp_lib.obj (.data:vLoad)
                  20005e44    00000010     bsmp_lib.obj (.data:vOutMod1)
                  20005e54    00000010     bsmp_lib.obj (.data:vOutMod2)
                  20005e64    00000010     bsmp_lib.obj (.data:vOutMod3)
                  20005e74    00000010     bsmp_lib.obj (.data:vOutMod4)
                  20005e84    00000010     bsmp_lib.obj (.data:wfmRef_Gain)
                  20005e94    0000000d     system_task.obj (.data)
                  20005ea1    00000002     exio.obj (.data)
                  20005ea3    00000001     --HOLE--
                  20005ea4    0000000c     rtsv7M3_T_le_eabi.lib : exit.obj (.data:$O1$$)
                  20005eb0    0000000c                           : memory.obj (.data:$O1$$)
                  20005ebc    0000000c     rs485_bkp.obj (.data)
                  20005ec8    00000008     rtsv7M3_T_le_eabi.lib : _lock.obj (.data:$O1$$)
                  20005ed0    00000008     bsmp_lib.obj (.data:closedloop_func)
                  20005ed8    00000008     bsmp_lib.obj (.data:disable_samplesBuffer)
                  20005ee0    00000008     bsmp_lib.obj (.data:dummy_func1)
                  20005ee8    00000008     bsmp_lib.obj (.data:dummy_func2)
                  20005ef0    00000008     bsmp_lib.obj (.data:dummy_func3)
                  20005ef8    00000008     bsmp_lib.obj (.data:dummy_func4)
                  20005f00    00000008     bsmp_lib.obj (.data:enable_samplesBuffer)
                  20005f08    00000008     bsmp_lib.obj (.data:model_func)
                  20005f10    00000008     bsmp_lib.obj (.data:openloop_func)
                  20005f18    00000008     bsmp_lib.obj (.data:opmode_func)
                  20005f20    00000008     rs485.obj (.data:recv_packet)
                  20005f28    00000008     bsmp_lib.obj (.data:resetinterlocks_func)
                  20005f30    00000008     rs485.obj (.data:send_packet)
                  20005f38    00000008     bsmp_lib.obj (.data:set_rsaddress)
                  20005f40    00000008     bsmp_lib.obj (.data:set_rstermination)
                  20005f48    00000008     bsmp_lib.obj (.data:setslowref_func)
                  20005f50    00000008     bsmp_lib.obj (.data:setslowreffbp_func)
                  20005f58    00000008     bsmp_lib.obj (.data:syncpulse_func)
                  20005f60    00000008     bsmp_lib.obj (.data:turnoff_func)
                  20005f68    00000008     bsmp_lib.obj (.data:turnon_func)
                  20005f70    00000006     rs485.obj (.data)
                  20005f76    00000006     uip.obj (.data:uip_ethaddr)
                  20005f7c    00000004     rtsv7M3_T_le_eabi.lib : stkdepth_vars.obj (.data)
                  20005f80    00000004     temp_low_power_module.obj (.data)
                  20005f84    00000003     httpd.obj (.data)
                  20005f87    00000001     --HOLE--
                  20005f88    00000003     timer.obj (.data)

.bss       0    20018000    0000706a     UNINITIALIZED
                  20018000    00006170     (.common:bsmp)
                  2001e170    00000644     (.common:ucUIPBuffer)
                  2001e7b4    00000040     bsmp_lib.obj (.bss:i_load)
                  2001e7f4    0000000c     uip.obj (.bss)
                  2001e800    00000400     (.common:g_sDMAControlTable)
                  2001ec00    00000100     (.common:uip_udp_conns)
                  2001ed00    00000040     bsmp_lib.obj (.bss:ps_hard_interlocks)
                  2001ed40    00000040     bsmp_lib.obj (.bss:ps_reference)
                  2001ed80    00000040     bsmp_lib.obj (.bss:ps_setpoint)
                  2001edc0    00000040     bsmp_lib.obj (.bss:ps_soft_interlocks)
                  2001ee00    00000040     bsmp_lib.obj (.bss:ps_status)
                  2001ee40    00000040     bsmp_lib.obj (.bss:temp_switches)
                  2001ee80    00000040     bsmp_lib.obj (.bss:v_dclink)
                  2001eec0    00000040     bsmp_lib.obj (.bss:v_load)
                  2001ef00    00000040     (.common:uip_conns)
                  2001ef40    00000020     (.common:data_eeprom)
                  2001ef60    0000001c     rtsv7M3_T_le_eabi.lib : vla_alloc.obj (.bss:$O1$$)
                  2001ef7c    0000000c     (.common:data)
                  2001ef88    0000000c     (.common:data_exio)
                  2001ef94    0000000c     (.common:data_temp)
                  2001efa0    0000000c     (.common:g_analog_ch_0)
                  2001efac    0000000c     (.common:g_analog_ch_1)
                  2001efb8    0000000c     (.common:g_analog_ch_2)
                  2001efc4    0000000c     (.common:g_analog_ch_3)
                  2001efd0    0000000c     (.common:g_analog_ch_4)
                  2001efdc    0000000c     (.common:g_analog_ch_5)
                  2001efe8    0000000c     (.common:g_analog_ch_6)
                  2001eff4    0000000c     (.common:g_analog_ch_7)
                  2001f000    00000008     (.common:DataHour)
                  2001f008    00000008     (.common:SerialNumber)
                  2001f010    00000008     (.common:uip_listenports)
                  2001f018    00000006     ethernet_uip.obj (.bss:sTempAddr)
                  2001f01e    00000004     bsmp_lib.obj (.bss:dummy_float_memory)
                  2001f022    00000004     bsmp_lib.obj (.bss:dummy_u16_memory)
                  2001f026    00000002     (.common:dummy_read)
                  2001f028    00000004     ethernet_uip.obj (.bss)
                  2001f02c    00000004     (.common:floatNchars)
                  2001f030    00000004     (.common:ipaddr)
                  2001f034    00000004     (.common:lARPTimer)
                  2001f038    00000004     (.common:lPeriodicTimer)
                  2001f03c    00000004     (.common:tmp1)
                  2001f040    00000004     (.common:tmp2)
                  2001f044    00000004     (.common:tmp3)
                  2001f048    00000004     (.common:tmp4)
                  2001f04c    00000004     (.common:uip_buf)
                  2001f050    00000004     (.common:uip_hostaddr)
                  2001f054    00000004     (.common:uip_netmask)
                  2001f058    00000004     (.common:ulLoop)
                  2001f05c    00000004     (.common:ulTemp)
                  2001f060    00000004     (.common:ulTimeout)
                  2001f064    00000001     adcp.obj (.bss)
                  2001f065    00000001     (.common:IPADDR0)
                  2001f066    00000001     (.common:IPADDR1)
                  2001f067    00000001     (.common:IPADDR2)
                  2001f068    00000001     (.common:IPADDR3)
                  2001f069    00000001     (.common:g_current_ps_id)

ramfuncs   0    00201258    000002b0     RUN ADDR = 20000000
                  00201258    000000e0     rs485.obj (ramfuncs:isr_rs485)
                  00201338    00000008     rs485_bkp.obj (.tramp.UARTIntStatus.1)
                  00201340    00000008     rs485_bkp.obj (.tramp.UARTIntClear.1)
                  00201348    00000008     rs485_bkp.obj (.tramp.UARTRxErrorGet.1)
                  00201350    00000008     rs485_bkp.obj (.tramp.UARTRxErrorClear.1)
                  00201358    00000008     rs485_bkp.obj (.tramp.UARTBusy.1)
                  00201360    00000008     driverlib.lib : gpio.obj (.tramp.GPIOPinWrite.1)
                  00201368    00000008     rs485_bkp.obj (.tramp.UARTCharGet.1)
                  00201370    00000008     rs485_bkp.obj (.tramp.UARTCharsAvail.1)
                  00201378    000000c4     rs485.obj (ramfuncs:rs485_process_data)
                  0020143c    00000008     bsmp_lib.obj (.tramp.BSMPprocess.1)
                  00201444    00000008     rs485.obj (.tramp.rs485_tx_handler.1)
                  0020144c    000000bc     driverlib.lib : flash.obj (ramfuncs)

SHARERAMS0 
*          0    20008000    00000c38     UNINITIALIZED
                  20008000    00000c38     control.obj (SHARERAMS0)

SHARERAMS1 
*          0    2000a000    00000c38     UNINITIALIZED
                  2000a000    00000c38     control.obj (SHARERAMS1)

SHARERAMS45 
*          0    20010000    00004000     UNINITIALIZED
                  20010000    00004000     bsmp_lib.obj (SHARERAMS45)

SHARERAMS67 
*          0    20014000    00004000     UNINITIALIZED
                  20014000    00004000     bsmp_lib.obj (SHARERAMS67)

SERIALBUFFER 
*          0    20022000    0000839c     UNINITIALIZED
                  20022000    0000839c     rs485.obj (SERIALBUFFER)

MTOC_MSG_RAM 
*          0    2007f800    00000278     UNINITIALIZED
                  2007f800    00000278     ipc_lib.obj (MTOC_MSG_RAM)

CTOM_MSG_RAM 
*          0    2007f000    00000278     DSECT
                  2007f000    00000278     ipc_lib.obj (CTOM_MSG_RAM)

MODULE SUMMARY

       Module                      code    ro data   rw data
       ------                      ----    -------   -------
    ./
       startup_ccs.obj             12      600       0      
       main.obj                    128     0         0      
    +--+---------------------------+-------+---------+---------+
       Total:                      140     600       0      
                                                            
    ./app/board_drivers/
       hardware_def.obj            1408    0         0      
    +--+---------------------------+-------+---------+---------+
       Total:                      1408    0         0      
                                                            
    ./app/communication_drivers/adcp/
       adcp.obj                    668     0         135    
    +--+---------------------------+-------+---------+---------+
       Total:                      668     0         135    
                                                            
    ./app/communication_drivers/bsmp/
       bsmp_lib.obj                3126    38        58918  
    +--+---------------------------+-------+---------+---------+
       Total:                      3126    38        58918  
                                                            
    ./app/communication_drivers/bsmp/bsmp/src/
       server_priv.obj             2450    0         0      
       server.obj                  466     0         1024   
       bsmp.obj                    96      0         1024   
    +--+---------------------------+-------+---------+---------+
       Total:                      3012    0         2048   
                                                            
    ./app/communication_drivers/bsmp/bsmp/src/md5/
       md5.obj                     2168    0         64     
    +--+---------------------------+-------+---------+---------+
       Total:                      2168    0         64     
                                                            
    ./app/communication_drivers/control/
       control.obj                 36      0         6256   
    +--+---------------------------+-------+---------+---------+
       Total:                      36      0         6256   
                                                            
    ./app/communication_drivers/epi/
       sdram_mem.obj               152     0         0      
    +--+---------------------------+-------+---------+---------+
       Total:                      152     0         0      
                                                            
    ./app/communication_drivers/ethernet/
       ethernet_uip.obj            836     0         2684   
    +--+---------------------------+-------+---------+---------+
       Total:                      836     0         2684   
                                                            
    ./app/communication_drivers/ethernet/server_net/
       httpd.obj                   20      0         3      
    +--+---------------------------+-------+---------+---------+
       Total:                      20      0         3      
                                                            
    ./app/communication_drivers/ethernet/server_net/uip-1.0/uip/
       uip.obj                     132     0         354    
    +--+---------------------------+-------+---------+---------+
       Total:                      132     0         354    
                                                            
    ./app/communication_drivers/flash/
       flash_mem.obj               512     0         8      
    +--+---------------------------+-------+---------+---------+
       Total:                      512     0         8      
                                                            
    ./app/communication_drivers/i2c_offboard_isolated/
       temp_low_power_module.obj   544     0         32     
       i2c_offboard_isolated.obj   288     0         0      
       external_devices.obj        36      0         0      
    +--+---------------------------+-------+---------+---------+
       Total:                      868     0         32     
                                                            
    ./app/communication_drivers/i2c_onboard/
       eeprom.obj                  2920    0         171    
       exio.obj                    400     0         14     
       rtc.obj                     328     0         20     
       i2c_onboard.obj             288     0         0      
    +--+---------------------------+-------+---------+---------+
       Total:                      3936    0         205    
                                                            
    ./app/communication_drivers/ipc/
       ipc_lib.obj                 152     0         632    
    +--+---------------------------+-------+---------+---------+
       Total:                      152     0         632    
                                                            
    ./app/communication_drivers/parameters/system/
       system.obj                  182     0         0      
    +--+---------------------------+-------+---------+---------+
       Total:                      182     0         0      
                                                            
    ./app/communication_drivers/psmodules/fbp/
       fbp_system.obj              648     0         0      
       fbp_main.obj                36      0         0      
    +--+---------------------------+-------+---------+---------+
       Total:                      684     0         0      
                                                            
    ./app/communication_drivers/rs485/
       rs485.obj                   1268    0         33715  
    +--+---------------------------+-------+---------+---------+
       Total:                      1268    0         33715  
                                                            
    ./app/communication_drivers/rs485_bkp/
       rs485_bkp.obj               692     0         536    
    +--+---------------------------+-------+---------+---------+
       Total:                      692     0         536    
                                                            
    ./app/communication_drivers/system_task/
       system_task.obj             444     0         13     
    +--+---------------------------+-------+---------+---------+
       Total:                      444     0         13     
                                                            
    ./app/communication_drivers/timer/
       timer.obj                   184     0         3      
    +--+---------------------------+-------+---------+---------+
       Total:                      184     0         3      
                                                            
    ./app/communication_drivers/usb_to_serial/
       usb_to_serial.obj           176     0         0      
    +--+---------------------------+-------+---------+---------+
       Total:                      176     0         0      
                                                            
    ../driverlib.lib
       sysctl.obj                  2418    100       0      
       interrupt.obj               720     144       600    
       ipc_lite.obj                1400    0         0      
       gpio.obj                    1112    136       0      
       ethernet.obj                784     0         0      
       udma.obj                    748     0         0      
       timer.obj                   556     0         0      
       ipc_util.obj                428     0         0      
       flash.obj                   384     0         0      
       i2c.obj                     368     0         0      
       ssi.obj                     292     32        0      
       ram.obj                     264     0         0      
       watchdog.obj                172     0         0      
       systick.obj                 120     0         0      
       cpu.obj                     54      0         0      
    +--+---------------------------+-------+---------+---------+
       Total:                      9820    412       600    
                                                            
    /home/allefpablo/ti/ccsv7/tools/compiler/ti-cgt-arm_16.9.4.LTS/lib/rtsv7M3_T_le_eabi.lib
       memory.obj                  972     0         12     
       vla_alloc.obj               584     0         28     
       memcpy_t2.obj               156     0         0      
       fs_mul_t2.obj               122     0         0      
       memset_t2.obj               122     0         0      
       autoinit.obj                112     0         0      
       copy_decompress_lzss.obj    104     0         0      
       exit.obj                    84      0         12     
       cpy_tbl.obj                 76      0         0      
       boot.obj                    64      0         0      
       fs_toi_t2.obj               56      0         0      
       i_tofs_t2.obj               56      0         0      
       fs_tou_t2.obj               52      0         0      
       u_tofs_t2.obj               36      0         0      
       _lock.obj                   20      0         8      
       args_main.obj               24      0         0      
       copy_decompress_none.obj    14      0         0      
       copy_zero_init.obj          12      0         0      
       error.obj                   4       0         0      
       pre_init.obj                4       0         0      
       stkdepth_vars.obj           0       0         4      
       mpu_init.obj                2       0         0      
       startup.obj                 2       0         0      
    +--+---------------------------+-------+---------+---------+
       Total:                      2678    0         64     
                                                            
       Heap:                       0       0         8      
       Stack:                      0       0         256    
       Linker Generated:           0       622       0      
    +--+---------------------------+-------+---------+---------+
       Grand Total:                33294   1672      106534 


LINKER GENERATED COPY TABLES

__TI_cinit_table @ 00210040 records: 9, size/record: 8, table size: 72
	.data: load addr=0020fe80, load size=0000016d bytes, run addr=200051b0, run size=00000ddb bytes, compression=lzss
	SERIALBUFFER: load addr=0020ffed, load size=0000000d bytes, run addr=20022000, run size=0000839c bytes, compression=lzss
	.bss: load addr=00210008, load size=00000008 bytes, run addr=20018000, run size=0000706a bytes, compression=zero_init
	.vtable: load addr=00210010, load size=00000008 bytes, run addr=20000400, run size=00000258 bytes, compression=zero_init
	MTOC_MSG_RAM: load addr=00210018, load size=00000008 bytes, run addr=2007f800, run size=00000278 bytes, compression=zero_init
	SHARERAMS0: load addr=00210020, load size=00000008 bytes, run addr=20008000, run size=00000c38 bytes, compression=zero_init
	SHARERAMS1: load addr=00210028, load size=00000008 bytes, run addr=2000a000, run size=00000c38 bytes, compression=zero_init
	SHARERAMS45: load addr=00210030, load size=00000008 bytes, run addr=20010000, run size=00004000 bytes, compression=zero_init
	SHARERAMS67: load addr=00210038, load size=00000008 bytes, run addr=20014000, run size=00004000 bytes, compression=zero_init


LINKER GENERATED HANDLER TABLE

__TI_handler_table @ 0020fffc records: 3, size/record: 4, table size: 12
	index: 0, handler: __TI_zero_init
	index: 1, handler: __TI_decompress_lzss
	index: 2, handler: __TI_decompress_none


LINKER GENERATED CRC TABLES

AppCrc @ 00210088 records: 4, size/record: 24, table size: 104
	ramfuncs: algorithm=CRC32_PRIME(ID=0), load addr=00201258, size=000002b0, CRC=00000000f2f19bc5
	.text: algorithm=CRC32_PRIME(ID=0), load addr=00208000, size=00007cb8, CRC=00000000d724456a
	.const: algorithm=CRC32_PRIME(ID=0), load addr=0020fcb8, size=000001c4, CRC=00000000235c7ff1
	.cinit: algorithm=CRC32_PRIME(ID=0), load addr=0020fe80, size=00000208, CRC=0000000030a98c43


FAR CALL TRAMPOLINES

callee name               trampoline name
   callee addr  tramp addr   call addr  call info
--------------  -----------  ---------  ----------------
FlashInit                 $Tramp$TT$L$PI$$FlashInit
   200001f5     0020fca8     0020daf6   main.obj (.text:main)
rs485_process_data        $Tramp$TT$L$PI$$rs485_process_data
   20000121     0020fcb0     0020beb2   system_task.obj (.text:TaskCheck)
UARTIntStatus             $Tramp$TT$L$PI$$UARTIntStatus
   0020fc3f     200000e0     2000000c   rs485.obj (ramfuncs:isr_rs485)
UARTIntClear              $Tramp$TT$L$PI$$UARTIntClear
   0020fc9b     200000e8     20000016   rs485.obj (ramfuncs:isr_rs485)
UARTRxErrorGet            $Tramp$TT$L$PI$$UARTRxErrorGet
   0020fc59     200000f0     2000001c   rs485.obj (ramfuncs:isr_rs485)
UARTRxErrorClear          $Tramp$TT$L$PI$$UARTRxErrorClear
   0020fc95     200000f8     20000024   rs485.obj (ramfuncs:isr_rs485)
UARTBusy                  $Tramp$TT$L$PI$$UARTBusy
   0020fc49     20000100     20000038   rs485.obj (ramfuncs:isr_rs485)
GPIOPinWrite              $Tramp$TT$L$PI$$GPIOPinWrite
   0020987f     20000108     20000046   rs485.obj (ramfuncs:isr_rs485)
UARTCharGet               $Tramp$TT$L$PI$$UARTCharGet
   0020fc21     20000110     20000064   rs485.obj (ramfuncs:isr_rs485)
UARTCharsAvail            $Tramp$TT$L$PI$$UARTCharsAvail
   0020fbaf     20000118     20000084   rs485.obj (ramfuncs:isr_rs485)
BSMPprocess               $Tramp$TT$L$PI$$BSMPprocess
   0020f83d     200001e4     2000019e   rs485.obj (ramfuncs:rs485_process_data)
rs485_tx_handler          $Tramp$TT$L$PI$$rs485_tx_handler
   0020e185     200001ec     200001a2   rs485.obj (ramfuncs:rs485_process_data)

[12 trampolines]
[12 trampoline calls]


GLOBAL SYMBOLS: SORTED ALPHABETICALLY BY Name 

address   name                              
-------   ----                              
20005d0e  ADCP_RxTable                      
20005ea0  ADCP_SAMPLE_AVAILABLE_REQUEST     
20005d20  ADCP_TxTable                      
00210088  AppCrc                            
20005ec0  Arm1                              
20005ec4  Arm2                              
0020f83d  BSMPprocess                       
0020eb09  C$$EXIT                           
0020f17d  CPUbasepriGet                     
0020f177  CPUbasepriSet                     
0020f151  CPUcpsid                          
0020f167  CPUcpsie                          
0020f15d  CPUprimask                        
0020f173  CPUwfi                            
0020cfe1  ClosedLoop                        
0020fb59  ConfigPSModel                     
2001f000  DataHour                          
0020e3b5  DisableSamplesBuffer              
0020fc71  DummyFunc1                        
0020fc77  DummyFunc2                        
0020fc7d  DummyFunc3                        
0020fc83  DummyFunc4                        
20005e9d  EEPROM_WRITE_REQUEST              
0020e2dd  EnableSamplesBuffer               
0020a4e1  EthernetConfigGet                 
0020a4b5  EthernetConfigSet                 
0020a575  EthernetDisable                   
0020a553  EthernetEnable                    
0020a4a5  EthernetInitExpClk                
0020a733  EthernetIntClear                  
0020a71d  EthernetIntDisable                
0020a715  EthernetIntEnable                 
0020a6f5  EthernetIntRegister               
0020a727  EthernetIntStatus                 
0020a705  EthernetIntUnregister             
0020a529  EthernetMACAddrGet                
0020a4fb  EthernetMACAddrSet                
0020a777  EthernetPHYPowerOff               
0020a793  EthernetPHYPowerOn                
0020a757  EthernetPHYRead                   
0020a737  EthernetPHYWrite                  
0020a597  EthernetPacketAvail               
0020a64b  EthernetPacketGet                 
0020a63b  EthernetPacketGetNonBlocking      
0020a6eb  EthernetPacketPut                 
0020a6db  EthernetPacketPutNonBlocking      
0020a5a5  EthernetSpaceAvail                
200001f5  FlashInit                         
2000024b  FlashSetup                        
002096df  GPIODirModeGet                    
002096af  GPIODirModeSet                    
0020974f  GPIOIntTypeGet                    
00209709  GPIOIntTypeSet                    
002097e3  GPIOPadConfigGet                  
00209789  GPIOPadConfigSet                  
00209971  GPIOPinConfigure                  
002099d5  GPIOPinConfigureCoreSelect        
00209847  GPIOPinIntClear                   
0020982b  GPIOPinIntDisable                 
0020981f  GPIOPinIntEnable                  
00209839  GPIOPinIntStatus                  
002099ff  GPIOPinLock                       
002099f5  GPIOPinLockStatus                 
00209879  GPIOPinRead                       
00209885  GPIOPinTypeCAN                    
00209955  GPIOPinTypeEPI                    
00209899  GPIOPinTypeGPIOInput              
002098ad  GPIOPinTypeGPIOOutput             
002098c1  GPIOPinTypeGPIOOutputOD           
002098d5  GPIOPinTypeI2C                    
002098e9  GPIOPinTypeSSI                    
002098fd  GPIOPinTypeTimer                  
00209911  GPIOPinTypeUART                   
00209941  GPIOPinTypeUSBAnalog              
00209929  GPIOPinTypeUSBDigital             
00209a25  GPIOPinUnlock                     
0020987f  GPIOPinWrite                      
0020984d  GPIOPortIntRegister               
00209865  GPIOPortIntUnregister             
0020b94d  I2CIntRegister                    
0020b969  I2CIntUnregister                  
0020ba05  I2CMasterBusBusy                  
0020b9fd  I2CMasterBusy                     
0020ba0d  I2CMasterControl                  
0020ba2f  I2CMasterDataGet                  
0020ba2b  I2CMasterDataPut                  
0020b931  I2CMasterDisable                  
0020b915  I2CMasterEnable                   
0020ba11  I2CMasterErr                      
0020b8d9  I2CMasterInitExpClk               
0020b9e5  I2CMasterIntClear                 
0020b99d  I2CMasterIntDisable               
0020b985  I2CMasterIntEnable                
0020b9b7  I2CMasterIntStatus                
0020b9f5  I2CMasterSlaveAddrSet             
0020ba3b  I2CSlaveDataGet                   
0020ba37  I2CSlaveDataPut                   
0020b93b  I2CSlaveDisable                   
0020b91f  I2CSlaveEnable                    
0020b907  I2CSlaveInit                      
0020b9eb  I2CSlaveIntClear                  
0020b9f1  I2CSlaveIntClearEx                
0020b9a3  I2CSlaveIntDisable                
0020b9ad  I2CSlaveIntDisableEx              
0020b98b  I2CSlaveIntEnable                 
0020b995  I2CSlaveIntEnableEx               
0020b9c9  I2CSlaveIntStatus                 
0020b9db  I2CSlaveIntStatusEx               
0020ba33  I2CSlaveStatus                    
2001f065  IPADDR0                           
2001f066  IPADDR1                           
2001f067  IPADDR2                           
2001f068  IPADDR3                           
0020b59d  IPCCtoMFlagAcknowledge            
0020b5a7  IPCCtoMFlagBusy                   
00209425  IPCLiteCtoMClearBits              
0020947f  IPCLiteCtoMClearBits_Protected    
00209303  IPCLiteCtoMDataRead               
002094ef  IPCLiteCtoMDataWrite              
00209545  IPCLiteCtoMDataWrite_Protected    
002095b1  IPCLiteCtoMFunctionCall           
0020934b  IPCLiteCtoMSetBits                
002093ad  IPCLiteCtoMSetBits_Protected      
002092dd  IPCLiteMtoCBootBranch             
002091ab  IPCLiteMtoCClearBits              
002091f3  IPCLiteMtoCClearBits_Protected    
002090bd  IPCLiteMtoCDataRead               
0020923b  IPCLiteMtoCDataWrite              
00209275  IPCLiteMtoCDataWrite_Protected    
002092af  IPCLiteMtoCFunctionCall           
00209095  IPCLiteMtoCGetResult              
002090fb  IPCLiteMtoCSetBits                
00209153  IPCLiteMtoCSetBits_Protected      
0020b5f9  IPCMtoCBootControlSystem          
0020b5b9  IPCMtoCFlagBusy                   
0020b5d7  IPCMtoCFlagClear                  
0020b5cb  IPCMtoCFlagSet                    
0020b5e3  IPCMtoCSharedRamConvert           
20005d08  IPMASK0                           
20005d09  IPMASK1                           
20005d0a  IPMASK2                           
20005d0b  IPMASK3                           
20005e97  ITLK_ALARM_RESET                  
0020abfd  IntDisable                        
0020ab81  IntEnable                         
0020aab7  IntFlashVTable                    
0020aaad  IntMasterDisable                  
0020aaa3  IntMasterEnable                   
0020ace7  IntPendClear                      
0020ac7b  IntPendSet                        
0020ab67  IntPriorityGet                    
0020ab19  IntPriorityGroupingGet            
0020ab07  IntPriorityGroupingSet            
0020f17d  IntPriorityMaskGet                
0020f177  IntPriorityMaskSet                
0020ab3b  IntPrioritySet                    
0020aac5  IntRAMVTable                      
0020aad3  IntRegister                       
0020aafd  IntUnregister                     
20005e9e  LED_STATUS_REQUEST                
20005e94  LedCtrl                           
20005d00  MAC_ADDRESS                       
0020eb5d  MD5Final                          
0020f625  MD5Init                           
0020dbd5  MD5Update                         
0020ce25  OpMode                            
0020d0f9  OpenLoop                          
20005e9a  PROCESS_CAN_MESS                  
20005e98  PROCESS_DISP_MESS                 
20005e99  PROCESS_ETH_MESS                  
20005e9c  PROCESS_POWER_TEMP_SAMPLE         
20005e9b  PROCESS_RS485_MESS                
0020bf8d  RAMControlInitL0L3Ram             
0020bf23  RAMControlInitM1MsgRam            
0020befd  RAMMReqSharedMemAccess            
20005e96  READ_IIB                          
20005e95  READ_RTC                          
00201508  RamfuncsLoadEnd                   
000002b0  RamfuncsLoadSize                  
00201258  RamfuncsLoadStart                 
200002b0  RamfuncsRunEnd                    
000002b0  RamfuncsRunSize                   
20000000  RamfuncsRunStart                  
00200031  ResetISR                          
0020e029  ResetInterlocks                   
20005e9f  SAMPLE_ADCP_REQUEST               
UNDEFED   SHT$$INIT_ARRAY$$Base             
UNDEFED   SHT$$INIT_ARRAY$$Limit            
0020bddf  SSIBusy                           
0020bcef  SSIConfigSetExpClk                
0020bdd5  SSIDMADisable                     
0020bdcd  SSIDMAEnable                      
0020bdaf  SSIDataGet                        
0020bdbb  SSIDataGetNonBlocking             
0020bd95  SSIDataPut                        
0020bd9f  SSIDataPutNonBlocking             
0020bd3f  SSIDisable                        
0020bd35  SSIEnable                         
0020bd91  SSIIntClear                       
0020bd7d  SSIIntDisable                     
0020bd75  SSIIntEnable                      
0020bd49  SSIIntRegister                    
0020bd87  SSIIntStatus                      
0020bd61  SSIIntUnregister                  
2001f008  SerialNumber                      
0020fb6b  SetRSAddress                      
0020fb7d  SetRSTermination                  
0020c4ed  SetSlowRef                        
0020c0f5  SetSlowRefFBP                     
0020e6e9  SyncPulse                         
002086dd  SysCtlC28Disable                  
002086c5  SysCtlC28Enable                   
002085fd  SysCtlClockConfigGet              
002085b7  SysCtlClockConfigSet              
00208361  SysCtlClockDividersSet            
00208651  SysCtlClockGet                    
00208495  SysCtlClockPllConfig              
00208295  SysCtlDeepSleep                   
0020fc89  SysCtlDelay                       
00208841  SysCtlEnableAERRNMI               
0020801f  SysCtlFlashSizeGet                
00208715  SysCtlGPIOAHBDisable              
002086f9  SysCtlGPIOAHBEnable               
00208857  SysCtlGetNmiConfig                
0020886b  SysCtlGetNmiFlagStatus            
0020885d  SysCtlGetNmiInterruptStatus       
002088c1  SysCtlHoldSubSystemInReset        
0020888b  SysCtlNmiFlgClr                   
002088a3  SysCtlNmiFlgClrAll                
00208879  SysCtlNmiIsSet                    
00208269  SysCtlPeripheralClockGating       
00208241  SysCtlPeripheralDeepSleepDisable  
00208219  SysCtlPeripheralDeepSleepEnable   
00208183  SysCtlPeripheralDisable           
0020815b  SysCtlPeripheralEnable            
002081ab  SysCtlPeripheralIsEnabled         
0020802b  SysCtlPeripheralPresent           
0020808f  SysCtlPeripheralReset             
002081f1  SysCtlPeripheralSleepDisable      
002081c9  SysCtlPeripheralSleepEnable       
0020846d  SysCtlPowerOffPLL                 
002088f1  SysCtlReleaseSubSystemFromReset   
0020828d  SysCtlReset                       
002082b7  SysCtlResetCauseClear             
002082af  SysCtlResetCauseGet               
00208001  SysCtlSRAMSizeGet                 
0020f173  SysCtlSleep                       
00208913  SysCtlSubSystemReset              
0020881f  SysCtlUSBPLLConfigGet             
00208783  SysCtlUSBPLLConfigSet             
0020876b  SysCtlUSBPLLDisable               
00208739  SysCtlUSBPLLEnable                
002082c5  SysCtlXPllClockDividerSet         
0020dfbd  SysTickDisable                    
0020dfb1  SysTickEnable                     
0020dffb  SysTickIntDisable                 
0020dfef  SysTickIntEnable                  
0020dfc9  SysTickIntRegister                
0020dfdf  SysTickIntUnregister              
0020e011  SysTickPeriodGet                  
0020e007  SysTickPeriodSet                  
0020e01b  SysTickValueGet                   
20005d32  TIMEOUT_VALUE                     
0020bded  TaskCheck                         
0020c7dd  TaskSetNew                        
20005f80  Temp1                             
20005f81  Temp2                             
20005f82  Temp3                             
20005f83  Temp4                             
0020afd5  TimerConfigure                    
0020b01b  TimerControlEvent                 
0020afef  TimerControlLevel                 
0020b02f  TimerControlStall                 
0020b005  TimerControlTrigger               
0020b045  TimerControlWaitOnTrigger         
0020afc7  TimerDisable                      
0020afb9  TimerEnable                       
0020b1cd  TimerIntClear                     
0020b1b9  TimerIntDisable                   
0020b1b1  TimerIntEnable                    
0020b113  TimerIntRegister                  
0020b1c3  TimerIntStatus                    
0020b165  TimerIntUnregister                
0020b0dd  TimerLoadGet                      
0020b0cb  TimerLoadSet                      
0020b107  TimerMatchGet                     
0020b0f5  TimerMatchSet                     
0020b0a1  TimerPrescaleGet                  
0020b0bf  TimerPrescaleMatchGet             
0020b0ad  TimerPrescaleMatchSet             
0020b08f  TimerPrescaleSet                  
0020b085  TimerRTCDisable                   
0020b07b  TimerRTCEnable                    
0020b0e9  TimerValueGet                     
0020d181  TurnOff                           
0020d06d  TurnOn                            
0020fc49  UARTBusy                          
0020fc21  UARTCharGet                       
0020fc2b  UARTCharPut                       
0020fba1  UARTCharPutNonBlocking            
0020fbaf  UARTCharsAvail                    
0020eeb1  UARTConfigSetExpClk               
0020f7bd  UARTDisable                       
0020fa41  UARTEnable                        
0020fc35  UARTFIFOEnable                    
0020fc8f  UARTFIFOLevelSet                  
0020fc9b  UARTIntClear                      
0020fc51  UARTIntEnable                     
0020fc3f  UARTIntStatus                     
0020fc95  UARTRxErrorClear                  
0020fc59  UARTRxErrorGet                    
0020fbbd  UARTSpaceAvail                    
0020fbd9  UARTTxIntModeSet                  
0020c93d  WatchdogEnable                    
0020c9b9  WatchdogIntClear                  
0020c9a5  WatchdogIntEnable                 
0020c985  WatchdogIntRegister               
0020c9af  WatchdogIntStatus                 
0020c995  WatchdogIntUnregister             
0020c95b  WatchdogLock                      
0020c96b  WatchdogLockState                 
0020c97d  WatchdogReloadGet                 
0020c979  WatchdogReloadSet                 
0020c951  WatchdogResetDisable              
0020c947  WatchdogResetEnable               
0020c935  WatchdogRunning                   
0020c9cd  WatchdogStallDisable              
0020c9bf  WatchdogStallEnable               
0020c963  WatchdogUnlock                    
0020c981  WatchdogValueGet                  
200003b0  __STACK_END                       
00000100  __STACK_SIZE                      
200003b0  __STACK_TOP                       
00000008  __SYSMEM_SIZE                     
00210040  __TI_CINIT_Base                   
00210088  __TI_CINIT_Limit                  
00210088  __TI_CRC_AppCrc                   
0020fffc  __TI_Handler_Table_Base           
00210008  __TI_Handler_Table_Limit          
0020e26d  __TI_auto_init                    
20005ea4  __TI_cleanup_ptr                  
0020e485  __TI_decompress_lzss              
0020fbcb  __TI_decompress_none              
20005ea8  __TI_dtors_ptr                    
20005eac  __TI_enable_exit_profile_output   
ffffffff  __TI_pprof_out_hndl               
ffffffff  __TI_prof_data_size               
ffffffff  __TI_prof_data_start              
0020fe80  __TI_static_base__                
0020fbe5  __TI_zero_init                    
0020fc9f  __abort_execution                 
0020f0a9  __aeabi_f2iz                      
0020f329  __aeabi_f2uiz                     
0020ddc9  __aeabi_fmul                      
0020f0e1  __aeabi_i2f                       
0020de43  __aeabi_memclr                    
0020de43  __aeabi_memclr4                   
0020de43  __aeabi_memclr8                   
0020cc59  __aeabi_memcpy                    
0020cc59  __aeabi_memcpy4                   
0020cc59  __aeabi_memcpy8                   
0020de45  __aeabi_memset                    
0020de45  __aeabi_memset4                   
0020de45  __aeabi_memset8                   
0020f799  __aeabi_ui2f                      
ffffffff  __binit__                         
ffffffff  __c_args__                        
0020dfaf  __mpu_init                        
200002b0  __stack                           
0020ae63  __vla_alloc                       
0020ad71  __vla_dealloc                     
0020ade3  __vla_dealloc_eh                  
0020f9e1  _args_main                        
0020ef7d  _c_int00                          
20005ec8  _lock                             
0020fa77  _nop                              
0020fa6f  _register_lock                    
0020fa69  _register_unlock                  
200003b0  _sys_memory                       
0020e623  _system_post_cinit                
0020fca3  _system_pre_init                  
20005ecc  _unlock                           
0020eb0d  abort                             
0020c1c5  adc_channel                       
0020f951  adcp_clean_rx_buffer              
0020f35d  adcp_config                       
0020ef3d  adcp_get_samples                  
0020c889  adcp_init                         
0020f69d  adcp_read                         
0020f415  adcp_rx_isr_enable                
20005bbc  add                               
200051b0  bin_op                            
ffffffff  binit                             
0020f969  binops_and                        
0020f981  binops_clear                      
0020f999  binops_or                         
0020f9b1  binops_xor                        
20018000  bsmp                              
00209e21  bsmp_init                         
0020ceb9  bsmp_process_packet               
0020ec9d  bsmp_register_curve               
0020eceb  bsmp_register_function            
0020e5bd  bsmp_register_variable            
0020efbd  bsmp_server_init                  
0020f441  buffers_ctrl                      
00209df3  calloc                            
0020f46d  config_rs485                      
0020edd5  copy_in                           
0020e09d  curve_block                       
0020df37  curve_block_request               
0020f64d  curve_check                       
0020eef7  curve_query_csum                  
0020e8b5  curve_query_list                  
0020c291  curve_recalc_csum                 
2001ef7c  data                              
2001ef40  data_eeprom                       
2001ef88  data_exio                         
2001ef94  data_temp                         
0020f499  dcdc_pwr_ctrl                     
0020f4c5  display_pwr_ctrl                  
2001f026  dummy_read                        
0020f189  eeprom_read_ip                    
0020f1bd  eeprom_read_ip_mask               
0020eff9  eeprom_read_rs485_add             
0020d319  eeprom_write_Kp1                  
0020dc55  eeprom_write_ip                   
0020dcd1  eeprom_write_ip_mask              
0020d39d  eeprom_write_kd1                  
0020d421  eeprom_write_kd2                  
0020d4a5  eeprom_write_kd3                  
0020d529  eeprom_write_kd4                  
0020d5ad  eeprom_write_ki1                  
0020d631  eeprom_write_ki2                  
0020d6b5  eeprom_write_ki3                  
0020d739  eeprom_write_ki4                  
0020d7bd  eeprom_write_kp2                  
0020d841  eeprom_write_kp3                  
0020d8c5  eeprom_write_kp4                  
0020e349  eeprom_write_ps_model             
0020ee21  eeprom_write_request_check        
0020b749  eeprom_write_rs485_add            
0020dd4d  eeprom_write_rs485_baudrate       
0020cbbd  eth_load_param                    
0020b1e5  ethernet_init                     
0020eb15  exit                              
0020e745  extern_io_init                    
0020f6c1  fbp_main                          
0020f859  fbp_system_config                 
0020fbf1  flash_device_id_read              
0020f071  flash_mem_init                    
0020b3e1  flash_mem_read_serial_number      
2001f02c  floatNchars                       
00209b3f  free                              
0020f81d  func_check                        
0020e4ed  func_execute                      
0020f035  func_query_list                   
2001efa0  g_analog_ch_0                     
2001efac  g_analog_ch_1                     
2001efb8  g_analog_ch_2                     
2001efc4  g_analog_ch_3                     
2001efd0  g_analog_ch_4                     
2001efdc  g_analog_ch_5                     
2001efe8  g_analog_ch_6                     
2001eff4  g_analog_ch_7                     
2000a000  g_controller_ctom                 
20008000  g_controller_mtoc                 
2001f069  g_current_ps_id                   
2007f000  g_ipc_ctom                        
2007f800  g_ipc_mtoc                        
20000400  g_pfnRAMVectors                   
00201000  g_pfnVectors                      
2001e800  g_sDMAControlTable                
20005cf8  g_ulTickCounter                   
0020ebad  global_timer_init                 
0020f6e5  group_add_var                     
0020c725  group_bin_op                      
0020d949  group_create                      
0020f901  group_init                        
0020ed39  group_query                       
0020ebfd  group_query_list                  
0020cd8d  group_read                        
0020f91b  group_remove_all                  
0020c5ad  group_write                       
0020fbfd  httpd_clear_command               
0020fc61  httpd_init                        
20005f8a  iib_sample                        
0020f709  init_control_framework            
0020f72d  init_i2c_offboard_external_devices
0020f751  init_i2c_offboard_isolated        
0020f775  init_i2c_onboard                  
0020d9cd  init_rs485                        
0020ec4d  init_rs485_bkp                    
0020e965  init_usb_to_serial                
2001f030  ipaddr                            
0020f9c9  ipc_ctom_translate                
0020fb91  ipc_init                          
0020fa55  ipc_mtoc_busy                     
0020f875  ipc_mtoc_translate                
0020ed89  isr_adcp                          
0020da51  isr_ethernet                      
0020e555  isr_global_timer                  
20000001  isr_rs485                         
0020e111  isr_rs485_bkp                     
0020f675  isr_systick                       
0020e7a1  isr_usb_to_serial                 
2001f034  lARPTimer                         
2001f038  lPeriodicTimer                    
0020f4f1  led_itlk_ctrl                     
0020f51d  led_sts_ctrl                      
0020fc69  low_priority_msg_to_reg           
0020dad5  main                              
20005f7c  main_func_sp                      
00209ad5  malloc                            
00209d09  memalign                          
0020cc59  memcpy                            
0020de4b  memset                            
00209a55  minit                             
20005f84  new_data_send                     
0020c35d  pinout_setup                      
0020f1f1  power_supply_1_temp_init          
0020e9b9  power_supply_1_temp_read          
0020f225  power_supply_2_temp_init          
0020ea0d  power_supply_2_temp_read          
0020f259  power_supply_3_temp_init          
0020ea61  power_supply_3_temp_read          
0020f28d  power_supply_4_temp_init          
0020eab5  power_supply_4_temp_read          
0020f549  query_version                     
0020c9e1  read_i2c                          
0020ca81  read_i2c_offboard_isolated        
00209c01  realloc                           
0020db55  rs485_bkp_tx_handler              
20000121  rs485_process_data                
0020f575  rs485_term_ctrl                   
0020e185  rs485_tx_handler                  
0020f2c1  rtc_check_of                      
0020f2f5  rtc_clear_ht                      
0020fc15  rtc_init                          
0020d291  rtc_read_data_hour                
0020f7dd  rtc_status_of                     
0020f5a1  rtc_stop_clock                    
20010000  samples_buffer_memory             
0020fa7d  save_ip_address                   
0020fa91  save_ip_mask                      
0020faa5  save_kd1_gain                     
0020fab9  save_ki1_gain                     
0020facd  save_kp1_gain                     
0020fae1  save_ps_model                     
0020faf5  save_rs485_baud                   
0020fb09  save_rs485_ch_0_add               
0020fb1d  save_rs485_ch_1_add               
0020fb31  save_rs485_ch_2_add               
0020fb45  save_rs485_ch_3_add               
0020ccf5  sdram_read_write                  
0020f7fd  send_ipc_lowpriority_msg          
0020f9f9  send_ipc_msg                      
0020fa11  set_bsmp_var_pointer              
0020f891  set_rs485_ch_0_address            
0020f8ad  set_rs485_ch_1_address            
0020f8c9  set_rs485_ch_2_address            
0020f8e5  set_rs485_ch_3_address            
0020f5cd  sound_sel_ctrl                    
0020f935  system_config                     
0020f119  system_init                       
0020e625  test_eeprom_memory                
20005f88  time                              
2001f03c  tmp1                              
2001f040  tmp2                              
2001f044  tmp3                              
2001f048  tmp4                              
0020aa11  uDMAChannel0_7SelectAltMapping    
0020aa05  uDMAChannel0_7SelectDefault       
0020aa43  uDMAChannel16_23SelectAltMapping  
0020aa35  uDMAChannel16_23SelectDefault     
0020aa5d  uDMAChannel24_31SelectAltMapping  
0020aa4f  uDMAChannel24_31SelectDefault     
0020aa29  uDMAChannel8_15SelectAltMapping   
0020aa1b  uDMAChannel8_15SelectDefault      
0020a86b  uDMAChannelAttributeDisable       
0020a82d  uDMAChannelAttributeEnable        
0020a8a9  uDMAChannelAttributeGet           
0020a8f9  uDMAChannelControlSet             
0020a7e5  uDMAChannelDisable                
0020a7d7  uDMAChannelEnable                 
0020a7f3  uDMAChannelIsEnabled              
0020a9e1  uDMAChannelModeGet                
0020a81b  uDMAChannelRequest                
0020a989  uDMAChannelScatterGatherSet       
0020a9c5  uDMAChannelSizeGet                
0020a913  uDMAChannelTransferSet            
0020a813  uDMAControlAlternateBaseGet       
0020a80b  uDMAControlBaseGet                
0020a803  uDMAControlBaseSet                
0020a7bd  uDMADisable                       
0020a7b5  uDMAEnable                        
0020a7cd  uDMAErrorStatusClear              
0020a7c5  uDMAErrorStatusGet                
0020aa69  uDMAIntRegister                   
0020aa79  uDMAIntUnregister                 
2001e170  ucUIPBuffer                       
2001f04c  uip_buf                           
[...]
0020b005  TimerControlTrigger               
0020b01b  TimerControlEvent                 
0020b02f  TimerControlStall                 
0020b045  TimerControlWaitOnTrigger         
0020b07b  TimerRTCEnable                    
0020b085  TimerRTCDisable                   
0020b08f  TimerPrescaleSet                  
0020b0a1  TimerPrescaleGet                  
0020b0ad  TimerPrescaleMatchSet             
0020b0bf  TimerPrescaleMatchGet             
0020b0cb  TimerLoadSet                      
0020b0dd  TimerLoadGet                      
0020b0e9  TimerValueGet                     
0020b0f5  TimerMatchSet                     
0020b107  TimerMatchGet                     
0020b113  TimerIntRegister                  
0020b165  TimerIntUnregister                
0020b1b1  TimerIntEnable                    
0020b1b9  TimerIntDisable                   
0020b1c3  TimerIntStatus                    
0020b1cd  TimerIntClear                     
0020b1e5  ethernet_init                     
0020b3e1  flash_mem_read_serial_number      
0020b59d  IPCCtoMFlagAcknowledge            
0020b5a7  IPCCtoMFlagBusy                   
0020b5b9  IPCMtoCFlagBusy                   
0020b5cb  IPCMtoCFlagSet                    
0020b5d7  IPCMtoCFlagClear                  
0020b5e3  IPCMtoCSharedRamConvert           
0020b5f9  IPCMtoCBootControlSystem          
0020b749  eeprom_write_rs485_add            
0020b8d9  I2CMasterInitExpClk               
0020b907  I2CSlaveInit                      
0020b915  I2CMasterEnable                   
0020b91f  I2CSlaveEnable                    
0020b931  I2CMasterDisable                  
0020b93b  I2CSlaveDisable                   
0020b94d  I2CIntRegister                    
0020b969  I2CIntUnregister                  
0020b985  I2CMasterIntEnable                
0020b98b  I2CSlaveIntEnable                 
0020b995  I2CSlaveIntEnableEx               
0020b99d  I2CMasterIntDisable               
0020b9a3  I2CSlaveIntDisable                
0020b9ad  I2CSlaveIntDisableEx              
0020b9b7  I2CMasterIntStatus                
0020b9c9  I2CSlaveIntStatus                 
0020b9db  I2CSlaveIntStatusEx               
0020b9e5  I2CMasterIntClear                 
0020b9eb  I2CSlaveIntClear                  
0020b9f1  I2CSlaveIntClearEx                
0020b9f5  I2CMasterSlaveAddrSet             
0020b9fd  I2CMasterBusy                     
0020ba05  I2CMasterBusBusy                  
0020ba0d  I2CMasterControl                  
0020ba11  I2CMasterErr                      
0020ba2b  I2CMasterDataPut                  
0020ba2f  I2CMasterDataGet                  
0020ba33  I2CSlaveStatus                    
0020ba37  I2CSlaveDataPut                   
0020ba3b  I2CSlaveDataGet                   
0020bcef  SSIConfigSetExpClk                
0020bd35  SSIEnable                         
0020bd3f  SSIDisable                        
0020bd49  SSIIntRegister                    
0020bd61  SSIIntUnregister                  
0020bd75  SSIIntEnable                      
0020bd7d  SSIIntDisable                     
0020bd87  SSIIntStatus                      
0020bd91  SSIIntClear                       
0020bd95  SSIDataPut                        
0020bd9f  SSIDataPutNonBlocking             
0020bdaf  SSIDataGet                        
0020bdbb  SSIDataGetNonBlocking             
0020bdcd  SSIDMAEnable                      
0020bdd5  SSIDMADisable                     
0020bddf  SSIBusy                           
0020bded  TaskCheck                         
0020befd  RAMMReqSharedMemAccess            
0020bf23  RAMControlInitM1MsgRam            
0020bf8d  RAMControlInitL0L3Ram             
0020c0f5  SetSlowRefFBP                     
0020c1c5  adc_channel                       
0020c291  curve_recalc_csum                 
0020c35d  pinout_setup                      
0020c425  var_write_read                    
0020c4ed  SetSlowRef                        
0020c5ad  group_write                       
0020c725  group_bin_op                      
0020c7dd  TaskSetNew                        
0020c889  adcp_init                         
0020c935  WatchdogRunning                   
0020c93d  WatchdogEnable                    
0020c947  WatchdogResetEnable               
0020c951  WatchdogResetDisable              
0020c95b  WatchdogLock                      
0020c963  WatchdogUnlock                    
0020c96b  WatchdogLockState                 
0020c979  WatchdogReloadSet                 
0020c97d  WatchdogReloadGet                 
0020c981  WatchdogValueGet                  
0020c985  WatchdogIntRegister               
0020c995  WatchdogIntUnregister             
0020c9a5  WatchdogIntEnable                 
0020c9af  WatchdogIntStatus                 
0020c9b9  WatchdogIntClear                  
0020c9bf  WatchdogStallEnable               
0020c9cd  WatchdogStallDisable              
0020c9e1  read_i2c                          
0020ca81  read_i2c_offboard_isolated        
0020cbbd  eth_load_param                    
0020cc59  __aeabi_memcpy                    
0020cc59  __aeabi_memcpy4                   
0020cc59  __aeabi_memcpy8                   
0020cc59  memcpy                            
0020ccf5  sdram_read_write                  
0020cd8d  group_read                        
0020ce25  OpMode                            
0020ceb9  bsmp_process_packet               
0020cfe1  ClosedLoop                        
0020d06d  TurnOn                            
0020d0f9  OpenLoop                          
0020d181  TurnOff                           
0020d291  rtc_read_data_hour                
0020d319  eeprom_write_Kp1                  
0020d39d  eeprom_write_kd1                  
0020d421  eeprom_write_kd2                  
0020d4a5  eeprom_write_kd3                  
0020d529  eeprom_write_kd4                  
0020d5ad  eeprom_write_ki1                  
0020d631  eeprom_write_ki2                  
0020d6b5  eeprom_write_ki3                  
0020d739  eeprom_write_ki4                  
0020d7bd  eeprom_write_kp2                  
0020d841  eeprom_write_kp3                  
0020d8c5  eeprom_write_kp4                  
0020d949  group_create                      
0020d9cd  init_rs485                        
0020da51  isr_ethernet                      
0020dad5  main                              
0020db55  rs485_bkp_tx_handler              
0020dbd5  MD5Update                         
0020dc55  eeprom_write_ip                   
0020dcd1  eeprom_write_ip_mask              
0020dd4d  eeprom_write_rs485_baudrate       
0020ddc9  __aeabi_fmul                      
0020de43  __aeabi_memclr                    
0020de43  __aeabi_memclr4                   
0020de43  __aeabi_memclr8                   
0020de45  __aeabi_memset                    
0020de45  __aeabi_memset4                   
0020de45  __aeabi_memset8                   
0020de4b  memset                            
0020debd  var_write                         
0020df37  curve_block_request               
0020dfaf  __mpu_init                        
0020dfb1  SysTickEnable                     
0020dfbd  SysTickDisable                    
0020dfc9  SysTickIntRegister                
0020dfdf  SysTickIntUnregister              
0020dfef  SysTickIntEnable                  
0020dffb  SysTickIntDisable                 
0020e007  SysTickPeriodSet                  
0020e011  SysTickPeriodGet                  
0020e01b  SysTickValueGet                   
0020e029  ResetInterlocks                   
0020e09d  curve_block                       
0020e111  isr_rs485_bkp                     
0020e185  rs485_tx_handler                  
0020e1f9  var_bin_op                        
0020e26d  __TI_auto_init                    
0020e2dd  EnableSamplesBuffer               
0020e349  eeprom_write_ps_model             
0020e3b5  DisableSamplesBuffer              
0020e485  __TI_decompress_lzss              
0020e4ed  func_execute                      
0020e555  isr_global_timer                  
0020e5bd  bsmp_register_variable            
0020e623  _system_post_cinit                
0020e625  test_eeprom_memory                
0020e689  var_read                          
0020e6e9  SyncPulse                         
0020e745  extern_io_init                    
0020e7a1  isr_usb_to_serial                 
0020e7fd  write_i2c                         
0020e859  write_i2c_offboard_isolated       
0020e8b5  curve_query_list                  
0020e90d  uip_init                          
0020e965  init_usb_to_serial                
0020e9b9  power_supply_1_temp_read          
0020ea0d  power_supply_2_temp_read          
0020ea61  power_supply_3_temp_read          
0020eab5  power_supply_4_temp_read          
0020eb09  C$$EXIT                           
0020eb0d  abort                             
0020eb15  exit                              
0020eb5d  MD5Final                          
0020ebad  global_timer_init                 
0020ebfd  group_query_list                  
0020ec4d  init_rs485_bkp                    
0020ec9d  bsmp_register_curve               
0020eceb  bsmp_register_function            
0020ed39  group_query                       
0020ed89  isr_adcp                          
0020edd5  copy_in                           
0020ee21  eeprom_write_request_check        
0020ee69  var_query_list                    
0020eeb1  UARTConfigSetExpClk               
0020eef7  curve_query_csum                  
0020ef3d  adcp_get_samples                  
0020ef7d  _c_int00                          
0020efbd  bsmp_server_init                  
0020eff9  eeprom_read_rs485_add             
0020f035  func_query_list                   
0020f071  flash_mem_init                    
0020f0a9  __aeabi_f2iz                      
0020f0e1  __aeabi_i2f                       
0020f119  system_init                       
0020f151  CPUcpsid                          
0020f15d  CPUprimask                        
0020f167  CPUcpsie                          
0020f173  CPUwfi                            
0020f173  SysCtlSleep                       
0020f177  CPUbasepriSet                     
0020f177  IntPriorityMaskSet                
0020f17d  CPUbasepriGet                     
0020f17d  IntPriorityMaskGet                
0020f189  eeprom_read_ip                    
0020f1bd  eeprom_read_ip_mask               
0020f1f1  power_supply_1_temp_init          
0020f225  power_supply_2_temp_init          
0020f259  power_supply_3_temp_init          
0020f28d  power_supply_4_temp_init          
0020f2c1  rtc_check_of                      
0020f2f5  rtc_clear_ht                      
0020f329  __aeabi_f2uiz                     
0020f35d  adcp_config                       
0020f415  adcp_rx_isr_enable                
0020f441  buffers_ctrl                      
0020f46d  config_rs485                      
0020f499  dcdc_pwr_ctrl                     
0020f4c5  display_pwr_ctrl                  
0020f4f1  led_itlk_ctrl                     
0020f51d  led_sts_ctrl                      
0020f549  query_version                     
0020f575  rs485_term_ctrl                   
0020f5a1  rtc_stop_clock                    
0020f5cd  sound_sel_ctrl                    
0020f5f9  uip_listen                        
0020f625  MD5Init                           
0020f64d  curve_check                       
0020f675  isr_systick                       
0020f69d  adcp_read                         
0020f6c1  fbp_main                          
0020f6e5  group_add_var                     
0020f709  init_control_framework            
0020f72d  init_i2c_offboard_external_devices
0020f751  init_i2c_offboard_isolated        
0020f775  init_i2c_onboard                  
0020f799  __aeabi_ui2f                      
0020f7bd  UARTDisable                       
0020f7dd  rtc_status_of                     
0020f7fd  send_ipc_lowpriority_msg          
0020f81d  func_check                        
0020f83d  BSMPprocess                       
0020f859  fbp_system_config                 
0020f875  ipc_mtoc_translate                
0020f891  set_rs485_ch_0_address            
0020f8ad  set_rs485_ch_1_address            
0020f8c9  set_rs485_ch_2_address            
0020f8e5  set_rs485_ch_3_address            
0020f901  group_init                        
0020f91b  group_remove_all                  
0020f935  system_config                     
0020f951  adcp_clean_rx_buffer              
0020f969  binops_and                        
0020f981  binops_clear                      
0020f999  binops_or                         
0020f9b1  binops_xor                        
0020f9c9  ipc_ctom_translate                
0020f9e1  _args_main                        
0020f9f9  send_ipc_msg                      
0020fa11  set_bsmp_var_pointer              
0020fa29  var_check                         
0020fa41  UARTEnable                        
0020fa55  ipc_mtoc_busy                     
0020fa69  _register_unlock                  
0020fa6f  _register_lock                    
0020fa77  _nop                              
0020fa7d  save_ip_address                   
0020fa91  save_ip_mask                      
0020faa5  save_kd1_gain                     
0020fab9  save_ki1_gain                     
0020facd  save_kp1_gain                     
0020fae1  save_ps_model                     
0020faf5  save_rs485_baud                   
0020fb09  save_rs485_ch_0_add               
0020fb1d  save_rs485_ch_1_add               
0020fb31  save_rs485_ch_2_add               
0020fb45  save_rs485_ch_3_add               
0020fb59  ConfigPSModel                     
0020fb6b  SetRSAddress                      
0020fb7d  SetRSTermination                  
0020fb91  ipc_init                          
0020fba1  UARTCharPutNonBlocking            
0020fbaf  UARTCharsAvail                    
0020fbbd  UARTSpaceAvail                    
0020fbcb  __TI_decompress_none              
0020fbd9  UARTTxIntModeSet                  
0020fbe5  __TI_zero_init                    
0020fbf1  flash_device_id_read              
0020fbfd  httpd_clear_command               
0020fc15  rtc_init                          
0020fc21  UARTCharGet                       
0020fc2b  UARTCharPut                       
0020fc35  UARTFIFOEnable                    
0020fc3f  UARTIntStatus                     
0020fc49  UARTBusy                          
0020fc51  UARTIntEnable                     
0020fc59  UARTRxErrorGet                    
0020fc61  httpd_init                        
0020fc69  low_priority_msg_to_reg           
0020fc71  DummyFunc1                        
0020fc77  DummyFunc2                        
0020fc7d  DummyFunc3                        
0020fc83  DummyFunc4                        
0020fc89  SysCtlDelay                       
0020fc8f  UARTFIFOLevelSet                  
0020fc95  UARTRxErrorClear                  
0020fc9b  UARTIntClear                      
0020fc9f  __abort_execution                 
0020fca3  _system_pre_init                  
0020fe80  __TI_static_base__                
0020fffc  __TI_Handler_Table_Base           
00210008  __TI_Handler_Table_Limit          
00210040  __TI_CINIT_Base                   
00210088  AppCrc                            
00210088  __TI_CINIT_Limit                  
00210088  __TI_CRC_AppCrc                   
20000000  RamfuncsRunStart                  
20000001  isr_rs485                         
20000121  rs485_process_data                
200001f5  FlashInit                         
2000024b  FlashSetup                        
200002b0  RamfuncsRunEnd                    
200002b0  __stack                           
200003b0  __STACK_END                       
200003b0  __STACK_TOP                       
200003b0  _sys_memory                       
20000400  g_pfnRAMVectors                   
200051b0  bin_op                            
20005bbc  add                               
20005cf8  g_ulTickCounter                   
20005d00  MAC_ADDRESS                       
20005d08  IPMASK0                           
20005d09  IPMASK1                           
20005d0a  IPMASK2                           
20005d0b  IPMASK3                           
20005d0e  ADCP_RxTable                      
20005d20  ADCP_TxTable                      
20005d32  TIMEOUT_VALUE                     
20005e94  LedCtrl                           
20005e95  READ_RTC                          
20005e96  READ_IIB                          
20005e97  ITLK_ALARM_RESET                  
20005e98  PROCESS_DISP_MESS                 
20005e99  PROCESS_ETH_MESS                  
20005e9a  PROCESS_CAN_MESS                  
20005e9b  PROCESS_RS485_MESS                
20005e9c  PROCESS_POWER_TEMP_SAMPLE         
20005e9d  EEPROM_WRITE_REQUEST              
20005e9e  LED_STATUS_REQUEST                
20005e9f  SAMPLE_ADCP_REQUEST               
20005ea0  ADCP_SAMPLE_AVAILABLE_REQUEST     
20005ea4  __TI_cleanup_ptr                  
20005ea8  __TI_dtors_ptr                    
20005eac  __TI_enable_exit_profile_output   
20005ec0  Arm1                              
20005ec4  Arm2                              
20005ec8  _lock                             
20005ecc  _unlock                           
20005f76  uip_ethaddr                       
20005f7c  main_func_sp                      
20005f80  Temp1                             
20005f81  Temp2                             
20005f82  Temp3                             
20005f83  Temp4                             
20005f84  new_data_send                     
20005f88  time                              
20005f8a  iib_sample                        
20008000  g_controller_mtoc                 
2000a000  g_controller_ctom                 
20010000  samples_buffer_memory             
20014000  wfm_curve_memory                  
20018000  bsmp                              
2001e170  ucUIPBuffer                       
2001e800  g_sDMAControlTable                
2001ec00  uip_udp_conns                     
2001ef00  uip_conns                         
2001ef40  data_eeprom                       
2001ef7c  data                              
2001ef88  data_exio                         
2001ef94  data_temp                         
2001efa0  g_analog_ch_0                     
2001efac  g_analog_ch_1                     
2001efb8  g_analog_ch_2                     
2001efc4  g_analog_ch_3                     
2001efd0  g_analog_ch_4                     
2001efdc  g_analog_ch_5                     
2001efe8  g_analog_ch_6                     
2001eff4  g_analog_ch_7                     
2001f000  DataHour                          
2001f008  SerialNumber                      
2001f010  uip_listenports                   
2001f026  dummy_read                        
2001f02c  floatNchars                       
2001f030  ipaddr                            
2001f034  lARPTimer                         
2001f038  lPeriodicTimer                    
2001f03c  tmp1                              
2001f040  tmp2                              
2001f044  tmp3                              
2001f048  tmp4                              
2001f04c  uip_buf                           
2001f050  uip_hostaddr                      
2001f054  uip_netmask                       
2001f058  ulLoop                            
2001f05c  ulTemp                            
2001f060  ulTimeout                         
2001f065  IPADDR0                           
2001f066  IPADDR1                           
2001f067  IPADDR2                           
2001f068  IPADDR3                           
2001f069  g_current_ps_id                   
2007f000  g_ipc_ctom                        
2007f800  g_ipc_mtoc                        
ffffffff  __TI_pprof_out_hndl               
ffffffff  __TI_prof_data_size               
ffffffff  __TI_prof_data_start              
ffffffff  __binit__                         
ffffffff  __c_args__                        
ffffffff  binit                             
UNDEFED   SHT$$INIT_ARRAY$$Base             
UNDEFED   SHT$$INIT_ARRAY$$Limit            

[621 symbols]
