******************************************************************************
                  TI ARM Linker PC v5.2.4                      
******************************************************************************
>> Linked Mon Jun 29 11:59:08 2015

OUTPUT FILE NAME:   <M3_V2.0.out>
ENTRY POINT SYMBOL: "_c_int00"  address: 00219c25


MEMORY CONFIGURATION

         name            origin    length      used     unused   attr    fill
----------------------  --------  ---------  --------  --------  ----  --------
  CSM_RSVD_Z2           0002ffe0   000001dc  00000000  000001dc  RWIX
  CSM_ECSL_Z1           00200000   00000024  00000000  00000024  RWIX
  CSM_RSVD_Z1           00200024   0000000c  00000000  0000000c  RWIX
  RESETISR              00200030   00000008  00000006  00000002  R  X
  INTVECS               00201000   00000258  00000258  00000000  R  X
  FLASHLOAD             00201258   00006da8  0000015c  00006c4c  R  X
  FLASH                 00208000   000f7e00  00012df0  000e5010  R  X
  CSM_ECSL_Z2           002fffdc   00000024  00000000  00000024  RWIX
  OTPSECLOCK            00681000   00000004  00000000  00000004  RWIX
  OTP_Reserved1         00681004   00000004  00000000  00000004  RWIX
  OTP_Reserved2         00681008   00000004  00000000  00000004  RWIX
  OTP_Z2_FLASH_START_AD 0068100c   00000004  00000000  00000004  RWIX
  OTP_EMACID            00681010   00000008  00000000  00000008  RWIX
  OTP_Reserved3         00681018   00000004  00000000  00000004  RWIX
  CUSTOMER_OTP_MAIN_OSC 0068101c   00000004  00000000  00000004  RWIX
  OTP_Reserved4         00681020   00000004  00000000  00000004  RWIX
  OTP_BOOT_MODE_GPIO_CO 00681024   00000004  00000000  00000004  RWIX
  OTP_Reserved5         00681028   00000004  00000000  00000004  RWIX
  OTP_ENTRY_POINT       0068102c   00000004  00000000  00000004  RWIX
  OTP_Reserved6         00681030   00000010  00000000  00000010  RWIX
  C0                    20000000   00002000  000004bc  00001b44  RW X
  C1                    20002000   00002000  00000000  00002000  RW X
  BOOT_RSVD             20004000   00000ff8  00000000  00000ff8  R  X
  C2                    200051b0   00000e50  00000000  00000e50  RW X
  C3                    20006000   00002000  00000f7f  00001081  RW X
  S0                    20008000   00002000  00000000  00002000  RW X
  S1                    2000a000   00002000  00000000  00002000  RW X
  S2                    2000c000   00002000  00000000  00002000  RW X
  S3                    2000e000   00002000  00000000  00002000  RW X
  S4                    20010000   00002000  00000000  00002000  RW X
  S5                    20012000   00002000  00000000  00002000  RW X
  S6                    20014000   00002000  00000000  00002000  RW X
  S7                    20016000   00002000  00000000  00002000  RW X
  C4                    20018000   00002000  00002000  00000000  RW X
  C5                    2001a000   00002000  00001092  00000f6e  RW X
  C6                    2001c000   00002000  00000000  00002000  RW X
  C7                    2001e000   00002000  00000000  00002000  RW X
  C8                    20020000   00002000  00000000  00002000  RW X
  C9                    20022000   00002000  00000000  00002000  RW X
  C10                   20024000   00002000  00000000  00002000  RW X
  C11                   20026000   00002000  00000000  00002000  RW X
  C12                   20028000   00002000  00000000  00002000  RW X
  C13                   2002a000   00002000  00000000  00002000  RW X
  C14                   2002c000   00002000  00000000  00002000  RW X
  C15                   2002e000   00002000  00000000  00002000  RW X
  CTOMRAM               2007f000   00000800  00000000  00000800  R  X
  MTOCRAM               2007f800   00000800  00000000  00000800  RW X


SEGMENT ALLOCATION MAP

run origin  load origin   length   init length attrs members
----------  ----------- ---------- ----------- ----- -------
00200030    00200030    00000006   00000006    r-x
  00200030    00200030    00000006   00000006    r-x .resetisr
00201000    00201000    00000258   00000258    r--
  00201000    00201000    00000258   00000258    r-- .intvecs
00208000    00208000    00012df0   00012df0    r-x
  00208000    00208000    00012528   00012528    r-x .text
  0021a528    0021a528    00000628   00000628    r-- .const
  0021ab50    0021ab50    00000238   00000238    r-- .cinit
  0021ad88    0021ad88    00000068   00000068    r-- .TI.crctab
20000000    00201258    0000015c   0000015c    r-x
  20000000    00201258    0000015c   0000015c    r-x ramfuncs
2000015c    2000015c    00000100   00000000    rw-
  2000015c    2000015c    00000100   00000000    rw- .stack
20000260    20000260    00000008   00000000    rw-
  20000260    20000260    00000008   00000000    rw- .sysmem
20000400    20000400    00000258   00000000    rw-
  20000400    20000400    00000258   00000000    rw- .vtable
20006000    20006000    00000f7f   00000000    rw-
  20006000    20006000    00000f7f   00000000    rw- .data
20018000    20018000    00003092   00000000    rw-
  20018000    20018000    00002000   00000000    rw- .bss.1
  2001a000    2001a000    00001092   00000000    rw- .bss.2


SECTION ALLOCATION MAP

 output                                  attributes/
section   page    origin      length       input sections
--------  ----  ----------  ----------   ----------------
.resetisr 
*          0    00200030    00000006     
                  00200030    00000006     startup_ccs.obj (.resetisr:ResetISR)

.intvecs   0    00201000    00000258     
                  00201000    00000258     startup_ccs.obj (.intvecs)

ramfuncs   0    00201258    0000015c     RUN ADDR = 20000000
                  00201258    000000bc     driverlib.lib : flash.obj (ramfuncs)
                  00201314    00000080     usb_dev_serial.obj (ramfuncs:ControlHandler)
                  00201394    00000008     usblib.lib : usbbuffer.obj (.tramp.USBBufferFlush.1)
                  0020139c    00000008     usb_dev_serial.obj (.tramp.GetLineCoding.1)
                  002013a4    00000008     usb_dev_serial.obj (.tramp.SetLineCoding.1)
                  002013ac    00000008     usb_dev_serial.obj (.tramp.SendBreak.1)

.text      0    00208000    00012528     
                  00208000    000026a4     usblib.lib : usbhostenum.obj (.text)
                  0020a6a4    00001258     uip.obj (.text:uip_process)
                  0020b8fc    0000109a     rtsv7M3_T_le_eabi.lib : _printfi.obj (.text)
                  0020c996    00000002     startup_ccs.obj (.text:FaultISR)
                  0020c998    00000ef4     usblib.lib : usbdenum.obj (.text)
                  0020d88c    00000c2a                : usbdcdc.obj (.text)
                  0020e4b6    00000002     startup_ccs.obj (.text:IntDefaultHandler)
                  0020e4b8    00000c10     md5.obj (.text:MD5Transform)
                  0020f0c8    00000a0c     usblib.lib : usbhhub.obj (.text)
                  0020fad4    00000970     driverlib.lib : usb.obj (.text)
                  00210444    0000096c                   : sysctl.obj (.text)
                  00210db0    000005f0     ihm.obj (.text:ProcessCmd)
                  002113a0    00000578     driverlib.lib : ipc_lite.obj (.text)
                  00211918    00000486     usblib.lib : usbbuffer.obj (.text)
                  00211d9e    00000002     startup_ccs.obj (.text:NmiSR)
                  00211da0    00000448     driverlib.lib : gpio.obj (.text)
                  002121e8    00000438     usblib.lib : usbdconfig.obj (.text)
                  00212620    00000434                : usbmode.obj (.text)
                  00212a54    000003dc     rtsv7M3_T_le_eabi.lib : memory.obj (.text)
                  00212e30    00000310     driverlib.lib : ethernet.obj (.text)
                  00213140    0000030c     rtsv7M3_T_le_eabi.lib : lowlev.obj (.text)
                  0021344c    000002ec     ethernet_uip.obj (.text:EthernetInit)
                  00213738    000002ec     driverlib.lib : udma.obj (.text)
                  00213a24    000002e6     usblib.lib : usbringbuf.obj (.text)
                  00213d0a    000002de                : usbdcdesc.obj (.text)
                  00213fe8    000002d4     rtsv7M3_T_le_eabi.lib : trgdrv.obj (.text)
                  002142bc    000002d0     driverlib.lib : interrupt.obj (.text)
                  0021458c    000002a8                   : uart.obj (.text)
                  00214834    00000298     rtsv7M3_T_le_eabi.lib : vla_alloc.obj (.text)
                  00214acc    0000021c     ethernet_uip.obj (.text:EthernetProcessData)
                  00214ce8    0000020c     superv_cmd.obj (.text:ProcessCmdUsb)
                  00214ef4    000001f8     uip_arp.obj (.text:uip_arp_out)
                  002150ec    000001f4     rtsv7M3_T_le_eabi.lib : ull_div_t2.obj (.text)
                  002152e0    000001e8     set_pinout_ctrl_card.obj (.text:PortControlSet)
                  002154c8    000001d2     usblib.lib : usbdesc.obj (.text)
                  0021569a    00000002     --HOLE-- [fill = 0]
                  0021569c    000001c4     rtsv7M3_T_le_eabi.lib : fopen.obj (.text)
                  00215860    000001b6                           : fd_add_t2.obj (.text)
                  00215a16    00000002     --HOLE-- [fill = 0]
                  00215a18    000001ac     driverlib.lib : ipc_util.obj (.text)
                  00215bc4    00000188     dhcpc.obj (.text:handle_dhcp)
                  00215d4c    0000015c     server_priv.obj (.text:var_write_read)
                  00215ea8    00000154     ethernet_uip.obj (.text:EthernetPacketGetDMA)
                  00215ffc    00000140     server_priv.obj (.text:group_bin_op)
                  0021613c    00000140     uip_arp.obj (.text:uip_arp_update)
                  0021627c    0000013c     server_priv.obj (.text:group_write)
                  002163b8    00000136     rtsv7M3_T_le_eabi.lib : fd_div_t2.obj (.text)
                  002164ee    00000002     --HOLE-- [fill = 0]
                  002164f0    00000134                           : fputs.obj (.text)
                  00216624    0000012c     uip_arp.obj (.text:uip_arp_arpin)
                  00216750    00000110     rtsv7M3_T_le_eabi.lib : xdscale.obj (.text)
                  00216860    0000010c     server_priv.obj (.text:var_bin_op)
                  0021696c    00000108     driverlib.lib : ram.obj (.text)
                  00216a74    00000100     server_priv.obj (.text:var_write)
                  00216b74    000000fc     server_priv.obj (.text:curve_recalc_csum)
                  00216c70    000000fc     rtsv7M3_T_le_eabi.lib : fd_mul_t2.obj (.text)
                  00216d6c    000000fa     server_priv.obj (.text:group_create)
                  00216e66    00000002     --HOLE-- [fill = 0]
                  00216e68    000000f0     set_pinout_ctrl_card.obj (.text:PinCorSet)
                  00216f58    000000e8     usb_dev_serial.obj (.text:SetLineCoding)
                  00217040    000000e8     usblib.lib : usbtick.obj (.text)
                  00217128    000000e6     server_priv.obj (.text:group_read)
                  0021720e    00000002     --HOLE-- [fill = 0]
                  00217210    000000e0     ethernet_uip.obj (.text:EthernetPacketPutDMA)
                  002172f0    000000de     server_priv.obj (.text:curve_block_request)
                  002173ce    000000dc     server_priv.obj (.text:curve_block)
                  002174aa    00000002     --HOLE-- [fill = 0]
                  002174ac    000000dc     rtsv7M3_T_le_eabi.lib : setvbuf.obj (.text)
                  00217588    000000d4     server.obj (.text:bsmp_process_packet)
                  0021765c    000000d0     ethernet_uip.obj (.text:EthernetIntHandler)
                  0021772c    000000cc     ihm.obj (.text:SendDisplay)
                  002177f8    000000c8     dhcpc.obj (.text:parse_options)
                  002178c0    000000c8     rtsv7M3_T_le_eabi.lib : fflush.obj (.text)
                  00217988    000000c6     server_priv.obj (.text:func_execute)
                  00217a4e    00000002     --HOLE-- [fill = 0]
                  00217a50    000000c0     usb_dev_serial.obj (.text:GetLineCoding)
                  00217b10    000000c0     main.obj (.text:main)
                  00217bd0    000000be     rtsv7M3_T_le_eabi.lib : xdnorm.obj (.text)
                  00217c8e    00000002     --HOLE-- [fill = 0]
                  00217c90    000000b8     set_pinout_ctrl_card.obj (.text:PinoutSet)
                  00217d48    000000b6     md5.obj (.text:MD5Update)
                  00217dfe    00000002     --HOLE-- [fill = 0]
                  00217e00    000000b0     dhcpc.obj (.text:create_msg)
                  00217eb0    000000b0     httpd.obj (.text:httpd_appcall)
                  00217f60    000000b0     server_priv.obj (.text:var_read)
                  00218010    000000ac     server_priv.obj (.text:curve_query_list)
                  002180bc    000000ac     driverlib.lib : watchdog.obj (.text)
                  00218168    000000ac     rtsv7M3_T_le_eabi.lib : _io_perm.obj (.text)
                  00218214    000000a8     uip.obj (.text:uip_add32)
                  002182bc    000000a6     server.obj (.text:bsmp_register_variable)
                  00218362    000000a6     uip.obj (.text:chksum)
                  00218408    0000009c     rs485.obj (.text:RS485ProcessData)
                  002184a4    0000009c     server_priv.obj (.text:group_query)
                  00218540    0000009c     rtsv7M3_T_le_eabi.lib : memcpy_t2.obj (.text)
                  002185dc    0000009c     uip.obj (.text:uip_init)
                  00218678    00000098     ihm.obj (.text:SeparaDado)
                  00218710    00000098     rtsv7M3_T_le_eabi.lib : fclose.obj (.text)
                  002187a8    00000098                           : fputc.obj (.text)
                  00218840    00000094     set_pinout_ctrl_card.obj (.text:EnablePeripherals)
                  002188d4    00000086     rtsv7M3_T_le_eabi.lib : fd_cmp_t2.obj (.text:__aeabi_cdcmple)
                  0021895a    00000086                           : fd_cmp_t2.obj (.text:__aeabi_cdrcmple)
                  002189e0    00000086     server_priv.obj (.text:group_query_list)
                  00218a66    00000002     --HOLE-- [fill = 0]
                  00218a68    00000084     rs485.obj (.text:RS485IntHandler)
                  00218aec    00000082     server_priv.obj (.text:var_query_list)
                  00218b6e    00000080     md5.obj (.text:Encode)
                  00218bee    00000002     --HOLE-- [fill = 0]
                  00218bf0    00000080     rs485.obj (.text:RS485TxHandler)
                  00218c70    00000080     superv_cmd.obj (.text:SeparaDadoUsb)
                  00218cf0    00000080     server_priv.obj (.text:curve_query_csum)
                  00218d70    0000007a     rtsv7M3_T_le_eabi.lib : memset_t2.obj (.text)
                  00218dea    00000002     --HOLE-- [fill = 0]
                  00218dec    00000078     driverlib.lib : systick.obj (.text)
                  00218e64    00000078     server_priv.obj (.text:func_query_list)
                  00218edc    00000074     ihm.obj (.text:IHMIntHandler)
                  00218f50    00000070     superv_cmd.obj (.text:CheckSumCalcUsb)
                  00218fc0    00000070     usb_dev_serial.obj (.text:InitUSBSerialDevice)
                  00219030    00000070     superv_cmd.obj (.text:SendUsb)
                  002190a0    00000070     uip.obj (.text:upper_layer_chksum)
                  00219110    0000006c     usb_dev_serial.obj (.text:USBloop)
                  0021917c    0000006c     rtsv7M3_T_le_eabi.lib : autoinit.obj (.text)
                  002191e8    0000006c                           : fprintf.obj (.text)
                  00219254    0000006c     uip_arp.obj (.text:uip_arp_timer)
                  002192c0    0000006a     rtsv7M3_T_le_eabi.lib : copy_decompress_rle.obj (.text)
                  0021932a    00000002     --HOLE-- [fill = 0]
                  0021932c    00000068     md5.obj (.text:MD5Final)
                  00219394    00000068     dhcpc.obj (.text:parse_msg)
                  002193fc    00000068     rtsv7M3_T_le_eabi.lib : trgmsg.obj (.text)
                  00219464    00000066     md5.obj (.text:Decode)
                  002194ca    00000066     rtsv7M3_T_le_eabi.lib : xdunscal.obj (.text)
                  00219530    00000064                           : fseek.obj (.text)
                  00219594    00000056                           : ltoa.obj (.text)
                  002195ea    00000002     --HOLE-- [fill = 0]
                  002195ec    00000054     ethernet_uip.obj (.text:dhcpc_configured)
                  00219640    00000054     uip.obj (.text:uip_add_rcv_nxt)
                  00219694    00000052     server_priv.obj (.text:group_to_mod_list)
                  002196e6    00000002     --HOLE-- [fill = 0]
                  002196e8    00000050     uip.obj (.text:uip_listen)
                  00219738    0000004c     ethernet_uip.obj (.text:EthernetProcessCMD)
                  00219784    0000004c     server_priv.obj (.text:query_version)
                  002197d0    0000004c     rtsv7M3_T_le_eabi.lib : atoi.obj (.text)
                  0021981c    0000004c                           : cpy_tbl.obj (.text)
                  00219868    00000048     ihm.obj (.text:InitDisplay)
                  002198b0    00000048     usb_dev_serial.obj (.text:RxHandler)
                  002198f8    00000048     ethernet_uip.obj (.text:SetIPAddress)
                  00219940    00000048     ethernet_uip.obj (.text:SetIPMask)
                  00219988    00000048     server.obj (.text:bsmp_server_init)
                  002199d0    00000048     rtsv7M3_T_le_eabi.lib : fd_toi_t2.obj (.text)
                  00219a18    00000048     dhcpc.obj (.text:send_request)
                  00219a60    00000046     rtsv7M3_T_le_eabi.lib : ldexp.obj (.text)
                  00219aa6    00000002     --HOLE-- [fill = 0]
                  00219aa8    00000044                           : exit.obj (.text)
                  00219aec    00000040                           : signal.obj (.text)
                  00219b2c    00000040     dhcpc.obj (.text:send_discover)
                  00219b6c    0000003e     dhcpc.obj (.text:add_req_options)
                  00219baa    0000003e     server_priv.obj (.text:group_add_var)
                  00219be8    0000003c     md5.obj (.text:MD5Init)
                  00219c24    0000003c     rtsv7M3_T_le_eabi.lib : boot.obj (.text)
                  00219c60    00000038     communication_par.obj (.text:ChargeCommunicationParam)
                  00219c98    00000038     ihm.obj (.text:DisplayProcessData)
                  00219cd0    00000038     rs485.obj (.text:InitRS485)
                  00219d08    00000038     uip.obj (.text:uip_send)
                  00219d40    00000036     driverlib.lib : cpu.obj (.text)
                  00219d76    00000036     server_priv.obj (.text:group_remove_all)
                  00219dac    00000036     bsmp_lib.obj (.text:hook)
                  00219de2    00000002     --HOLE-- [fill = 0]
                  00219de4    00000034     bsmp_lib.obj (.text:BSMPInit)
                  00219e18    00000034     rs485.obj (.text:ConfigRS485)
                  00219e4c    00000034     usb_dev_serial.obj (.text:SendBreak)
                  00219e80    00000034     bsmp.obj (.text:binops_clear)
                  00219eb4    00000034     rtsv7M3_T_le_eabi.lib : feraiseexcept.obj (.text)
                  00219ee8    00000032     bsmp.obj (.text:binops_and)
                  00219f1a    00000032     bsmp.obj (.text:binops_or)
                  00219f4c    00000032     bsmp.obj (.text:binops_xor)
                  00219f7e    00000030     dhcpc.obj (.text:add_msg_type)
                  00219fae    00000002     --HOLE-- [fill = 0]
                  00219fb0    00000030     dhcpc.obj (.text:add_req_ipaddr)
                  00219fe0    00000030     dhcpc.obj (.text:add_server_id)
                  0021a010    00000030     httpd.obj (.text:httpd_insert_response)
                  0021a040    00000030     rtsv7M3_T_le_eabi.lib : strncpy.obj (.text)
                  0021a070    00000030                           : xferaise.obj (.text)
                  0021a0a0    00000030     uip.obj (.text:uip_ipchksum)
                  0021a0d0    0000002e     rtsv7M3_T_le_eabi.lib : i_tofd_t2.obj (.text)
                  0021a0fe    0000002e                           : raise.obj (.text)
                  0021a12c    0000002c     signals_onboard.obj (.text:HeartBeatLED)
                  0021a158    0000002c     ethernet_uip.obj (.text:SysTickIntHandler)
                  0021a184    0000002a     rtsv7M3_T_le_eabi.lib : xdclass.obj (.text)
                  0021a1ae    0000002a     server_priv.obj (.text:var_check)
                  0021a1d8    00000028     rs485.obj (.text:SetRS485Address)
                  0021a200    00000024     server.obj (.text:bsmp_register_hook)
                  0021a224    00000024     server_priv.obj (.text:group_init)
                  0021a248    00000022     rtsv7M3_T_le_eabi.lib : frexp.obj (.text)
                  0021a26a    00000022                           : memcmp.obj (.text)
                  0021a28c    00000020     superv_cmd.obj (.text:ClearBufferUsb)
                  0021a2ac    00000020     superv_cmd.obj (.text:MensagUsb)
                  0021a2cc    00000020     ethernet_uip.obj (.text:SetMacAddress)
                  0021a2ec    00000020     rtsv7M3_T_le_eabi.lib : memchr.obj (.text)
                  0021a30c    0000001e     uip_timer.obj (.text:timer_expired)
                  0021a32a    0000001c     uip.obj (.text:htons)
                  0021a346    0000001a     rtsv7M3_T_le_eabi.lib : memccpy.obj (.text)
                  0021a360    00000018     bsmp_lib.obj (.text:BSMPprocess)
                  0021a378    00000018     rtsv7M3_T_le_eabi.lib : args_main.obj (.text)
                  0021a390    00000018                           : strcmp.obj (.text)
                  0021a3a8    00000018     usblib.lib : usbdhandler.obj (.text)
                  0021a3c0    00000018     bsmp_lib.obj (.text:write_led)
                  0021a3d8    00000016     dhcpc.obj (.text:add_end)
                  0021a3ee    00000016     rtsv7M3_T_le_eabi.lib : strchr.obj (.text)
                  0021a404    00000016                           : strcpy.obj (.text)
                  0021a41a    00000016     uip_timer.obj (.text:timer_set)
                  0021a430    00000014     usb_dev_serial.obj (.text:TxHandler)
                  0021a444    00000014     httpd.obj (.text:httpd_get_command)
                  0021a458    00000014     rtsv7M3_T_le_eabi.lib : _lock.obj (.text)
                  0021a46c    00000014                           : strlen.obj (.text)
                  0021a480    0000000e                           : copy_decompress_none.obj (.text:decompress:none)
                  0021a48e    00000002     --HOLE-- [fill = 0]
                  0021a490    0000000c     httpd.obj (.text:BufferLen)
                  0021a49c    0000000c     rs485.obj (.text:ReadRS485Address)
                  0021a4a8    0000000c     superv_cmd.obj (.text:SetNewData)
                  0021a4b4    0000000c     ethernet_uip.obj (.text:clock_time)
                  0021a4c0    0000000c     rtsv7M3_T_le_eabi.lib : copy_zero_init.obj (.text:decompress:ZI)
                  0021a4cc    0000000c     httpd.obj (.text:httpd_clear_command)
                  0021a4d8    0000000c     httpd.obj (.text:httpd_init)
                  0021a4e4    0000000c     bsmp_lib.obj (.text:read_led)
                  0021a4f0    0000000a     uip.obj (.text:uip_tcpchksum)
                  0021a4fa    00000002     --HOLE-- [fill = 0]
                  0021a4fc    00000008     httpd.obj (.text:BufferAdress)
                  0021a504    00000008     dhcpc.obj (.text:dhcpc_appcall)
                  0021a50c    00000006     driverlib.lib : sysctl.obj (.text:SysCtlDelay)
                  0021a512    00000006     rtsv7M3_T_le_eabi.lib : copy_decompress_rle.obj (.text:decompress:rle24)
                  0021a518    00000004                           : error.obj (.text)
                  0021a51c    00000004                           : pre_init.obj (.text)
                  0021a520    00000008     driverlib.lib : flash.obj (.tramp.FlashInit.1)

.const     0    0021a528    00000628     
                  0021a528    00000102     ethernet_uip.obj (.const:$P$T0$2)
                  0021a62a    00000101     rtsv7M3_T_le_eabi.lib : ctype.obj (.const:.string:_ctypes_)
                  0021a72b    00000001     --HOLE-- [fill = 0]
                  0021a72c    00000088     driverlib.lib : gpio.obj (.const:g_pulGPIOBaseAddrs)
                  0021a7b4    00000078     usblib.lib : usbdenum.obj (.const:g_sUSBDefaultFIFOConfig)
                  0021a82c    00000070     driverlib.lib : interrupt.obj (.const:g_pulRegs)
                  0021a89c    00000064                   : sysctl.obj (.const)
                  0021a900    00000038     usblib.lib : usbdcdc.obj (.const)
                  0021a938    00000036     usb_serial_structs.obj (.const:.string:g_pConfigString)
                  0021a96e    00000002     --HOLE-- [fill = 0]
                  0021a970    00000034     usblib.lib : usbdenum.obj (.const:g_psUSBDStdRequests)
                  0021a9a4    0000002c     usb_serial_structs.obj (.const:.string:g_pControlInterfaceString)
                  0021a9d0    0000002c     usb_serial_structs.obj (.const:g_sCDCDevice)
                  0021a9fc    00000024     usb_serial_structs.obj (.const:.string:g_pManufacturerString)
                  0021aa20    00000024     usb_serial_structs.obj (.const:g_sRxBuffer)
                  0021aa44    00000024     usb_serial_structs.obj (.const:g_sTxBuffer)
                  0021aa68    00000023     usblib.lib : usbdcdc.obj (.const:.string:g_pCDCSerCommInterface)
                  0021aa8b    00000022     usb_serial_structs.obj (.const:.string:g_pProductString)
                  0021aaad    00000003     --HOLE-- [fill = 0]
                  0021aab0    00000020     bsmp_lib.obj (.const)
                  0021aad0    00000020     driverlib.lib : interrupt.obj (.const)
                  0021aaf0    00000018     usb_serial_structs.obj (.const)
                  0021ab08    00000017     usblib.lib : usbdcdc.obj (.const:.string)
                  0021ab1f    00000016     usb_serial_structs.obj (.const:.string)
                  0021ab35    00000001     --HOLE-- [fill = 0]
                  0021ab36    0000000a     uip_arp.obj (.const)
                  0021ab40    00000008     dhcpc.obj (.const:.string)
                  0021ab48    00000008     uip.obj (.const)

.cinit     0    0021ab50    00000238     
                  0021ab50    000001ef     (.cinit..data.load) [load image, compression = rle]
                  0021ad3f    00000001     --HOLE-- [fill = 0]
                  0021ad40    0000000c     (__TI_handler_table)
                  0021ad4c    00000004     --HOLE-- [fill = 0]
                  0021ad50    00000008     (.cinit..bss.1.load) [load image, compression = zero_init]
                  0021ad58    00000008     (.cinit..bss.2.load) [load image, compression = zero_init]
                  0021ad60    00000008     (.cinit..vtable.load) [load image, compression = zero_init]
                  0021ad68    00000020     (__TI_cinit_table)

.TI.crctab 
*          0    0021ad88    00000068     
                  0021ad88    00000068     (.TI.crctab:AppCrc)

.stack     0    2000015c    00000100     UNINITIALIZED
                  2000015c    00000100     --HOLE--

.sysmem    0    20000260    00000008     UNINITIALIZED
                  20000260    00000008     rtsv7M3_T_le_eabi.lib : memory.obj (.sysmem)

.vtable    0    20000400    00000258     UNINITIALIZED
                  20000400    00000258     driverlib.lib : interrupt.obj (.vtable)

.data      0    20006000    00000f7f     UNINITIALIZED
                  20006000    00000400     bsmp.obj (.data:bin_op)
                  20006400    00000400     server.obj (.data:command)
                  20006800    00000106     rs485.obj (.data:recv_buffer)
                  20006906    00000106     rs485.obj (.data:send_buffer)
                  20006a0c    00000102     httpd.obj (.data:rx_buffer)
                  20006b0e    00000001     ihm.obj (.data)
                  20006b0f    00000001     superv_cmd.obj (.data)
                  20006b10    000000f0     rtsv7M3_T_le_eabi.lib : defs.obj (.data:_ftable)
                  20006c00    000000d0                           : lowlev.obj (.data)
                  20006cd0    000000b0                           : signal.obj (.data:sigtable)
                  20006d80    00000080                           : xvalues.obj (.data)
                  20006e00    0000004c     usblib.lib : usbdcdc.obj (.data:g_sCDCSerDeviceInfo)
                  20006e4c    00000040     md5.obj (.data:PADDING)
                  20006e8c    00000040     usblib.lib : usbdcdc.obj (.data)
                  20006ecc    00000030                : usbhostenum.obj (.data)
                  20006efc    00000015     rs485.obj (.data)
                  20006f11    00000001     usb_dev_serial.obj (.data)
                  20006f12    00000002     --HOLE--
                  20006f14    00000010     rtsv7M3_T_le_eabi.lib : defs.obj (.data)
                  20006f24    0000000c                           : memory.obj (.data)
                  20006f30    0000000c     usblib.lib : usbtick.obj (.data)
                  20006f3c    00000009                : usbmode.obj (.data)
                  20006f45    00000003     --HOLE--
                  20006f48    00000008     rtsv7M3_T_le_eabi.lib : _lock.obj (.data)
                  20006f50    00000008                           : exit.obj (.data)
                  20006f58    00000008                           : feraiseexcept.obj (.data)
                  20006f60    00000006     ethernet_uip.obj (.data)
                  20006f66    00000006     uip.obj (.data)
                  20006f6c    00000004     rtsv7M3_T_le_eabi.lib : errno.obj (.data)
                  20006f70    00000004                           : fopen.obj (.data)
                  20006f74    00000004                           : stkdepth_vars.obj (.data)
                  20006f78    00000004     usblib.lib : usbdenum.obj (.data)
                  20006f7c    00000003     httpd.obj (.data)

GETBUFFER 
*          0    2007f000    00000000     DSECT

GETWRITEIDX 
*          0    2007f000    00000000     DSECT

PUTREADIDX 
*          0    2007f000    00000000     DSECT

.TI.persistent 
*          0    20006000    00000000     UNINITIALIZED

.bss.1     0    20018000    00002000     UNINITIALIZED
                  20018000    0000185c     bsmp_lib.obj (.bss:bsmp)
                  2001985c    00000644     ethernet_uip.obj (.bss:ucUIPBuffer)
                  20019ea0    00000120     rtsv7M3_T_le_eabi.lib : trgmsg.obj (.bss:__CIOBUF_)
                  20019fc0    00000040     usblib.lib : usbdenum.obj (.bss:g_pucDataBufferIn)

.bss.2     0    2001a000    00001092     UNINITIALIZED
                  2001a000    000005fc     usblib.lib : usbhostenum.obj (.bss:g_sUSBHCD)
                  2001a5fc    00000110     ihm.obj (.bss:Dado)
                  2001a70c    0000010e     superv_cmd.obj (.bss:DadoUsb)
                  2001a81a    00000105     ihm.obj (.bss:Mensagem)
                  2001a91f    00000100     usb_serial_structs.obj (.bss:g_pcUSBRxBuffer)
                  2001aa1f    00000100     usb_serial_structs.obj (.bss:g_pcUSBTxBuffer)
                  2001ab1f    00000001     (.common:IPADDR0)
                  2001ab20    00000100     uip.obj (.bss:uip_udp_conns)
                  2001ac20    000000a0     rtsv7M3_T_le_eabi.lib : defs.obj (.bss:__TI_tmpnams)
                  2001acc0    00000067     superv_cmd.obj (.bss:MensagemUsb)
                  2001ad27    00000001     (.common:IPADDR1)
                  2001ad28    00000060     uip_arp.obj (.bss:arp_table)
                  2001ad88    00000054     usblib.lib : usbdenum.obj (.bss:g_psUSBDevice)
                  2001addc    00000040     uip.obj (.bss:uip_conns)
                  2001ae1c    0000003c     usblib.lib : usbhostenum.obj (.bss)
                  2001ae58    00000034     dhcpc.obj (.bss:s)
                  2001ae8c    00000034     uip.obj (.bss:uip_stat)
                  2001aec0    00000030     usblib.lib : usbtick.obj (.bss)
                  2001aef0    0000002c     usb_serial_structs.obj (.bss:g_sCDCInstance)
                  2001af1c    0000001c     rtsv7M3_T_le_eabi.lib : vla_alloc.obj (.bss)
                  2001af38    00000018     (.common:g_pucRxBufferWorkspace)
                  2001af50    00000018     (.common:g_pucTxBufferWorkspace)
                  2001af68    0000000c     usblib.lib : usbhhub.obj (.bss)
                  2001af74    0000000c                : usbmode.obj (.bss)
                  2001af80    00000008     (.common:parmbuf)
                  2001af88    00000008     (.common:response_to_client)
                  2001af90    00000008     (.common:send_packet$1)
                  2001af98    00000008     (.common:uip_listenports)
                  2001afa0    00000006     (.common:sTempAddr)
                  2001afa6    00000002     (.common:ipid)
                  2001afa8    00000004     (.common:floatNchars)
                  2001afac    00000004     (.common:g_ulFlags)
                  2001afb0    00000004     (.common:ipaddr)
                  2001afb4    00000004     (.common:ipaddr)
                  2001afb8    00000004     (.common:iss)
                  2001afbc    00000004     (.common:lARPTimer)
                  2001afc0    00000004     (.common:lPeriodicTimer)
                  2001afc4    00000004     (.common:uip_acc32)
                  2001afc8    00000004     (.common:uip_appdata)
                  2001afcc    00000004     (.common:uip_buf)
                  2001afd0    00000004     (.common:uip_conn)
                  2001afd4    00000004     (.common:uip_draddr)
                  2001afd8    00000004     (.common:uip_hostaddr)
                  2001afdc    00000004     (.common:uip_netmask)
                  2001afe0    00000004     (.common:uip_sappdata)
                  2001afe4    00000004     (.common:uip_udp_conn)
                  2001afe8    00000004     (.common:ulTemp)
                  2001afec    00000004     (.common:ulUser0)
                  2001aff0    00000004     (.common:ulUser1)
                  2001aff4    00000004     (.common:var1)
                  2001aff8    00000004     (.common:var2)
                  2001affc    00000002     (.common:lastport)
                  2001affe    00000002     (.common:tmp16)
                  2001b000    00000080     ethernet_uip.obj (.bss:g_sDMAControlTable)
                  2001b080    00000002     (.common:uip_len)
                  2001b082    00000002     (.common:uip_slen)
                  2001b084    00000001     (.common:IPADDR2)
                  2001b085    00000001     (.common:IPADDR3)
                  2001b086    00000001     (.common:IPMASK0)
                  2001b087    00000001     (.common:IPMASK1)
                  2001b088    00000001     (.common:IPMASK2)
                  2001b089    00000001     (.common:IPMASK3)
                  2001b08a    00000001     (.common:arptime)
                  2001b08b    00000001     (.common:c)
                  2001b08c    00000001     (.common:c)
                  2001b08d    00000001     (.common:count)
                  2001b08e    00000001     (.common:i)
                  2001b08f    00000001     (.common:opt)
                  2001b090    00000001     (.common:tmpage)
                  2001b091    00000001     (.common:uip_flags)


LINKER GENERATED COPY TABLES

__TI_cinit_table @ 0021ad68 records: 4, size/record: 8, table size: 32
	.data: load addr=0021ab50, load size=000001ef bytes, run addr=20006000, run size=00000f7f bytes, compression=rle
	.bss.1: load addr=0021ad50, load size=00000008 bytes, run addr=20018000, run size=00002000 bytes, compression=zero_init
	.bss.2: load addr=0021ad58, load size=00000008 bytes, run addr=2001a000, run size=00001092 bytes, compression=zero_init
	.vtable: load addr=0021ad60, load size=00000008 bytes, run addr=20000400, run size=00000258 bytes, compression=zero_init


LINKER GENERATED HANDLER TABLE

__TI_handler_table @ 0021ad40 records: 3, size/record: 4, table size: 12
	index: 0, handler: __TI_zero_init
	index: 1, handler: __TI_decompress_rle24
	index: 2, handler: __TI_decompress_none


LINKER GENERATED CRC TABLES

AppCrc @ 0021ad88 records: 4, size/record: 24, table size: 104
	ramfuncs: algorithm=CRC32_PRIME(ID=0), load addr=00201258, size=0000015c, CRC=0000000026bf3c49
	.text: algorithm=CRC32_PRIME(ID=0), load addr=00208000, size=00012528, CRC=00000000c382d3c0
	.const: algorithm=CRC32_PRIME(ID=0), load addr=0021a528, size=00000628, CRC=000000007a7ac8c3
	.cinit: algorithm=CRC32_PRIME(ID=0), load addr=0021ab50, size=00000238, CRC=00000000ef53f1a6


FAR CALL TRAMPOLINES

callee name               trampoline name
   callee addr  tramp addr   call addr  call info
--------------  -----------  ---------  ----------------
FlashInit                 $Tramp$TT$L$PI$$FlashInit
   20000001     0021a520     00217b34   main.obj (.text:main)
USBBufferFlush            $Tramp$TT$L$PI$$USBBufferFlush
   00211cb3     2000013c     200000ce   usb_dev_serial.obj (ramfuncs:ControlHandler)
                             200000d4   usb_dev_serial.obj (ramfuncs:ControlHandler)
GetLineCoding             $Tramp$TT$L$PI$$GetLineCoding
   00217a51     20000144     200000dc   usb_dev_serial.obj (ramfuncs:ControlHandler)
SetLineCoding             $Tramp$TT$L$PI$$SetLineCoding
   00216f59     2000014c     200000e4   usb_dev_serial.obj (ramfuncs:ControlHandler)
SendBreak                 $Tramp$TT$L$PI$$SendBreak
   00219e4d     20000154     200000ec   usb_dev_serial.obj (ramfuncs:ControlHandler)
                             200000f4   usb_dev_serial.obj (ramfuncs:ControlHandler)

[5 trampolines]
[7 trampoline calls]


GLOBAL SYMBOLS: SORTED ALPHABETICALLY BY Name 

address   name                                 
-------   ----                                 
0021ad88  AppCrc                               
00219de5  BSMPInit                             
0021a361  BSMPprocess                          
0021a4fd  BufferAdress                         
0021a491  BufferLen                            
00219aa9  C$$EXIT                              
0021942b  C$$IO$$                              
00219d6d  CPUbasepriGet                        
00219d67  CPUbasepriSet                        
00219d41  CPUcpsid                             
00219d57  CPUcpsie                             
00219d4d  CPUprimask                           
00219d63  CPUwfi                               
00219c61  ChargeCommunicationParam             
00218f51  CheckSumCalcUsb                      
0021a28d  ClearBufferUsb                       
00219e19  ConfigRS485                          
200000bd  ControlHandler                       
2001a5fc  Dado                                 
2001a70c  DadoUsb                              
00219c99  DisplayProcessData                   
00218841  EnablePeripherals                    
00212e6d  EthernetConfigGet                    
00212e41  EthernetConfigSet                    
00212f01  EthernetDisable                      
00212edf  EthernetEnable                       
0021344d  EthernetInit                         
00212e31  EthernetInitExpClk                   
002130bf  EthernetIntClear                     
002130a9  EthernetIntDisable                   
002130a1  EthernetIntEnable                    
0021765d  EthernetIntHandler                   
00213081  EthernetIntRegister                  
002130b3  EthernetIntStatus                    
00213091  EthernetIntUnregister                
00212eb5  EthernetMACAddrGet                   
00212e87  EthernetMACAddrSet                   
00213103  EthernetPHYPowerOff                  
0021311f  EthernetPHYPowerOn                   
002130e3  EthernetPHYRead                      
002130c3  EthernetPHYWrite                     
00212f23  EthernetPacketAvail                  
00212fd7  EthernetPacketGet                    
00215ea9  EthernetPacketGetDMA                 
00212fc7  EthernetPacketGetNonBlocking         
00213077  EthernetPacketPut                    
00213067  EthernetPacketPutNonBlocking         
00219739  EthernetProcessCMD                   
00214acd  EthernetProcessData                  
00212f31  EthernetSpaceAvail                   
20000001  FlashInit                            
20000057  FlashSetup                           
00211e73  GPIODirModeGet                       
00211e43  GPIODirModeSet                       
00211ee3  GPIOIntTypeGet                       
00211e9d  GPIOIntTypeSet                       
00211f77  GPIOPadConfigGet                     
00211f1d  GPIOPadConfigSet                     
00212105  GPIOPinConfigure                     
00212169  GPIOPinConfigureCoreSelect           
00211fdb  GPIOPinIntClear                      
00211fbf  GPIOPinIntDisable                    
00211fb3  GPIOPinIntEnable                     
00211fcd  GPIOPinIntStatus                     
00212193  GPIOPinLock                          
00212189  GPIOPinLockStatus                    
0021200d  GPIOPinRead                          
00212019  GPIOPinTypeCAN                       
002120e9  GPIOPinTypeEPI                       
0021202d  GPIOPinTypeGPIOInput                 
00212041  GPIOPinTypeGPIOOutput                
00212055  GPIOPinTypeGPIOOutputOD              
00212069  GPIOPinTypeI2C                       
0021207d  GPIOPinTypeSSI                       
00212091  GPIOPinTypeTimer                     
002120a5  GPIOPinTypeUART                      
002120d5  GPIOPinTypeUSBAnalog                 
002120bd  GPIOPinTypeUSBDigital                
002121b9  GPIOPinUnlock                        
00212013  GPIOPinWrite                         
00211fe1  GPIOPortIntRegister                  
00211ff9  GPIOPortIntUnregister                
00214275  HOSTclock                            
0021423d  HOSTclose                            
002141ff  HOSTgetenv                           
002141a3  HOSTlseek                            
00214151  HOSTopen                             
00214105  HOSTread                             
002140a7  HOSTrename                           
0021406d  HOSTtime                             
00214035  HOSTunlink                           
00213fe9  HOSTwrite                            
0021a12d  HeartBeatLED                         
00218edd  IHMIntHandler                        
2001ab1f  IPADDR0                              
2001ad27  IPADDR1                              
2001b084  IPADDR2                              
2001b085  IPADDR3                              
00215a19  IPCCtoMFlagAcknowledge               
00215a23  IPCCtoMFlagBusy                      
00211731  IPCLiteCtoMClearBits                 
0021178b  IPCLiteCtoMClearBits_Protected       
0021160f  IPCLiteCtoMDataRead                  
002117fb  IPCLiteCtoMDataWrite                 
00211851  IPCLiteCtoMDataWrite_Protected       
002118bd  IPCLiteCtoMFunctionCall              
00211657  IPCLiteCtoMSetBits                   
002116b9  IPCLiteCtoMSetBits_Protected         
002115e9  IPCLiteMtoCBootBranch                
002114b7  IPCLiteMtoCClearBits                 
002114ff  IPCLiteMtoCClearBits_Protected       
002113c9  IPCLiteMtoCDataRead                  
00211547  IPCLiteMtoCDataWrite                 
00211581  IPCLiteMtoCDataWrite_Protected       
002115bb  IPCLiteMtoCFunctionCall              
002113a1  IPCLiteMtoCGetResult                 
00211407  IPCLiteMtoCSetBits                   
0021145f  IPCLiteMtoCSetBits_Protected         
00215a75  IPCMtoCBootControlSystem             
00215a35  IPCMtoCFlagBusy                      
00215a53  IPCMtoCFlagClear                     
00215a47  IPCMtoCFlagSet                       
00215a5f  IPCMtoCSharedRamConvert              
2001b086  IPMASK0                              
2001b087  IPMASK1                              
2001b088  IPMASK2                              
2001b089  IPMASK3                              
00219869  InitDisplay                          
00219cd1  InitRS485                            
00218fc1  InitUSBSerialDevice                  
00214419  IntDisable                           
0021439d  IntEnable                            
002142d3  IntFlashVTable                       
002142c9  IntMasterDisable                     
002142bf  IntMasterEnable                      
00214503  IntPendClear                         
00214497  IntPendSet                           
00214383  IntPriorityGet                       
00214335  IntPriorityGroupingGet               
00214323  IntPriorityGroupingSet               
00219d6d  IntPriorityMaskGet                   
00219d67  IntPriorityMaskSet                   
00214357  IntPrioritySet                       
002142e1  IntRAMVTable                         
002142ef  IntRegister                          
00214319  IntUnregister                        
00209cfd  InternalUSBHCDSendEvent              
00217087  InternalUSBRegisterTickHandler       
002170d5  InternalUSBStartOfFrameTick          
00217041  InternalUSBTickInit                  
0021707f  InternalUSBTickReset                 
0021932d  MD5Final                             
00219be9  MD5Init                              
00217d49  MD5Update                            
0021a2ad  MensagUsb                            
2001a81a  Mensagem                             
2001acc0  MensagemUsb                          
00212993  OTGDeviceDisconnect                  
00216e69  PinCorSet                            
00217c91  PinoutSet                            
00210db1  ProcessCmd                           
00214ce9  ProcessCmdUsb                        
0020daaf  ProcessDataFromHost                  
0020dba3  ProcessDataToHost                    
0020db4b  ProcessNotificationToHost            
002169fd  RAMControlInitL0L3Ram                
00216993  RAMControlInitM1MsgRam               
0021696d  RAMMReqSharedMemAccess               
00218a69  RS485IntHandler                      
00218409  RS485ProcessData                     
00218bf1  RS485TxHandler                       
002013b4  RamfuncsLoadEnd                      
0000015c  RamfuncsLoadSize                     
00201258  RamfuncsLoadStart                    
2000015c  RamfuncsRunEnd                       
0000015c  RamfuncsRunSize                      
20000000  RamfuncsRunStart                     
0021a49d  ReadRS485Address                     
00200031  ResetISR                             
002198b1  RxHandler                            
UNDEFED   SHT$$INIT_ARRAY$$Base                
UNDEFED   SHT$$INIT_ARRAY$$Limit               
0021772d  SendDisplay                          
00219031  SendUsb                              
00218679  SeparaDado                           
00218c71  SeparaDadoUsb                        
002198f9  SetIPAddress                         
00219941  SetIPMask                            
0021a2cd  SetMacAddress                        
0021a4a9  SetNewData                           
0021a1d9  SetRS485Address                      
00210b21  SysCtlC28Disable                     
00210b09  SysCtlC28Enable                      
00210a41  SysCtlClockConfigGet                 
002109fb  SysCtlClockConfigSet                 
002107a5  SysCtlClockDividersSet               
00210a95  SysCtlClockGet                       
002108d9  SysCtlClockPllConfig                 
002106d9  SysCtlDeepSleep                      
0021a50d  SysCtlDelay                          
00210c85  SysCtlEnableAERRNMI                  
00210463  SysCtlFlashSizeGet                   
00210b59  SysCtlGPIOAHBDisable                 
00210b3d  SysCtlGPIOAHBEnable                  
00210c9b  SysCtlGetNmiConfig                   
00210caf  SysCtlGetNmiFlagStatus               
00210ca1  SysCtlGetNmiInterruptStatus          
00210d05  SysCtlHoldSubSystemInReset           
00210ccf  SysCtlNmiFlgClr                      
00210ce7  SysCtlNmiFlgClrAll                   
00210cbd  SysCtlNmiIsSet                       
002106ad  SysCtlPeripheralClockGating          
00210685  SysCtlPeripheralDeepSleepDisable     
0021065d  SysCtlPeripheralDeepSleepEnable      
002105c7  SysCtlPeripheralDisable              
0021059f  SysCtlPeripheralEnable               
002105ef  SysCtlPeripheralIsEnabled            
0021046f  SysCtlPeripheralPresent              
002104d3  SysCtlPeripheralReset                
00210635  SysCtlPeripheralSleepDisable         
0021060d  SysCtlPeripheralSleepEnable          
002108b1  SysCtlPowerOffPLL                    
00210d35  SysCtlReleaseSubSystemFromReset      
002106d1  SysCtlReset                          
002106fb  SysCtlResetCauseClear                
002106f3  SysCtlResetCauseGet                  
00210445  SysCtlSRAMSizeGet                    
00219d63  SysCtlSleep                          
00210d57  SysCtlSubSystemReset                 
00210c63  SysCtlUSBPLLConfigGet                
00210bc7  SysCtlUSBPLLConfigSet                
00210baf  SysCtlUSBPLLDisable                  
00210b7d  SysCtlUSBPLLEnable                   
00210709  SysCtlXPllClockDividerSet            
00218df9  SysTickDisable                       
00218ded  SysTickEnable                        
00218e37  SysTickIntDisable                    
00218e2b  SysTickIntEnable                     
0021a159  SysTickIntHandler                    
00218e05  SysTickIntRegister                   
00218e1b  SysTickIntUnregister                 
00218e4d  SysTickPeriodGet                     
00218e43  SysTickPeriodSet                     
00218e57  SysTickValueGet                      
0021a431  TxHandler                            
0021474b  UARTBreakCtl                         
0021475f  UARTBusy                             
00214727  UARTCharGet                          
00214717  UARTCharGetNonBlocking               
00214741  UARTCharPut                          
00214731  UARTCharPutNonBlocking               
002146ff  UARTCharsAvail                       
00214601  UARTConfigGetExpClk                  
002145b7  UARTConfigSetExpClk                  
00214807  UARTDMADisable                       
002147ff  UARTDMAEnable                        
0021463d  UARTDisable                          
0021467f  UARTDisableSIR                       
00214629  UARTEnable                           
00214669  UARTEnableSIR                        
0021465f  UARTFIFODisable                      
00214655  UARTFIFOEnable                       
002145a7  UARTFIFOLevelGet                     
002145a1  UARTFIFOLevelSet                     
002146e3  UARTFlowControlGet                   
002146d7  UARTFlowControlSet                   
002147fb  UARTIntClear                         
002147e7  UARTIntDisable                       
002147df  UARTIntEnable                        
00214767  UARTIntRegister                      
002147f1  UARTIntStatus                        
002147a3  UARTIntUnregister                    
002146b5  UARTModemControlClear                
002146c5  UARTModemControlGet                  
002146a9  UARTModemControlSet                  
002146cd  UARTModemStatusGet                   
00214599  UARTParityModeGet                    
0021458d  UARTParityModeSet                    
00214819  UARTRxErrorClear                     
00214811  UARTRxErrorGet                       
0021469f  UARTSmartCardDisable                 
00214689  UARTSmartCardEnable                  
0021470b  UARTSpaceAvail                       
002146f7  UARTTxIntModeGet                     
002146eb  UARTTxIntModeSet                     
0021a3a9  USB0DeviceIntHandler                 
002126d9  USB0DualModeIntHandler               
00209c19  USB0HostIntHandler                   
002128ad  USB0OTGModeIntHandler                
00211c55  USBBufferCallbackDataSet             
00211d03  USBBufferDataAvailable               
00211c3b  USBBufferDataRemoved                 
00211c1b  USBBufferDataWritten                 
00211d27  USBBufferEventCallback               
00211cb3  USBBufferFlush                       
00211c01  USBBufferInfoGet                     
00211baf  USBBufferInit                        
00211cc5  USBBufferRead                        
00211d15  USBBufferSpaceAvailable              
00211c6f  USBBufferWrite                       
00211bd1  USBBufferZeroLengthPacketInsert      
0020e0d3  USBDCDCCompositeInit                 
0020e1c3  USBDCDCInit                          
0020e309  USBDCDCPacketRead                    
0020e27b  USBDCDCPacketWrite                   
0020e497  USBDCDCPowerStatusSet                
0020e4ab  USBDCDCRemoteWakeupRequest           
0020e3e5  USBDCDCRxPacketAvailable             
0020e43d  USBDCDCSerialStateChange             
0020e22d  USBDCDCSetControlCBData              
0020e247  USBDCDCSetRxCBData                   
0020e261  USBDCDCSetTxCBData                   
0020e209  USBDCDCTerm                          
0020e3c3  USBDCDCTxPacketAvailable             
00213e63  USBDCDConfigDescGet                  
00213e15  USBDCDConfigDescGetNum               
00213ddd  USBDCDConfigDescGetSize              
00213f45  USBDCDConfigGetInterface             
00213f7b  USBDCDConfigGetInterfaceEndpoint     
00213ef1  USBDCDConfigGetNumAlternateInterfaces
0020c999  USBDCDInit                           
0020cb6d  USBDCDPowerStatusSet                 
0020cb9f  USBDCDRemoteWakeupRequest            
0020cafd  USBDCDRequestDataEP0                 
0020cb23  USBDCDSendDataEP0                    
0020cb45  USBDCDSetDefaultConfiguration        
0020cb57  USBDCDStallEP0                       
0020cab1  USBDCDTerm                           
00215525  USBDescGet                           
00215649  USBDescGetInterface                  
00215677  USBDescGetInterfaceEndpoint          
002154c9  USBDescGetNum                        
0021558f  USBDescGetNumAlternateInterfaces     
0020fec5  USBDevAddrGet                        
0020fec1  USBDevAddrSet                        
0020fead  USBDevConnect                        
0020feb7  USBDevDisconnect                     
00210009  USBDevEndpointConfigGet              
0020ff8d  USBDevEndpointConfigSet              
002101d5  USBDevEndpointDataAck                
0020fe25  USBDevEndpointStall                  
0020fe5b  USBDevEndpointStallClear             
0020fd45  USBDevEndpointStatusClear            
00210419  USBDevMode                           
002122dd  USBDeviceConfig                      
0021251f  USBDeviceConfigAlternate             
0020ccd9  USBDeviceEnumHandler                 
0020cdf5  USBDeviceEnumResetHandler            
0020d7a9  USBDeviceIntHandlerInternal          
0020cbe1  USBDeviceResumeTickHandler           
00212725  USBDualModeInit                      
00212781  USBDualModeTerm                      
002103f5  USBEndpointDMAChannel                
0021014f  USBEndpointDMADisable                
0021012b  USBEndpointDMAEnable                 
00210173  USBEndpointDataAvail                 
00210191  USBEndpointDataGet                   
00210219  USBEndpointDataPut                   
00210249  USBEndpointDataSend                  
0020fe01  USBEndpointDataToggleClear           
0020fd07  USBEndpointStatus                    
002103e3  USBFIFOAddrGet                       
002100db  USBFIFOConfigGet                     
00210097  USBFIFOConfigSet                     
0021027d  USBFIFOFlush                         
002103c1  USBFrameNumberGet                    
0020a1ad  USBHCDControlTransfer                
0020a571  USBHCDDevAddress                     
0020a59d  USBHCDDevClass                       
0020a543  USBHCDDevHubPort                     
0020a63d  USBHCDDevProtocol                    
0020a5e9  USBHCDDevSubClass                    
002080c7  USBHCDEventDisable                   
00208097  USBHCDEventEnable                    
0020a2bd  USBHCDHubDeviceConnected             
0020a371  USBHCDHubDeviceDisconnected          
002091f5  USBHCDInit                           
00209e45  USBHCDMain                           
0020862d  USBHCDPipeAlloc                      
0020826d  USBHCDPipeAllocSize                  
00208671  USBHCDPipeConfig                     
00208b95  USBHCDPipeDataAck                    
00208dd1  USBHCDPipeFree                       
00208bc5  USBHCDPipeRead                       
00208b4d  USBHCDPipeReadNonBlocking            
00208a01  USBHCDPipeSchedule                   
00208807  USBHCDPipeStatus                     
00208839  USBHCDPipeWrite                      
002091d9  USBHCDPowerAutomatic                 
00209151  USBHCDPowerConfigGet                 
0020913f  USBHCDPowerConfigInit                
00209169  USBHCDPowerConfigSet                 
00209283  USBHCDRegisterDrivers                
00209365  USBHCDReset                          
002093b1  USBHCDResume                         
00209509  USBHCDSetAddress                     
0020964f  USBHCDSetConfig                      
00209697  USBHCDSetInterface                   
002093a5  USBHCDSuspend                        
002092cd  USBHCDTerm                           
0020faa5  USBHHubClose                         
0020f9d3  USBHHubEnumerationComplete           
0020f9fd  USBHHubEnumerationError              
0020fab3  USBHHubInit                          
0020f755  USBHHubMain                          
0020fa27  USBHHubOpen                          
00210311  USBHostAddrGet                       
002102f9  USBHostAddrSet                       
002096e3  USBHostCheckPipes                    
0020fecd  USBHostEndpointConfig                
002101f9  USBHostEndpointDataAck               
0020fda5  USBHostEndpointDataToggle            
0020fd19  USBHostEndpointStatusClear           
00210357  USBHostHubAddrGet                    
00210329  USBHostHubAddrSet                    
002097bd  USBHostIntHandlerInternal            
00210411  USBHostMode                          
0021036f  USBHostPwrConfig                     
002103b1  USBHostPwrDisable                    
002103a3  USBHostPwrEnable                     
00210393  USBHostPwrFaultDisable               
00210385  USBHostPwrFaultEnable                
002102c9  USBHostRequestIN                     
002102db  USBHostRequestINClear                
002102f1  USBHostRequestStatus                 
0020fb0d  USBHostReset                         
0020fb23  USBHostResume                        
0020fb39  USBHostSpeedGet                      
0020fb03  USBHostSuspend                       
0020fb95  USBIntDisable                        
0020fc2b  USBIntDisableControl                 
0020fcad  USBIntDisableEndpoint                
0020fbe3  USBIntEnable                         
0020fc57  USBIntEnableControl                  
0020fcc9  USBIntEnableEndpoint                 
0020fce7  USBIntRegister                       
0020fb57  USBIntStatus                         
0020fc7b  USBIntStatusControl                  
0020fcdd  USBIntStatusEndpoint                 
0020fcf7  USBIntUnregister                     
002103eb  USBModeGet                           
0021043d  USBNumEndpointsGet                   
002129ad  USBOTGMain                           
00210421  USBOTGMode                           
002127c7  USBOTGModeInit                       
002127a1  USBOTGModeTerm                       
00212885  USBOTGPollRate                       
002103c5  USBOTGSessionRequest                 
00210429  USBPHYPowerOff                       
00210433  USBPHYPowerOn                        
00213c01  USBRingBufAdvanceRead                
00213c2f  USBRingBufAdvanceWrite               
00213b5b  USBRingBufContigFree                 
00213b2d  USBRingBufContigUsed                 
00213aa1  USBRingBufEmpty                      
00213ac5  USBRingBufFlush                      
00213b17  USBRingBufFree                       
00213a6f  USBRingBufFull                       
00213ce7  USBRingBufInit                       
00213bcb  USBRingBufRead                       
00213ba5  USBRingBufReadOne                    
00213b97  USBRingBufSize                       
00213ae5  USBRingBufUsed                       
00213cb1  USBRingBufWrite                      
00213c8b  USBRingBufWriteOne                   
0021269f  USBStackModeSet                      
002180c5  WatchdogEnable                       
00218141  WatchdogIntClear                     
0021812d  WatchdogIntEnable                    
0021810d  WatchdogIntRegister                  
00218137  WatchdogIntStatus                    
0021811d  WatchdogIntUnregister                
002180e3  WatchdogLock                         
002180f3  WatchdogLockState                    
00218105  WatchdogReloadGet                    
00218101  WatchdogReloadSet                    
002180d9  WatchdogResetDisable                 
002180cf  WatchdogResetEnable                  
002180bd  WatchdogRunning                      
00218155  WatchdogStallDisable                 
00218147  WatchdogStallEnable                  
002180eb  WatchdogUnlock                       
00218109  WatchdogValueGet                     
0021a185  _Dclass                              
20006d80  _Denorm                              
00217bd1  _Dnorm                               
00216751  _Dscale                              
002194cb  _Dunscale                            
20006d90  _Eps                                 
20006f6c  _Errno                               
20006f58  _Fenv                                
0021a071  _Feraise                             
20006da0  _Hugeval                             
20006db0  _Inf                                 
20006dc0  _Nan                                 
20006de0  _Rteps                               
20006dd0  _Snan                                
20006f5c  _Tls_setup__Fenv                     
20006df0  _Xbig                                
20006df8  _Zero                                
20019ea0  __CIOBUF_                            
2000025c  __STACK_END                          
00000100  __STACK_SIZE                         
2000025c  __STACK_TOP                          
00000008  __SYSMEM_SIZE                        
0021ad68  __TI_CINIT_Base                      
0021ad88  __TI_CINIT_Limit                     
0021ad88  __TI_CRC_AppCrc                      
0021ad40  __TI_Handler_Table_Base              
0021ad4c  __TI_Handler_Table_Limit             
0021917d  __TI_auto_init                       
00215765  __TI_cleanup                         
20006f50  __TI_cleanup_ptr                     
00218711  __TI_closefile                       
0021a481  __TI_decompress_none                 
0021a513  __TI_decompress_rle24                
002178c1  __TI_doflush                         
20006f54  __TI_dtors_ptr                       
20006f14  __TI_ft_end                          
0020c691  __TI_printfi                         
002181cb  __TI_rd_ok                           
0021942f  __TI_readmsg                         
0021ab50  __TI_static_base__                   
2001ac20  __TI_tmpnams                         
002193fd  __TI_writemsg                        
00218169  __TI_wrt_ok                          
0021a4c1  __TI_zero_init                       
0021a519  __abort_execution                    
002188d5  __aeabi_cdcmpeq                      
002188d5  __aeabi_cdcmple                      
0021895b  __aeabi_cdrcmple                     
002199d1  __aeabi_d2iz                         
0021586b  __aeabi_dadd                         
002163b9  __aeabi_ddiv                         
00216c71  __aeabi_dmul                         
00215861  __aeabi_dsub                         
0021a0d1  __aeabi_i2d                          
00218d71  __aeabi_memclr                       
00218d71  __aeabi_memclr4                      
00218d71  __aeabi_memclr8                      
00218541  __aeabi_memcpy                       
00218541  __aeabi_memcpy4                      
00218541  __aeabi_memcpy8                      
00218d73  __aeabi_memset                       
00218d73  __aeabi_memset4                      
00218d73  __aeabi_memset8                      
20006f20  __aeabi_stderr                       
20006f18  __aeabi_stdin                        
20006f1c  __aeabi_stdout                       
002150ed  __aeabi_uldivmod                     
ffffffff  __binit__                            
ffffffff  __c_args__                           
2000015c  __stack                              
0021493b  __vla_alloc                          
00214835  __vla_dealloc                        
002148bb  __vla_dealloc_eh                     
0021a379  _args_main                           
00219c25  _c_int00                             
0021a62a  _ctypes_                             
20006b10  _ftable                              
20006f48  _lock                                
0021a467  _nop                                 
0021a45f  _register_lock                       
0021a459  _register_unlock                     
20000260  _sys_memory                          
0021a51d  _system_pre_init                     
20006f4c  _unlock                              
00219aad  abort                                
002133a1  add_device                           
002197d1  atoi                                 
20006000  bin_op                               
ffffffff  binit                                
00219ee9  binops_and                           
00219e81  binops_clear                         
00219f1b  binops_or                            
00219f4d  binops_xor                           
20018000  bsmp                                 
00217589  bsmp_process_packet                  
0021a201  bsmp_register_hook                   
002182bd  bsmp_register_variable               
00219989  bsmp_server_init                     
00212dfd  calloc                               
0021a4b5  clock_time                           
00213351  close                                
0021981d  copy_in                              
2001b08d  count                                
002173cf  curve_block                          
002172f1  curve_block_request                  
00218cf1  curve_query_csum                     
00218011  curve_query_list                     
00216b75  curve_recalc_csum                    
0021a505  dhcpc_appcall                        
002195ed  dhcpc_configured                     
00219ab5  exit                                 
00218777  fclose                               
00219eb5  feraiseexcept                        
0021790d  fflush                               
2001afa8  floatNchars                          
002157bb  fopen                                
002191f1  fprintf                              
002187a9  fputc                                
002164f1  fputs                                
00212b4b  free                                 
00215791  freopen                              
0021a249  frexp                                
00219531  fseek                                
00217989  func_execute                         
00218e65  func_query_list                      
20006f30  g_bUSBTimerInitialized               
2001af78  g_eOTGModeState                      
20006f3c  g_eUSBMode                           
0021a934  g_pCDCCompSerConfigDescriptors       
0021aa68  g_pCDCSerCommInterface               
0021a930  g_pCDCSerConfigDescriptors           
0021ab08  g_pCDCSerDataInterface               
20006e9e  g_pCDCSerDescriptor                  
20006e8c  g_pCDCSerDeviceDescriptor            
0021a938  g_pConfigString                      
0021a9a4  g_pControlInterfaceString            
20006ea7  g_pIADSerDescriptor                  
0021ab1f  g_pLangDescriptor                    
0021a9fc  g_pManufacturerString                
0021aa8b  g_pProductString                     
0021ab23  g_pSerialNumberString                
0021aaf0  g_pStringDescriptors                 
2001a91f  g_pcUSBRxBuffer                      
2001aa1f  g_pcUSBTxBuffer                      
2001aec0  g_pfTickHandlers                     
20000400  g_pfnRAMVectors                      
00201000  g_pfnVectors                         
20006ebc  g_psCDCCompSerSections               
20006eb0  g_psCDCSerSections                   
2001ad88  g_psUSBDevice                        
2001af38  g_pucRxBufferWorkspace               
2001af50  g_pucTxBufferWorkspace               
2001aed8  g_pvTickInstance                     
0021a928  g_sCDCCompSerConfigHeader            
0021a9d0  g_sCDCDevice                         
2001aef0  g_sCDCInstance                       
0021a910  g_sCDCSerCommInterfaceSection        
0021a920  g_sCDCSerConfigHeader                
0021a900  g_sCDCSerConfigSection               
0021a918  g_sCDCSerDataInterfaceSection        
20006e00  g_sCDCSerDeviceInfo                  
2001b000  g_sDMAControlTable                   
0021a908  g_sIADSerConfigSection               
0021aa20  g_sRxBuffer                          
0021aa44  g_sTxBuffer                          
0021a7b4  g_sUSBDefaultFIFOConfig              
20006f34  g_ulCurrentUSBTick                   
20006ecc  g_ulDMAPending                       
2001af74  g_ulPollRate                         
20006f60  g_ulTickCounter                      
2001ae1c  g_ulUSBHIntEvents                    
20006f38  g_ulUSBSOFCount                      
20006f40  g_ulWaitTicks                        
00219bab  group_add_var                        
00215ffd  group_bin_op                         
00216d6d  group_create                         
0021a225  group_init                           
002184a5  group_query                          
002189e1  group_query_list                     
00217129  group_read                           
00219d77  group_remove_all                     
0021627d  group_write                          
00219dad  hook                                 
0021a32b  htons                                
00217eb1  httpd_appcall                        
0021a4cd  httpd_clear_command                  
0021a445  httpd_get_command                    
0021a4d9  httpd_init                           
0021a011  httpd_insert_response                
2001afb0  ipaddr                               
2001afbc  lARPTimer                            
2001afc0  lPeriodicTimer                       
00219a61  ldexp                                
0021332d  lseek                                
00219595  ltoa                                 
00217b11  main                                 
20006f74  main_func_sp                         
00212ae3  malloc                               
00212d19  memalign                             
0021a347  memccpy                              
0021a2ed  memchr                               
0021a26b  memcmp                               
00218541  memcpy                               
00218d79  memset                               
00212a55  minit                                
20006f7c  new_data_send                        
0021327f  open                                 
002187a9  putc                                 
0021882d  putchar                              
002165fb  puts                                 
00219785  query_version                        
0021a0ff  raise                                
0021325b  read                                 
0021a4e5  read_led                             
00212c0d  realloc                              
002131d1  remove                               
00213233  remove_device                        
002131f5  rename                               
2001af88  response_to_client                   
002174ad  setvbuf                              
00219aed  signal                               
0021a3ef  strchr                               
0021a391  strcmp                               
0021a405  strcpy                               
0021a46d  strlen                               
0021a041  strncpy                              
0021a30d  timer_expired                        
0021a41b  timer_set                            
00213995  uDMAChannel0_7SelectAltMapping       
00213989  uDMAChannel0_7SelectDefault          
002139c7  uDMAChannel16_23SelectAltMapping     
002139b9  uDMAChannel16_23SelectDefault        
002139e1  uDMAChannel24_31SelectAltMapping     
002139d3  uDMAChannel24_31SelectDefault        
002139ad  uDMAChannel8_15SelectAltMapping      
0021399f  uDMAChannel8_15SelectDefault         
002137ef  uDMAChannelAttributeDisable          
002137b1  uDMAChannelAttributeEnable           
0021382d  uDMAChannelAttributeGet              
0021387d  uDMAChannelControlSet                
00213769  uDMAChannelDisable                   
0021375b  uDMAChannelEnable                    
00213777  uDMAChannelIsEnabled                 
00213965  uDMAChannelModeGet                   
0021379f  uDMAChannelRequest                   
0021390d  uDMAChannelScatterGatherSet          
00213949  uDMAChannelSizeGet                   
00213897  uDMAChannelTransferSet               
00213797  uDMAControlAlternateBaseGet          
0021378f  uDMAControlBaseGet                   
00213787  uDMAControlBaseSet                   
00213741  uDMADisable                          
00213739  uDMAEnable                           
00213751  uDMAErrorStatusClear                 
00213749  uDMAErrorStatusGet                   
002139ed  uDMAIntRegister                      
002139fd  uDMAIntUnregister                    
2001985c  ucUIPBuffer                          
2001afc4  uip_acc32                            
00218215  uip_add32                            
2001afc8  uip_appdata                          
00216625  uip_arp_arpin                        
00214ef5  uip_arp_out                          
00219255  uip_arp_timer                        
2001afcc  uip_buf                              
2001afd0  uip_conn                             
2001addc  uip_conns                            
2001afd4  uip_draddr                           
20006f66  uip_ethaddr                          
2001b091  uip_flags                            
2001afd8  uip_hostaddr                         
002185dd  uip_init                             
0021a0a1  uip_ipchksum                         
2001b080  uip_len                              
002196e9  uip_listen                           
2001af98  uip_listenports                      
2001afdc  uip_netmask                          
0020a6a5  uip_process                          
2001afe0  uip_sappdata                         
00219d09  uip_send                             
2001b082  uip_slen                             
2001ae8c  uip_stat                             
0021a4f1  uip_tcpchksum                        
2001afe4  uip_udp_conn                         
2001ab20  uip_udp_conns                        
2001afe8  ulTemp                               
2001afec  ulUser0                              
2001aff0  ulUser1                              
002131d1  unlink                               
2001aff4  var1                                 
2001aff8  var2                                 
00216861  var_bin_op                           
0021a1af  var_check                            
00218aed  var_query_list                       
00217f61  var_read                             
00216a75  var_write                            
00215d4d  var_write_read                       
0021aab0  variable1                            
0021aac0  variable2                            
00213141  write                                
0021a3c1  write_led                            


GLOBAL SYMBOLS: SORTED BY Symbol Address 

address   name                                 
-------   ----                                 
00000008  __SYSMEM_SIZE                        
00000100  __STACK_SIZE                         
0000015c  RamfuncsLoadSize                     
0000015c  RamfuncsRunSize                      
00200031  ResetISR                             
00201000  g_pfnVectors                         
00201258  RamfuncsLoadStart                    
002013b4  RamfuncsLoadEnd                      
00208097  USBHCDEventEnable                    
002080c7  USBHCDEventDisable                   
0020826d  USBHCDPipeAllocSize                  
0020862d  USBHCDPipeAlloc                      
00208671  USBHCDPipeConfig                     
00208807  USBHCDPipeStatus                     
00208839  USBHCDPipeWrite                      
00208a01  USBHCDPipeSchedule                   
00208b4d  USBHCDPipeReadNonBlocking            
00208b95  USBHCDPipeDataAck                    
00208bc5  USBHCDPipeRead                       
00208dd1  USBHCDPipeFree                       
0020913f  USBHCDPowerConfigInit                
00209151  USBHCDPowerConfigGet                 
00209169  USBHCDPowerConfigSet                 
002091d9  USBHCDPowerAutomatic                 
002091f5  USBHCDInit                           
00209283  USBHCDRegisterDrivers                
002092cd  USBHCDTerm                           
00209365  USBHCDReset                          
002093a5  USBHCDSuspend                        
002093b1  USBHCDResume                         
00209509  USBHCDSetAddress                     
0020964f  USBHCDSetConfig                      
00209697  USBHCDSetInterface                   
002096e3  USBHostCheckPipes                    
002097bd  USBHostIntHandlerInternal            
00209c19  USB0HostIntHandler                   
00209cfd  InternalUSBHCDSendEvent              
00209e45  USBHCDMain                           
0020a1ad  USBHCDControlTransfer                
0020a2bd  USBHCDHubDeviceConnected             
0020a371  USBHCDHubDeviceDisconnected          
0020a543  USBHCDDevHubPort                     
0020a571  USBHCDDevAddress                     
0020a59d  USBHCDDevClass                       
0020a5e9  USBHCDDevSubClass                    
0020a63d  USBHCDDevProtocol                    
0020a6a5  uip_process                          
0020c691  __TI_printfi                         
0020c999  USBDCDInit                           
0020cab1  USBDCDTerm                           
0020cafd  USBDCDRequestDataEP0                 
0020cb23  USBDCDSendDataEP0                    
0020cb45  USBDCDSetDefaultConfiguration        
0020cb57  USBDCDStallEP0                       
0020cb6d  USBDCDPowerStatusSet                 
0020cb9f  USBDCDRemoteWakeupRequest            
0020cbe1  USBDeviceResumeTickHandler           
0020ccd9  USBDeviceEnumHandler                 
0020cdf5  USBDeviceEnumResetHandler            
0020d7a9  USBDeviceIntHandlerInternal          
0020daaf  ProcessDataFromHost                  
0020db4b  ProcessNotificationToHost            
0020dba3  ProcessDataToHost                    
0020e0d3  USBDCDCCompositeInit                 
0020e1c3  USBDCDCInit                          
0020e209  USBDCDCTerm                          
0020e22d  USBDCDCSetControlCBData              
0020e247  USBDCDCSetRxCBData                   
0020e261  USBDCDCSetTxCBData                   
0020e27b  USBDCDCPacketWrite                   
0020e309  USBDCDCPacketRead                    
0020e3c3  USBDCDCTxPacketAvailable             
0020e3e5  USBDCDCRxPacketAvailable             
[...]
00214383  IntPriorityGet                       
0021439d  IntEnable                            
00214419  IntDisable                           
00214497  IntPendSet                           
00214503  IntPendClear                         
0021458d  UARTParityModeSet                    
00214599  UARTParityModeGet                    
002145a1  UARTFIFOLevelSet                     
002145a7  UARTFIFOLevelGet                     
002145b7  UARTConfigSetExpClk                  
00214601  UARTConfigGetExpClk                  
00214629  UARTEnable                           
0021463d  UARTDisable                          
00214655  UARTFIFOEnable                       
0021465f  UARTFIFODisable                      
00214669  UARTEnableSIR                        
0021467f  UARTDisableSIR                       
00214689  UARTSmartCardEnable                  
0021469f  UARTSmartCardDisable                 
002146a9  UARTModemControlSet                  
002146b5  UARTModemControlClear                
002146c5  UARTModemControlGet                  
002146cd  UARTModemStatusGet                   
002146d7  UARTFlowControlSet                   
002146e3  UARTFlowControlGet                   
002146eb  UARTTxIntModeSet                     
002146f7  UARTTxIntModeGet                     
002146ff  UARTCharsAvail                       
0021470b  UARTSpaceAvail                       
00214717  UARTCharGetNonBlocking               
00214727  UARTCharGet                          
00214731  UARTCharPutNonBlocking               
00214741  UARTCharPut                          
0021474b  UARTBreakCtl                         
0021475f  UARTBusy                             
00214767  UARTIntRegister                      
002147a3  UARTIntUnregister                    
002147df  UARTIntEnable                        
002147e7  UARTIntDisable                       
002147f1  UARTIntStatus                        
002147fb  UARTIntClear                         
002147ff  UARTDMAEnable                        
00214807  UARTDMADisable                       
00214811  UARTRxErrorGet                       
00214819  UARTRxErrorClear                     
00214835  __vla_dealloc                        
002148bb  __vla_dealloc_eh                     
0021493b  __vla_alloc                          
00214acd  EthernetProcessData                  
00214ce9  ProcessCmdUsb                        
00214ef5  uip_arp_out                          
002150ed  __aeabi_uldivmod                     
002154c9  USBDescGetNum                        
00215525  USBDescGet                           
0021558f  USBDescGetNumAlternateInterfaces     
00215649  USBDescGetInterface                  
00215677  USBDescGetInterfaceEndpoint          
00215765  __TI_cleanup                         
00215791  freopen                              
002157bb  fopen                                
00215861  __aeabi_dsub                         
0021586b  __aeabi_dadd                         
00215a19  IPCCtoMFlagAcknowledge               
00215a23  IPCCtoMFlagBusy                      
00215a35  IPCMtoCFlagBusy                      
00215a47  IPCMtoCFlagSet                       
00215a53  IPCMtoCFlagClear                     
00215a5f  IPCMtoCSharedRamConvert              
00215a75  IPCMtoCBootControlSystem             
00215d4d  var_write_read                       
00215ea9  EthernetPacketGetDMA                 
00215ffd  group_bin_op                         
0021627d  group_write                          
002163b9  __aeabi_ddiv                         
002164f1  fputs                                
002165fb  puts                                 
00216625  uip_arp_arpin                        
00216751  _Dscale                              
00216861  var_bin_op                           
0021696d  RAMMReqSharedMemAccess               
00216993  RAMControlInitM1MsgRam               
002169fd  RAMControlInitL0L3Ram                
00216a75  var_write                            
00216b75  curve_recalc_csum                    
00216c71  __aeabi_dmul                         
00216d6d  group_create                         
00216e69  PinCorSet                            
00217041  InternalUSBTickInit                  
0021707f  InternalUSBTickReset                 
00217087  InternalUSBRegisterTickHandler       
002170d5  InternalUSBStartOfFrameTick          
00217129  group_read                           
002172f1  curve_block_request                  
002173cf  curve_block                          
002174ad  setvbuf                              
00217589  bsmp_process_packet                  
0021765d  EthernetIntHandler                   
0021772d  SendDisplay                          
002178c1  __TI_doflush                         
0021790d  fflush                               
00217989  func_execute                         
00217b11  main                                 
00217bd1  _Dnorm                               
00217c91  PinoutSet                            
00217d49  MD5Update                            
00217eb1  httpd_appcall                        
00217f61  var_read                             
00218011  curve_query_list                     
002180bd  WatchdogRunning                      
002180c5  WatchdogEnable                       
002180cf  WatchdogResetEnable                  
002180d9  WatchdogResetDisable                 
002180e3  WatchdogLock                         
002180eb  WatchdogUnlock                       
002180f3  WatchdogLockState                    
00218101  WatchdogReloadSet                    
00218105  WatchdogReloadGet                    
00218109  WatchdogValueGet                     
0021810d  WatchdogIntRegister                  
0021811d  WatchdogIntUnregister                
0021812d  WatchdogIntEnable                    
00218137  WatchdogIntStatus                    
00218141  WatchdogIntClear                     
00218147  WatchdogStallEnable                  
00218155  WatchdogStallDisable                 
00218169  __TI_wrt_ok                          
002181cb  __TI_rd_ok                           
00218215  uip_add32                            
002182bd  bsmp_register_variable               
00218409  RS485ProcessData                     
002184a5  group_query                          
00218541  __aeabi_memcpy                       
00218541  __aeabi_memcpy4                      
00218541  __aeabi_memcpy8                      
00218541  memcpy                               
002185dd  uip_init                             
00218679  SeparaDado                           
00218711  __TI_closefile                       
00218777  fclose                               
002187a9  fputc                                
002187a9  putc                                 
0021882d  putchar                              
00218841  EnablePeripherals                    
002188d5  __aeabi_cdcmpeq                      
002188d5  __aeabi_cdcmple                      
0021895b  __aeabi_cdrcmple                     
002189e1  group_query_list                     
00218a69  RS485IntHandler                      
00218aed  var_query_list                       
00218bf1  RS485TxHandler                       
00218c71  SeparaDadoUsb                        
00218cf1  curve_query_csum                     
00218d71  __aeabi_memclr                       
00218d71  __aeabi_memclr4                      
00218d71  __aeabi_memclr8                      
00218d73  __aeabi_memset                       
00218d73  __aeabi_memset4                      
00218d73  __aeabi_memset8                      
00218d79  memset                               
00218ded  SysTickEnable                        
00218df9  SysTickDisable                       
00218e05  SysTickIntRegister                   
00218e1b  SysTickIntUnregister                 
00218e2b  SysTickIntEnable                     
00218e37  SysTickIntDisable                    
00218e43  SysTickPeriodSet                     
00218e4d  SysTickPeriodGet                     
00218e57  SysTickValueGet                      
00218e65  func_query_list                      
00218edd  IHMIntHandler                        
00218f51  CheckSumCalcUsb                      
00218fc1  InitUSBSerialDevice                  
00219031  SendUsb                              
0021917d  __TI_auto_init                       
002191f1  fprintf                              
00219255  uip_arp_timer                        
0021932d  MD5Final                             
002193fd  __TI_writemsg                        
0021942b  C$$IO$$                              
0021942f  __TI_readmsg                         
002194cb  _Dunscale                            
00219531  fseek                                
00219595  ltoa                                 
002195ed  dhcpc_configured                     
002196e9  uip_listen                           
00219739  EthernetProcessCMD                   
00219785  query_version                        
002197d1  atoi                                 
0021981d  copy_in                              
00219869  InitDisplay                          
002198b1  RxHandler                            
002198f9  SetIPAddress                         
00219941  SetIPMask                            
00219989  bsmp_server_init                     
002199d1  __aeabi_d2iz                         
00219a61  ldexp                                
00219aa9  C$$EXIT                              
00219aad  abort                                
00219ab5  exit                                 
00219aed  signal                               
00219bab  group_add_var                        
00219be9  MD5Init                              
00219c25  _c_int00                             
00219c61  ChargeCommunicationParam             
00219c99  DisplayProcessData                   
00219cd1  InitRS485                            
00219d09  uip_send                             
00219d41  CPUcpsid                             
00219d4d  CPUprimask                           
00219d57  CPUcpsie                             
00219d63  CPUwfi                               
00219d63  SysCtlSleep                          
00219d67  CPUbasepriSet                        
00219d67  IntPriorityMaskSet                   
00219d6d  CPUbasepriGet                        
00219d6d  IntPriorityMaskGet                   
00219d77  group_remove_all                     
00219dad  hook                                 
00219de5  BSMPInit                             
00219e19  ConfigRS485                          
00219e81  binops_clear                         
00219eb5  feraiseexcept                        
00219ee9  binops_and                           
00219f1b  binops_or                            
00219f4d  binops_xor                           
0021a011  httpd_insert_response                
0021a041  strncpy                              
0021a071  _Feraise                             
0021a0a1  uip_ipchksum                         
0021a0d1  __aeabi_i2d                          
0021a0ff  raise                                
0021a12d  HeartBeatLED                         
0021a159  SysTickIntHandler                    
0021a185  _Dclass                              
0021a1af  var_check                            
0021a1d9  SetRS485Address                      
0021a201  bsmp_register_hook                   
0021a225  group_init                           
0021a249  frexp                                
0021a26b  memcmp                               
0021a28d  ClearBufferUsb                       
0021a2ad  MensagUsb                            
0021a2cd  SetMacAddress                        
0021a2ed  memchr                               
0021a30d  timer_expired                        
0021a32b  htons                                
0021a347  memccpy                              
0021a361  BSMPprocess                          
0021a379  _args_main                           
0021a391  strcmp                               
0021a3a9  USB0DeviceIntHandler                 
0021a3c1  write_led                            
0021a3ef  strchr                               
0021a405  strcpy                               
0021a41b  timer_set                            
0021a431  TxHandler                            
0021a445  httpd_get_command                    
0021a459  _register_unlock                     
0021a45f  _register_lock                       
0021a467  _nop                                 
0021a46d  strlen                               
0021a481  __TI_decompress_none                 
0021a491  BufferLen                            
0021a49d  ReadRS485Address                     
0021a4a9  SetNewData                           
0021a4b5  clock_time                           
0021a4c1  __TI_zero_init                       
0021a4cd  httpd_clear_command                  
0021a4d9  httpd_init                           
0021a4e5  read_led                             
0021a4f1  uip_tcpchksum                        
0021a4fd  BufferAdress                         
0021a505  dhcpc_appcall                        
0021a50d  SysCtlDelay                          
0021a513  __TI_decompress_rle24                
0021a519  __abort_execution                    
0021a51d  _system_pre_init                     
0021a62a  _ctypes_                             
0021a7b4  g_sUSBDefaultFIFOConfig              
0021a900  g_sCDCSerConfigSection               
0021a908  g_sIADSerConfigSection               
0021a910  g_sCDCSerCommInterfaceSection        
0021a918  g_sCDCSerDataInterfaceSection        
0021a920  g_sCDCSerConfigHeader                
0021a928  g_sCDCCompSerConfigHeader            
0021a930  g_pCDCSerConfigDescriptors           
0021a934  g_pCDCCompSerConfigDescriptors       
0021a938  g_pConfigString                      
0021a9a4  g_pControlInterfaceString            
0021a9d0  g_sCDCDevice                         
0021a9fc  g_pManufacturerString                
0021aa20  g_sRxBuffer                          
0021aa44  g_sTxBuffer                          
0021aa68  g_pCDCSerCommInterface               
0021aa8b  g_pProductString                     
0021aab0  variable1                            
0021aac0  variable2                            
0021aaf0  g_pStringDescriptors                 
0021ab08  g_pCDCSerDataInterface               
0021ab1f  g_pLangDescriptor                    
0021ab23  g_pSerialNumberString                
0021ab50  __TI_static_base__                   
0021ad40  __TI_Handler_Table_Base              
0021ad4c  __TI_Handler_Table_Limit             
0021ad68  __TI_CINIT_Base                      
0021ad88  AppCrc                               
0021ad88  __TI_CINIT_Limit                     
0021ad88  __TI_CRC_AppCrc                      
20000000  RamfuncsRunStart                     
20000001  FlashInit                            
20000057  FlashSetup                           
200000bd  ControlHandler                       
2000015c  RamfuncsRunEnd                       
2000015c  __stack                              
2000025c  __STACK_END                          
2000025c  __STACK_TOP                          
20000260  _sys_memory                          
20000400  g_pfnRAMVectors                      
20006000  bin_op                               
20006b10  _ftable                              
20006d80  _Denorm                              
20006d90  _Eps                                 
20006da0  _Hugeval                             
20006db0  _Inf                                 
20006dc0  _Nan                                 
20006dd0  _Snan                                
20006de0  _Rteps                               
20006df0  _Xbig                                
20006df8  _Zero                                
20006e00  g_sCDCSerDeviceInfo                  
20006e8c  g_pCDCSerDeviceDescriptor            
20006e9e  g_pCDCSerDescriptor                  
20006ea7  g_pIADSerDescriptor                  
20006eb0  g_psCDCSerSections                   
20006ebc  g_psCDCCompSerSections               
20006ecc  g_ulDMAPending                       
20006f14  __TI_ft_end                          
20006f18  __aeabi_stdin                        
20006f1c  __aeabi_stdout                       
20006f20  __aeabi_stderr                       
20006f30  g_bUSBTimerInitialized               
20006f34  g_ulCurrentUSBTick                   
20006f38  g_ulUSBSOFCount                      
20006f3c  g_eUSBMode                           
20006f40  g_ulWaitTicks                        
20006f48  _lock                                
20006f4c  _unlock                              
20006f50  __TI_cleanup_ptr                     
20006f54  __TI_dtors_ptr                       
20006f58  _Fenv                                
20006f5c  _Tls_setup__Fenv                     
20006f60  g_ulTickCounter                      
20006f66  uip_ethaddr                          
20006f6c  _Errno                               
20006f74  main_func_sp                         
20006f7c  new_data_send                        
20018000  bsmp                                 
2001985c  ucUIPBuffer                          
20019ea0  __CIOBUF_                            
2001a5fc  Dado                                 
2001a70c  DadoUsb                              
2001a81a  Mensagem                             
2001a91f  g_pcUSBRxBuffer                      
2001aa1f  g_pcUSBTxBuffer                      
2001ab1f  IPADDR0                              
2001ab20  uip_udp_conns                        
2001ac20  __TI_tmpnams                         
2001acc0  MensagemUsb                          
2001ad27  IPADDR1                              
2001ad88  g_psUSBDevice                        
2001addc  uip_conns                            
2001ae1c  g_ulUSBHIntEvents                    
2001ae8c  uip_stat                             
2001aec0  g_pfTickHandlers                     
2001aed8  g_pvTickInstance                     
2001aef0  g_sCDCInstance                       
2001af38  g_pucRxBufferWorkspace               
2001af50  g_pucTxBufferWorkspace               
2001af74  g_ulPollRate                         
2001af78  g_eOTGModeState                      
2001af88  response_to_client                   
2001af98  uip_listenports                      
2001afa8  floatNchars                          
2001afb0  ipaddr                               
2001afbc  lARPTimer                            
2001afc0  lPeriodicTimer                       
2001afc4  uip_acc32                            
2001afc8  uip_appdata                          
2001afcc  uip_buf                              
2001afd0  uip_conn                             
2001afd4  uip_draddr                           
2001afd8  uip_hostaddr                         
2001afdc  uip_netmask                          
2001afe0  uip_sappdata                         
2001afe4  uip_udp_conn                         
2001afe8  ulTemp                               
2001afec  ulUser0                              
2001aff0  ulUser1                              
2001aff4  var1                                 
2001aff8  var2                                 
2001b000  g_sDMAControlTable                   
2001b080  uip_len                              
2001b082  uip_slen                             
2001b084  IPADDR2                              
2001b085  IPADDR3                              
2001b086  IPMASK0                              
2001b087  IPMASK1                              
2001b088  IPMASK2                              
2001b089  IPMASK3                              
2001b08d  count                                
2001b091  uip_flags                            
ffffffff  __binit__                            
ffffffff  __c_args__                           
ffffffff  binit                                
UNDEFED   SHT$$INIT_ARRAY$$Base                
UNDEFED   SHT$$INIT_ARRAY$$Limit               

[784 symbols]
