******************************************************************************
                  TI ARM Linker PC v5.2.7                      
******************************************************************************
>> Linked Wed Aug 03 15:38:40 2016

OUTPUT FILE NAME:   <M3_V2.0.out>
ENTRY POINT SYMBOL: "_c_int00"  address: 00216fed


MEMORY CONFIGURATION

         name            origin    length      used     unused   attr    fill
----------------------  --------  ---------  --------  --------  ----  --------
  CSM_RSVD_Z2           0002ffe0   000001dc  00000000  000001dc  RWIX
  CSM_ECSL_Z1           00200000   00000024  00000000  00000024  RWIX
  CSM_RSVD_Z1           00200024   0000000c  00000000  0000000c  RWIX
  RESETISR              00200030   00000008  00000006  00000002  R  X
  INTVECS               00201000   00000258  00000258  00000000  R  X
  FLASHLOAD             00201258   00006da8  000000bc  00006cec  R  X
  FLASH                 00208000   000f7e00  000105a8  000e7858  R  X
  CSM_ECSL_Z2           002fffdc   00000024  00000000  00000024  RWIX
  OTPSECLOCK            00681000   00000004  00000000  00000004  RWIX
  OTP_Reserved1         00681004   00000004  00000000  00000004  RWIX
  OTP_Reserved2         00681008   00000004  00000000  00000004  RWIX
  OTP_Z2_FLASH_START_AD 0068100c   00000004  00000000  00000004  RWIX
  OTP_EMACID            00681010   00000008  00000000  00000008  RWIX
  OTP_Reserved3         00681018   00000004  00000000  00000004  RWIX
  CUSTOMER_OTP_MAIN_OSC 0068101c   00000004  00000000  00000004  RWIX
  OTP_Reserved4         00681020   00000004  00000000  00000004  RWIX
  OTP_BOOT_MODE_GPIO_CO 00681024   00000004  00000000  00000004  RWIX
  OTP_Reserved5         00681028   00000004  00000000  00000004  RWIX
  OTP_ENTRY_POINT       0068102c   00000004  00000000  00000004  RWIX
  OTP_Reserved6         00681030   00000010  00000000  00000010  RWIX
  C0                    20000000   00002000  0000041c  00001be4  RW X
  C1                    20002000   00002000  00000000  00002000  RW X
  BOOT_RSVD             20004000   00000ff8  00000000  00000ff8  R  X
  C2                    200051b0   00000e50  00000000  00000e50  RW X
  C3                    20006000   00002000  00001177  00000e89  RW X
  S0                    20008000   00002000  00000670  00001990  RW X
  S1                    2000a000   00002000  00000670  00001990  RW X
  S2                    2000c000   00002000  00000000  00002000  RW X
  S3                    2000e000   00002000  00000000  00002000  RW X
  S45                   20010000   00004000  00004000  00000000  RW X
  S67                   20014000   00004000  00004000  00000000  RW X
  C4                    20018000   00002000  00002000  00000000  RW X
  C5                    2001a000   00002000  000010ab  00000f55  RW X
  C6                    2001c000   00002000  00000000  00002000  RW X
  C7                    2001e000   00002000  00000000  00002000  RW X
  C8                    20020000   00002000  00000000  00002000  RW X
  C0913                 20022000   0000a000  0000839c  00001c64  RW X
  C1415                 2002c000   00004000  000027da  00001826  RW X
  CTOMRAM               2007f000   00000800  00000000  00000800  R  X
  MTOCRAM               2007f800   00000800  00000128  000006d8  RW X


SEGMENT ALLOCATION MAP

run origin  load origin   length   init length attrs members
----------  ----------- ---------- ----------- ----- -------
00200030    00200030    00000006   00000006    r-x
  00200030    00200030    00000006   00000006    r-x .resetisr
00201000    00201000    00000258   00000258    r--
  00201000    00201000    00000258   00000258    r-- .intvecs
00208000    00208000    000105b0   000105b0    r-x
  00208000    00208000    0000fd84   0000fd84    r-x .text
  00217d88    00217d88    000002fc   000002fc    r-- .const
  00218088    00218088    000004c0   000004c0    r-- .cinit
  00218548    00218548    00000068   00000068    r-- .TI.crctab
20000000    00201258    000000bc   000000bc    r-x
  20000000    00201258    000000bc   000000bc    r-x ramfuncs
200000bc    200000bc    00000100   00000000    rw-
  200000bc    200000bc    00000100   00000000    rw- .stack
200001c0    200001c0    00000008   00000000    rw-
  200001c0    200001c0    00000008   00000000    rw- .sysmem
20000400    20000400    00000258   00000000    rw-
  20000400    20000400    00000258   00000000    rw- .vtable
20006000    20006000    00001177   00000000    rw-
  20006000    20006000    00001177   00000000    rw- .data
20008000    20008000    00000670   00000000    rw-
  20008000    20008000    00000670   00000000    rw- SHARERAMS0
2000a000    2000a000    00000670   00000000    rw-
  2000a000    2000a000    00000670   00000000    rw- SHARERAMS1
20010000    20010000    0000b0ab   00000000    rw-
  20010000    20010000    00004000   00000000    rw- SHARERAMS45
  20014000    20014000    00004000   00000000    rw- SHARERAMS67
  20018000    20018000    00002000   00000000    rw- .bss.1
  2001a000    2001a000    000010ab   00000000    rw- .bss.2
20022000    20022000    0000839c   00000000    rw-
  20022000    20022000    0000839c   00000000    rw- SERIALBUFFER
2002c000    2002c000    000027da   00000000    rw-
  2002c000    2002c000    000027da   00000000    rw- ETHERNETBUFFER
2007f800    2007f800    00000128   00000000    rw-
  2007f800    2007f800    00000128   00000000    rw- MTOC_MSG_RAM


SECTION ALLOCATION MAP

 output                                  attributes/
section   page    origin      length       input sections
--------  ----  ----------  ----------   ----------------
.resetisr 
*          0    00200030    00000006     
                  00200030    00000006     startup_ccs.obj (.resetisr:ResetISR)

.intvecs   0    00201000    00000258     
                  00201000    00000258     startup_ccs.obj (.intvecs)

ramfuncs   0    00201258    000000bc     RUN ADDR = 20000000
                  00201258    000000bc     driverlib.lib : flash.obj (ramfuncs)

.text      0    00208000    0000fd84     
                  00208000    00001268     uip.obj (.text:uip_process)
                  00209268    0000109a     rtsv7M3_T_le_eabi.lib : _printfi.obj (.text)
                  0020a302    00000002     startup_ccs.obj (.text:FaultISR)
                  0020a304    00000c10     md5.obj (.text:MD5Transform)
                  0020af14    00000ac4     ihm.obj (.text:ProcessCmd)
                  0020b9d8    0000096c     driverlib.lib : sysctl.obj (.text)
                  0020c344    0000057a                   : can.obj (.text)
                  0020c8be    00000002     startup_ccs.obj (.text:IntDefaultHandler)
                  0020c8c0    00000578     driverlib.lib : ipc_lite.obj (.text)
                  0020ce38    00000448     can_bkp.obj (.text:CanCheck)
                  0020d280    00000448     driverlib.lib : gpio.obj (.text)
                  0020d6c8    000003dc     rtsv7M3_T_le_eabi.lib : memory.obj (.text)
                  0020daa4    0000033c     uip.obj (.text:uip_reass)
                  0020dde0    00000310     set_pinout_udc_v2.0.obj (.text:PortControlSet)
                  0020e0f0    00000310     driverlib.lib : ethernet.obj (.text)
                  0020e400    00000310     main.obj (.text:main)
                  0020e710    0000030c     rtsv7M3_T_le_eabi.lib : lowlev.obj (.text)
                  0020ea1c    000002ec     driverlib.lib : udma.obj (.text)
                  0020ed08    000002d4     bsmp_lib.obj (.text:BSMPInit)
                  0020efdc    000002d4     rtsv7M3_T_le_eabi.lib : trgdrv.obj (.text)
                  0020f2b0    000002d0     driverlib.lib : interrupt.obj (.text)
                  0020f580    000002a8     ethernet_uip.obj (.text:EthernetInit)
                  0020f828    00000298     rtsv7M3_T_le_eabi.lib : vla_alloc.obj (.text)
                  0020fac0    00000274     flash_mem.obj (.text:FlashMemReadSerialNumber)
                  0020fd34    0000022c     driverlib.lib : timer.obj (.text)
                  0020ff60    00000228     ethernet_uip.obj (.text:EthernetProcessData)
                  00210188    000001f8     uip_arp.obj (.text:uip_arp_out)
                  00210380    000001f4     rtsv7M3_T_le_eabi.lib : ull_div_t2.obj (.text)
                  00210574    000001e4     adcp.obj (.text:AdcChannel)
                  00210758    000001c4     rtsv7M3_T_le_eabi.lib : fopen.obj (.text)
                  0021091c    000001b6                           : fd_add_t2.obj (.text)
                  00210ad2    00000002     startup_ccs.obj (.text:NmiSR)
                  00210ad4    000001ac     driverlib.lib : ipc_util.obj (.text)
                  00210c80    0000018c     can_bkp.obj (.text:CANIntHandler)
                  00210e0c    00000188     dhcpc.obj (.text:handle_dhcp)
                  00210f94    00000170     driverlib.lib : i2c.obj (.text)
                  00211104    0000015c     server_priv.obj (.text:var_write_read)
                  00211260    00000154     ethernet_uip.obj (.text:EthernetPacketGetDMA)
                  002113b4    0000014c     rtc.obj (.text:RTCReadDataHour)
                  00211500    00000144     bsmp_lib.obj (.text:buffer_read_block)
                  00211644    00000140     server_priv.obj (.text:group_bin_op)
                  00211784    00000140     uip_arp.obj (.text:uip_arp_update)
                  002118c4    0000013c     can_bkp.obj (.text:InitCanBkp)
                  00211a00    0000013c     server_priv.obj (.text:group_write)
                  00211b3c    00000136     rtsv7M3_T_le_eabi.lib : fd_div_t2.obj (.text)
                  00211c72    00000002     --HOLE-- [fill = 0]
                  00211c74    00000134                           : fputs.obj (.text)
                  00211da8    0000012e     server_priv.obj (.text:curve_recalc_csum)
                  00211ed6    00000002     --HOLE-- [fill = 0]
                  00211ed8    0000012c     rs485.obj (.text:RS485IntHandler)
                  00212004    0000012c     uip_arp.obj (.text:uip_arp_arpin)
                  00212130    00000128     ethernet_uip.obj (.text:IPAddressWrite)
                  00212258    00000124     driverlib.lib : ssi.obj (.text)
                  0021237c    00000118     ethernet_uip.obj (.text:EthLoadParam)
                  00212494    00000110     rtsv7M3_T_le_eabi.lib : xdscale.obj (.text)
                  002125a4    0000010c     server_priv.obj (.text:var_bin_op)
                  002126b0    00000108     server_priv.obj (.text:curve_block)
                  002127b8    00000108     driverlib.lib : ram.obj (.text)
                  002128c0    00000100     server_priv.obj (.text:var_write)
                  002129c0    000000fc     rtsv7M3_T_le_eabi.lib : fd_mul_t2.obj (.text)
                  00212abc    000000fa     server_priv.obj (.text:group_create)
                  00212bb6    000000f6     server_priv.obj (.text:curve_block_request)
                  00212cac    000000f4     adcp.obj (.text:AdcpInit)
                  00212da0    000000f0     set_pinout_udc_v2.0.obj (.text:PinCorSet)
                  00212e90    000000e6     server_priv.obj (.text:group_read)
                  00212f76    00000002     --HOLE-- [fill = 0]
                  00212f78    000000e4     bsmp_lib.obj (.text:ConfigSigGen)
                  0021305c    000000e4     ipc_lib.obj (.text:IPCInit)
                  00213140    000000e0     i2c_onboard.obj (.text:ReadI2C)
                  00213220    000000dc     rtsv7M3_T_le_eabi.lib : setvbuf.obj (.text)
                  002132fc    000000d4     set_pinout_udc_v2.0.obj (.text:PinoutSet)
                  002133d0    000000d4     server.obj (.text:bsmp_process_packet)
                  002134a4    000000d4     httpd.obj (.text:httpd_appcall)
                  00213578    000000d0     ethernet_uip.obj (.text:EthernetIntHandler)
                  00213648    000000cc     ihm.obj (.text:SendDisplay)
                  00213714    000000c8     ethernet_uip.obj (.text:EthernetPacketPutDMA)
                  002137dc    000000c8     dhcpc.obj (.text:parse_options)
                  002138a4    000000c8     rtsv7M3_T_le_eabi.lib : fflush.obj (.text)
                  0021396c    000000c6     server_priv.obj (.text:func_execute)
                  00213a32    000000be     rtsv7M3_T_le_eabi.lib : xdnorm.obj (.text)
                  00213af0    000000b8     rs485_bkp.obj (.text:RS485BKPTxHandler)
                  00213ba8    000000b6     md5.obj (.text:MD5Update)
                  00213c5e    00000002     --HOLE-- [fill = 0]
                  00213c60    000000b0     adcp.obj (.text:AdcpIntHandler)
                  00213d10    000000b0     dhcpc.obj (.text:create_msg)
                  00213dc0    000000b0     server_priv.obj (.text:var_read)
                  00213e70    000000ac     eeprom.obj (.text:EepromWriteKd)
                  00213f1c    000000ac     eeprom.obj (.text:EepromWriteKi)
                  00213fc8    000000ac     eeprom.obj (.text:EepromWriteKp)
                  00214074    000000ac     set_pinout_udc_v2.0.obj (.text:EnablePeripherals)
                  00214120    000000ac     server_priv.obj (.text:curve_query_list)
                  002141cc    000000ac     driverlib.lib : watchdog.obj (.text)
                  00214278    000000ac     rtsv7M3_T_le_eabi.lib : _io_perm.obj (.text)
                  00214324    000000a8     bsmp_lib.obj (.text:SetISlowRef)
                  002143cc    000000a8     system.obj (.text:TestEepromMemory)
                  00214474    000000a8     uip.obj (.text:uip_add32)
                  0021451c    000000a6     server.obj (.text:bsmp_register_variable)
                  002145c2    000000a6     uip.obj (.text:chksum)
                  00214668    000000a4     adcp.obj (.text:AdcChannelAppConfig)
                  0021470c    000000a0     rs485.obj (.text:RS485ProcessData)
                  002147ac    0000009c     bsmp_lib.obj (.text:curve_write_block)
                  00214848    0000009c     server_priv.obj (.text:group_query)
                  002148e4    0000009c     rtsv7M3_T_le_eabi.lib : memcpy_t2.obj (.text)
                  00214980    0000009c     uip.obj (.text:uip_init)
                  00214a1c    00000098     eeprom.obj (.text:EepromWriteIP)
                  00214ab4    00000098     eeprom.obj (.text:EepromWriteIPMask)
                  00214b4c    00000098     eeprom.obj (.text:EepromWriteRs485BaudRate)
                  00214be4    00000098     ihm.obj (.text:SeparaDado)
                  00214c7c    00000098     rtsv7M3_T_le_eabi.lib : fclose.obj (.text)
                  00214d14    00000098                           : fputc.obj (.text)
                  00214dac    00000092     server.obj (.text:bsmp_register_curve)
                  00214e3e    00000092     server.obj (.text:bsmp_register_function)
                  00214ed0    00000090     bsmp_lib.obj (.text:ResetInterlocks)
                  00214f60    0000008c     ctrl_law.obj (.text:KpWrite)
                  00214fec    00000086     rtsv7M3_T_le_eabi.lib : fd_cmp_t2.obj (.text:__aeabi_cdcmple)
                  00215072    00000086                           : fd_cmp_t2.obj (.text:__aeabi_cdrcmple)
                  002150f8    00000086     server_priv.obj (.text:group_query_list)
                  0021517e    00000002     --HOLE-- [fill = 0]
                  00215180    00000084     ctrl_law.obj (.text:KiWrite)
                  00215204    00000084     bsmp_lib.obj (.text:OpMode)
                  00215288    00000084     rs485_bkp.obj (.text:RS485BKPIntHandler)
                  0021530c    00000084     i2c_onboard.obj (.text:WriteI2C)
                  00215390    00000082     server_priv.obj (.text:var_query_list)
                  00215412    00000002     --HOLE-- [fill = 0]
                  00215414    00000080     bsmp_lib.obj (.text:DisableSigGen)
                  00215494    00000080     bsmp_lib.obj (.text:EnableSigGen)
                  00215514    00000080     md5.obj (.text:Encode)
                  00215594    00000080     rs485.obj (.text:RS485TxHandler)
                  00215614    00000080     server_priv.obj (.text:curve_query_csum)
                  00215694    0000007a     rtsv7M3_T_le_eabi.lib : fs_mul_t2.obj (.text)
                  0021570e    0000007a                           : memset_t2.obj (.text)
                  00215788    00000078     bsmp_lib.obj (.text:ClosedLoop)
                  00215800    00000078     bsmp_lib.obj (.text:OpenLoop)
                  00215878    00000078     rtc.obj (.text:RTCWriteDataHour)
                  002158f0    00000078     bsmp_lib.obj (.text:TurnOff)
                  00215968    00000078     bsmp_lib.obj (.text:TurnOn)
                  002159e0    00000078     driverlib.lib : systick.obj (.text)
                  00215a58    00000078     server_priv.obj (.text:func_query_list)
                  00215ad0    00000076     rs485_bkp.obj (.text:UARTConfigSetExpClk)
                  00215b46    00000002     --HOLE-- [fill = 0]
                  00215b48    00000074     bsmp_lib.obj (.text:ConfigDPModule)
                  00215bbc    00000074     eeprom.obj (.text:EepromWritePSModel)
                  00215c30    00000074     eeprom.obj (.text:EepromWriteRs485Add)
                  00215ca4    00000074     ihm.obj (.text:IHMIntHandler)
                  00215d18    00000070     uip.obj (.text:upper_layer_chksum)
                  00215d88    0000006c     bsmp_lib.obj (.text:WfmRefUpdate)
                  00215df4    0000006c     rtsv7M3_T_le_eabi.lib : autoinit.obj (.text)
                  00215e60    0000006c                           : fprintf.obj (.text)
                  00215ecc    0000006c     uip_arp.obj (.text:uip_arp_timer)
                  00215f38    0000006a     rtsv7M3_T_le_eabi.lib : copy_decompress_rle.obj (.text)
                  00215fa2    00000002     --HOLE-- [fill = 0]
                  00215fa4    00000068     eeprom.obj (.text:EepromReadIP)
                  0021600c    00000068     eeprom.obj (.text:EepromReadIPMask)
                  00216074    00000068     eeprom.obj (.text:EepromReadRs485BaudRate)
                  002160dc    00000068     md5.obj (.text:MD5Final)
                  00216144    00000068     dhcpc.obj (.text:parse_msg)
                  002161ac    00000068     rtsv7M3_T_le_eabi.lib : trgmsg.obj (.text)
                  00216214    00000066     md5.obj (.text:Decode)
                  0021627a    00000066     rtsv7M3_T_le_eabi.lib : xdunscal.obj (.text)
                  002162e0    00000064     timer.obj (.text:GlobalTimerIntHandler)
                  00216344    00000064     bsmp_lib.obj (.text:curve_read_block)
                  002163a8    00000064     rtsv7M3_T_le_eabi.lib : fseek.obj (.text)
                  0021640c    00000060     ctrl_law.obj (.text:CtrllawInit)
                  0021646c    00000060     eeprom.obj (.text:EepromReadKi)
                  002164cc    00000060     eeprom.obj (.text:EepromReadKp)
                  0021652c    00000060     rtc.obj (.text:RTCCheckOF)
                  0021658c    00000060     rtsv7M3_T_le_eabi.lib : fs_cmp_t2.obj (.text:__aeabi_cfcmple)
                  002165ec    00000058     system.obj (.text:SystemInit)
                  00216644    00000056     rtsv7M3_T_le_eabi.lib : ltoa.obj (.text)
                  0021669a    00000002     --HOLE-- [fill = 0]
                  0021669c    00000054     bsmp_lib.obj (.text:ConfigWfmRef)
                  002166f0    00000054     rtc.obj (.text:RTCClearHT)
                  00216744    00000054     ethernet_uip.obj (.text:dhcpc_configured)
                  00216798    00000054     uip.obj (.text:uip_add_rcv_nxt)
                  002167ec    00000052     server_priv.obj (.text:group_to_mod_list)
                  0021683e    00000002     --HOLE-- [fill = 0]
                  00216840    00000050     timer.obj (.text:GlobalTimerInit)
                  00216890    00000050     rs485_bkp.obj (.text:InitRS485BKP)
                  002168e0    00000050     uip.obj (.text:uip_listen)
                  00216930    0000004c     ihm.obj (.text:InitDisplay)
                  0021697c    0000004c     server_priv.obj (.text:curve_check)
                  002169c8    0000004c     server_priv.obj (.text:query_version)
                  00216a14    0000004c     rtsv7M3_T_le_eabi.lib : atoi.obj (.text)
                  00216a60    0000004c                           : cpy_tbl.obj (.text)
                  00216aac    00000048     exio.obj (.text:DcdcPwrCtrl)
                  00216af4    00000048     exio.obj (.text:DisplayPwrCtrl)
                  00216b3c    00000048     rs485.obj (.text:InitRS485)
                  00216b84    00000048     exio.obj (.text:PwmEletrCtrl)
                  00216bcc    00000048     exio.obj (.text:PwmFiberCtrl)
                  00216c14    00000048     server.obj (.text:bsmp_server_init)
                  00216c5c    00000048     rtsv7M3_T_le_eabi.lib : fd_toi_t2.obj (.text)
                  00216ca4    00000048     dhcpc.obj (.text:send_request)
                  00216cec    00000046     rtsv7M3_T_le_eabi.lib : ldexp.obj (.text)
                  00216d32    00000002     --HOLE-- [fill = 0]
                  00216d34    00000044                           : exit.obj (.text)
                  00216d78    00000040     exio.obj (.text:DcdcSts)
                  00216db8    00000040     exio.obj (.text:DisplayPwrOCSts)
                  00216df8    00000040     exio.obj (.text:ExIOInit)
                  00216e38    00000040     ethernet_uip.obj (.text:IPAddressRead)
                  00216e78    00000040     rtsv7M3_T_le_eabi.lib : signal.obj (.text)
                  00216eb8    00000040     dhcpc.obj (.text:send_discover)
                  00216ef8    0000003e     dhcpc.obj (.text:add_req_options)
                  00216f36    0000003e     server_priv.obj (.text:group_add_var)
                  00216f74    0000003c     ethernet_uip.obj (.text:EthernetProcessCMD)
                  00216fb0    0000003c     md5.obj (.text:MD5Init)
                  00216fec    0000003c     rtsv7M3_T_le_eabi.lib : boot.obj (.text)
                  00217028    00000038     ihm.obj (.text:DisplayProcessData)
                  00217060    00000038     rtc.obj (.text:RTCStopClock)
                  00217098    00000038     rs485.obj (.text:SetRS485Address)
                  002170d0    00000038     rtsv7M3_T_le_eabi.lib : i_tofs_t2.obj (.text)
                  00217108    00000038     uip.obj (.text:uip_send)
                  00217140    00000036     driverlib.lib : cpu.obj (.text)
                  00217176    00000036     server_priv.obj (.text:func_check)
                  002171ac    00000036     server_priv.obj (.text:group_remove_all)
                  002171e2    00000002     --HOLE-- [fill = 0]
                  002171e4    00000034     flash_mem.obj (.text:FlashMemInit)
                  00217218    00000034     ipc_lib.obj (.text:IPC_MtoC_Translate)
                  0021724c    00000034     rtc.obj (.text:RTCStatusOF)
                  00217280    00000034     can_bkp.obj (.text:SendCanMessage)
                  002172b4    00000034     system_task.obj (.text:TaskSetNew)
                  002172e8    00000034     bsmp.obj (.text:binops_clear)
                  0021731c    00000034     rtsv7M3_T_le_eabi.lib : feraiseexcept.obj (.text)
                  00217350    00000032     bsmp.obj (.text:binops_and)
                  00217382    00000032     bsmp.obj (.text:binops_or)
                  002173b4    00000032     bsmp.obj (.text:binops_xor)
                  002173e6    00000002     --HOLE-- [fill = 0]
                  002173e8    00000030     adcp.obj (.text:AdcpConfig)
                  00217418    00000030     rs485.obj (.text:ConfigRS485)
                  00217448    00000030     ipc_lib.obj (.text:IPC_CtoM_Translate)
                  00217478    00000030     system_task.obj (.text:TaskCheck)
                  002174a8    00000030     rs485_bkp.obj (.text:UARTDisable)
                  002174d8    00000030     dhcpc.obj (.text:add_msg_type)
                  00217508    00000030     dhcpc.obj (.text:add_req_ipaddr)
                  00217538    00000030     dhcpc.obj (.text:add_server_id)
                  00217568    00000030     httpd.obj (.text:httpd_insert_response)
                  00217598    00000030     rtsv7M3_T_le_eabi.lib : strncpy.obj (.text)
                  002175c8    00000030                           : xferaise.obj (.text)
                  002175f8    00000030     uip.obj (.text:uip_ipchksum)
                  00217628    0000002e     rtsv7M3_T_le_eabi.lib : i_tofd_t2.obj (.text)
                  00217656    0000002e                           : raise.obj (.text)
                  00217684    0000002c     adcp.obj (.text:AdcpRxIntEnable)
                  002176b0    0000002c     signals_onboard.obj (.text:HeartBeatLED)
                  002176dc    0000002c     ipc_lib.obj (.text:IPCMtoCBusy)
                  00217708    0000002c     ethernet_uip.obj (.text:SysTickIntHandler)
                  00217734    0000002a     rtsv7M3_T_le_eabi.lib : xdclass.obj (.text)
                  0021775e    0000002a     server_priv.obj (.text:var_check)
                  00217788    00000028     ctrl_law.obj (.text:CtrlLoopWrite)
                  002177b0    00000028     eeprom.obj (.text:EepromReadPSModel)
                  002177d8    00000028     eeprom.obj (.text:EepromReadRs485Add)
                  00217800    00000028     main_var.obj (.text:InterlockAlarmReset)
                  00217828    00000024     adcp.obj (.text:AdcpRead)
                  0021784c    00000024     i2c_onboard.obj (.text:InitI2COnboard)
                  00217870    00000024     bsmp_lib.obj (.text:Init_BSMP_var)
                  00217894    00000024     rs485_bkp.obj (.text:UARTCharPutNonBlocking)
                  002178b8    00000024     rs485_bkp.obj (.text:UARTEnable)
                  002178dc    00000024     server_priv.obj (.text:group_init)
                  00217900    00000022     rtsv7M3_T_le_eabi.lib : frexp.obj (.text)
                  00217922    00000022                           : memcmp.obj (.text)
                  00217944    00000020     main_var.obj (.text:ISetpointWrite)
                  00217964    00000020     rtsv7M3_T_le_eabi.lib : memchr.obj (.text)
                  00217984    0000001e     rs485_bkp.obj (.text:UARTIntStatus)
                  002179a2    0000001e     uip_timer.obj (.text:timer_expired)
                  002179c0    0000001c     main_var.obj (.text:OutputStsWrite)
                  002179dc    0000001c     rs485_bkp.obj (.text:UARTCharGetNonBlocking)
                  002179f8    0000001c     rs485_bkp.obj (.text:UARTTxIntModeSet)
                  00217a14    0000001c     uip.obj (.text:htons)
                  00217a30    0000001a     bsmp_lib.obj (.text:ConfigPSModel)
                  00217a4a    0000001a     rtsv7M3_T_le_eabi.lib : memccpy.obj (.text)
                  00217a64    00000018     adcp.obj (.text:AdcpCleanRxBuffer)
                  00217a7c    00000018     bsmp_lib.obj (.text:BSMPprocess)
                  00217a94    00000018     ctrl_law.obj (.text:CtrlLoopRead)
                  00217aac    00000018     ctrl_law.obj (.text:KiRead)
                  00217ac4    00000018     ipc_lib.obj (.text:SendIpcFlag)
                  00217adc    00000018     rs485_bkp.obj (.text:UARTCharsAvail)
                  00217af4    00000018     rs485_bkp.obj (.text:UARTFIFOLevelSet)
                  00217b0c    00000018     rs485_bkp.obj (.text:UARTIntEnable)
                  00217b24    00000018     rs485_bkp.obj (.text:UARTSpaceAvail)
                  00217b3c    00000018     rtsv7M3_T_le_eabi.lib : args_main.obj (.text)
                  00217b54    00000018                           : strcmp.obj (.text)
                  00217b6c    00000016     rs485_bkp.obj (.text:UARTCharGet)
                  00217b82    00000016     rs485_bkp.obj (.text:UARTFIFOEnable)
                  00217b98    00000016     dhcpc.obj (.text:add_end)
                  00217bae    00000016     rtsv7M3_T_le_eabi.lib : strchr.obj (.text)
                  00217bc4    00000016                           : strcpy.obj (.text)
                  00217bda    00000016     uip_timer.obj (.text:timer_set)
                  00217bf0    00000014     httpd.obj (.text:httpd_get_command)
                  00217c04    00000014     rtsv7M3_T_le_eabi.lib : _lock.obj (.text)
                  00217c18    00000014                           : strlen.obj (.text)
                  00217c2c    00000012     rs485_bkp.obj (.text:UARTIntClear)
                  00217c3e    00000002     --HOLE-- [fill = 0]
                  00217c40    00000010     ipc_lib.obj (.text:CtoMIPC1IntHandler)
                  00217c50    00000010     ipc_lib.obj (.text:CtoMIPC2IntHandler)
                  00217c60    00000010     ipc_lib.obj (.text:CtoMIPC3IntHandler)
                  00217c70    0000000e     bsmp_lib.obj (.text:DummyFunction)
                  00217c7e    0000000e     rtsv7M3_T_le_eabi.lib : copy_decompress_none.obj (.text:decompress:none)
                  00217c8c    0000000c     httpd.obj (.text:BufferClear)
                  00217c98    0000000c     httpd.obj (.text:BufferLen)
                  00217ca4    0000000c     rtc.obj (.text:DataHourRead)
                  00217cb0    0000000c     flash_mem.obj (.text:FlashDeviceIDRead)
                  00217cbc    0000000c     main_var.obj (.text:IOutputRead)
                  00217cc8    0000000c     main_var.obj (.text:ISetpointRead)
                  00217cd4    0000000c     main_var.obj (.text:InterlockSts)
                  00217ce0    0000000c     ctrl_law.obj (.text:KpRead)
                  00217cec    0000000c     ihm.obj (.text:LocRemUpdate)
                  00217cf8    0000000c     main_var.obj (.text:OutputStsRead)
                  00217d04    0000000c     rtc.obj (.text:RTCInit)
                  00217d10    0000000c     rs485.obj (.text:ReadRS485Address)
                  00217d1c    0000000c     ethernet_uip.obj (.text:clock_time)
                  00217d28    0000000c     rtsv7M3_T_le_eabi.lib : copy_zero_init.obj (.text:decompress:ZI)
                  00217d34    0000000c     httpd.obj (.text:httpd_clear_command)
                  00217d40    0000000c     httpd.obj (.text:httpd_init)
                  00217d4c    0000000a     uip.obj (.text:uip_tcpchksum)
                  00217d56    00000002     --HOLE-- [fill = 0]
                  00217d58    00000008     httpd.obj (.text:BufferAdress)
                  00217d60    00000008     dhcpc.obj (.text:dhcpc_appcall)
                  00217d68    00000006     driverlib.lib : sysctl.obj (.text:SysCtlDelay)
                  00217d6e    00000006     rtsv7M3_T_le_eabi.lib : copy_decompress_rle.obj (.text:decompress:rle24)
                  00217d74    00000004                           : error.obj (.text)
                  00217d78    00000004                           : pre_init.obj (.text)
                  00217d7c    00000008     driverlib.lib : flash.obj (.tramp.FlashInit.1)

.const     0    00217d88    000002fc     
                  00217d88    00000101     rtsv7M3_T_le_eabi.lib : ctype.obj (.const:.string:_ctypes_)
                  00217e89    00000003     --HOLE-- [fill = 0]
                  00217e8c    00000088     driverlib.lib : gpio.obj (.const:g_pulGPIOBaseAddrs)
                  00217f14    00000070                   : interrupt.obj (.const:g_pulRegs)
                  00217f84    00000064                   : sysctl.obj (.const)
                  00217fe8    00000026     bsmp_lib.obj (.const:.string)
                  0021800e    00000002     --HOLE-- [fill = 0]
                  00218010    00000020     driverlib.lib : interrupt.obj (.const)
                  00218030    00000020                   : ssi.obj (.const)
                  00218050    00000012                   : can.obj (.const)
                  00218062    0000000a     uip_arp.obj (.const)
                  0021806c    00000008     dhcpc.obj (.const:.string)
                  00218074    00000008     uip.obj (.const:.string)
                  0021807c    00000008     uip.obj (.const)

.cinit     0    00218088    000004c0     
                  00218088    000003fc     (.cinit..data.load) [load image, compression = rle]
                  00218484    0000000c     (__TI_handler_table)
                  00218490    0000000b     (.cinit.ETHERNETBUFFER.load) [load image, compression = rle]
                  0021849b    00000005     --HOLE-- [fill = 0]
                  002184a0    0000000b     (.cinit.SERIALBUFFER.load) [load image, compression = rle]
                  002184ab    00000005     --HOLE-- [fill = 0]
                  002184b0    00000008     (.cinit..bss.1.load) [load image, compression = zero_init]
                  002184b8    00000008     (.cinit..bss.2.load) [load image, compression = zero_init]
                  002184c0    00000008     (.cinit..vtable.load) [load image, compression = zero_init]
                  002184c8    00000008     (.cinit.MTOC_MSG_RAM.load) [load image, compression = zero_init]
                  002184d0    00000008     (.cinit.SHARERAMS0.load) [load image, compression = zero_init]
                  002184d8    00000008     (.cinit.SHARERAMS1.load) [load image, compression = zero_init]
                  002184e0    00000008     (.cinit.SHARERAMS45.load) [load image, compression = zero_init]
                  002184e8    00000008     (.cinit.SHARERAMS67.load) [load image, compression = zero_init]
                  002184f0    00000058     (__TI_cinit_table)

.TI.crctab 
*          0    00218548    00000068     
                  00218548    00000068     (.TI.crctab:AppCrc)

.stack     0    200000bc    00000100     UNINITIALIZED
                  200000bc    00000100     --HOLE--

.sysmem    0    200001c0    00000008     UNINITIALIZED
                  200001c0    00000008     rtsv7M3_T_le_eabi.lib : memory.obj (.sysmem)

.vtable    0    20000400    00000258     UNINITIALIZED
                  20000400    00000258     driverlib.lib : interrupt.obj (.vtable)

.data      0    20006000    00001177     UNINITIALIZED
                  20006000    00000400     bsmp.obj (.data:bin_op)
                  20006400    00000400     server.obj (.data:command)
                  20006800    0000030c     bsmp_lib.obj (.data)
                  20006b0c    00000106     rs485_bkp.obj (.data:recv_buffer)
                  20006c12    00000106     rs485_bkp.obj (.data:send_buffer)
                  20006d18    000000f0     rtsv7M3_T_le_eabi.lib : defs.obj (.data:_ftable)
                  20006e08    000000d0                           : lowlev.obj (.data)
                  20006ed8    000000b0                           : signal.obj (.data:sigtable)
                  20006f88    00000080                           : xvalues.obj (.data)
                  20007008    00000040     md5.obj (.data:PADDING)
                  20007048    00000028     bsmp_lib.obj (.data:samples_buffer)
                  20007070    00000028     bsmp_lib.obj (.data:sigGen_SweepAmp)
                  20007098    00000028     bsmp_lib.obj (.data:wfm_curve)
                  200070c0    0000001e     ethernet_uip.obj (.data)
                  200070de    00000002     ihm.obj (.data)
                  200070e0    00000015     rs485.obj (.data)
                  200070f5    00000001     exio.obj (.data)
                  200070f6    00000012     adcp.obj (.data)
                  20007108    00000011     can_bkp.obj (.data)
                  20007119    00000003     --HOLE--
                  2000711c    00000010     rtsv7M3_T_le_eabi.lib : defs.obj (.data)
                  2000712c    0000000c     rs485_bkp.obj (.data)
                  20007138    0000000c     rtsv7M3_T_le_eabi.lib : memory.obj (.data)
                  20007144    00000008                           : _lock.obj (.data)
                  2000714c    00000008                           : exit.obj (.data)
                  20007154    00000008                           : feraiseexcept.obj (.data)
                  2000715c    00000006     uip.obj (.data)
                  20007162    00000002     --HOLE--
                  20007164    00000004     rtsv7M3_T_le_eabi.lib : errno.obj (.data)
                  20007168    00000004                           : fopen.obj (.data)
                  2000716c    00000004                           : stkdepth_vars.obj (.data)
                  20007170    00000003     httpd.obj (.data)
                  20007173    00000001     --HOLE--
                  20007174    00000003     timer.obj (.data)

SHARERAMS0 
*          0    20008000    00000670     UNINITIALIZED
                  20008000    00000670     structs.obj (SHARERAMS0)

SHARERAMS1 
*          0    2000a000    00000670     UNINITIALIZED
                  2000a000    00000670     structs.obj (SHARERAMS1)

.TI.persistent 
*          0    20006000    00000000     UNINITIALIZED

SHARERAMS45 
*          0    20010000    00004000     UNINITIALIZED
                  20010000    00004000     bsmp_lib.obj (SHARERAMS45)

SHARERAMS67 
*          0    20014000    00004000     UNINITIALIZED
                  20014000    00004000     bsmp_lib.obj (SHARERAMS67)

.bss.1     0    20018000    00002000     UNINITIALIZED
                  20018000    0000185c     bsmp_lib.obj (.bss:bsmp)
                  2001985c    00000644     ethernet_uip.obj (.bss:ucUIPBuffer)
                  20019ea0    00000120     rtsv7M3_T_le_eabi.lib : trgmsg.obj (.bss:__CIOBUF_)
                  20019fc0    00000040     uip.obj (.bss:uip_conns)

.bss.2     0    2001a000    000010ab     UNINITIALIZED
                  2001a000    00000634     uip.obj (.bss:uip_reassbuf)
                  2001a634    00000110     ihm.obj (.bss:Dado)
                  2001a744    000000a0     rtsv7M3_T_le_eabi.lib : defs.obj (.bss:__TI_tmpnams)
                  2001a7e4    0000001c                           : vla_alloc.obj (.bss)
                  2001a800    00000400     ethernet_uip.obj (.bss:g_sDMAControlTable)
                  2001ac00    00000105     ihm.obj (.bss:Mensagem)
                  2001ad05    00000001     (.common:IPADDR0)
                  2001ad06    00000002     (.common:count)
                  2001ad08    00000100     uip.obj (.bss:uip_udp_conns)
                  2001ae08    00000060     uip_arp.obj (.bss:arp_table)
                  2001ae68    00000034     dhcpc.obj (.bss:s)
                  2001ae9c    00000034     uip.obj (.bss:uip_stat)
                  2001aed0    00000020     (.common:data_eeprom)
                  2001aef0    00000018     (.common:Mod1Q1)
                  2001af08    00000018     (.common:Mod2Q1)
                  2001af20    00000018     (.common:uip_reassbitmap)
                  2001af38    00000014     (.common:sCANMessage)
                  2001af4c    00000014     (.common:sCANMessageTx)
                  2001af60    0000000c     (.common:AnalogCh0)
                  2001af6c    0000000c     (.common:AnalogCh1)
                  2001af78    0000000c     (.common:AnalogCh2)
                  2001af84    0000000c     (.common:AnalogCh3)
                  2001af90    0000000c     (.common:AnalogCh4)
                  2001af9c    0000000c     (.common:AnalogCh5)
                  2001afa8    0000000c     (.common:AnalogCh6)
                  2001afb4    0000000c     (.common:AnalogCh7)
                  2001afc0    0000000c     (.common:data)
                  2001afcc    0000000c     (.common:data_exio)
                  2001afd8    00000008     (.common:DataHour)
                  2001afe0    00000008     (.common:SerialNumber)
                  2001afe8    00000008     (.common:parmbuf)
                  2001aff0    00000008     (.common:pui8MsgData)
                  2001aff8    00000008     (.common:pui8MsgDataTx)
                  2001b000    00000008     (.common:recv_packet)
                  2001b008    00000008     (.common:response_to_client)
                  2001b010    00000008     (.common:uip_listenports)
                  2001b018    00000006     (.common:sTempAddr)
                  2001b01e    00000002     (.common:dummy_read)
                  2001b020    00000004     (.common:addIP)
                  2001b024    00000004     (.common:dummy_float_memory)
                  2001b028    00000004     (.common:dummy_u16_memory)
                  2001b02c    00000004     (.common:dummy_u32_memory)
                  2001b030    00000004     (.common:floatNchars)
                  2001b034    00000004     (.common:floatNchars)
                  2001b038    00000004     (.common:g_ulFlags)
                  2001b03c    00000004     (.common:ipaddr)
                  2001b040    00000004     (.common:ipaddr)
                  2001b044    00000004     (.common:iss)
                  2001b048    00000004     (.common:lARPTimer)
                  2001b04c    00000004     (.common:lPeriodicTimer)
                  2001b050    00000004     (.common:uip_acc32)
                  2001b054    00000004     (.common:uip_appdata)
                  2001b058    00000004     (.common:uip_buf)
                  2001b05c    00000004     (.common:uip_conn)
                  2001b060    00000004     (.common:uip_draddr)
                  2001b064    00000004     (.common:uip_hostaddr)
                  2001b068    00000004     (.common:uip_netmask)
                  2001b06c    00000004     (.common:uip_sappdata)
                  2001b070    00000004     (.common:uip_udp_conn)
                  2001b074    00000004     (.common:ulLoop)
                  2001b078    00000004     (.common:ulTemp)
                  2001b07c    00000004     (.common:ulTimeout)
                  2001b080    00000002     (.common:ipid)
                  2001b082    00000002     (.common:lastport)
                  2001b084    00000002     (.common:loop_count)
                  2001b086    00000002     (.common:tmp16)
                  2001b088    00000002     (.common:uip_len)
                  2001b08a    00000002     (.common:uip_reasslen)
                  2001b08c    00000002     (.common:uip_slen)
                  2001b08e    00000001     (.common:IPADDR1)
                  2001b08f    00000001     (.common:IPADDR2)
                  2001b090    00000001     (.common:IPADDR3)
                  2001b091    00000001     (.common:READ_IIB)
                  2001b092    00000001     (.common:READ_RTC)
                  2001b093    00000001     (.common:add485)
                  2001b094    00000001     (.common:arptime)
                  2001b095    00000001     (.common:c)
                  2001b096    00000001     (.common:c)
                  2001b097    00000001     (.common:i)
                  2001b098    00000001     (.common:opt)
                  2001b099    00000001     (.common:read_adcp)
                  2001b09a    00000001     (.common:read_add_IP)
                  2001b09b    00000001     (.common:read_add_rs485)
                  2001b09c    00000001     (.common:read_display_sts)
                  2001b09d    00000001     (.common:read_flash_sn)
                  2001b09e    00000001     (.common:read_isodcdc_sts)
                  2001b09f    00000001     (.common:read_rtc)
                  2001b0a0    00000001     (.common:read_rtc_status)
                  2001b0a1    00000001     (.common:set_add_IP)
                  2001b0a2    00000001     (.common:set_add_rs485)
                  2001b0a3    00000001     (.common:set_display_sts)
                  2001b0a4    00000001     (.common:set_isodcdc_sts)
                  2001b0a5    00000001     (.common:stsdisp)
                  2001b0a6    00000001     (.common:stsisodcdc)
                  2001b0a7    00000001     (.common:tmpage)
                  2001b0a8    00000001     (.common:uip_flags)
                  2001b0a9    00000001     (.common:uip_reassflags)
                  2001b0aa    00000001     (.common:uip_reasstmr)

SERIALBUFFER 
*          0    20022000    0000839c     UNINITIALIZED
                  20022000    0000839c     rs485.obj (SERIALBUFFER)

ETHERNETBUFFER 
*          0    2002c000    000027da     UNINITIALIZED
                  2002c000    00002008     httpd.obj (ETHERNETBUFFER)
                  2002e008    000007d2     ethernet_uip.obj (ETHERNETBUFFER)

MTOC_MSG_RAM 
*          0    2007f800    00000128     UNINITIALIZED
                  2007f800    00000128     ipc_lib.obj (MTOC_MSG_RAM)

CTOM_MSG_RAM 
*          0    2007f000    00000044     DSECT
                  2007f000    00000044     ipc_lib.obj (CTOM_MSG_RAM)


LINKER GENERATED COPY TABLES

__TI_cinit_table @ 002184f0 records: 11, size/record: 8, table size: 88
	.data: load addr=00218088, load size=000003fc bytes, run addr=20006000, run size=00001177 bytes, compression=rle
	ETHERNETBUFFER: load addr=00218490, load size=0000000b bytes, run addr=2002c000, run size=000027da bytes, compression=rle
	SERIALBUFFER: load addr=002184a0, load size=0000000b bytes, run addr=20022000, run size=0000839c bytes, compression=rle
	.bss.1: load addr=002184b0, load size=00000008 bytes, run addr=20018000, run size=00002000 bytes, compression=zero_init
	.bss.2: load addr=002184b8, load size=00000008 bytes, run addr=2001a000, run size=000010ab bytes, compression=zero_init
	.vtable: load addr=002184c0, load size=00000008 bytes, run addr=20000400, run size=00000258 bytes, compression=zero_init
	MTOC_MSG_RAM: load addr=002184c8, load size=00000008 bytes, run addr=2007f800, run size=00000128 bytes, compression=zero_init
	SHARERAMS0: load addr=002184d0, load size=00000008 bytes, run addr=20008000, run size=00000670 bytes, compression=zero_init
	SHARERAMS1: load addr=002184d8, load size=00000008 bytes, run addr=2000a000, run size=00000670 bytes, compression=zero_init
	SHARERAMS45: load addr=002184e0, load size=00000008 bytes, run addr=20010000, run size=00004000 bytes, compression=zero_init
	SHARERAMS67: load addr=002184e8, load size=00000008 bytes, run addr=20014000, run size=00004000 bytes, compression=zero_init


LINKER GENERATED HANDLER TABLE

__TI_handler_table @ 00218484 records: 3, size/record: 4, table size: 12
	index: 0, handler: __TI_zero_init
	index: 1, handler: __TI_decompress_rle24
	index: 2, handler: __TI_decompress_none


LINKER GENERATED CRC TABLES

AppCrc @ 00218548 records: 4, size/record: 24, table size: 104
	ramfuncs: algorithm=CRC32_PRIME(ID=0), load addr=00201258, size=000000bc, CRC=000000004cce7c01
	.text: algorithm=CRC32_PRIME(ID=0), load addr=00208000, size=0000fd84, CRC=0000000077def5f1
	.const: algorithm=CRC32_PRIME(ID=0), load addr=00217d88, size=000002fc, CRC=00000000f270dea0
	.cinit: algorithm=CRC32_PRIME(ID=0), load addr=00218088, size=000004c0, CRC=000000008079d9e2


FAR CALL TRAMPOLINES

callee name               trampoline name
   callee addr  tramp addr   call addr  call info
--------------  -----------  ---------  ----------------
FlashInit                 $Tramp$TT$L$PI$$FlashInit
   20000001     00217d7c     0020e424   main.obj (.text:main)

[1 trampolines]
[1 trampoline calls]


GLOBAL SYMBOLS: SORTED ALPHABETICALLY BY Name 

address   name                            
-------   ----                            
200070f6  ADCP_TxTable                    
00210575  AdcChannel                      
00214669  AdcChannelAppConfig             
00217a65  AdcpCleanRxBuffer               
002173e9  AdcpConfig                      
00212cad  AdcpInit                        
00213c61  AdcpIntHandler                  
00217829  AdcpRead                        
00217685  AdcpRxIntEnable                 
2001af60  AnalogCh0                       
2001af6c  AnalogCh1                       
2001af78  AnalogCh2                       
2001af84  AnalogCh3                       
2001af90  AnalogCh4                       
2001af9c  AnalogCh5                       
2001afa8  AnalogCh6                       
2001afb4  AnalogCh7                       
00218548  AppCrc                          
20007130  Arm1                            
20007134  Arm2                            
0020ed09  BSMPInit                        
00217a7d  BSMPprocess                     
00217d59  BufferAdress                    
00217c8d  BufferClear                     
00217c99  BufferLen                       
00216d35  C$$EXIT                         
002161db  C$$IO$$                         
0020c499  CANBitRateSet                   
0020c46d  CANBitTimingGet                 
0020c503  CANBitTimingSet                 
0020c447  CANClkSourceSelect              
0020c43d  CANDisable                      
0020c433  CANEnable                       
0020c619  CANErrCntrGet                   
0020c3ab  CANInit                         
0020c5a9  CANIntClear                     
0020c58b  CANIntDisable                   
0020c583  CANIntEnable                    
00210c81  CANIntHandler                   
0020c557  CANIntRegister                  
0020c595  CANIntStatus                    
0020c56f  CANIntUnregister                
0020c8a1  CANMessageClear                 
0020c775  CANMessageGet                   
0020c631  CANMessageSet                   
0020c5e5  CANRetryGet                     
0020c5d3  CANRetrySet                     
0020c5f1  CANStatusGet                    
0021716d  CPUbasepriGet                   
00217167  CPUbasepriSet                   
00217141  CPUcpsid                        
00217157  CPUcpsie                        
0021714d  CPUprimask                      
00217163  CPUwfi                          
0020ce39  CanCheck                        
00215789  ClosedLoop                      
00215b49  ConfigDPModule                  
00217a31  ConfigPSModel                   
00217419  ConfigRS485                     
00212f79  ConfigSigGen                    
0021669d  ConfigWfmRef                    
20007118  Counter                         
00217c41  CtoMIPC1IntHandler              
00217c51  CtoMIPC2IntHandler              
00217c61  CtoMIPC3IntHandler              
00217a95  CtrlLoopRead                    
00217789  CtrlLoopWrite                   
0021640d  CtrllawInit                     
2000a000  DP_Framework                    
20008000  DP_Framework_MtoC               
2001a634  Dado                            
2001afd8  DataHour                        
00217ca5  DataHourRead                    
00216aad  DcdcPwrCtrl                     
00216d79  DcdcSts                         
00215415  DisableSigGen                   
00217029  DisplayProcessData              
00216af5  DisplayPwrCtrl                  
00216db9  DisplayPwrOCSts                 
00217c71  DummyFunction                   
00215fa5  EepromReadIP                    
0021600d  EepromReadIPMask                
0021646d  EepromReadKi                    
002164cd  EepromReadKp                    
002177b1  EepromReadPSModel               
002177d9  EepromReadRs485Add              
00216075  EepromReadRs485BaudRate         
00214a1d  EepromWriteIP                   
00214ab5  EepromWriteIPMask               
00213e71  EepromWriteKd                   
00213f1d  EepromWriteKi                   
00213fc9  EepromWriteKp                   
00215bbd  EepromWritePSModel              
00215c31  EepromWriteRs485Add             
00214b4d  EepromWriteRs485BaudRate        
00214075  EnablePeripherals               
00215495  EnableSigGen                    
0021237d  EthLoadParam                    
0020e12d  EthernetConfigGet               
0020e101  EthernetConfigSet               
0020e1c1  EthernetDisable                 
0020e19f  EthernetEnable                  
0020f581  EthernetInit                    
0020e0f1  EthernetInitExpClk              
0020e37f  EthernetIntClear                
0020e369  EthernetIntDisable              
0020e361  EthernetIntEnable               
00213579  EthernetIntHandler              
0020e341  EthernetIntRegister             
0020e373  EthernetIntStatus               
0020e351  EthernetIntUnregister           
0020e175  EthernetMACAddrGet              
0020e147  EthernetMACAddrSet              
0020e3c3  EthernetPHYPowerOff             
0020e3df  EthernetPHYPowerOn              
0020e3a3  EthernetPHYRead                 
0020e383  EthernetPHYWrite                
0020e1e3  EthernetPacketAvail             
0020e297  EthernetPacketGet               
00211261  EthernetPacketGetDMA            
0020e287  EthernetPacketGetNonBlocking    
0020e337  EthernetPacketPut               
0020e327  EthernetPacketPutNonBlocking    
00216f75  EthernetProcessCMD              
0020ff61  EthernetProcessData             
0020e1f1  EthernetSpaceAvail              
00216df9  ExIOInit                        
00217cb1  FlashDeviceIDRead               
20000001  FlashInit                       
002171e5  FlashMemInit                    
0020fac1  FlashMemReadSerialNumber        
20000057  FlashSetup                      
0020d353  GPIODirModeGet                  
0020d323  GPIODirModeSet                  
0020d3c3  GPIOIntTypeGet                  
0020d37d  GPIOIntTypeSet                  
0020d457  GPIOPadConfigGet                
0020d3fd  GPIOPadConfigSet                
0020d5e5  GPIOPinConfigure                
0020d649  GPIOPinConfigureCoreSelect      
0020d4bb  GPIOPinIntClear                 
0020d49f  GPIOPinIntDisable               
0020d493  GPIOPinIntEnable                
0020d4ad  GPIOPinIntStatus                
0020d673  GPIOPinLock                     
0020d669  GPIOPinLockStatus               
0020d4ed  GPIOPinRead                     
0020d4f9  GPIOPinTypeCAN                  
0020d5c9  GPIOPinTypeEPI                  
0020d50d  GPIOPinTypeGPIOInput            
0020d521  GPIOPinTypeGPIOOutput           
0020d535  GPIOPinTypeGPIOOutputOD         
0020d549  GPIOPinTypeI2C                  
0020d55d  GPIOPinTypeSSI                  
0020d571  GPIOPinTypeTimer                
0020d585  GPIOPinTypeUART                 
0020d5b5  GPIOPinTypeUSBAnalog            
0020d59d  GPIOPinTypeUSBDigital           
0020d699  GPIOPinUnlock                   
0020d4f3  GPIOPinWrite                    
0020d4c1  GPIOPortIntRegister             
0020d4d9  GPIOPortIntUnregister           
00216841  GlobalTimerInit                 
002162e1  GlobalTimerIntHandler           
0020f269  HOSTclock                       
0020f231  HOSTclose                       
0020f1f3  HOSTgetenv                      
0020f197  HOSTlseek                       
0020f145  HOSTopen                        
0020f0f9  HOSTread                        
0020f09b  HOSTrename                      
0020f061  HOSTtime                        
0020f029  HOSTunlink                      
0020efdd  HOSTwrite                       
002176b1  HeartBeatLED                    
00211009  I2CIntRegister                  
00211025  I2CIntUnregister                
002110c1  I2CMasterBusBusy                
002110b9  I2CMasterBusy                   
002110c9  I2CMasterControl                
002110eb  I2CMasterDataGet                
002110e7  I2CMasterDataPut                
00210fed  I2CMasterDisable                
00210fd1  I2CMasterEnable                 
002110cd  I2CMasterErr                    
00210f95  I2CMasterInitExpClk             
002110a1  I2CMasterIntClear               
00211059  I2CMasterIntDisable             
00211041  I2CMasterIntEnable              
00211073  I2CMasterIntStatus              
002110b1  I2CMasterSlaveAddrSet           
002110f7  I2CSlaveDataGet                 
002110f3  I2CSlaveDataPut                 
00210ff7  I2CSlaveDisable                 
00210fdb  I2CSlaveEnable                  
00210fc3  I2CSlaveInit                    
002110a7  I2CSlaveIntClear                
002110ad  I2CSlaveIntClearEx              
0021105f  I2CSlaveIntDisable              
00211069  I2CSlaveIntDisableEx            
00211047  I2CSlaveIntEnable               
00211051  I2CSlaveIntEnableEx             
00211085  I2CSlaveIntStatus               
00211097  I2CSlaveIntStatusEx             
002110ef  I2CSlaveStatus                  
00215ca5  IHMIntHandler                   
00217cbd  IOutputRead                     
2001ad05  IPADDR0                         
2001b08e  IPADDR1                         
2001b08f  IPADDR2                         
2001b090  IPADDR3                         
00216e39  IPAddressRead                   
00212131  IPAddressWrite                  
00210ad5  IPCCtoMFlagAcknowledge          
00210adf  IPCCtoMFlagBusy                 
0021305d  IPCInit                         
0020cc51  IPCLiteCtoMClearBits            
0020ccab  IPCLiteCtoMClearBits_Protected  
0020cb2f  IPCLiteCtoMDataRead             
0020cd1b  IPCLiteCtoMDataWrite            
0020cd71  IPCLiteCtoMDataWrite_Protected  
0020cddd  IPCLiteCtoMFunctionCall         
0020cb77  IPCLiteCtoMSetBits              
0020cbd9  IPCLiteCtoMSetBits_Protected    
0020cb09  IPCLiteMtoCBootBranch           
0020c9d7  IPCLiteMtoCClearBits            
0020ca1f  IPCLiteMtoCClearBits_Protected  
0020c8e9  IPCLiteMtoCDataRead             
0020ca67  IPCLiteMtoCDataWrite            
0020caa1  IPCLiteMtoCDataWrite_Protected  
0020cadb  IPCLiteMtoCFunctionCall         
0020c8c1  IPCLiteMtoCGetResult            
0020c927  IPCLiteMtoCSetBits              
0020c97f  IPCLiteMtoCSetBits_Protected    
00210b31  IPCMtoCBootControlSystem        
002176dd  IPCMtoCBusy                     
00210af1  IPCMtoCFlagBusy                 
00210b0f  IPCMtoCFlagClear                
00210b03  IPCMtoCFlagSet                  
00210b1b  IPCMtoCSharedRamConvert         
2007f000  IPC_CtoM_Msg                    
00217449  IPC_CtoM_Translate              
2007f800  IPC_MtoC_Msg                    
00217219  IPC_MtoC_Translate              
200070d8  IPMASK0                         
200070d9  IPMASK1                         
200070da  IPMASK2                         
200070db  IPMASK3                         
00217cc9  ISetpointRead                   
00217945  ISetpointWrite                  
002118c5  InitCanBkp                      
00216931  InitDisplay                     
0021784d  InitI2COnboard                  
00216b3d  InitRS485                       
00216891  InitRS485BKP                    
00217871  Init_BSMP_var                   
0020f40d  IntDisable                      
0020f391  IntEnable                       
0020f2c7  IntFlashVTable                  
0020f2bd  IntMasterDisable                
0020f2b3  IntMasterEnable                 
0020f4f7  IntPendClear                    
0020f48b  IntPendSet                      
0020f377  IntPriorityGet                  
0020f329  IntPriorityGroupingGet          
0020f317  IntPriorityGroupingSet          
0021716d  IntPriorityMaskGet              
00217167  IntPriorityMaskSet              
0020f34b  IntPrioritySet                  
0020f2d5  IntRAMVTable                    
0020f2e3  IntRegister                     
0020f30d  IntUnregister                   
00217801  InterlockAlarmReset             
00217cd5  InterlockSts                    
20007115  ItlkOld1                        
20007116  ItlkOld2                        
00217aad  KiRead                          
00215181  KiWrite                         
00217ce1  KpRead                          
00214f61  KpWrite                         
00217ced  LocRemUpdate                    
200070d0  MAC_ADDRESS                     
002160dd  MD5Final                        
00216fb1  MD5Init                         
00213ba9  MD5Update                       
2001ac00  Mensagem                        
2001aef0  Mod1Q1                          
2001af08  Mod2Q1                          
00215205  OpMode                          
00215801  OpenLoop                        
00217cf9  OutputStsRead                   
002179c1  OutputStsWrite                  
00212da1  PinCorSet                       
002132fd  PinoutSet                       
0020af15  ProcessCmd                      
00216b85  PwmEletrCtrl                    
00216bcd  PwmFiberCtrl                    
00212849  RAMControlInitL0L3Ram           
002127df  RAMControlInitM1MsgRam          
002127b9  RAMMReqSharedMemAccess          
2001b091  READ_IIB                        
2001b092  READ_RTC                        
00215289  RS485BKPIntHandler              
00213af1  RS485BKPTxHandler               
00211ed9  RS485IntHandler                 
0021470d  RS485ProcessData                
00215595  RS485TxHandler                  
0021652d  RTCCheckOF                      
002166f1  RTCClearHT                      
00217d05  RTCInit                         
002113b5  RTCReadDataHour                 
0021724d  RTCStatusOF                     
00217061  RTCStopClock                    
00215879  RTCWriteDataHour                
00201314  RamfuncsLoadEnd                 
000000bc  RamfuncsLoadSize                
00201258  RamfuncsLoadStart               
200000bc  RamfuncsRunEnd                  
000000bc  RamfuncsRunSize                 
20000000  RamfuncsRunStart                
00213141  ReadI2C                         
00217d11  ReadRS485Address                
00200031  ResetISR                        
00214ed1  ResetInterlocks                 
UNDEFED   SHT$$INIT_ARRAY$$Base           
UNDEFED   SHT$$INIT_ARRAY$$Limit          
0021236f  SSIBusy                         
0021227f  SSIConfigSetExpClk              
00212365  SSIDMADisable                   
0021235d  SSIDMAEnable                    
0021233f  SSIDataGet                      
0021234b  SSIDataGetNonBlocking           
00212325  SSIDataPut                      
0021232f  SSIDataPutNonBlocking           
002122cf  SSIDisable                      
002122c5  SSIEnable                       
00212321  SSIIntClear                     
0021230d  SSIIntDisable                   
00212305  SSIIntEnable                    
002122d9  SSIIntRegister                  
00212317  SSIIntStatus                    
002122f1  SSIIntUnregister                
00217281  SendCanMessage                  
00213649  SendDisplay                     
00217ac5  SendIpcFlag                     
00214be5  SeparaDado                      
2001afe0  SerialNumber                    
00214325  SetISlowRef                     
00217099  SetRS485Address                 
0020c0b5  SysCtlC28Disable                
0020c09d  SysCtlC28Enable                 
0020bfd5  SysCtlClockConfigGet            
0020bf8f  SysCtlClockConfigSet            
0020bd39  SysCtlClockDividersSet          
0020c029  SysCtlClockGet                  
0020be6d  SysCtlClockPllConfig            
0020bc6d  SysCtlDeepSleep                 
00217d69  SysCtlDelay                     
0020c219  SysCtlEnableAERRNMI             
0020b9f7  SysCtlFlashSizeGet              
0020c0ed  SysCtlGPIOAHBDisable            
0020c0d1  SysCtlGPIOAHBEnable             
0020c22f  SysCtlGetNmiConfig              
0020c243  SysCtlGetNmiFlagStatus          
0020c235  SysCtlGetNmiInterruptStatus     
0020c299  SysCtlHoldSubSystemInReset      
0020c263  SysCtlNmiFlgClr                 
0020c27b  SysCtlNmiFlgClrAll              
0020c251  SysCtlNmiIsSet                  
0020bc41  SysCtlPeripheralClockGating     
0020bc19  SysCtlPeripheralDeepSleepDisable
0020bbf1  SysCtlPeripheralDeepSleepEnable 
0020bb5b  SysCtlPeripheralDisable         
0020bb33  SysCtlPeripheralEnable          
0020bb83  SysCtlPeripheralIsEnabled       
0020ba03  SysCtlPeripheralPresent         
0020ba67  SysCtlPeripheralReset           
0020bbc9  SysCtlPeripheralSleepDisable    
0020bba1  SysCtlPeripheralSleepEnable     
0020be45  SysCtlPowerOffPLL               
0020c2c9  SysCtlReleaseSubSystemFromReset 
0020bc65  SysCtlReset                     
0020bc8f  SysCtlResetCauseClear           
0020bc87  SysCtlResetCauseGet             
0020b9d9  SysCtlSRAMSizeGet               
00217163  SysCtlSleep                     
0020c2eb  SysCtlSubSystemReset            
0020c1f7  SysCtlUSBPLLConfigGet           
0020c15b  SysCtlUSBPLLConfigSet           
0020c143  SysCtlUSBPLLDisable             
0020c111  SysCtlUSBPLLEnable              
0020bc9d  SysCtlXPllClockDividerSet       
002159ed  SysTickDisable                  
002159e1  SysTickEnable                   
00215a2b  SysTickIntDisable               
00215a1f  SysTickIntEnable                
00217709  SysTickIntHandler               
002159f9  SysTickIntRegister              
00215a0f  SysTickIntUnregister            
00215a41  SysTickPeriodGet                
00215a37  SysTickPeriodSet                
00215a4b  SysTickValueGet                 
002165ed  SystemInit                      
20006800  TIMEOUT_VALUE                   
00217479  TaskCheck                       
002172b5  TaskSetNew                      
002143cd  TestEepromMemory                
0020fd51  TimerConfigure                  
0020fd97  TimerControlEvent               
0020fd6b  TimerControlLevel               
0020fdab  TimerControlStall               
0020fd81  TimerControlTrigger             
0020fdc1  TimerControlWaitOnTrigger       
0020fd43  TimerDisable                    
0020fd35  TimerEnable                     
0020ff49  TimerIntClear                   
0020ff35  TimerIntDisable                 
0020ff2d  TimerIntEnable                  
0020fe8f  TimerIntRegister                
0020ff3f  TimerIntStatus                  
0020fee1  TimerIntUnregister              
0020fe59  TimerLoadGet                    
0020fe47  TimerLoadSet                    
0020fe83  TimerMatchGet                   
0020fe71  TimerMatchSet                   
0020fe1d  TimerPrescaleGet                
0020fe3b  TimerPrescaleMatchGet           
0020fe29  TimerPrescaleMatchSet           
0020fe0b  TimerPrescaleSet                
0020fe01  TimerRTCDisable                 
0020fdf7  TimerRTCEnable                  
0020fe65  TimerValueGet                   
002158f1  TurnOff                         
00215969  TurnOn                          
00217b6d  UARTCharGet                     
002179dd  UARTCharGetNonBlocking          
00217895  UARTCharPutNonBlocking          
00217add  UARTCharsAvail                  
00215ad1  UARTConfigSetExpClk             
002174a9  UARTDisable                     
002178b9  UARTEnable                      
00217b83  UARTFIFOEnable                  
00217af5  UARTFIFOLevelSet                
00217c2d  UARTIntClear                    
00217b0d  UARTIntEnable                   
00217985  UARTIntStatus                   
00217b25  UARTSpaceAvail                  
002179f9  UARTTxIntModeSet                
002141d5  WatchdogEnable                  
00214251  WatchdogIntClear                
0021423d  WatchdogIntEnable               
0021421d  WatchdogIntRegister             
00214247  WatchdogIntStatus               
0021422d  WatchdogIntUnregister           
002141f3  WatchdogLock                    
00214203  WatchdogLockState               
00214215  WatchdogReloadGet               
00214211  WatchdogReloadSet               
002141e9  WatchdogResetDisable            
002141df  WatchdogResetEnable             
002141cd  WatchdogRunning                 
00214265  WatchdogStallDisable            
00214257  WatchdogStallEnable             
002141fb  WatchdogUnlock                  
00214219  WatchdogValueGet                
00215d89  WfmRefUpdate                    
0021530d  WriteI2C                        
00217735  _Dclass                         
20006f88  _Denorm                         
00213a33  _Dnorm                          
00212495  _Dscale                         
0021627b  _Dunscale                       
20006f98  _Eps                            
20007164  _Errno                          
20007154  _Fenv                           
002175c9  _Feraise                        
20006fa8  _Hugeval                        
20006fb8  _Inf                            
20006fc8  _Nan                            
20006fe8  _Rteps                          
20006fd8  _Snan                           
20007158  _Tls_setup__Fenv                
20006ff8  _Xbig                           
20007000  _Zero                           
20019ea0  __CIOBUF_                       
200001bc  __STACK_END                     
00000100  __STACK_SIZE                    
200001bc  __STACK_TOP                     
00000008  __SYSMEM_SIZE                   
002184f0  __TI_CINIT_Base                 
00218548  __TI_CINIT_Limit                
00218548  __TI_CRC_AppCrc                 
00218484  __TI_Handler_Table_Base         
00218490  __TI_Handler_Table_Limit        
00215df5  __TI_auto_init                  
00210821  __TI_cleanup                    
2000714c  __TI_cleanup_ptr                
00214c7d  __TI_closefile                  
00217c7f  __TI_decompress_none            
00217d6f  __TI_decompress_rle24           
002138a5  __TI_doflush                    
20007150  __TI_dtors_ptr                  
2000711c  __TI_ft_end                     
00209ffd  __TI_printfi                    
002142db  __TI_rd_ok                      
002161df  __TI_readmsg                    
00218088  __TI_static_base__              
2001a744  __TI_tmpnams                    
002161ad  __TI_writemsg                   
00214279  __TI_wrt_ok                     
00217d29  __TI_zero_init                  
00217d75  __abort_execution               
00214fed  __aeabi_cdcmpeq                 
00214fed  __aeabi_cdcmple                 
00215073  __aeabi_cdrcmple                
0021658d  __aeabi_cfcmpeq                 
0021658d  __aeabi_cfcmple                 
00216c5d  __aeabi_d2iz                    
00210927  __aeabi_dadd                    
00211b3d  __aeabi_ddiv                    
002129c1  __aeabi_dmul                    
0021091d  __aeabi_dsub                    
00215695  __aeabi_fmul                    
00217629  __aeabi_i2d                     
002170d1  __aeabi_i2f                     
0021570f  __aeabi_memclr                  
0021570f  __aeabi_memclr4                 
0021570f  __aeabi_memclr8                 
002148e5  __aeabi_memcpy                  
002148e5  __aeabi_memcpy4                 
002148e5  __aeabi_memcpy8                 
00215711  __aeabi_memset                  
00215711  __aeabi_memset4                 
00215711  __aeabi_memset8                 
20007128  __aeabi_stderr                  
20007120  __aeabi_stdin                   
20007124  __aeabi_stdout                  
00210381  __aeabi_uldivmod                
ffffffff  __binit__                       
ffffffff  __c_args__                      
200000bc  __stack                         
0020f92f  __vla_alloc                     
0020f829  __vla_dealloc                   
0020f8af  __vla_dealloc_eh                
00217b3d  _args_main                      
00216fed  _c_int00                        
00217d88  _ctypes_                        
20006d18  _ftable                         
20007144  _lock                           
00217c13  _nop                            
00217c0b  _register_lock                  
00217c05  _register_unlock                
200001c0  _sys_memory                     
00217d79  _system_pre_init                
20007148  _unlock                         
00216d39  abort                           
2001b093  add485                          
2001b020  addIP                           
0020e971  add_device                      
00216a15  atoi                            
20006000  bin_op                          
ffffffff  binit                           
00217351  binops_and                      
002172e9  binops_clear                    
00217383  binops_or                       
002173b5  binops_xor                      
20018000  bsmp                            
002133d1  bsmp_process_packet             
00214dad  bsmp_register_curve             
00214e3f  bsmp_register_function          
0021451d  bsmp_register_variable          
00216c15  bsmp_server_init                
0020da71  calloc                          
00217d1d  clock_time                      
0020e921  close                           
00216a61  copy_in                         
2001ad06  count                           
002126b1  curve_block                     
00212bb7  curve_block_request             
0021697d  curve_check                     
00215615  curve_query_csum                
00214121  curve_query_list                
00211da9  curve_recalc_csum               
2001afc0  data                            
2001aed0  data_eeprom                     
2001afcc  data_exio                       
00217d61  dhcpc_appcall                   
00216745  dhcpc_configured                
2001b01e  dummy_read                      
00216d41  exit                            
00214ce3  fclose                          
0021731d  feraiseexcept                   
002138f1  fflush                          
2001b034  floatNchars                     
00210877  fopen                           
00215e69  fprintf                         
00214d15  fputc                           
00211c75  fputs                           
0020d7bf  free                            
0021084d  freopen                         
00217901  frexp                           
002163a9  fseek                           
00217177  func_check                      
0021396d  func_execute                    
00215a59  func_query_list                 
20007117  g_bErrFlag                      
2000710c  g_bRXFlag1                      
2000710d  g_bRXFlag2                      
2000710e  g_bRXFlag3                      
2000710f  g_bRXFlag4                      
20007110  g_bRXFlag5                      
20007111  g_bRXFlag6                      
20007112  g_bRXFlag7                      
20007113  g_bRXFlag8                      
20007114  g_bRXFlag9                      
20000400  g_pfnRAMVectors                 
00201000  g_pfnVectors                    
2001a800  g_sDMAControlTable              
20007108  g_ui32MsgCount                  
200070c8  g_ulTickCounter                 
00216f37  group_add_var                   
00211645  group_bin_op                    
00212abd  group_create                    
002178dd  group_init                      
00214849  group_query                     
002150f9  group_query_list                
00212e91  group_read                      
002171ad  group_remove_all                
00211a01  group_write                     
00217a15  htons                           
002134a5  httpd_appcall                   
00217d35  httpd_clear_command             
00217bf1  httpd_get_command               
00217d41  httpd_init                      
00217569  httpd_insert_response           
20007176  iib_sample                      
2001b03c  ipaddr                          
2001b048  lARPTimer                       
2001b04c  lPeriodicTimer                  
00216ced  ldexp                           
2001b084  loop_count                      
0020e8fd  lseek                           
00216645  ltoa                            
0020e401  main                            
2000716c  main_func_sp                    
0020d757  malloc                          
0020d98d  memalign                        
00217a4b  memccpy                         
00217965  memchr                          
00217923  memcmp                          
002148e5  memcpy                          
00215717  memset                          
0020d6c9  minit                           
20007170  new_data_send                   
0020e84f  open                            
2001aff0  pui8MsgData                     
2001aff8  pui8MsgDataTx                   
00214d15  putc                            
00214d99  putchar                         
00211d7f  puts                            
002169c9  query_version                   
00217657  raise                           
0020e82b  read                            
2001b099  read_adcp                       
2001b09a  read_add_IP                     
2001b09b  read_add_rs485                  
2001b09c  read_display_sts                
2001b09d  read_flash_sn                   
2001b09e  read_isodcdc_sts                
2001b09f  read_rtc                        
2001b0a0  read_rtc_status                 
0020d881  realloc                         
0020e7a1  remove                          
0020e803  remove_device                   
0020e7c5  rename                          
2001b008  response_to_client              
2001af38  sCANMessage                     
2001af4c  sCANMessageTx                   
20010000  samples_buffer_memory           
2001b0a1  set_add_IP                      
2001b0a2  set_add_rs485                   
2001b0a3  set_display_sts                 
2001b0a4  set_isodcdc_sts                 
00213221  setvbuf                         
00216e79  signal                          
00217baf  strchr                          
00217b55  strcmp                          
00217bc5  strcpy                          
00217c19  strlen                          
00217599  strncpy                         
2001b0a5  stsdisp                         
2001b0a6  stsisodcdc                      
20007174  time                            
002179a3  timer_expired                   
00217bdb  timer_set                       
0020ec79  uDMAChannel0_7SelectAltMapping  
0020ec6d  uDMAChannel0_7SelectDefault     
0020ecab  uDMAChannel16_23SelectAltMapping
0020ec9d  uDMAChannel16_23SelectDefault   
0020ecc5  uDMAChannel24_31SelectAltMapping
0020ecb7  uDMAChannel24_31SelectDefault   
0020ec91  uDMAChannel8_15SelectAltMapping 
0020ec83  uDMAChannel8_15SelectDefault    
0020ead3  uDMAChannelAttributeDisable     
0020ea95  uDMAChannelAttributeEnable      
0020eb11  uDMAChannelAttributeGet         
0020eb61  uDMAChannelControlSet           
0020ea4d  uDMAChannelDisable              
0020ea3f  uDMAChannelEnable               
0020ea5b  uDMAChannelIsEnabled            
0020ec49  uDMAChannelModeGet              
0020ea83  uDMAChannelRequest              
0020ebf1  uDMAChannelScatterGatherSet     
0020ec2d  uDMAChannelSizeGet              
0020eb7b  uDMAChannelTransferSet          
0020ea7b  uDMAControlAlternateBaseGet     
0020ea73  uDMAControlBaseGet              
0020ea6b  uDMAControlBaseSet              
0020ea25  uDMADisable                     
0020ea1d  uDMAEnable                      
0020ea35  uDMAErrorStatusClear            
0020ea2d  uDMAErrorStatusGet              
[...]
00212305  SSIIntEnable                    
0021230d  SSIIntDisable                   
00212317  SSIIntStatus                    
00212321  SSIIntClear                     
00212325  SSIDataPut                      
0021232f  SSIDataPutNonBlocking           
0021233f  SSIDataGet                      
0021234b  SSIDataGetNonBlocking           
0021235d  SSIDMAEnable                    
00212365  SSIDMADisable                   
0021236f  SSIBusy                         
0021237d  EthLoadParam                    
00212495  _Dscale                         
002125a5  var_bin_op                      
002126b1  curve_block                     
002127b9  RAMMReqSharedMemAccess          
002127df  RAMControlInitM1MsgRam          
00212849  RAMControlInitL0L3Ram           
002128c1  var_write                       
002129c1  __aeabi_dmul                    
00212abd  group_create                    
00212bb7  curve_block_request             
00212cad  AdcpInit                        
00212da1  PinCorSet                       
00212e91  group_read                      
00212f79  ConfigSigGen                    
0021305d  IPCInit                         
00213141  ReadI2C                         
00213221  setvbuf                         
002132fd  PinoutSet                       
002133d1  bsmp_process_packet             
002134a5  httpd_appcall                   
00213579  EthernetIntHandler              
00213649  SendDisplay                     
002138a5  __TI_doflush                    
002138f1  fflush                          
0021396d  func_execute                    
00213a33  _Dnorm                          
00213af1  RS485BKPTxHandler               
00213ba9  MD5Update                       
00213c61  AdcpIntHandler                  
00213dc1  var_read                        
00213e71  EepromWriteKd                   
00213f1d  EepromWriteKi                   
00213fc9  EepromWriteKp                   
00214075  EnablePeripherals               
00214121  curve_query_list                
002141cd  WatchdogRunning                 
002141d5  WatchdogEnable                  
002141df  WatchdogResetEnable             
002141e9  WatchdogResetDisable            
002141f3  WatchdogLock                    
002141fb  WatchdogUnlock                  
00214203  WatchdogLockState               
00214211  WatchdogReloadSet               
00214215  WatchdogReloadGet               
00214219  WatchdogValueGet                
0021421d  WatchdogIntRegister             
0021422d  WatchdogIntUnregister           
0021423d  WatchdogIntEnable               
00214247  WatchdogIntStatus               
00214251  WatchdogIntClear                
00214257  WatchdogStallEnable             
00214265  WatchdogStallDisable            
00214279  __TI_wrt_ok                     
002142db  __TI_rd_ok                      
00214325  SetISlowRef                     
002143cd  TestEepromMemory                
00214475  uip_add32                       
0021451d  bsmp_register_variable          
00214669  AdcChannelAppConfig             
0021470d  RS485ProcessData                
00214849  group_query                     
002148e5  __aeabi_memcpy                  
002148e5  __aeabi_memcpy4                 
002148e5  __aeabi_memcpy8                 
002148e5  memcpy                          
00214981  uip_init                        
00214a1d  EepromWriteIP                   
00214ab5  EepromWriteIPMask               
00214b4d  EepromWriteRs485BaudRate        
00214be5  SeparaDado                      
00214c7d  __TI_closefile                  
00214ce3  fclose                          
00214d15  fputc                           
00214d15  putc                            
00214d99  putchar                         
00214dad  bsmp_register_curve             
00214e3f  bsmp_register_function          
00214ed1  ResetInterlocks                 
00214f61  KpWrite                         
00214fed  __aeabi_cdcmpeq                 
00214fed  __aeabi_cdcmple                 
00215073  __aeabi_cdrcmple                
002150f9  group_query_list                
00215181  KiWrite                         
00215205  OpMode                          
00215289  RS485BKPIntHandler              
0021530d  WriteI2C                        
00215391  var_query_list                  
00215415  DisableSigGen                   
00215495  EnableSigGen                    
00215595  RS485TxHandler                  
00215615  curve_query_csum                
00215695  __aeabi_fmul                    
0021570f  __aeabi_memclr                  
0021570f  __aeabi_memclr4                 
0021570f  __aeabi_memclr8                 
00215711  __aeabi_memset                  
00215711  __aeabi_memset4                 
00215711  __aeabi_memset8                 
00215717  memset                          
00215789  ClosedLoop                      
00215801  OpenLoop                        
00215879  RTCWriteDataHour                
002158f1  TurnOff                         
00215969  TurnOn                          
002159e1  SysTickEnable                   
002159ed  SysTickDisable                  
002159f9  SysTickIntRegister              
00215a0f  SysTickIntUnregister            
00215a1f  SysTickIntEnable                
00215a2b  SysTickIntDisable               
00215a37  SysTickPeriodSet                
00215a41  SysTickPeriodGet                
00215a4b  SysTickValueGet                 
00215a59  func_query_list                 
00215ad1  UARTConfigSetExpClk             
00215b49  ConfigDPModule                  
00215bbd  EepromWritePSModel              
00215c31  EepromWriteRs485Add             
00215ca5  IHMIntHandler                   
00215d89  WfmRefUpdate                    
00215df5  __TI_auto_init                  
00215e69  fprintf                         
00215ecd  uip_arp_timer                   
00215fa5  EepromReadIP                    
0021600d  EepromReadIPMask                
00216075  EepromReadRs485BaudRate         
002160dd  MD5Final                        
002161ad  __TI_writemsg                   
002161db  C$$IO$$                         
002161df  __TI_readmsg                    
0021627b  _Dunscale                       
002162e1  GlobalTimerIntHandler           
002163a9  fseek                           
0021640d  CtrllawInit                     
0021646d  EepromReadKi                    
002164cd  EepromReadKp                    
0021652d  RTCCheckOF                      
0021658d  __aeabi_cfcmpeq                 
0021658d  __aeabi_cfcmple                 
002165ed  SystemInit                      
00216645  ltoa                            
0021669d  ConfigWfmRef                    
002166f1  RTCClearHT                      
00216745  dhcpc_configured                
00216841  GlobalTimerInit                 
00216891  InitRS485BKP                    
002168e1  uip_listen                      
00216931  InitDisplay                     
0021697d  curve_check                     
002169c9  query_version                   
00216a15  atoi                            
00216a61  copy_in                         
00216aad  DcdcPwrCtrl                     
00216af5  DisplayPwrCtrl                  
00216b3d  InitRS485                       
00216b85  PwmEletrCtrl                    
00216bcd  PwmFiberCtrl                    
00216c15  bsmp_server_init                
00216c5d  __aeabi_d2iz                    
00216ced  ldexp                           
00216d35  C$$EXIT                         
00216d39  abort                           
00216d41  exit                            
00216d79  DcdcSts                         
00216db9  DisplayPwrOCSts                 
00216df9  ExIOInit                        
00216e39  IPAddressRead                   
00216e79  signal                          
00216f37  group_add_var                   
00216f75  EthernetProcessCMD              
00216fb1  MD5Init                         
00216fed  _c_int00                        
00217029  DisplayProcessData              
00217061  RTCStopClock                    
00217099  SetRS485Address                 
002170d1  __aeabi_i2f                     
00217109  uip_send                        
00217141  CPUcpsid                        
0021714d  CPUprimask                      
00217157  CPUcpsie                        
00217163  CPUwfi                          
00217163  SysCtlSleep                     
00217167  CPUbasepriSet                   
00217167  IntPriorityMaskSet              
0021716d  CPUbasepriGet                   
0021716d  IntPriorityMaskGet              
00217177  func_check                      
002171ad  group_remove_all                
002171e5  FlashMemInit                    
00217219  IPC_MtoC_Translate              
0021724d  RTCStatusOF                     
00217281  SendCanMessage                  
002172b5  TaskSetNew                      
002172e9  binops_clear                    
0021731d  feraiseexcept                   
00217351  binops_and                      
00217383  binops_or                       
002173b5  binops_xor                      
002173e9  AdcpConfig                      
00217419  ConfigRS485                     
00217449  IPC_CtoM_Translate              
00217479  TaskCheck                       
002174a9  UARTDisable                     
00217569  httpd_insert_response           
00217599  strncpy                         
002175c9  _Feraise                        
002175f9  uip_ipchksum                    
00217629  __aeabi_i2d                     
00217657  raise                           
00217685  AdcpRxIntEnable                 
002176b1  HeartBeatLED                    
002176dd  IPCMtoCBusy                     
00217709  SysTickIntHandler               
00217735  _Dclass                         
0021775f  var_check                       
00217789  CtrlLoopWrite                   
002177b1  EepromReadPSModel               
002177d9  EepromReadRs485Add              
00217801  InterlockAlarmReset             
00217829  AdcpRead                        
0021784d  InitI2COnboard                  
00217871  Init_BSMP_var                   
00217895  UARTCharPutNonBlocking          
002178b9  UARTEnable                      
002178dd  group_init                      
00217901  frexp                           
00217923  memcmp                          
00217945  ISetpointWrite                  
00217965  memchr                          
00217985  UARTIntStatus                   
002179a3  timer_expired                   
002179c1  OutputStsWrite                  
002179dd  UARTCharGetNonBlocking          
002179f9  UARTTxIntModeSet                
00217a15  htons                           
00217a31  ConfigPSModel                   
00217a4b  memccpy                         
00217a65  AdcpCleanRxBuffer               
00217a7d  BSMPprocess                     
00217a95  CtrlLoopRead                    
00217aad  KiRead                          
00217ac5  SendIpcFlag                     
00217add  UARTCharsAvail                  
00217af5  UARTFIFOLevelSet                
00217b0d  UARTIntEnable                   
00217b25  UARTSpaceAvail                  
00217b3d  _args_main                      
00217b55  strcmp                          
00217b6d  UARTCharGet                     
00217b83  UARTFIFOEnable                  
00217baf  strchr                          
00217bc5  strcpy                          
00217bdb  timer_set                       
00217bf1  httpd_get_command               
00217c05  _register_unlock                
00217c0b  _register_lock                  
00217c13  _nop                            
00217c19  strlen                          
00217c2d  UARTIntClear                    
00217c41  CtoMIPC1IntHandler              
00217c51  CtoMIPC2IntHandler              
00217c61  CtoMIPC3IntHandler              
00217c71  DummyFunction                   
00217c7f  __TI_decompress_none            
00217c8d  BufferClear                     
00217c99  BufferLen                       
00217ca5  DataHourRead                    
00217cb1  FlashDeviceIDRead               
00217cbd  IOutputRead                     
00217cc9  ISetpointRead                   
00217cd5  InterlockSts                    
00217ce1  KpRead                          
00217ced  LocRemUpdate                    
00217cf9  OutputStsRead                   
00217d05  RTCInit                         
00217d11  ReadRS485Address                
00217d1d  clock_time                      
00217d29  __TI_zero_init                  
00217d35  httpd_clear_command             
00217d41  httpd_init                      
00217d4d  uip_tcpchksum                   
00217d59  BufferAdress                    
00217d61  dhcpc_appcall                   
00217d69  SysCtlDelay                     
00217d6f  __TI_decompress_rle24           
00217d75  __abort_execution               
00217d79  _system_pre_init                
00217d88  _ctypes_                        
00218088  __TI_static_base__              
00218484  __TI_Handler_Table_Base         
00218490  __TI_Handler_Table_Limit        
002184f0  __TI_CINIT_Base                 
00218548  AppCrc                          
00218548  __TI_CINIT_Limit                
00218548  __TI_CRC_AppCrc                 
20000000  RamfuncsRunStart                
20000001  FlashInit                       
20000057  FlashSetup                      
200000bc  RamfuncsRunEnd                  
200000bc  __stack                         
200001bc  __STACK_END                     
200001bc  __STACK_TOP                     
200001c0  _sys_memory                     
20000400  g_pfnRAMVectors                 
20006000  bin_op                          
20006800  TIMEOUT_VALUE                   
20006d18  _ftable                         
20006f88  _Denorm                         
20006f98  _Eps                            
20006fa8  _Hugeval                        
20006fb8  _Inf                            
20006fc8  _Nan                            
20006fd8  _Snan                           
20006fe8  _Rteps                          
20006ff8  _Xbig                           
20007000  _Zero                           
200070c8  g_ulTickCounter                 
200070d0  MAC_ADDRESS                     
200070d8  IPMASK0                         
200070d9  IPMASK1                         
200070da  IPMASK2                         
200070db  IPMASK3                         
200070f6  ADCP_TxTable                    
20007108  g_ui32MsgCount                  
2000710c  g_bRXFlag1                      
2000710d  g_bRXFlag2                      
2000710e  g_bRXFlag3                      
2000710f  g_bRXFlag4                      
20007110  g_bRXFlag5                      
20007111  g_bRXFlag6                      
20007112  g_bRXFlag7                      
20007113  g_bRXFlag8                      
20007114  g_bRXFlag9                      
20007115  ItlkOld1                        
20007116  ItlkOld2                        
20007117  g_bErrFlag                      
20007118  Counter                         
2000711c  __TI_ft_end                     
20007120  __aeabi_stdin                   
20007124  __aeabi_stdout                  
20007128  __aeabi_stderr                  
20007130  Arm1                            
20007134  Arm2                            
20007144  _lock                           
20007148  _unlock                         
2000714c  __TI_cleanup_ptr                
20007150  __TI_dtors_ptr                  
20007154  _Fenv                           
20007158  _Tls_setup__Fenv                
2000715c  uip_ethaddr                     
20007164  _Errno                          
2000716c  main_func_sp                    
20007170  new_data_send                   
20007174  time                            
20007176  iib_sample                      
20008000  DP_Framework_MtoC               
2000a000  DP_Framework                    
20010000  samples_buffer_memory           
20014000  wfm_curve_memory                
20018000  bsmp                            
2001985c  ucUIPBuffer                     
20019ea0  __CIOBUF_                       
20019fc0  uip_conns                       
2001a634  Dado                            
2001a744  __TI_tmpnams                    
2001a800  g_sDMAControlTable              
2001ac00  Mensagem                        
2001ad05  IPADDR0                         
2001ad06  count                           
2001ad08  uip_udp_conns                   
2001ae9c  uip_stat                        
2001aed0  data_eeprom                     
2001aef0  Mod1Q1                          
2001af08  Mod2Q1                          
2001af38  sCANMessage                     
2001af4c  sCANMessageTx                   
2001af60  AnalogCh0                       
2001af6c  AnalogCh1                       
2001af78  AnalogCh2                       
2001af84  AnalogCh3                       
2001af90  AnalogCh4                       
2001af9c  AnalogCh5                       
2001afa8  AnalogCh6                       
2001afb4  AnalogCh7                       
2001afc0  data                            
2001afcc  data_exio                       
2001afd8  DataHour                        
2001afe0  SerialNumber                    
2001aff0  pui8MsgData                     
2001aff8  pui8MsgDataTx                   
2001b008  response_to_client              
2001b010  uip_listenports                 
2001b01e  dummy_read                      
2001b020  addIP                           
2001b034  floatNchars                     
2001b03c  ipaddr                          
2001b048  lARPTimer                       
2001b04c  lPeriodicTimer                  
2001b050  uip_acc32                       
2001b054  uip_appdata                     
2001b058  uip_buf                         
2001b05c  uip_conn                        
2001b060  uip_draddr                      
2001b064  uip_hostaddr                    
2001b068  uip_netmask                     
2001b06c  uip_sappdata                    
2001b070  uip_udp_conn                    
2001b074  ulLoop                          
2001b078  ulTemp                          
2001b07c  ulTimeout                       
2001b084  loop_count                      
2001b088  uip_len                         
2001b08c  uip_slen                        
2001b08e  IPADDR1                         
2001b08f  IPADDR2                         
2001b090  IPADDR3                         
2001b091  READ_IIB                        
2001b092  READ_RTC                        
2001b093  add485                          
2001b099  read_adcp                       
2001b09a  read_add_IP                     
2001b09b  read_add_rs485                  
2001b09c  read_display_sts                
2001b09d  read_flash_sn                   
2001b09e  read_isodcdc_sts                
2001b09f  read_rtc                        
2001b0a0  read_rtc_status                 
2001b0a1  set_add_IP                      
2001b0a2  set_add_rs485                   
2001b0a3  set_display_sts                 
2001b0a4  set_isodcdc_sts                 
2001b0a5  stsdisp                         
2001b0a6  stsisodcdc                      
2001b0a8  uip_flags                       
2007f000  IPC_CtoM_Msg                    
2007f800  IPC_MtoC_Msg                    
ffffffff  __binit__                       
ffffffff  __c_args__                      
ffffffff  binit                           
UNDEFED   SHT$$INIT_ARRAY$$Base           
UNDEFED   SHT$$INIT_ARRAY$$Limit          

[764 symbols]
