******************************************************************************
                  TI ARM Linker PC v5.2.7                      
******************************************************************************
>> Linked Thu Aug 04 10:57:08 2016

OUTPUT FILE NAME:   <M3_V2.0.out>
ENTRY POINT SYMBOL: "_c_int00"  address: 002170b1


MEMORY CONFIGURATION

         name            origin    length      used     unused   attr    fill
----------------------  --------  ---------  --------  --------  ----  --------
  CSM_RSVD_Z2           0002ffe0   000001dc  00000000  000001dc  RWIX
  CSM_ECSL_Z1           00200000   00000024  00000000  00000024  RWIX
  CSM_RSVD_Z1           00200024   0000000c  00000000  0000000c  RWIX
  RESETISR              00200030   00000008  00000006  00000002  R  X
  INTVECS               00201000   00000258  00000258  00000000  R  X
  FLASHLOAD             00201258   00006da8  000000bc  00006cec  R  X
  FLASH                 00208000   000f7e00  00010674  000e778c  R  X
  CSM_ECSL_Z2           002fffdc   00000024  00000000  00000024  RWIX
  OTPSECLOCK            00681000   00000004  00000000  00000004  RWIX
  OTP_Reserved1         00681004   00000004  00000000  00000004  RWIX
  OTP_Reserved2         00681008   00000004  00000000  00000004  RWIX
  OTP_Z2_FLASH_START_AD 0068100c   00000004  00000000  00000004  RWIX
  OTP_EMACID            00681010   00000008  00000000  00000008  RWIX
  OTP_Reserved3         00681018   00000004  00000000  00000004  RWIX
  CUSTOMER_OTP_MAIN_OSC 0068101c   00000004  00000000  00000004  RWIX
  OTP_Reserved4         00681020   00000004  00000000  00000004  RWIX
  OTP_BOOT_MODE_GPIO_CO 00681024   00000004  00000000  00000004  RWIX
  OTP_Reserved5         00681028   00000004  00000000  00000004  RWIX
  OTP_ENTRY_POINT       0068102c   00000004  00000000  00000004  RWIX
  OTP_Reserved6         00681030   00000010  00000000  00000010  RWIX
  C0                    20000000   00002000  0000041c  00001be4  RW X
  C1                    20002000   00002000  00000000  00002000  RW X
  BOOT_RSVD             20004000   00000ff8  00000000  00000ff8  R  X
  C2                    200051b0   00000e50  00000000  00000e50  RW X
  C3                    20006000   00002000  00001177  00000e89  RW X
  S0                    20008000   00002000  00000670  00001990  RW X
  S1                    2000a000   00002000  00000670  00001990  RW X
  S2                    2000c000   00002000  00000000  00002000  RW X
  S3                    2000e000   00002000  00000000  00002000  RW X
  S45                   20010000   00004000  00004000  00000000  RW X
  S67                   20014000   00004000  00004000  00000000  RW X
  C4                    20018000   00002000  00002000  00000000  RW X
  C5                    2001a000   00002000  000010ab  00000f55  RW X
  C6                    2001c000   00002000  00000000  00002000  RW X
  C7                    2001e000   00002000  00000000  00002000  RW X
  C8                    20020000   00002000  00000000  00002000  RW X
  C0913                 20022000   0000a000  0000839c  00001c64  RW X
  C1415                 2002c000   00004000  000027da  00001826  RW X
  CTOMRAM               2007f000   00000800  00000000  00000800  R  X
  MTOCRAM               2007f800   00000800  00000128  000006d8  RW X


SEGMENT ALLOCATION MAP

run origin  load origin   length   init length attrs members
----------  ----------- ---------- ----------- ----- -------
00200030    00200030    00000006   00000006    r-x
  00200030    00200030    00000006   00000006    r-x .resetisr
00201000    00201000    00000258   00000258    r--
  00201000    00201000    00000258   00000258    r-- .intvecs
00208000    00208000    00010678   00010678    r-x
  00208000    00208000    0000fe48   0000fe48    r-x .text
  00217e48    00217e48    000002fc   000002fc    r-- .const
  00218148    00218148    000004c8   000004c8    r-- .cinit
  00218610    00218610    00000068   00000068    r-- .TI.crctab
20000000    00201258    000000bc   000000bc    r-x
  20000000    00201258    000000bc   000000bc    r-x ramfuncs
200000bc    200000bc    00000100   00000000    rw-
  200000bc    200000bc    00000100   00000000    rw- .stack
200001c0    200001c0    00000008   00000000    rw-
  200001c0    200001c0    00000008   00000000    rw- .sysmem
20000400    20000400    00000258   00000000    rw-
  20000400    20000400    00000258   00000000    rw- .vtable
20006000    20006000    00001177   00000000    rw-
  20006000    20006000    00001177   00000000    rw- .data
20008000    20008000    00000670   00000000    rw-
  20008000    20008000    00000670   00000000    rw- SHARERAMS0
2000a000    2000a000    00000670   00000000    rw-
  2000a000    2000a000    00000670   00000000    rw- SHARERAMS1
20010000    20010000    0000b0ab   00000000    rw-
  20010000    20010000    00004000   00000000    rw- SHARERAMS45
  20014000    20014000    00004000   00000000    rw- SHARERAMS67
  20018000    20018000    00002000   00000000    rw- .bss.1
  2001a000    2001a000    000010ab   00000000    rw- .bss.2
20022000    20022000    0000839c   00000000    rw-
  20022000    20022000    0000839c   00000000    rw- SERIALBUFFER
2002c000    2002c000    000027da   00000000    rw-
  2002c000    2002c000    000027da   00000000    rw- ETHERNETBUFFER
2007f800    2007f800    00000128   00000000    rw-
  2007f800    2007f800    00000128   00000000    rw- MTOC_MSG_RAM


SECTION ALLOCATION MAP

 output                                  attributes/
section   page    origin      length       input sections
--------  ----  ----------  ----------   ----------------
.resetisr 
*          0    00200030    00000006     
                  00200030    00000006     startup_ccs.obj (.resetisr:ResetISR)

.intvecs   0    00201000    00000258     
                  00201000    00000258     startup_ccs.obj (.intvecs)

ramfuncs   0    00201258    000000bc     RUN ADDR = 20000000
                  00201258    000000bc     driverlib.lib : flash.obj (ramfuncs)

.text      0    00208000    0000fe48     
                  00208000    00001268     uip.obj (.text:uip_process)
                  00209268    0000109a     rtsv7M3_T_le_eabi.lib : _printfi.obj (.text)
                  0020a302    00000002     startup_ccs.obj (.text:FaultISR)
                  0020a304    00000c10     md5.obj (.text:MD5Transform)
                  0020af14    00000ac4     ihm.obj (.text:ProcessCmd)
                  0020b9d8    0000096c     driverlib.lib : sysctl.obj (.text)
                  0020c344    0000057a                   : can.obj (.text)
                  0020c8be    00000002     startup_ccs.obj (.text:IntDefaultHandler)
                  0020c8c0    00000578     driverlib.lib : ipc_lite.obj (.text)
                  0020ce38    00000448     can_bkp.obj (.text:CanCheck)
                  0020d280    00000448     driverlib.lib : gpio.obj (.text)
                  0020d6c8    000003dc     rtsv7M3_T_le_eabi.lib : memory.obj (.text)
                  0020daa4    0000033c     uip.obj (.text:uip_reass)
                  0020dde0    00000310     set_pinout_udc_v2.0.obj (.text:PortControlSet)
                  0020e0f0    00000310     driverlib.lib : ethernet.obj (.text)
                  0020e400    00000310     main.obj (.text:main)
                  0020e710    0000030c     rtsv7M3_T_le_eabi.lib : lowlev.obj (.text)
                  0020ea1c    000002ec     driverlib.lib : udma.obj (.text)
                  0020ed08    000002d4     bsmp_lib.obj (.text:BSMPInit)
                  0020efdc    000002d4     rtsv7M3_T_le_eabi.lib : trgdrv.obj (.text)
                  0020f2b0    000002d0     driverlib.lib : interrupt.obj (.text)
                  0020f580    000002a8     ethernet_uip.obj (.text:EthernetInit)
                  0020f828    00000298     rtsv7M3_T_le_eabi.lib : vla_alloc.obj (.text)
                  0020fac0    00000274     flash_mem.obj (.text:FlashMemReadSerialNumber)
                  0020fd34    0000022c     driverlib.lib : timer.obj (.text)
                  0020ff60    00000228     ethernet_uip.obj (.text:EthernetProcessData)
                  00210188    000001f8     uip_arp.obj (.text:uip_arp_out)
                  00210380    000001f4     rtsv7M3_T_le_eabi.lib : ull_div_t2.obj (.text)
                  00210574    000001e4     adcp.obj (.text:AdcChannel)
                  00210758    000001c4     rtsv7M3_T_le_eabi.lib : fopen.obj (.text)
                  0021091c    000001b6                           : fd_add_t2.obj (.text)
                  00210ad2    00000002     startup_ccs.obj (.text:NmiSR)
                  00210ad4    000001ac     driverlib.lib : ipc_util.obj (.text)
                  00210c80    0000018c     can_bkp.obj (.text:CANIntHandler)
                  00210e0c    00000188     dhcpc.obj (.text:handle_dhcp)
                  00210f94    00000170     driverlib.lib : i2c.obj (.text)
                  00211104    00000168     adcp.obj (.text:AdcChannelAppConfig)
                  0021126c    0000015c     server_priv.obj (.text:var_write_read)
                  002113c8    00000154     ethernet_uip.obj (.text:EthernetPacketGetDMA)
                  0021151c    0000014c     rtc.obj (.text:RTCReadDataHour)
                  00211668    00000144     bsmp_lib.obj (.text:buffer_read_block)
                  002117ac    00000140     server_priv.obj (.text:group_bin_op)
                  002118ec    00000140     uip_arp.obj (.text:uip_arp_update)
                  00211a2c    0000013c     can_bkp.obj (.text:InitCanBkp)
                  00211b68    0000013c     server_priv.obj (.text:group_write)
                  00211ca4    00000136     rtsv7M3_T_le_eabi.lib : fd_div_t2.obj (.text)
                  00211dda    00000002     --HOLE-- [fill = 0]
                  00211ddc    00000134                           : fputs.obj (.text)
                  00211f10    0000012e     server_priv.obj (.text:curve_recalc_csum)
                  0021203e    00000002     --HOLE-- [fill = 0]
                  00212040    0000012c     rs485.obj (.text:RS485IntHandler)
                  0021216c    0000012c     uip_arp.obj (.text:uip_arp_arpin)
                  00212298    00000128     ethernet_uip.obj (.text:IPAddressWrite)
                  002123c0    00000124     driverlib.lib : ssi.obj (.text)
                  002124e4    00000118     ethernet_uip.obj (.text:EthLoadParam)
                  002125fc    00000110     rtsv7M3_T_le_eabi.lib : xdscale.obj (.text)
                  0021270c    0000010c     server_priv.obj (.text:var_bin_op)
                  00212818    00000108     server_priv.obj (.text:curve_block)
                  00212920    00000108     driverlib.lib : ram.obj (.text)
                  00212a28    00000100     server_priv.obj (.text:var_write)
                  00212b28    000000fc     rtsv7M3_T_le_eabi.lib : fd_mul_t2.obj (.text)
                  00212c24    000000fa     server_priv.obj (.text:group_create)
                  00212d1e    000000f6     server_priv.obj (.text:curve_block_request)
                  00212e14    000000f4     adcp.obj (.text:AdcpInit)
                  00212f08    000000f0     set_pinout_udc_v2.0.obj (.text:PinCorSet)
                  00212ff8    000000e6     server_priv.obj (.text:group_read)
                  002130de    00000002     --HOLE-- [fill = 0]
                  002130e0    000000e4     bsmp_lib.obj (.text:ConfigSigGen)
                  002131c4    000000e4     ipc_lib.obj (.text:IPCInit)
                  002132a8    000000e0     i2c_onboard.obj (.text:ReadI2C)
                  00213388    000000dc     rtsv7M3_T_le_eabi.lib : setvbuf.obj (.text)
                  00213464    000000d4     set_pinout_udc_v2.0.obj (.text:PinoutSet)
                  00213538    000000d4     server.obj (.text:bsmp_process_packet)
                  0021360c    000000d4     httpd.obj (.text:httpd_appcall)
                  002136e0    000000d0     ethernet_uip.obj (.text:EthernetIntHandler)
                  002137b0    000000cc     ihm.obj (.text:SendDisplay)
                  0021387c    000000c8     ethernet_uip.obj (.text:EthernetPacketPutDMA)
                  00213944    000000c8     dhcpc.obj (.text:parse_options)
                  00213a0c    000000c8     rtsv7M3_T_le_eabi.lib : fflush.obj (.text)
                  00213ad4    000000c6     server_priv.obj (.text:func_execute)
                  00213b9a    000000be     rtsv7M3_T_le_eabi.lib : xdnorm.obj (.text)
                  00213c58    000000b8     rs485_bkp.obj (.text:RS485BKPTxHandler)
                  00213d10    000000b6     md5.obj (.text:MD5Update)
                  00213dc6    00000002     --HOLE-- [fill = 0]
                  00213dc8    000000b0     adcp.obj (.text:AdcpIntHandler)
                  00213e78    000000b0     dhcpc.obj (.text:create_msg)
                  00213f28    000000b0     server_priv.obj (.text:var_read)
                  00213fd8    000000ac     eeprom.obj (.text:EepromWriteKd)
                  00214084    000000ac     eeprom.obj (.text:EepromWriteKi)
                  00214130    000000ac     eeprom.obj (.text:EepromWriteKp)
                  002141dc    000000ac     set_pinout_udc_v2.0.obj (.text:EnablePeripherals)
                  00214288    000000ac     server_priv.obj (.text:curve_query_list)
                  00214334    000000ac     driverlib.lib : watchdog.obj (.text)
                  002143e0    000000ac     rtsv7M3_T_le_eabi.lib : _io_perm.obj (.text)
                  0021448c    000000a8     bsmp_lib.obj (.text:SetISlowRef)
                  00214534    000000a8     system.obj (.text:TestEepromMemory)
                  002145dc    000000a8     uip.obj (.text:uip_add32)
                  00214684    000000a6     server.obj (.text:bsmp_register_variable)
                  0021472a    000000a6     uip.obj (.text:chksum)
                  002147d0    000000a0     rs485.obj (.text:RS485ProcessData)
                  00214870    0000009c     bsmp_lib.obj (.text:curve_write_block)
                  0021490c    0000009c     server_priv.obj (.text:group_query)
                  002149a8    0000009c     rtsv7M3_T_le_eabi.lib : memcpy_t2.obj (.text)
                  00214a44    0000009c     uip.obj (.text:uip_init)
                  00214ae0    00000098     eeprom.obj (.text:EepromWriteIP)
                  00214b78    00000098     eeprom.obj (.text:EepromWriteIPMask)
                  00214c10    00000098     eeprom.obj (.text:EepromWriteRs485BaudRate)
                  00214ca8    00000098     ihm.obj (.text:SeparaDado)
                  00214d40    00000098     rtsv7M3_T_le_eabi.lib : fclose.obj (.text)
                  00214dd8    00000098                           : fputc.obj (.text)
                  00214e70    00000092     server.obj (.text:bsmp_register_curve)
                  00214f02    00000092     server.obj (.text:bsmp_register_function)
                  00214f94    00000090     bsmp_lib.obj (.text:ResetInterlocks)
                  00215024    0000008c     ctrl_law.obj (.text:KpWrite)
                  002150b0    00000086     rtsv7M3_T_le_eabi.lib : fd_cmp_t2.obj (.text:__aeabi_cdcmple)
                  00215136    00000086                           : fd_cmp_t2.obj (.text:__aeabi_cdrcmple)
                  002151bc    00000086     server_priv.obj (.text:group_query_list)
                  00215242    00000002     --HOLE-- [fill = 0]
                  00215244    00000084     ctrl_law.obj (.text:KiWrite)
                  002152c8    00000084     bsmp_lib.obj (.text:OpMode)
                  0021534c    00000084     rs485_bkp.obj (.text:RS485BKPIntHandler)
                  002153d0    00000084     i2c_onboard.obj (.text:WriteI2C)
                  00215454    00000082     server_priv.obj (.text:var_query_list)
                  002154d6    00000002     --HOLE-- [fill = 0]
                  002154d8    00000080     bsmp_lib.obj (.text:DisableSigGen)
                  00215558    00000080     bsmp_lib.obj (.text:EnableSigGen)
                  002155d8    00000080     md5.obj (.text:Encode)
                  00215658    00000080     rs485.obj (.text:RS485TxHandler)
                  002156d8    00000080     server_priv.obj (.text:curve_query_csum)
                  00215758    0000007a     rtsv7M3_T_le_eabi.lib : fs_mul_t2.obj (.text)
                  002157d2    0000007a                           : memset_t2.obj (.text)
                  0021584c    00000078     bsmp_lib.obj (.text:ClosedLoop)
                  002158c4    00000078     bsmp_lib.obj (.text:OpenLoop)
                  0021593c    00000078     rtc.obj (.text:RTCWriteDataHour)
                  002159b4    00000078     bsmp_lib.obj (.text:TurnOff)
                  00215a2c    00000078     bsmp_lib.obj (.text:TurnOn)
                  00215aa4    00000078     driverlib.lib : systick.obj (.text)
                  00215b1c    00000078     server_priv.obj (.text:func_query_list)
                  00215b94    00000076     rs485_bkp.obj (.text:UARTConfigSetExpClk)
                  00215c0a    00000002     --HOLE-- [fill = 0]
                  00215c0c    00000074     bsmp_lib.obj (.text:ConfigDPModule)
                  00215c80    00000074     eeprom.obj (.text:EepromWritePSModel)
                  00215cf4    00000074     eeprom.obj (.text:EepromWriteRs485Add)
                  00215d68    00000074     ihm.obj (.text:IHMIntHandler)
                  00215ddc    00000070     uip.obj (.text:upper_layer_chksum)
                  00215e4c    0000006c     bsmp_lib.obj (.text:WfmRefUpdate)
                  00215eb8    0000006c     rtsv7M3_T_le_eabi.lib : autoinit.obj (.text)
                  00215f24    0000006c                           : fprintf.obj (.text)
                  00215f90    0000006c     uip_arp.obj (.text:uip_arp_timer)
                  00215ffc    0000006a     rtsv7M3_T_le_eabi.lib : copy_decompress_rle.obj (.text)
                  00216066    00000002     --HOLE-- [fill = 0]
                  00216068    00000068     eeprom.obj (.text:EepromReadIP)
                  002160d0    00000068     eeprom.obj (.text:EepromReadIPMask)
                  00216138    00000068     eeprom.obj (.text:EepromReadRs485BaudRate)
                  002161a0    00000068     md5.obj (.text:MD5Final)
                  00216208    00000068     dhcpc.obj (.text:parse_msg)
                  00216270    00000068     rtsv7M3_T_le_eabi.lib : trgmsg.obj (.text)
                  002162d8    00000066     md5.obj (.text:Decode)
                  0021633e    00000066     rtsv7M3_T_le_eabi.lib : xdunscal.obj (.text)
                  002163a4    00000064     timer.obj (.text:GlobalTimerIntHandler)
                  00216408    00000064     bsmp_lib.obj (.text:curve_read_block)
                  0021646c    00000064     rtsv7M3_T_le_eabi.lib : fseek.obj (.text)
                  002164d0    00000060     ctrl_law.obj (.text:CtrllawInit)
                  00216530    00000060     eeprom.obj (.text:EepromReadKi)
                  00216590    00000060     eeprom.obj (.text:EepromReadKp)
                  002165f0    00000060     rtc.obj (.text:RTCCheckOF)
                  00216650    00000060     rtsv7M3_T_le_eabi.lib : fs_cmp_t2.obj (.text:__aeabi_cfcmple)
                  002166b0    00000058     system.obj (.text:SystemInit)
                  00216708    00000056     rtsv7M3_T_le_eabi.lib : ltoa.obj (.text)
                  0021675e    00000002     --HOLE-- [fill = 0]
                  00216760    00000054     bsmp_lib.obj (.text:ConfigWfmRef)
                  002167b4    00000054     rtc.obj (.text:RTCClearHT)
                  00216808    00000054     ethernet_uip.obj (.text:dhcpc_configured)
                  0021685c    00000054     uip.obj (.text:uip_add_rcv_nxt)
                  002168b0    00000052     server_priv.obj (.text:group_to_mod_list)
                  00216902    00000002     --HOLE-- [fill = 0]
                  00216904    00000050     timer.obj (.text:GlobalTimerInit)
                  00216954    00000050     rs485_bkp.obj (.text:InitRS485BKP)
                  002169a4    00000050     uip.obj (.text:uip_listen)
                  002169f4    0000004c     ihm.obj (.text:InitDisplay)
                  00216a40    0000004c     server_priv.obj (.text:curve_check)
                  00216a8c    0000004c     server_priv.obj (.text:query_version)
                  00216ad8    0000004c     rtsv7M3_T_le_eabi.lib : atoi.obj (.text)
                  00216b24    0000004c                           : cpy_tbl.obj (.text)
                  00216b70    00000048     exio.obj (.text:DcdcPwrCtrl)
                  00216bb8    00000048     exio.obj (.text:DisplayPwrCtrl)
                  00216c00    00000048     rs485.obj (.text:InitRS485)
                  00216c48    00000048     exio.obj (.text:PwmEletrCtrl)
                  00216c90    00000048     exio.obj (.text:PwmFiberCtrl)
                  00216cd8    00000048     server.obj (.text:bsmp_server_init)
                  00216d20    00000048     rtsv7M3_T_le_eabi.lib : fd_toi_t2.obj (.text)
                  00216d68    00000048     dhcpc.obj (.text:send_request)
                  00216db0    00000046     rtsv7M3_T_le_eabi.lib : ldexp.obj (.text)
                  00216df6    00000002     --HOLE-- [fill = 0]
                  00216df8    00000044                           : exit.obj (.text)
                  00216e3c    00000040     exio.obj (.text:DcdcSts)
                  00216e7c    00000040     exio.obj (.text:DisplayPwrOCSts)
                  00216ebc    00000040     exio.obj (.text:ExIOInit)
                  00216efc    00000040     ethernet_uip.obj (.text:IPAddressRead)
                  00216f3c    00000040     rtsv7M3_T_le_eabi.lib : signal.obj (.text)
                  00216f7c    00000040     dhcpc.obj (.text:send_discover)
                  00216fbc    0000003e     dhcpc.obj (.text:add_req_options)
                  00216ffa    0000003e     server_priv.obj (.text:group_add_var)
                  00217038    0000003c     ethernet_uip.obj (.text:EthernetProcessCMD)
                  00217074    0000003c     md5.obj (.text:MD5Init)
                  002170b0    0000003c     rtsv7M3_T_le_eabi.lib : boot.obj (.text)
                  002170ec    00000038     ihm.obj (.text:DisplayProcessData)
                  00217124    00000038     rtc.obj (.text:RTCStopClock)
                  0021715c    00000038     rs485.obj (.text:SetRS485Address)
                  00217194    00000038     rtsv7M3_T_le_eabi.lib : i_tofs_t2.obj (.text)
                  002171cc    00000038     uip.obj (.text:uip_send)
                  00217204    00000036     driverlib.lib : cpu.obj (.text)
                  0021723a    00000036     server_priv.obj (.text:func_check)
                  00217270    00000036     server_priv.obj (.text:group_remove_all)
                  002172a6    00000002     --HOLE-- [fill = 0]
                  002172a8    00000034     flash_mem.obj (.text:FlashMemInit)
                  002172dc    00000034     ipc_lib.obj (.text:IPC_MtoC_Translate)
                  00217310    00000034     rtc.obj (.text:RTCStatusOF)
                  00217344    00000034     can_bkp.obj (.text:SendCanMessage)
                  00217378    00000034     system_task.obj (.text:TaskSetNew)
                  002173ac    00000034     bsmp.obj (.text:binops_clear)
                  002173e0    00000034     rtsv7M3_T_le_eabi.lib : feraiseexcept.obj (.text)
                  00217414    00000032     bsmp.obj (.text:binops_and)
                  00217446    00000032     bsmp.obj (.text:binops_or)
                  00217478    00000032     bsmp.obj (.text:binops_xor)
                  002174aa    00000002     --HOLE-- [fill = 0]
                  002174ac    00000030     adcp.obj (.text:AdcpConfig)
                  002174dc    00000030     rs485.obj (.text:ConfigRS485)
                  0021750c    00000030     ipc_lib.obj (.text:IPC_CtoM_Translate)
                  0021753c    00000030     system_task.obj (.text:TaskCheck)
                  0021756c    00000030     rs485_bkp.obj (.text:UARTDisable)
                  0021759c    00000030     dhcpc.obj (.text:add_msg_type)
                  002175cc    00000030     dhcpc.obj (.text:add_req_ipaddr)
                  002175fc    00000030     dhcpc.obj (.text:add_server_id)
                  0021762c    00000030     httpd.obj (.text:httpd_insert_response)
                  0021765c    00000030     rtsv7M3_T_le_eabi.lib : strncpy.obj (.text)
                  0021768c    00000030                           : xferaise.obj (.text)
                  002176bc    00000030     uip.obj (.text:uip_ipchksum)
                  002176ec    0000002e     rtsv7M3_T_le_eabi.lib : i_tofd_t2.obj (.text)
                  0021771a    0000002e                           : raise.obj (.text)
                  00217748    0000002c     adcp.obj (.text:AdcpRxIntEnable)
                  00217774    0000002c     signals_onboard.obj (.text:HeartBeatLED)
                  002177a0    0000002c     ipc_lib.obj (.text:IPCMtoCBusy)
                  002177cc    0000002c     ethernet_uip.obj (.text:SysTickIntHandler)
                  002177f8    0000002a     rtsv7M3_T_le_eabi.lib : xdclass.obj (.text)
                  00217822    0000002a     server_priv.obj (.text:var_check)
                  0021784c    00000028     ctrl_law.obj (.text:CtrlLoopWrite)
                  00217874    00000028     eeprom.obj (.text:EepromReadPSModel)
                  0021789c    00000028     eeprom.obj (.text:EepromReadRs485Add)
                  002178c4    00000028     main_var.obj (.text:InterlockAlarmReset)
                  002178ec    00000024     adcp.obj (.text:AdcpRead)
                  00217910    00000024     i2c_onboard.obj (.text:InitI2COnboard)
                  00217934    00000024     bsmp_lib.obj (.text:Init_BSMP_var)
                  00217958    00000024     rs485_bkp.obj (.text:UARTCharPutNonBlocking)
                  0021797c    00000024     rs485_bkp.obj (.text:UARTEnable)
                  002179a0    00000024     server_priv.obj (.text:group_init)
                  002179c4    00000022     rtsv7M3_T_le_eabi.lib : frexp.obj (.text)
                  002179e6    00000022                           : memcmp.obj (.text)
                  00217a08    00000020     main_var.obj (.text:ISetpointWrite)
                  00217a28    00000020     rtsv7M3_T_le_eabi.lib : memchr.obj (.text)
                  00217a48    0000001e     rs485_bkp.obj (.text:UARTIntStatus)
                  00217a66    0000001e     uip_timer.obj (.text:timer_expired)
                  00217a84    0000001c     main_var.obj (.text:OutputStsWrite)
                  00217aa0    0000001c     rs485_bkp.obj (.text:UARTCharGetNonBlocking)
                  00217abc    0000001c     rs485_bkp.obj (.text:UARTTxIntModeSet)
                  00217ad8    0000001c     uip.obj (.text:htons)
                  00217af4    0000001a     bsmp_lib.obj (.text:ConfigPSModel)
                  00217b0e    0000001a     rtsv7M3_T_le_eabi.lib : memccpy.obj (.text)
                  00217b28    00000018     adcp.obj (.text:AdcpCleanRxBuffer)
                  00217b40    00000018     bsmp_lib.obj (.text:BSMPprocess)
                  00217b58    00000018     ctrl_law.obj (.text:CtrlLoopRead)
                  00217b70    00000018     ctrl_law.obj (.text:KiRead)
                  00217b88    00000018     ipc_lib.obj (.text:SendIpcFlag)
                  00217ba0    00000018     rs485_bkp.obj (.text:UARTCharsAvail)
                  00217bb8    00000018     rs485_bkp.obj (.text:UARTFIFOLevelSet)
                  00217bd0    00000018     rs485_bkp.obj (.text:UARTIntEnable)
                  00217be8    00000018     rs485_bkp.obj (.text:UARTSpaceAvail)
                  00217c00    00000018     rtsv7M3_T_le_eabi.lib : args_main.obj (.text)
                  00217c18    00000018                           : strcmp.obj (.text)
                  00217c30    00000016     rs485_bkp.obj (.text:UARTCharGet)
                  00217c46    00000016     rs485_bkp.obj (.text:UARTFIFOEnable)
                  00217c5c    00000016     dhcpc.obj (.text:add_end)
                  00217c72    00000016     rtsv7M3_T_le_eabi.lib : strchr.obj (.text)
                  00217c88    00000016                           : strcpy.obj (.text)
                  00217c9e    00000016     uip_timer.obj (.text:timer_set)
                  00217cb4    00000014     httpd.obj (.text:httpd_get_command)
                  00217cc8    00000014     rtsv7M3_T_le_eabi.lib : _lock.obj (.text)
                  00217cdc    00000014                           : strlen.obj (.text)
                  00217cf0    00000012     rs485_bkp.obj (.text:UARTIntClear)
                  00217d02    00000002     --HOLE-- [fill = 0]
                  00217d04    00000010     ipc_lib.obj (.text:CtoMIPC1IntHandler)
                  00217d14    00000010     ipc_lib.obj (.text:CtoMIPC2IntHandler)
                  00217d24    00000010     ipc_lib.obj (.text:CtoMIPC3IntHandler)
                  00217d34    0000000e     bsmp_lib.obj (.text:DummyFunction)
                  00217d42    0000000e     rtsv7M3_T_le_eabi.lib : copy_decompress_none.obj (.text:decompress:none)
                  00217d50    0000000c     httpd.obj (.text:BufferClear)
                  00217d5c    0000000c     httpd.obj (.text:BufferLen)
                  00217d68    0000000c     rtc.obj (.text:DataHourRead)
                  00217d74    0000000c     flash_mem.obj (.text:FlashDeviceIDRead)
                  00217d80    0000000c     main_var.obj (.text:IOutputRead)
                  00217d8c    0000000c     main_var.obj (.text:ISetpointRead)
                  00217d98    0000000c     main_var.obj (.text:InterlockSts)
                  00217da4    0000000c     ctrl_law.obj (.text:KpRead)
                  00217db0    0000000c     ihm.obj (.text:LocRemUpdate)
                  00217dbc    0000000c     main_var.obj (.text:OutputStsRead)
                  00217dc8    0000000c     rtc.obj (.text:RTCInit)
                  00217dd4    0000000c     rs485.obj (.text:ReadRS485Address)
                  00217de0    0000000c     ethernet_uip.obj (.text:clock_time)
                  00217dec    0000000c     rtsv7M3_T_le_eabi.lib : copy_zero_init.obj (.text:decompress:ZI)
                  00217df8    0000000c     httpd.obj (.text:httpd_clear_command)
                  00217e04    0000000c     httpd.obj (.text:httpd_init)
                  00217e10    0000000a     uip.obj (.text:uip_tcpchksum)
                  00217e1a    00000002     --HOLE-- [fill = 0]
                  00217e1c    00000008     httpd.obj (.text:BufferAdress)
                  00217e24    00000008     dhcpc.obj (.text:dhcpc_appcall)
                  00217e2c    00000006     driverlib.lib : sysctl.obj (.text:SysCtlDelay)
                  00217e32    00000006     rtsv7M3_T_le_eabi.lib : copy_decompress_rle.obj (.text:decompress:rle24)
                  00217e38    00000004                           : error.obj (.text)
                  00217e3c    00000004                           : pre_init.obj (.text)
                  00217e40    00000008     driverlib.lib : flash.obj (.tramp.FlashInit.1)

.const     0    00217e48    000002fc     
                  00217e48    00000101     rtsv7M3_T_le_eabi.lib : ctype.obj (.const:.string:_ctypes_)
                  00217f49    00000003     --HOLE-- [fill = 0]
                  00217f4c    00000088     driverlib.lib : gpio.obj (.const:g_pulGPIOBaseAddrs)
                  00217fd4    00000070                   : interrupt.obj (.const:g_pulRegs)
                  00218044    00000064                   : sysctl.obj (.const)
                  002180a8    00000026     bsmp_lib.obj (.const:.string)
                  002180ce    00000002     --HOLE-- [fill = 0]
                  002180d0    00000020     driverlib.lib : interrupt.obj (.const)
                  002180f0    00000020                   : ssi.obj (.const)
                  00218110    00000012                   : can.obj (.const)
                  00218122    0000000a     uip_arp.obj (.const)
                  0021812c    00000008     dhcpc.obj (.const:.string)
                  00218134    00000008     uip.obj (.const:.string)
                  0021813c    00000008     uip.obj (.const)

.cinit     0    00218148    000004c8     
                  00218148    000003fd     (.cinit..data.load) [load image, compression = rle]
                  00218545    00000003     --HOLE-- [fill = 0]
                  00218548    0000000c     (__TI_handler_table)
                  00218554    00000004     --HOLE-- [fill = 0]
                  00218558    0000000b     (.cinit.ETHERNETBUFFER.load) [load image, compression = rle]
                  00218563    00000005     --HOLE-- [fill = 0]
                  00218568    0000000b     (.cinit.SERIALBUFFER.load) [load image, compression = rle]
                  00218573    00000005     --HOLE-- [fill = 0]
                  00218578    00000008     (.cinit..bss.1.load) [load image, compression = zero_init]
                  00218580    00000008     (.cinit..bss.2.load) [load image, compression = zero_init]
                  00218588    00000008     (.cinit..vtable.load) [load image, compression = zero_init]
                  00218590    00000008     (.cinit.MTOC_MSG_RAM.load) [load image, compression = zero_init]
                  00218598    00000008     (.cinit.SHARERAMS0.load) [load image, compression = zero_init]
                  002185a0    00000008     (.cinit.SHARERAMS1.load) [load image, compression = zero_init]
                  002185a8    00000008     (.cinit.SHARERAMS45.load) [load image, compression = zero_init]
                  002185b0    00000008     (.cinit.SHARERAMS67.load) [load image, compression = zero_init]
                  002185b8    00000058     (__TI_cinit_table)

.TI.crctab 
*          0    00218610    00000068     
                  00218610    00000068     (.TI.crctab:AppCrc)

.stack     0    200000bc    00000100     UNINITIALIZED
                  200000bc    00000100     --HOLE--

.sysmem    0    200001c0    00000008     UNINITIALIZED
                  200001c0    00000008     rtsv7M3_T_le_eabi.lib : memory.obj (.sysmem)

.vtable    0    20000400    00000258     UNINITIALIZED
                  20000400    00000258     driverlib.lib : interrupt.obj (.vtable)

.data      0    20006000    00001177     UNINITIALIZED
                  20006000    00000400     bsmp.obj (.data:bin_op)
                  20006400    00000400     server.obj (.data:command)
                  20006800    0000030c     bsmp_lib.obj (.data)
                  20006b0c    00000106     rs485_bkp.obj (.data:recv_buffer)
                  20006c12    00000106     rs485_bkp.obj (.data:send_buffer)
                  20006d18    000000f0     rtsv7M3_T_le_eabi.lib : defs.obj (.data:_ftable)
                  20006e08    000000d0                           : lowlev.obj (.data)
                  20006ed8    000000b0                           : signal.obj (.data:sigtable)
                  20006f88    00000080                           : xvalues.obj (.data)
                  20007008    00000040     md5.obj (.data:PADDING)
                  20007048    00000028     bsmp_lib.obj (.data:samples_buffer)
                  20007070    00000028     bsmp_lib.obj (.data:sigGen_SweepAmp)
                  20007098    00000028     bsmp_lib.obj (.data:wfm_curve)
                  200070c0    0000001e     ethernet_uip.obj (.data)
                  200070de    00000002     ihm.obj (.data)
                  200070e0    00000015     rs485.obj (.data)
                  200070f5    00000001     exio.obj (.data)
                  200070f6    00000012     adcp.obj (.data)
                  20007108    00000011     can_bkp.obj (.data)
                  20007119    00000003     --HOLE--
                  2000711c    00000010     rtsv7M3_T_le_eabi.lib : defs.obj (.data)
                  2000712c    0000000c     rs485_bkp.obj (.data)
                  20007138    0000000c     rtsv7M3_T_le_eabi.lib : memory.obj (.data)
                  20007144    00000008                           : _lock.obj (.data)
                  2000714c    00000008                           : exit.obj (.data)
                  20007154    00000008                           : feraiseexcept.obj (.data)
                  2000715c    00000006     uip.obj (.data)
                  20007162    00000002     --HOLE--
                  20007164    00000004     rtsv7M3_T_le_eabi.lib : errno.obj (.data)
                  20007168    00000004                           : fopen.obj (.data)
                  2000716c    00000004                           : stkdepth_vars.obj (.data)
                  20007170    00000003     httpd.obj (.data)
                  20007173    00000001     --HOLE--
                  20007174    00000003     timer.obj (.data)

SHARERAMS0 
*          0    20008000    00000670     UNINITIALIZED
                  20008000    00000670     structs.obj (SHARERAMS0)

SHARERAMS1 
*          0    2000a000    00000670     UNINITIALIZED
                  2000a000    00000670     structs.obj (SHARERAMS1)

.TI.persistent 
*          0    20006000    00000000     UNINITIALIZED

SHARERAMS45 
*          0    20010000    00004000     UNINITIALIZED
                  20010000    00004000     bsmp_lib.obj (SHARERAMS45)

SHARERAMS67 
*          0    20014000    00004000     UNINITIALIZED
                  20014000    00004000     bsmp_lib.obj (SHARERAMS67)

.bss.1     0    20018000    00002000     UNINITIALIZED
                  20018000    0000185c     bsmp_lib.obj (.bss:bsmp)
                  2001985c    00000644     ethernet_uip.obj (.bss:ucUIPBuffer)
                  20019ea0    00000120     rtsv7M3_T_le_eabi.lib : trgmsg.obj (.bss:__CIOBUF_)
                  20019fc0    00000040     uip.obj (.bss:uip_conns)

.bss.2     0    2001a000    000010ab     UNINITIALIZED
                  2001a000    00000634     uip.obj (.bss:uip_reassbuf)
                  2001a634    00000110     ihm.obj (.bss:Dado)
                  2001a744    000000a0     rtsv7M3_T_le_eabi.lib : defs.obj (.bss:__TI_tmpnams)
                  2001a7e4    0000001c                           : vla_alloc.obj (.bss)
                  2001a800    00000400     ethernet_uip.obj (.bss:g_sDMAControlTable)
                  2001ac00    00000105     ihm.obj (.bss:Mensagem)
                  2001ad05    00000001     (.common:IPADDR0)
                  2001ad06    00000002     (.common:count)
                  2001ad08    00000100     uip.obj (.bss:uip_udp_conns)
                  2001ae08    00000060     uip_arp.obj (.bss:arp_table)
                  2001ae68    00000034     dhcpc.obj (.bss:s)
                  2001ae9c    00000034     uip.obj (.bss:uip_stat)
                  2001aed0    00000020     (.common:data_eeprom)
                  2001aef0    00000018     (.common:Mod1Q1)
                  2001af08    00000018     (.common:Mod2Q1)
                  2001af20    00000018     (.common:uip_reassbitmap)
                  2001af38    00000014     (.common:sCANMessage)
                  2001af4c    00000014     (.common:sCANMessageTx)
                  2001af60    0000000c     (.common:AnalogCh0)
                  2001af6c    0000000c     (.common:AnalogCh1)
                  2001af78    0000000c     (.common:AnalogCh2)
                  2001af84    0000000c     (.common:AnalogCh3)
                  2001af90    0000000c     (.common:AnalogCh4)
                  2001af9c    0000000c     (.common:AnalogCh5)
                  2001afa8    0000000c     (.common:AnalogCh6)
                  2001afb4    0000000c     (.common:AnalogCh7)
                  2001afc0    0000000c     (.common:data)
                  2001afcc    0000000c     (.common:data_exio)
                  2001afd8    00000008     (.common:DataHour)
                  2001afe0    00000008     (.common:SerialNumber)
                  2001afe8    00000008     (.common:parmbuf)
                  2001aff0    00000008     (.common:pui8MsgData)
                  2001aff8    00000008     (.common:pui8MsgDataTx)
                  2001b000    00000008     (.common:recv_packet)
                  2001b008    00000008     (.common:response_to_client)
                  2001b010    00000008     (.common:uip_listenports)
                  2001b018    00000006     (.common:sTempAddr)
                  2001b01e    00000002     (.common:dummy_read)
                  2001b020    00000004     (.common:addIP)
                  2001b024    00000004     (.common:dummy_float_memory)
                  2001b028    00000004     (.common:dummy_u16_memory)
                  2001b02c    00000004     (.common:dummy_u32_memory)
                  2001b030    00000004     (.common:floatNchars)
                  2001b034    00000004     (.common:floatNchars)
                  2001b038    00000004     (.common:g_ulFlags)
                  2001b03c    00000004     (.common:ipaddr)
                  2001b040    00000004     (.common:ipaddr)
                  2001b044    00000004     (.common:iss)
                  2001b048    00000004     (.common:lARPTimer)
                  2001b04c    00000004     (.common:lPeriodicTimer)
                  2001b050    00000004     (.common:uip_acc32)
                  2001b054    00000004     (.common:uip_appdata)
                  2001b058    00000004     (.common:uip_buf)
                  2001b05c    00000004     (.common:uip_conn)
                  2001b060    00000004     (.common:uip_draddr)
                  2001b064    00000004     (.common:uip_hostaddr)
                  2001b068    00000004     (.common:uip_netmask)
                  2001b06c    00000004     (.common:uip_sappdata)
                  2001b070    00000004     (.common:uip_udp_conn)
                  2001b074    00000004     (.common:ulLoop)
                  2001b078    00000004     (.common:ulTemp)
                  2001b07c    00000004     (.common:ulTimeout)
                  2001b080    00000002     (.common:ipid)
                  2001b082    00000002     (.common:lastport)
                  2001b084    00000002     (.common:loop_count)
                  2001b086    00000002     (.common:tmp16)
                  2001b088    00000002     (.common:uip_len)
                  2001b08a    00000002     (.common:uip_reasslen)
                  2001b08c    00000002     (.common:uip_slen)
                  2001b08e    00000001     (.common:IPADDR1)
                  2001b08f    00000001     (.common:IPADDR2)
                  2001b090    00000001     (.common:IPADDR3)
                  2001b091    00000001     (.common:READ_IIB)
                  2001b092    00000001     (.common:READ_RTC)
                  2001b093    00000001     (.common:add485)
                  2001b094    00000001     (.common:arptime)
                  2001b095    00000001     (.common:c)
                  2001b096    00000001     (.common:c)
                  2001b097    00000001     (.common:i)
                  2001b098    00000001     (.common:opt)
                  2001b099    00000001     (.common:read_adcp)
                  2001b09a    00000001     (.common:read_add_IP)
                  2001b09b    00000001     (.common:read_add_rs485)
                  2001b09c    00000001     (.common:read_display_sts)
                  2001b09d    00000001     (.common:read_flash_sn)
                  2001b09e    00000001     (.common:read_isodcdc_sts)
                  2001b09f    00000001     (.common:read_rtc)
                  2001b0a0    00000001     (.common:read_rtc_status)
                  2001b0a1    00000001     (.common:set_add_IP)
                  2001b0a2    00000001     (.common:set_add_rs485)
                  2001b0a3    00000001     (.common:set_display_sts)
                  2001b0a4    00000001     (.common:set_isodcdc_sts)
                  2001b0a5    00000001     (.common:stsdisp)
                  2001b0a6    00000001     (.common:stsisodcdc)
                  2001b0a7    00000001     (.common:tmpage)
                  2001b0a8    00000001     (.common:uip_flags)
                  2001b0a9    00000001     (.common:uip_reassflags)
                  2001b0aa    00000001     (.common:uip_reasstmr)

SERIALBUFFER 
*          0    20022000    0000839c     UNINITIALIZED
                  20022000    0000839c     rs485.obj (SERIALBUFFER)

ETHERNETBUFFER 
*          0    2002c000    000027da     UNINITIALIZED
                  2002c000    00002008     httpd.obj (ETHERNETBUFFER)
                  2002e008    000007d2     ethernet_uip.obj (ETHERNETBUFFER)

MTOC_MSG_RAM 
*          0    2007f800    00000128     UNINITIALIZED
                  2007f800    00000128     ipc_lib.obj (MTOC_MSG_RAM)

CTOM_MSG_RAM 
*          0    2007f000    00000044     DSECT
                  2007f000    00000044     ipc_lib.obj (CTOM_MSG_RAM)


LINKER GENERATED COPY TABLES

__TI_cinit_table @ 002185b8 records: 11, size/record: 8, table size: 88
	.data: load addr=00218148, load size=000003fd bytes, run addr=20006000, run size=00001177 bytes, compression=rle
	ETHERNETBUFFER: load addr=00218558, load size=0000000b bytes, run addr=2002c000, run size=000027da bytes, compression=rle
	SERIALBUFFER: load addr=00218568, load size=0000000b bytes, run addr=20022000, run size=0000839c bytes, compression=rle
	.bss.1: load addr=00218578, load size=00000008 bytes, run addr=20018000, run size=00002000 bytes, compression=zero_init
	.bss.2: load addr=00218580, load size=00000008 bytes, run addr=2001a000, run size=000010ab bytes, compression=zero_init
	.vtable: load addr=00218588, load size=00000008 bytes, run addr=20000400, run size=00000258 bytes, compression=zero_init
	MTOC_MSG_RAM: load addr=00218590, load size=00000008 bytes, run addr=2007f800, run size=00000128 bytes, compression=zero_init
	SHARERAMS0: load addr=00218598, load size=00000008 bytes, run addr=20008000, run size=00000670 bytes, compression=zero_init
	SHARERAMS1: load addr=002185a0, load size=00000008 bytes, run addr=2000a000, run size=00000670 bytes, compression=zero_init
	SHARERAMS45: load addr=002185a8, load size=00000008 bytes, run addr=20010000, run size=00004000 bytes, compression=zero_init
	SHARERAMS67: load addr=002185b0, load size=00000008 bytes, run addr=20014000, run size=00004000 bytes, compression=zero_init


LINKER GENERATED HANDLER TABLE

__TI_handler_table @ 00218548 records: 3, size/record: 4, table size: 12
	index: 0, handler: __TI_zero_init
	index: 1, handler: __TI_decompress_rle24
	index: 2, handler: __TI_decompress_none


LINKER GENERATED CRC TABLES

AppCrc @ 00218610 records: 4, size/record: 24, table size: 104
	ramfuncs: algorithm=CRC32_PRIME(ID=0), load addr=00201258, size=000000bc, CRC=000000004cce7c01
	.text: algorithm=CRC32_PRIME(ID=0), load addr=00208000, size=0000fe48, CRC=00000000bd982a65
	.const: algorithm=CRC32_PRIME(ID=0), load addr=00217e48, size=000002fc, CRC=00000000f270dea0
	.cinit: algorithm=CRC32_PRIME(ID=0), load addr=00218148, size=000004c8, CRC=00000000cd9a1c65


FAR CALL TRAMPOLINES

callee name               trampoline name
   callee addr  tramp addr   call addr  call info
--------------  -----------  ---------  ----------------
FlashInit                 $Tramp$TT$L$PI$$FlashInit
   20000001     00217e40     0020e424   main.obj (.text:main)

[1 trampolines]
[1 trampoline calls]


GLOBAL SYMBOLS: SORTED ALPHABETICALLY BY Name 

address   name                            
-------   ----                            
200070f6  ADCP_TxTable                    
00210575  AdcChannel                      
00211105  AdcChannelAppConfig             
00217b29  AdcpCleanRxBuffer               
002174ad  AdcpConfig                      
00212e15  AdcpInit                        
00213dc9  AdcpIntHandler                  
002178ed  AdcpRead                        
00217749  AdcpRxIntEnable                 
2001af60  AnalogCh0                       
2001af6c  AnalogCh1                       
2001af78  AnalogCh2                       
2001af84  AnalogCh3                       
2001af90  AnalogCh4                       
2001af9c  AnalogCh5                       
2001afa8  AnalogCh6                       
2001afb4  AnalogCh7                       
00218610  AppCrc                          
20007130  Arm1                            
20007134  Arm2                            
0020ed09  BSMPInit                        
00217b41  BSMPprocess                     
00217e1d  BufferAdress                    
00217d51  BufferClear                     
00217d5d  BufferLen                       
00216df9  C$$EXIT                         
0021629f  C$$IO$$                         
0020c499  CANBitRateSet                   
0020c46d  CANBitTimingGet                 
0020c503  CANBitTimingSet                 
0020c447  CANClkSourceSelect              
0020c43d  CANDisable                      
0020c433  CANEnable                       
0020c619  CANErrCntrGet                   
0020c3ab  CANInit                         
0020c5a9  CANIntClear                     
0020c58b  CANIntDisable                   
0020c583  CANIntEnable                    
00210c81  CANIntHandler                   
0020c557  CANIntRegister                  
0020c595  CANIntStatus                    
0020c56f  CANIntUnregister                
0020c8a1  CANMessageClear                 
0020c775  CANMessageGet                   
0020c631  CANMessageSet                   
0020c5e5  CANRetryGet                     
0020c5d3  CANRetrySet                     
0020c5f1  CANStatusGet                    
00217231  CPUbasepriGet                   
0021722b  CPUbasepriSet                   
00217205  CPUcpsid                        
0021721b  CPUcpsie                        
00217211  CPUprimask                      
00217227  CPUwfi                          
0020ce39  CanCheck                        
0021584d  ClosedLoop                      
00215c0d  ConfigDPModule                  
00217af5  ConfigPSModel                   
002174dd  ConfigRS485                     
002130e1  ConfigSigGen                    
00216761  ConfigWfmRef                    
20007118  Counter                         
00217d05  CtoMIPC1IntHandler              
00217d15  CtoMIPC2IntHandler              
00217d25  CtoMIPC3IntHandler              
00217b59  CtrlLoopRead                    
0021784d  CtrlLoopWrite                   
002164d1  CtrllawInit                     
2000a000  DP_Framework                    
20008000  DP_Framework_MtoC               
2001a634  Dado                            
2001afd8  DataHour                        
00217d69  DataHourRead                    
00216b71  DcdcPwrCtrl                     
00216e3d  DcdcSts                         
002154d9  DisableSigGen                   
002170ed  DisplayProcessData              
00216bb9  DisplayPwrCtrl                  
00216e7d  DisplayPwrOCSts                 
00217d35  DummyFunction                   
00216069  EepromReadIP                    
002160d1  EepromReadIPMask                
00216531  EepromReadKi                    
00216591  EepromReadKp                    
00217875  EepromReadPSModel               
0021789d  EepromReadRs485Add              
00216139  EepromReadRs485BaudRate         
00214ae1  EepromWriteIP                   
00214b79  EepromWriteIPMask               
00213fd9  EepromWriteKd                   
00214085  EepromWriteKi                   
00214131  EepromWriteKp                   
00215c81  EepromWritePSModel              
00215cf5  EepromWriteRs485Add             
00214c11  EepromWriteRs485BaudRate        
002141dd  EnablePeripherals               
00215559  EnableSigGen                    
002124e5  EthLoadParam                    
0020e12d  EthernetConfigGet               
0020e101  EthernetConfigSet               
0020e1c1  EthernetDisable                 
0020e19f  EthernetEnable                  
0020f581  EthernetInit                    
0020e0f1  EthernetInitExpClk              
0020e37f  EthernetIntClear                
0020e369  EthernetIntDisable              
0020e361  EthernetIntEnable               
002136e1  EthernetIntHandler              
0020e341  EthernetIntRegister             
0020e373  EthernetIntStatus               
0020e351  EthernetIntUnregister           
0020e175  EthernetMACAddrGet              
0020e147  EthernetMACAddrSet              
0020e3c3  EthernetPHYPowerOff             
0020e3df  EthernetPHYPowerOn              
0020e3a3  EthernetPHYRead                 
0020e383  EthernetPHYWrite                
0020e1e3  EthernetPacketAvail             
0020e297  EthernetPacketGet               
002113c9  EthernetPacketGetDMA            
0020e287  EthernetPacketGetNonBlocking    
0020e337  EthernetPacketPut               
0020e327  EthernetPacketPutNonBlocking    
00217039  EthernetProcessCMD              
0020ff61  EthernetProcessData             
0020e1f1  EthernetSpaceAvail              
00216ebd  ExIOInit                        
00217d75  FlashDeviceIDRead               
20000001  FlashInit                       
002172a9  FlashMemInit                    
0020fac1  FlashMemReadSerialNumber        
20000057  FlashSetup                      
0020d353  GPIODirModeGet                  
0020d323  GPIODirModeSet                  
0020d3c3  GPIOIntTypeGet                  
0020d37d  GPIOIntTypeSet                  
0020d457  GPIOPadConfigGet                
0020d3fd  GPIOPadConfigSet                
0020d5e5  GPIOPinConfigure                
0020d649  GPIOPinConfigureCoreSelect      
0020d4bb  GPIOPinIntClear                 
0020d49f  GPIOPinIntDisable               
0020d493  GPIOPinIntEnable                
0020d4ad  GPIOPinIntStatus                
0020d673  GPIOPinLock                     
0020d669  GPIOPinLockStatus               
0020d4ed  GPIOPinRead                     
0020d4f9  GPIOPinTypeCAN                  
0020d5c9  GPIOPinTypeEPI                  
0020d50d  GPIOPinTypeGPIOInput            
0020d521  GPIOPinTypeGPIOOutput           
0020d535  GPIOPinTypeGPIOOutputOD         
0020d549  GPIOPinTypeI2C                  
0020d55d  GPIOPinTypeSSI                  
0020d571  GPIOPinTypeTimer                
0020d585  GPIOPinTypeUART                 
0020d5b5  GPIOPinTypeUSBAnalog            
0020d59d  GPIOPinTypeUSBDigital           
0020d699  GPIOPinUnlock                   
0020d4f3  GPIOPinWrite                    
0020d4c1  GPIOPortIntRegister             
0020d4d9  GPIOPortIntUnregister           
00216905  GlobalTimerInit                 
002163a5  GlobalTimerIntHandler           
0020f269  HOSTclock                       
0020f231  HOSTclose                       
0020f1f3  HOSTgetenv                      
0020f197  HOSTlseek                       
0020f145  HOSTopen                        
0020f0f9  HOSTread                        
0020f09b  HOSTrename                      
0020f061  HOSTtime                        
0020f029  HOSTunlink                      
0020efdd  HOSTwrite                       
00217775  HeartBeatLED                    
00211009  I2CIntRegister                  
00211025  I2CIntUnregister                
002110c1  I2CMasterBusBusy                
002110b9  I2CMasterBusy                   
002110c9  I2CMasterControl                
002110eb  I2CMasterDataGet                
002110e7  I2CMasterDataPut                
00210fed  I2CMasterDisable                
00210fd1  I2CMasterEnable                 
002110cd  I2CMasterErr                    
00210f95  I2CMasterInitExpClk             
002110a1  I2CMasterIntClear               
00211059  I2CMasterIntDisable             
00211041  I2CMasterIntEnable              
00211073  I2CMasterIntStatus              
002110b1  I2CMasterSlaveAddrSet           
002110f7  I2CSlaveDataGet                 
002110f3  I2CSlaveDataPut                 
00210ff7  I2CSlaveDisable                 
00210fdb  I2CSlaveEnable                  
00210fc3  I2CSlaveInit                    
002110a7  I2CSlaveIntClear                
002110ad  I2CSlaveIntClearEx              
0021105f  I2CSlaveIntDisable              
00211069  I2CSlaveIntDisableEx            
00211047  I2CSlaveIntEnable               
00211051  I2CSlaveIntEnableEx             
00211085  I2CSlaveIntStatus               
00211097  I2CSlaveIntStatusEx             
002110ef  I2CSlaveStatus                  
00215d69  IHMIntHandler                   
00217d81  IOutputRead                     
2001ad05  IPADDR0                         
2001b08e  IPADDR1                         
2001b08f  IPADDR2                         
2001b090  IPADDR3                         
00216efd  IPAddressRead                   
00212299  IPAddressWrite                  
00210ad5  IPCCtoMFlagAcknowledge          
00210adf  IPCCtoMFlagBusy                 
002131c5  IPCInit                         
0020cc51  IPCLiteCtoMClearBits            
0020ccab  IPCLiteCtoMClearBits_Protected  
0020cb2f  IPCLiteCtoMDataRead             
0020cd1b  IPCLiteCtoMDataWrite            
0020cd71  IPCLiteCtoMDataWrite_Protected  
0020cddd  IPCLiteCtoMFunctionCall         
0020cb77  IPCLiteCtoMSetBits              
0020cbd9  IPCLiteCtoMSetBits_Protected    
0020cb09  IPCLiteMtoCBootBranch           
0020c9d7  IPCLiteMtoCClearBits            
0020ca1f  IPCLiteMtoCClearBits_Protected  
0020c8e9  IPCLiteMtoCDataRead             
0020ca67  IPCLiteMtoCDataWrite            
0020caa1  IPCLiteMtoCDataWrite_Protected  
0020cadb  IPCLiteMtoCFunctionCall         
0020c8c1  IPCLiteMtoCGetResult            
0020c927  IPCLiteMtoCSetBits              
0020c97f  IPCLiteMtoCSetBits_Protected    
00210b31  IPCMtoCBootControlSystem        
002177a1  IPCMtoCBusy                     
00210af1  IPCMtoCFlagBusy                 
00210b0f  IPCMtoCFlagClear                
00210b03  IPCMtoCFlagSet                  
00210b1b  IPCMtoCSharedRamConvert         
2007f000  IPC_CtoM_Msg                    
0021750d  IPC_CtoM_Translate              
2007f800  IPC_MtoC_Msg                    
002172dd  IPC_MtoC_Translate              
200070d8  IPMASK0                         
200070d9  IPMASK1                         
200070da  IPMASK2                         
200070db  IPMASK3                         
00217d8d  ISetpointRead                   
00217a09  ISetpointWrite                  
00211a2d  InitCanBkp                      
002169f5  InitDisplay                     
00217911  InitI2COnboard                  
00216c01  InitRS485                       
00216955  InitRS485BKP                    
00217935  Init_BSMP_var                   
0020f40d  IntDisable                      
0020f391  IntEnable                       
0020f2c7  IntFlashVTable                  
0020f2bd  IntMasterDisable                
0020f2b3  IntMasterEnable                 
0020f4f7  IntPendClear                    
0020f48b  IntPendSet                      
0020f377  IntPriorityGet                  
0020f329  IntPriorityGroupingGet          
0020f317  IntPriorityGroupingSet          
00217231  IntPriorityMaskGet              
0021722b  IntPriorityMaskSet              
0020f34b  IntPrioritySet                  
0020f2d5  IntRAMVTable                    
0020f2e3  IntRegister                     
0020f30d  IntUnregister                   
002178c5  InterlockAlarmReset             
00217d99  InterlockSts                    
20007115  ItlkOld1                        
20007116  ItlkOld2                        
00217b71  KiRead                          
00215245  KiWrite                         
00217da5  KpRead                          
00215025  KpWrite                         
00217db1  LocRemUpdate                    
200070d0  MAC_ADDRESS                     
002161a1  MD5Final                        
00217075  MD5Init                         
00213d11  MD5Update                       
2001ac00  Mensagem                        
2001aef0  Mod1Q1                          
2001af08  Mod2Q1                          
002152c9  OpMode                          
002158c5  OpenLoop                        
00217dbd  OutputStsRead                   
00217a85  OutputStsWrite                  
00212f09  PinCorSet                       
00213465  PinoutSet                       
0020af15  ProcessCmd                      
00216c49  PwmEletrCtrl                    
00216c91  PwmFiberCtrl                    
002129b1  RAMControlInitL0L3Ram           
00212947  RAMControlInitM1MsgRam          
00212921  RAMMReqSharedMemAccess          
2001b091  READ_IIB                        
2001b092  READ_RTC                        
0021534d  RS485BKPIntHandler              
00213c59  RS485BKPTxHandler               
00212041  RS485IntHandler                 
002147d1  RS485ProcessData                
00215659  RS485TxHandler                  
002165f1  RTCCheckOF                      
002167b5  RTCClearHT                      
00217dc9  RTCInit                         
0021151d  RTCReadDataHour                 
00217311  RTCStatusOF                     
00217125  RTCStopClock                    
0021593d  RTCWriteDataHour                
00201314  RamfuncsLoadEnd                 
000000bc  RamfuncsLoadSize                
00201258  RamfuncsLoadStart               
200000bc  RamfuncsRunEnd                  
000000bc  RamfuncsRunSize                 
20000000  RamfuncsRunStart                
002132a9  ReadI2C                         
00217dd5  ReadRS485Address                
00200031  ResetISR                        
00214f95  ResetInterlocks                 
UNDEFED   SHT$$INIT_ARRAY$$Base           
UNDEFED   SHT$$INIT_ARRAY$$Limit          
002124d7  SSIBusy                         
002123e7  SSIConfigSetExpClk              
002124cd  SSIDMADisable                   
002124c5  SSIDMAEnable                    
002124a7  SSIDataGet                      
002124b3  SSIDataGetNonBlocking           
0021248d  SSIDataPut                      
00212497  SSIDataPutNonBlocking           
00212437  SSIDisable                      
0021242d  SSIEnable                       
00212489  SSIIntClear                     
00212475  SSIIntDisable                   
0021246d  SSIIntEnable                    
00212441  SSIIntRegister                  
0021247f  SSIIntStatus                    
00212459  SSIIntUnregister                
00217345  SendCanMessage                  
002137b1  SendDisplay                     
00217b89  SendIpcFlag                     
00214ca9  SeparaDado                      
2001afe0  SerialNumber                    
0021448d  SetISlowRef                     
0021715d  SetRS485Address                 
0020c0b5  SysCtlC28Disable                
0020c09d  SysCtlC28Enable                 
0020bfd5  SysCtlClockConfigGet            
0020bf8f  SysCtlClockConfigSet            
0020bd39  SysCtlClockDividersSet          
0020c029  SysCtlClockGet                  
0020be6d  SysCtlClockPllConfig            
0020bc6d  SysCtlDeepSleep                 
00217e2d  SysCtlDelay                     
0020c219  SysCtlEnableAERRNMI             
0020b9f7  SysCtlFlashSizeGet              
0020c0ed  SysCtlGPIOAHBDisable            
0020c0d1  SysCtlGPIOAHBEnable             
0020c22f  SysCtlGetNmiConfig              
0020c243  SysCtlGetNmiFlagStatus          
0020c235  SysCtlGetNmiInterruptStatus     
0020c299  SysCtlHoldSubSystemInReset      
0020c263  SysCtlNmiFlgClr                 
0020c27b  SysCtlNmiFlgClrAll              
0020c251  SysCtlNmiIsSet                  
0020bc41  SysCtlPeripheralClockGating     
0020bc19  SysCtlPeripheralDeepSleepDisable
0020bbf1  SysCtlPeripheralDeepSleepEnable 
0020bb5b  SysCtlPeripheralDisable         
0020bb33  SysCtlPeripheralEnable          
0020bb83  SysCtlPeripheralIsEnabled       
0020ba03  SysCtlPeripheralPresent         
0020ba67  SysCtlPeripheralReset           
0020bbc9  SysCtlPeripheralSleepDisable    
0020bba1  SysCtlPeripheralSleepEnable     
0020be45  SysCtlPowerOffPLL               
0020c2c9  SysCtlReleaseSubSystemFromReset 
0020bc65  SysCtlReset                     
0020bc8f  SysCtlResetCauseClear           
0020bc87  SysCtlResetCauseGet             
0020b9d9  SysCtlSRAMSizeGet               
00217227  SysCtlSleep                     
0020c2eb  SysCtlSubSystemReset            
0020c1f7  SysCtlUSBPLLConfigGet           
0020c15b  SysCtlUSBPLLConfigSet           
0020c143  SysCtlUSBPLLDisable             
0020c111  SysCtlUSBPLLEnable              
0020bc9d  SysCtlXPllClockDividerSet       
00215ab1  SysTickDisable                  
00215aa5  SysTickEnable                   
00215aef  SysTickIntDisable               
00215ae3  SysTickIntEnable                
002177cd  SysTickIntHandler               
00215abd  SysTickIntRegister              
00215ad3  SysTickIntUnregister            
00215b05  SysTickPeriodGet                
00215afb  SysTickPeriodSet                
00215b0f  SysTickValueGet                 
002166b1  SystemInit                      
20006800  TIMEOUT_VALUE                   
0021753d  TaskCheck                       
00217379  TaskSetNew                      
00214535  TestEepromMemory                
0020fd51  TimerConfigure                  
0020fd97  TimerControlEvent               
0020fd6b  TimerControlLevel               
0020fdab  TimerControlStall               
0020fd81  TimerControlTrigger             
0020fdc1  TimerControlWaitOnTrigger       
0020fd43  TimerDisable                    
0020fd35  TimerEnable                     
0020ff49  TimerIntClear                   
0020ff35  TimerIntDisable                 
0020ff2d  TimerIntEnable                  
0020fe8f  TimerIntRegister                
0020ff3f  TimerIntStatus                  
0020fee1  TimerIntUnregister              
0020fe59  TimerLoadGet                    
0020fe47  TimerLoadSet                    
0020fe83  TimerMatchGet                   
0020fe71  TimerMatchSet                   
0020fe1d  TimerPrescaleGet                
0020fe3b  TimerPrescaleMatchGet           
0020fe29  TimerPrescaleMatchSet           
0020fe0b  TimerPrescaleSet                
0020fe01  TimerRTCDisable                 
0020fdf7  TimerRTCEnable                  
0020fe65  TimerValueGet                   
002159b5  TurnOff                         
00215a2d  TurnOn                          
00217c31  UARTCharGet                     
00217aa1  UARTCharGetNonBlocking          
00217959  UARTCharPutNonBlocking          
00217ba1  UARTCharsAvail                  
00215b95  UARTConfigSetExpClk             
0021756d  UARTDisable                     
0021797d  UARTEnable                      
00217c47  UARTFIFOEnable                  
00217bb9  UARTFIFOLevelSet                
00217cf1  UARTIntClear                    
00217bd1  UARTIntEnable                   
00217a49  UARTIntStatus                   
00217be9  UARTSpaceAvail                  
00217abd  UARTTxIntModeSet                
0021433d  WatchdogEnable                  
002143b9  WatchdogIntClear                
002143a5  WatchdogIntEnable               
00214385  WatchdogIntRegister             
002143af  WatchdogIntStatus               
00214395  WatchdogIntUnregister           
0021435b  WatchdogLock                    
0021436b  WatchdogLockState               
0021437d  WatchdogReloadGet               
00214379  WatchdogReloadSet               
00214351  WatchdogResetDisable            
00214347  WatchdogResetEnable             
00214335  WatchdogRunning                 
002143cd  WatchdogStallDisable            
002143bf  WatchdogStallEnable             
00214363  WatchdogUnlock                  
00214381  WatchdogValueGet                
00215e4d  WfmRefUpdate                    
002153d1  WriteI2C                        
002177f9  _Dclass                         
20006f88  _Denorm                         
00213b9b  _Dnorm                          
002125fd  _Dscale                         
0021633f  _Dunscale                       
20006f98  _Eps                            
20007164  _Errno                          
20007154  _Fenv                           
0021768d  _Feraise                        
20006fa8  _Hugeval                        
20006fb8  _Inf                            
20006fc8  _Nan                            
20006fe8  _Rteps                          
20006fd8  _Snan                           
20007158  _Tls_setup__Fenv                
20006ff8  _Xbig                           
20007000  _Zero                           
20019ea0  __CIOBUF_                       
200001bc  __STACK_END                     
00000100  __STACK_SIZE                    
200001bc  __STACK_TOP                     
00000008  __SYSMEM_SIZE                   
002185b8  __TI_CINIT_Base                 
00218610  __TI_CINIT_Limit                
00218610  __TI_CRC_AppCrc                 
00218548  __TI_Handler_Table_Base         
00218554  __TI_Handler_Table_Limit        
00215eb9  __TI_auto_init                  
00210821  __TI_cleanup                    
2000714c  __TI_cleanup_ptr                
00214d41  __TI_closefile                  
00217d43  __TI_decompress_none            
00217e33  __TI_decompress_rle24           
00213a0d  __TI_doflush                    
20007150  __TI_dtors_ptr                  
2000711c  __TI_ft_end                     
00209ffd  __TI_printfi                    
00214443  __TI_rd_ok                      
002162a3  __TI_readmsg                    
00218148  __TI_static_base__              
2001a744  __TI_tmpnams                    
00216271  __TI_writemsg                   
002143e1  __TI_wrt_ok                     
00217ded  __TI_zero_init                  
00217e39  __abort_execution               
002150b1  __aeabi_cdcmpeq                 
002150b1  __aeabi_cdcmple                 
00215137  __aeabi_cdrcmple                
00216651  __aeabi_cfcmpeq                 
00216651  __aeabi_cfcmple                 
00216d21  __aeabi_d2iz                    
00210927  __aeabi_dadd                    
00211ca5  __aeabi_ddiv                    
00212b29  __aeabi_dmul                    
0021091d  __aeabi_dsub                    
00215759  __aeabi_fmul                    
002176ed  __aeabi_i2d                     
00217195  __aeabi_i2f                     
002157d3  __aeabi_memclr                  
002157d3  __aeabi_memclr4                 
002157d3  __aeabi_memclr8                 
002149a9  __aeabi_memcpy                  
002149a9  __aeabi_memcpy4                 
002149a9  __aeabi_memcpy8                 
002157d5  __aeabi_memset                  
002157d5  __aeabi_memset4                 
002157d5  __aeabi_memset8                 
20007128  __aeabi_stderr                  
20007120  __aeabi_stdin                   
20007124  __aeabi_stdout                  
00210381  __aeabi_uldivmod                
ffffffff  __binit__                       
ffffffff  __c_args__                      
200000bc  __stack                         
0020f92f  __vla_alloc                     
0020f829  __vla_dealloc                   
0020f8af  __vla_dealloc_eh                
00217c01  _args_main                      
002170b1  _c_int00                        
00217e48  _ctypes_                        
20006d18  _ftable                         
20007144  _lock                           
00217cd7  _nop                            
00217ccf  _register_lock                  
00217cc9  _register_unlock                
200001c0  _sys_memory                     
00217e3d  _system_pre_init                
20007148  _unlock                         
00216dfd  abort                           
2001b093  add485                          
2001b020  addIP                           
0020e971  add_device                      
00216ad9  atoi                            
20006000  bin_op                          
ffffffff  binit                           
00217415  binops_and                      
002173ad  binops_clear                    
00217447  binops_or                       
00217479  binops_xor                      
20018000  bsmp                            
00213539  bsmp_process_packet             
00214e71  bsmp_register_curve             
00214f03  bsmp_register_function          
00214685  bsmp_register_variable          
00216cd9  bsmp_server_init                
0020da71  calloc                          
00217de1  clock_time                      
0020e921  close                           
00216b25  copy_in                         
2001ad06  count                           
00212819  curve_block                     
00212d1f  curve_block_request             
00216a41  curve_check                     
002156d9  curve_query_csum                
00214289  curve_query_list                
00211f11  curve_recalc_csum               
2001afc0  data                            
2001aed0  data_eeprom                     
2001afcc  data_exio                       
00217e25  dhcpc_appcall                   
00216809  dhcpc_configured                
2001b01e  dummy_read                      
00216e05  exit                            
00214da7  fclose                          
002173e1  feraiseexcept                   
00213a59  fflush                          
2001b034  floatNchars                     
00210877  fopen                           
00215f2d  fprintf                         
00214dd9  fputc                           
00211ddd  fputs                           
0020d7bf  free                            
0021084d  freopen                         
002179c5  frexp                           
0021646d  fseek                           
0021723b  func_check                      
00213ad5  func_execute                    
00215b1d  func_query_list                 
20007117  g_bErrFlag                      
2000710c  g_bRXFlag1                      
2000710d  g_bRXFlag2                      
2000710e  g_bRXFlag3                      
2000710f  g_bRXFlag4                      
20007110  g_bRXFlag5                      
20007111  g_bRXFlag6                      
20007112  g_bRXFlag7                      
20007113  g_bRXFlag8                      
20007114  g_bRXFlag9                      
20000400  g_pfnRAMVectors                 
00201000  g_pfnVectors                    
2001a800  g_sDMAControlTable              
20007108  g_ui32MsgCount                  
200070c8  g_ulTickCounter                 
00216ffb  group_add_var                   
002117ad  group_bin_op                    
00212c25  group_create                    
002179a1  group_init                      
0021490d  group_query                     
002151bd  group_query_list                
00212ff9  group_read                      
00217271  group_remove_all                
00211b69  group_write                     
00217ad9  htons                           
0021360d  httpd_appcall                   
00217df9  httpd_clear_command             
00217cb5  httpd_get_command               
00217e05  httpd_init                      
0021762d  httpd_insert_response           
20007176  iib_sample                      
2001b03c  ipaddr                          
2001b048  lARPTimer                       
2001b04c  lPeriodicTimer                  
00216db1  ldexp                           
2001b084  loop_count                      
0020e8fd  lseek                           
00216709  ltoa                            
0020e401  main                            
2000716c  main_func_sp                    
0020d757  malloc                          
0020d98d  memalign                        
00217b0f  memccpy                         
00217a29  memchr                          
002179e7  memcmp                          
002149a9  memcpy                          
002157db  memset                          
0020d6c9  minit                           
20007170  new_data_send                   
0020e84f  open                            
2001aff0  pui8MsgData                     
2001aff8  pui8MsgDataTx                   
00214dd9  putc                            
00214e5d  putchar                         
00211ee7  puts                            
00216a8d  query_version                   
0021771b  raise                           
0020e82b  read                            
2001b099  read_adcp                       
2001b09a  read_add_IP                     
2001b09b  read_add_rs485                  
2001b09c  read_display_sts                
2001b09d  read_flash_sn                   
2001b09e  read_isodcdc_sts                
2001b09f  read_rtc                        
2001b0a0  read_rtc_status                 
0020d881  realloc                         
0020e7a1  remove                          
0020e803  remove_device                   
0020e7c5  rename                          
2001b008  response_to_client              
2001af38  sCANMessage                     
2001af4c  sCANMessageTx                   
20010000  samples_buffer_memory           
2001b0a1  set_add_IP                      
2001b0a2  set_add_rs485                   
2001b0a3  set_display_sts                 
2001b0a4  set_isodcdc_sts                 
00213389  setvbuf                         
00216f3d  signal                          
00217c73  strchr                          
00217c19  strcmp                          
00217c89  strcpy                          
00217cdd  strlen                          
0021765d  strncpy                         
2001b0a5  stsdisp                         
2001b0a6  stsisodcdc                      
20007174  time                            
00217a67  timer_expired                   
00217c9f  timer_set                       
0020ec79  uDMAChannel0_7SelectAltMapping  
0020ec6d  uDMAChannel0_7SelectDefault     
0020ecab  uDMAChannel16_23SelectAltMapping
0020ec9d  uDMAChannel16_23SelectDefault   
0020ecc5  uDMAChannel24_31SelectAltMapping
0020ecb7  uDMAChannel24_31SelectDefault   
0020ec91  uDMAChannel8_15SelectAltMapping 
0020ec83  uDMAChannel8_15SelectDefault    
0020ead3  uDMAChannelAttributeDisable     
0020ea95  uDMAChannelAttributeEnable      
0020eb11  uDMAChannelAttributeGet         
0020eb61  uDMAChannelControlSet           
0020ea4d  uDMAChannelDisable              
0020ea3f  uDMAChannelEnable               
0020ea5b  uDMAChannelIsEnabled            
0020ec49  uDMAChannelModeGet              
0020ea83  uDMAChannelRequest              
0020ebf1  uDMAChannelScatterGatherSet     
0020ec2d  uDMAChannelSizeGet              
0020eb7b  uDMAChannelTransferSet          
0020ea7b  uDMAControlAlternateBaseGet     
0020ea73  uDMAControlBaseGet              
0020ea6b  uDMAControlBaseSet              
0020ea25  uDMADisable                     
[...]
00212459  SSIIntUnregister                
0021246d  SSIIntEnable                    
00212475  SSIIntDisable                   
0021247f  SSIIntStatus                    
00212489  SSIIntClear                     
0021248d  SSIDataPut                      
00212497  SSIDataPutNonBlocking           
002124a7  SSIDataGet                      
002124b3  SSIDataGetNonBlocking           
002124c5  SSIDMAEnable                    
002124cd  SSIDMADisable                   
002124d7  SSIBusy                         
002124e5  EthLoadParam                    
002125fd  _Dscale                         
0021270d  var_bin_op                      
00212819  curve_block                     
00212921  RAMMReqSharedMemAccess          
00212947  RAMControlInitM1MsgRam          
002129b1  RAMControlInitL0L3Ram           
00212a29  var_write                       
00212b29  __aeabi_dmul                    
00212c25  group_create                    
00212d1f  curve_block_request             
00212e15  AdcpInit                        
00212f09  PinCorSet                       
00212ff9  group_read                      
002130e1  ConfigSigGen                    
002131c5  IPCInit                         
002132a9  ReadI2C                         
00213389  setvbuf                         
00213465  PinoutSet                       
00213539  bsmp_process_packet             
0021360d  httpd_appcall                   
002136e1  EthernetIntHandler              
002137b1  SendDisplay                     
00213a0d  __TI_doflush                    
00213a59  fflush                          
00213ad5  func_execute                    
00213b9b  _Dnorm                          
00213c59  RS485BKPTxHandler               
00213d11  MD5Update                       
00213dc9  AdcpIntHandler                  
00213f29  var_read                        
00213fd9  EepromWriteKd                   
00214085  EepromWriteKi                   
00214131  EepromWriteKp                   
002141dd  EnablePeripherals               
00214289  curve_query_list                
00214335  WatchdogRunning                 
0021433d  WatchdogEnable                  
00214347  WatchdogResetEnable             
00214351  WatchdogResetDisable            
0021435b  WatchdogLock                    
00214363  WatchdogUnlock                  
0021436b  WatchdogLockState               
00214379  WatchdogReloadSet               
0021437d  WatchdogReloadGet               
00214381  WatchdogValueGet                
00214385  WatchdogIntRegister             
00214395  WatchdogIntUnregister           
002143a5  WatchdogIntEnable               
002143af  WatchdogIntStatus               
002143b9  WatchdogIntClear                
002143bf  WatchdogStallEnable             
002143cd  WatchdogStallDisable            
002143e1  __TI_wrt_ok                     
00214443  __TI_rd_ok                      
0021448d  SetISlowRef                     
00214535  TestEepromMemory                
002145dd  uip_add32                       
00214685  bsmp_register_variable          
002147d1  RS485ProcessData                
0021490d  group_query                     
002149a9  __aeabi_memcpy                  
002149a9  __aeabi_memcpy4                 
002149a9  __aeabi_memcpy8                 
002149a9  memcpy                          
00214a45  uip_init                        
00214ae1  EepromWriteIP                   
00214b79  EepromWriteIPMask               
00214c11  EepromWriteRs485BaudRate        
00214ca9  SeparaDado                      
00214d41  __TI_closefile                  
00214da7  fclose                          
00214dd9  fputc                           
00214dd9  putc                            
00214e5d  putchar                         
00214e71  bsmp_register_curve             
00214f03  bsmp_register_function          
00214f95  ResetInterlocks                 
00215025  KpWrite                         
002150b1  __aeabi_cdcmpeq                 
002150b1  __aeabi_cdcmple                 
00215137  __aeabi_cdrcmple                
002151bd  group_query_list                
00215245  KiWrite                         
002152c9  OpMode                          
0021534d  RS485BKPIntHandler              
002153d1  WriteI2C                        
00215455  var_query_list                  
002154d9  DisableSigGen                   
00215559  EnableSigGen                    
00215659  RS485TxHandler                  
002156d9  curve_query_csum                
00215759  __aeabi_fmul                    
002157d3  __aeabi_memclr                  
002157d3  __aeabi_memclr4                 
002157d3  __aeabi_memclr8                 
002157d5  __aeabi_memset                  
002157d5  __aeabi_memset4                 
002157d5  __aeabi_memset8                 
002157db  memset                          
0021584d  ClosedLoop                      
002158c5  OpenLoop                        
0021593d  RTCWriteDataHour                
002159b5  TurnOff                         
00215a2d  TurnOn                          
00215aa5  SysTickEnable                   
00215ab1  SysTickDisable                  
00215abd  SysTickIntRegister              
00215ad3  SysTickIntUnregister            
00215ae3  SysTickIntEnable                
00215aef  SysTickIntDisable               
00215afb  SysTickPeriodSet                
00215b05  SysTickPeriodGet                
00215b0f  SysTickValueGet                 
00215b1d  func_query_list                 
00215b95  UARTConfigSetExpClk             
00215c0d  ConfigDPModule                  
00215c81  EepromWritePSModel              
00215cf5  EepromWriteRs485Add             
00215d69  IHMIntHandler                   
00215e4d  WfmRefUpdate                    
00215eb9  __TI_auto_init                  
00215f2d  fprintf                         
00215f91  uip_arp_timer                   
00216069  EepromReadIP                    
002160d1  EepromReadIPMask                
00216139  EepromReadRs485BaudRate         
002161a1  MD5Final                        
00216271  __TI_writemsg                   
0021629f  C$$IO$$                         
002162a3  __TI_readmsg                    
0021633f  _Dunscale                       
002163a5  GlobalTimerIntHandler           
0021646d  fseek                           
002164d1  CtrllawInit                     
00216531  EepromReadKi                    
00216591  EepromReadKp                    
002165f1  RTCCheckOF                      
00216651  __aeabi_cfcmpeq                 
00216651  __aeabi_cfcmple                 
002166b1  SystemInit                      
00216709  ltoa                            
00216761  ConfigWfmRef                    
002167b5  RTCClearHT                      
00216809  dhcpc_configured                
00216905  GlobalTimerInit                 
00216955  InitRS485BKP                    
002169a5  uip_listen                      
002169f5  InitDisplay                     
00216a41  curve_check                     
00216a8d  query_version                   
00216ad9  atoi                            
00216b25  copy_in                         
00216b71  DcdcPwrCtrl                     
00216bb9  DisplayPwrCtrl                  
00216c01  InitRS485                       
00216c49  PwmEletrCtrl                    
00216c91  PwmFiberCtrl                    
00216cd9  bsmp_server_init                
00216d21  __aeabi_d2iz                    
00216db1  ldexp                           
00216df9  C$$EXIT                         
00216dfd  abort                           
00216e05  exit                            
00216e3d  DcdcSts                         
00216e7d  DisplayPwrOCSts                 
00216ebd  ExIOInit                        
00216efd  IPAddressRead                   
00216f3d  signal                          
00216ffb  group_add_var                   
00217039  EthernetProcessCMD              
00217075  MD5Init                         
002170b1  _c_int00                        
002170ed  DisplayProcessData              
00217125  RTCStopClock                    
0021715d  SetRS485Address                 
00217195  __aeabi_i2f                     
002171cd  uip_send                        
00217205  CPUcpsid                        
00217211  CPUprimask                      
0021721b  CPUcpsie                        
00217227  CPUwfi                          
00217227  SysCtlSleep                     
0021722b  CPUbasepriSet                   
0021722b  IntPriorityMaskSet              
00217231  CPUbasepriGet                   
00217231  IntPriorityMaskGet              
0021723b  func_check                      
00217271  group_remove_all                
002172a9  FlashMemInit                    
002172dd  IPC_MtoC_Translate              
00217311  RTCStatusOF                     
00217345  SendCanMessage                  
00217379  TaskSetNew                      
002173ad  binops_clear                    
002173e1  feraiseexcept                   
00217415  binops_and                      
00217447  binops_or                       
00217479  binops_xor                      
002174ad  AdcpConfig                      
002174dd  ConfigRS485                     
0021750d  IPC_CtoM_Translate              
0021753d  TaskCheck                       
0021756d  UARTDisable                     
0021762d  httpd_insert_response           
0021765d  strncpy                         
0021768d  _Feraise                        
002176bd  uip_ipchksum                    
002176ed  __aeabi_i2d                     
0021771b  raise                           
00217749  AdcpRxIntEnable                 
00217775  HeartBeatLED                    
002177a1  IPCMtoCBusy                     
002177cd  SysTickIntHandler               
002177f9  _Dclass                         
00217823  var_check                       
0021784d  CtrlLoopWrite                   
00217875  EepromReadPSModel               
0021789d  EepromReadRs485Add              
002178c5  InterlockAlarmReset             
002178ed  AdcpRead                        
00217911  InitI2COnboard                  
00217935  Init_BSMP_var                   
00217959  UARTCharPutNonBlocking          
0021797d  UARTEnable                      
002179a1  group_init                      
002179c5  frexp                           
002179e7  memcmp                          
00217a09  ISetpointWrite                  
00217a29  memchr                          
00217a49  UARTIntStatus                   
00217a67  timer_expired                   
00217a85  OutputStsWrite                  
00217aa1  UARTCharGetNonBlocking          
00217abd  UARTTxIntModeSet                
00217ad9  htons                           
00217af5  ConfigPSModel                   
00217b0f  memccpy                         
00217b29  AdcpCleanRxBuffer               
00217b41  BSMPprocess                     
00217b59  CtrlLoopRead                    
00217b71  KiRead                          
00217b89  SendIpcFlag                     
00217ba1  UARTCharsAvail                  
00217bb9  UARTFIFOLevelSet                
00217bd1  UARTIntEnable                   
00217be9  UARTSpaceAvail                  
00217c01  _args_main                      
00217c19  strcmp                          
00217c31  UARTCharGet                     
00217c47  UARTFIFOEnable                  
00217c73  strchr                          
00217c89  strcpy                          
00217c9f  timer_set                       
00217cb5  httpd_get_command               
00217cc9  _register_unlock                
00217ccf  _register_lock                  
00217cd7  _nop                            
00217cdd  strlen                          
00217cf1  UARTIntClear                    
00217d05  CtoMIPC1IntHandler              
00217d15  CtoMIPC2IntHandler              
00217d25  CtoMIPC3IntHandler              
00217d35  DummyFunction                   
00217d43  __TI_decompress_none            
00217d51  BufferClear                     
00217d5d  BufferLen                       
00217d69  DataHourRead                    
00217d75  FlashDeviceIDRead               
00217d81  IOutputRead                     
00217d8d  ISetpointRead                   
00217d99  InterlockSts                    
00217da5  KpRead                          
00217db1  LocRemUpdate                    
00217dbd  OutputStsRead                   
00217dc9  RTCInit                         
00217dd5  ReadRS485Address                
00217de1  clock_time                      
00217ded  __TI_zero_init                  
00217df9  httpd_clear_command             
00217e05  httpd_init                      
00217e11  uip_tcpchksum                   
00217e1d  BufferAdress                    
00217e25  dhcpc_appcall                   
00217e2d  SysCtlDelay                     
00217e33  __TI_decompress_rle24           
00217e39  __abort_execution               
00217e3d  _system_pre_init                
00217e48  _ctypes_                        
00218148  __TI_static_base__              
00218548  __TI_Handler_Table_Base         
00218554  __TI_Handler_Table_Limit        
002185b8  __TI_CINIT_Base                 
00218610  AppCrc                          
00218610  __TI_CINIT_Limit                
00218610  __TI_CRC_AppCrc                 
20000000  RamfuncsRunStart                
20000001  FlashInit                       
20000057  FlashSetup                      
200000bc  RamfuncsRunEnd                  
200000bc  __stack                         
200001bc  __STACK_END                     
200001bc  __STACK_TOP                     
200001c0  _sys_memory                     
20000400  g_pfnRAMVectors                 
20006000  bin_op                          
20006800  TIMEOUT_VALUE                   
20006d18  _ftable                         
20006f88  _Denorm                         
20006f98  _Eps                            
20006fa8  _Hugeval                        
20006fb8  _Inf                            
20006fc8  _Nan                            
20006fd8  _Snan                           
20006fe8  _Rteps                          
20006ff8  _Xbig                           
20007000  _Zero                           
200070c8  g_ulTickCounter                 
200070d0  MAC_ADDRESS                     
200070d8  IPMASK0                         
200070d9  IPMASK1                         
200070da  IPMASK2                         
200070db  IPMASK3                         
200070f6  ADCP_TxTable                    
20007108  g_ui32MsgCount                  
2000710c  g_bRXFlag1                      
2000710d  g_bRXFlag2                      
2000710e  g_bRXFlag3                      
2000710f  g_bRXFlag4                      
20007110  g_bRXFlag5                      
20007111  g_bRXFlag6                      
20007112  g_bRXFlag7                      
20007113  g_bRXFlag8                      
20007114  g_bRXFlag9                      
20007115  ItlkOld1                        
20007116  ItlkOld2                        
20007117  g_bErrFlag                      
20007118  Counter                         
2000711c  __TI_ft_end                     
20007120  __aeabi_stdin                   
20007124  __aeabi_stdout                  
20007128  __aeabi_stderr                  
20007130  Arm1                            
20007134  Arm2                            
20007144  _lock                           
20007148  _unlock                         
2000714c  __TI_cleanup_ptr                
20007150  __TI_dtors_ptr                  
20007154  _Fenv                           
20007158  _Tls_setup__Fenv                
2000715c  uip_ethaddr                     
20007164  _Errno                          
2000716c  main_func_sp                    
20007170  new_data_send                   
20007174  time                            
20007176  iib_sample                      
20008000  DP_Framework_MtoC               
2000a000  DP_Framework                    
20010000  samples_buffer_memory           
20014000  wfm_curve_memory                
20018000  bsmp                            
2001985c  ucUIPBuffer                     
20019ea0  __CIOBUF_                       
20019fc0  uip_conns                       
2001a634  Dado                            
2001a744  __TI_tmpnams                    
2001a800  g_sDMAControlTable              
2001ac00  Mensagem                        
2001ad05  IPADDR0                         
2001ad06  count                           
2001ad08  uip_udp_conns                   
2001ae9c  uip_stat                        
2001aed0  data_eeprom                     
2001aef0  Mod1Q1                          
2001af08  Mod2Q1                          
2001af38  sCANMessage                     
2001af4c  sCANMessageTx                   
2001af60  AnalogCh0                       
2001af6c  AnalogCh1                       
2001af78  AnalogCh2                       
2001af84  AnalogCh3                       
2001af90  AnalogCh4                       
2001af9c  AnalogCh5                       
2001afa8  AnalogCh6                       
2001afb4  AnalogCh7                       
2001afc0  data                            
2001afcc  data_exio                       
2001afd8  DataHour                        
2001afe0  SerialNumber                    
2001aff0  pui8MsgData                     
2001aff8  pui8MsgDataTx                   
2001b008  response_to_client              
2001b010  uip_listenports                 
2001b01e  dummy_read                      
2001b020  addIP                           
2001b034  floatNchars                     
2001b03c  ipaddr                          
2001b048  lARPTimer                       
2001b04c  lPeriodicTimer                  
2001b050  uip_acc32                       
2001b054  uip_appdata                     
2001b058  uip_buf                         
2001b05c  uip_conn                        
2001b060  uip_draddr                      
2001b064  uip_hostaddr                    
2001b068  uip_netmask                     
2001b06c  uip_sappdata                    
2001b070  uip_udp_conn                    
2001b074  ulLoop                          
2001b078  ulTemp                          
2001b07c  ulTimeout                       
2001b084  loop_count                      
2001b088  uip_len                         
2001b08c  uip_slen                        
2001b08e  IPADDR1                         
2001b08f  IPADDR2                         
2001b090  IPADDR3                         
2001b091  READ_IIB                        
2001b092  READ_RTC                        
2001b093  add485                          
2001b099  read_adcp                       
2001b09a  read_add_IP                     
2001b09b  read_add_rs485                  
2001b09c  read_display_sts                
2001b09d  read_flash_sn                   
2001b09e  read_isodcdc_sts                
2001b09f  read_rtc                        
2001b0a0  read_rtc_status                 
2001b0a1  set_add_IP                      
2001b0a2  set_add_rs485                   
2001b0a3  set_display_sts                 
2001b0a4  set_isodcdc_sts                 
2001b0a5  stsdisp                         
2001b0a6  stsisodcdc                      
2001b0a8  uip_flags                       
2007f000  IPC_CtoM_Msg                    
2007f800  IPC_MtoC_Msg                    
ffffffff  __binit__                       
ffffffff  __c_args__                      
ffffffff  binit                           
UNDEFED   SHT$$INIT_ARRAY$$Base           
UNDEFED   SHT$$INIT_ARRAY$$Limit          

[764 symbols]
