******************************************************************************
                  TI ARM Linker PC v5.2.5                      
******************************************************************************
>> Linked Fri Jul 01 13:44:27 2016

OUTPUT FILE NAME:   <M3_V2.0.out>
ENTRY POINT SYMBOL: "_c_int00"  address: 00216f4d


MEMORY CONFIGURATION

         name            origin    length      used     unused   attr    fill
----------------------  --------  ---------  --------  --------  ----  --------
  CSM_RSVD_Z2           0002ffe0   000001dc  00000000  000001dc  RWIX
  CSM_ECSL_Z1           00200000   00000024  00000000  00000024  RWIX
  CSM_RSVD_Z1           00200024   0000000c  00000000  0000000c  RWIX
  RESETISR              00200030   00000008  00000006  00000002  R  X
  INTVECS               00201000   00000258  00000258  00000000  R  X
  FLASHLOAD             00201258   00006da8  000000bc  00006cec  R  X
  FLASH                 00208000   000f7e00  000104b8  000e7948  R  X
  CSM_ECSL_Z2           002fffdc   00000024  00000000  00000024  RWIX
  OTPSECLOCK            00681000   00000004  00000000  00000004  RWIX
  OTP_Reserved1         00681004   00000004  00000000  00000004  RWIX
  OTP_Reserved2         00681008   00000004  00000000  00000004  RWIX
  OTP_Z2_FLASH_START_AD 0068100c   00000004  00000000  00000004  RWIX
  OTP_EMACID            00681010   00000008  00000000  00000008  RWIX
  OTP_Reserved3         00681018   00000004  00000000  00000004  RWIX
  CUSTOMER_OTP_MAIN_OSC 0068101c   00000004  00000000  00000004  RWIX
  OTP_Reserved4         00681020   00000004  00000000  00000004  RWIX
  OTP_BOOT_MODE_GPIO_CO 00681024   00000004  00000000  00000004  RWIX
  OTP_Reserved5         00681028   00000004  00000000  00000004  RWIX
  OTP_ENTRY_POINT       0068102c   00000004  00000000  00000004  RWIX
  OTP_Reserved6         00681030   00000010  00000000  00000010  RWIX
  C0                    20000000   00002000  0000041c  00001be4  RW X
  C1                    20002000   00002000  00000000  00002000  RW X
  BOOT_RSVD             20004000   00000ff8  00000000  00000ff8  R  X
  C2                    200051b0   00000e50  00000000  00000e50  RW X
  C3                    20006000   00002000  0000115f  00000ea1  RW X
  S0                    20008000   00002000  00000670  00001990  RW X
  S1                    2000a000   00002000  00000670  00001990  RW X
  S2                    2000c000   00002000  00000000  00002000  RW X
  S3                    2000e000   00002000  00000000  00002000  RW X
  S45                   20010000   00004000  00004000  00000000  RW X
  S67                   20014000   00004000  00004000  00000000  RW X
  C4                    20018000   00002000  00002000  00000000  RW X
  C5                    2001a000   00002000  000010ab  00000f55  RW X
  C6                    2001c000   00002000  00000000  00002000  RW X
  C7                    2001e000   00002000  00000000  00002000  RW X
  C8                    20020000   00002000  00000000  00002000  RW X
  C0913                 20022000   0000a000  0000839c  00001c64  RW X
  C1415                 2002c000   00004000  000027da  00001826  RW X
  CTOMRAM               2007f000   00000800  00000000  00000800  R  X
  MTOCRAM               2007f800   00000800  00000128  000006d8  RW X


SEGMENT ALLOCATION MAP

run origin  load origin   length   init length attrs members
----------  ----------- ---------- ----------- ----- -------
00200030    00200030    00000006   00000006    r-x
  00200030    00200030    00000006   00000006    r-x .resetisr
00201000    00201000    00000258   00000258    r--
  00201000    00201000    00000258   00000258    r-- .intvecs
00208000    00208000    000104c0   000104c0    r-x
  00208000    00208000    0000fca4   0000fca4    r-x .text
  00217ca8    00217ca8    000002fc   000002fc    r-- .const
  00217fa8    00217fa8    000004b0   000004b0    r-- .cinit
  00218458    00218458    00000068   00000068    r-- .TI.crctab
20000000    00201258    000000bc   000000bc    r-x
  20000000    00201258    000000bc   000000bc    r-x ramfuncs
200000bc    200000bc    00000100   00000000    rw-
  200000bc    200000bc    00000100   00000000    rw- .stack
200001c0    200001c0    00000008   00000000    rw-
  200001c0    200001c0    00000008   00000000    rw- .sysmem
20000400    20000400    00000258   00000000    rw-
  20000400    20000400    00000258   00000000    rw- .vtable
20006000    20006000    0000115f   00000000    rw-
  20006000    20006000    0000115f   00000000    rw- .data
20008000    20008000    00000670   00000000    rw-
  20008000    20008000    00000670   00000000    rw- SHARERAMS0
2000a000    2000a000    00000670   00000000    rw-
  2000a000    2000a000    00000670   00000000    rw- SHARERAMS1
20010000    20010000    0000b0ab   00000000    rw-
  20010000    20010000    00004000   00000000    rw- SHARERAMS45
  20014000    20014000    00004000   00000000    rw- SHARERAMS67
  20018000    20018000    00002000   00000000    rw- .bss.1
  2001a000    2001a000    000010ab   00000000    rw- .bss.2
20022000    20022000    0000839c   00000000    rw-
  20022000    20022000    0000839c   00000000    rw- SERIALBUFFER
2002c000    2002c000    000027da   00000000    rw-
  2002c000    2002c000    000027da   00000000    rw- ETHERNETBUFFER
2007f800    2007f800    00000128   00000000    rw-
  2007f800    2007f800    00000128   00000000    rw- MTOC_MSG_RAM


SECTION ALLOCATION MAP

 output                                  attributes/
section   page    origin      length       input sections
--------  ----  ----------  ----------   ----------------
.resetisr 
*          0    00200030    00000006     
                  00200030    00000006     startup_ccs.obj (.resetisr:ResetISR)

.intvecs   0    00201000    00000258     
                  00201000    00000258     startup_ccs.obj (.intvecs)

ramfuncs   0    00201258    000000bc     RUN ADDR = 20000000
                  00201258    000000bc     driverlib.lib : flash.obj (ramfuncs)

.text      0    00208000    0000fca4     
                  00208000    00001268     uip.obj (.text:uip_process)
                  00209268    0000109a     rtsv7M3_T_le_eabi.lib : _printfi.obj (.text)
                  0020a302    00000002     startup_ccs.obj (.text:FaultISR)
                  0020a304    00000c10     md5.obj (.text:MD5Transform)
                  0020af14    00000ac4     ihm.obj (.text:ProcessCmd)
                  0020b9d8    0000096c     driverlib.lib : sysctl.obj (.text)
                  0020c344    0000057a                   : can.obj (.text)
                  0020c8be    00000002     startup_ccs.obj (.text:IntDefaultHandler)
                  0020c8c0    00000578     driverlib.lib : ipc_lite.obj (.text)
                  0020ce38    00000448     can_bkp.obj (.text:CanCheck)
                  0020d280    00000448     driverlib.lib : gpio.obj (.text)
                  0020d6c8    000003dc     rtsv7M3_T_le_eabi.lib : memory.obj (.text)
                  0020daa4    0000033c     uip.obj (.text:uip_reass)
                  0020dde0    00000310     set_pinout_udc_v2.0.obj (.text:PortControlSet)
                  0020e0f0    00000310     driverlib.lib : ethernet.obj (.text)
                  0020e400    0000030c     rtsv7M3_T_le_eabi.lib : lowlev.obj (.text)
                  0020e70c    00000304     main.obj (.text:main)
                  0020ea10    000002ec     driverlib.lib : udma.obj (.text)
                  0020ecfc    000002d4     rtsv7M3_T_le_eabi.lib : trgdrv.obj (.text)
                  0020efd0    000002d0     driverlib.lib : interrupt.obj (.text)
                  0020f2a0    000002bc     bsmp_lib.obj (.text:BSMPInit)
                  0020f55c    000002a8     ethernet_uip.obj (.text:EthernetInit)
                  0020f804    00000298     rtsv7M3_T_le_eabi.lib : vla_alloc.obj (.text)
                  0020fa9c    00000274     flash_mem.obj (.text:FlashMemReadSerialNumber)
                  0020fd10    0000022c     driverlib.lib : timer.obj (.text)
                  0020ff3c    00000228     ethernet_uip.obj (.text:EthernetProcessData)
                  00210164    000001f8     uip_arp.obj (.text:uip_arp_out)
                  0021035c    000001f4     rtsv7M3_T_le_eabi.lib : ull_div_t2.obj (.text)
                  00210550    000001e4     adcp.obj (.text:AdcChannel)
                  00210734    000001c4     rtsv7M3_T_le_eabi.lib : fopen.obj (.text)
                  002108f8    000001b6                           : fd_add_t2.obj (.text)
                  00210aae    00000002     startup_ccs.obj (.text:NmiSR)
                  00210ab0    000001ac     driverlib.lib : ipc_util.obj (.text)
                  00210c5c    0000018c     can_bkp.obj (.text:CANIntHandler)
                  00210de8    00000188     dhcpc.obj (.text:handle_dhcp)
                  00210f70    00000170     driverlib.lib : i2c.obj (.text)
                  002110e0    0000015c     server_priv.obj (.text:var_write_read)
                  0021123c    00000154     ethernet_uip.obj (.text:EthernetPacketGetDMA)
                  00211390    0000014c     rtc.obj (.text:RTCReadDataHour)
                  002114dc    00000144     bsmp_lib.obj (.text:buffer_read_block)
                  00211620    00000140     server_priv.obj (.text:group_bin_op)
                  00211760    00000140     uip_arp.obj (.text:uip_arp_update)
                  002118a0    0000013c     can_bkp.obj (.text:InitCanBkp)
                  002119dc    0000013c     server_priv.obj (.text:group_write)
                  00211b18    00000136     rtsv7M3_T_le_eabi.lib : fd_div_t2.obj (.text)
                  00211c4e    00000002     --HOLE-- [fill = 0]
                  00211c50    00000134                           : fputs.obj (.text)
                  00211d84    0000012e     server_priv.obj (.text:curve_recalc_csum)
                  00211eb2    00000002     --HOLE-- [fill = 0]
                  00211eb4    0000012c     rs485.obj (.text:RS485IntHandler)
                  00211fe0    0000012c     uip_arp.obj (.text:uip_arp_arpin)
                  0021210c    00000128     ethernet_uip.obj (.text:IPAddressWrite)
                  00212234    00000124     driverlib.lib : ssi.obj (.text)
                  00212358    00000118     ethernet_uip.obj (.text:EthLoadParam)
                  00212470    00000110     rtsv7M3_T_le_eabi.lib : xdscale.obj (.text)
                  00212580    0000010c     server_priv.obj (.text:var_bin_op)
                  0021268c    00000108     server_priv.obj (.text:curve_block)
                  00212794    00000108     driverlib.lib : ram.obj (.text)
                  0021289c    00000100     server_priv.obj (.text:var_write)
                  0021299c    000000fc     rtsv7M3_T_le_eabi.lib : fd_mul_t2.obj (.text)
                  00212a98    000000fa     server_priv.obj (.text:group_create)
                  00212b92    000000f6     server_priv.obj (.text:curve_block_request)
                  00212c88    000000f4     adcp.obj (.text:AdcpInit)
                  00212d7c    000000f0     set_pinout_udc_v2.0.obj (.text:PinCorSet)
                  00212e6c    000000e6     server_priv.obj (.text:group_read)
                  00212f52    00000002     --HOLE-- [fill = 0]
                  00212f54    000000e4     bsmp_lib.obj (.text:ConfigSigGen)
                  00213038    000000e0     ipc_lib.obj (.text:IPCInit)
                  00213118    000000e0     i2c_onboard.obj (.text:ReadI2C)
                  002131f8    000000dc     rtsv7M3_T_le_eabi.lib : setvbuf.obj (.text)
                  002132d4    000000d4     set_pinout_udc_v2.0.obj (.text:PinoutSet)
                  002133a8    000000d4     server.obj (.text:bsmp_process_packet)
                  0021347c    000000d4     httpd.obj (.text:httpd_appcall)
                  00213550    000000d0     ethernet_uip.obj (.text:EthernetIntHandler)
                  00213620    000000cc     ihm.obj (.text:SendDisplay)
                  002136ec    000000c8     ethernet_uip.obj (.text:EthernetPacketPutDMA)
                  002137b4    000000c8     dhcpc.obj (.text:parse_options)
                  0021387c    000000c8     rtsv7M3_T_le_eabi.lib : fflush.obj (.text)
                  00213944    000000c6     server_priv.obj (.text:func_execute)
                  00213a0a    000000be     rtsv7M3_T_le_eabi.lib : xdnorm.obj (.text)
                  00213ac8    000000b8     rs485_bkp.obj (.text:RS485BKPTxHandler)
                  00213b80    000000b6     md5.obj (.text:MD5Update)
                  00213c36    00000002     --HOLE-- [fill = 0]
                  00213c38    000000b0     adcp.obj (.text:AdcpIntHandler)
                  00213ce8    000000b0     dhcpc.obj (.text:create_msg)
                  00213d98    000000b0     server_priv.obj (.text:var_read)
                  00213e48    000000ac     eeprom.obj (.text:EepromWriteKd)
                  00213ef4    000000ac     eeprom.obj (.text:EepromWriteKi)
                  00213fa0    000000ac     eeprom.obj (.text:EepromWriteKp)
                  0021404c    000000ac     set_pinout_udc_v2.0.obj (.text:EnablePeripherals)
                  002140f8    000000ac     server_priv.obj (.text:curve_query_list)
                  002141a4    000000ac     driverlib.lib : watchdog.obj (.text)
                  00214250    000000ac     rtsv7M3_T_le_eabi.lib : _io_perm.obj (.text)
                  002142fc    000000a8     bsmp_lib.obj (.text:SetISlowRef)
                  002143a4    000000a8     uip.obj (.text:uip_add32)
                  0021444c    000000a6     server.obj (.text:bsmp_register_variable)
                  002144f2    000000a6     uip.obj (.text:chksum)
                  00214598    000000a4     adcp.obj (.text:AdcChannelAppConfig)
                  0021463c    000000a4     system.obj (.text:TestEepromMemory)
                  002146e0    000000a0     rs485.obj (.text:RS485ProcessData)
                  00214780    0000009c     bsmp_lib.obj (.text:curve_write_block)
                  0021481c    0000009c     server_priv.obj (.text:group_query)
                  002148b8    0000009c     rtsv7M3_T_le_eabi.lib : memcpy_t2.obj (.text)
                  00214954    0000009c     uip.obj (.text:uip_init)
                  002149f0    00000098     eeprom.obj (.text:EepromWriteIP)
                  00214a88    00000098     eeprom.obj (.text:EepromWriteIPMask)
                  00214b20    00000098     eeprom.obj (.text:EepromWriteRs485BaudRate)
                  00214bb8    00000098     ihm.obj (.text:SeparaDado)
                  00214c50    00000098     rtsv7M3_T_le_eabi.lib : fclose.obj (.text)
                  00214ce8    00000098                           : fputc.obj (.text)
                  00214d80    00000092     server.obj (.text:bsmp_register_curve)
                  00214e12    00000092     server.obj (.text:bsmp_register_function)
                  00214ea4    00000090     bsmp_lib.obj (.text:ResetInterlocks)
                  00214f34    0000008c     ctrl_law.obj (.text:KpWrite)
                  00214fc0    00000086     rtsv7M3_T_le_eabi.lib : fd_cmp_t2.obj (.text:__aeabi_cdcmple)
                  00215046    00000086                           : fd_cmp_t2.obj (.text:__aeabi_cdrcmple)
                  002150cc    00000086     server_priv.obj (.text:group_query_list)
                  00215152    00000002     --HOLE-- [fill = 0]
                  00215154    00000084     ctrl_law.obj (.text:KiWrite)
                  002151d8    00000084     bsmp_lib.obj (.text:OpMode)
                  0021525c    00000084     rs485_bkp.obj (.text:RS485BKPIntHandler)
                  002152e0    00000084     i2c_onboard.obj (.text:WriteI2C)
                  00215364    00000082     server_priv.obj (.text:var_query_list)
                  002153e6    00000002     --HOLE-- [fill = 0]
                  002153e8    00000080     bsmp_lib.obj (.text:DisableSigGen)
                  00215468    00000080     bsmp_lib.obj (.text:EnableSigGen)
                  002154e8    00000080     md5.obj (.text:Encode)
                  00215568    00000080     rs485.obj (.text:RS485TxHandler)
                  002155e8    00000080     server_priv.obj (.text:curve_query_csum)
                  00215668    0000007a     rtsv7M3_T_le_eabi.lib : fs_mul_t2.obj (.text)
                  002156e2    0000007a                           : memset_t2.obj (.text)
                  0021575c    00000078     bsmp_lib.obj (.text:ClosedLoop)
                  002157d4    00000078     bsmp_lib.obj (.text:OpenLoop)
                  0021584c    00000078     rtc.obj (.text:RTCWriteDataHour)
                  002158c4    00000078     bsmp_lib.obj (.text:TurnOff)
                  0021593c    00000078     bsmp_lib.obj (.text:TurnOn)
                  002159b4    00000078     driverlib.lib : systick.obj (.text)
                  00215a2c    00000078     server_priv.obj (.text:func_query_list)
                  00215aa4    00000076     rs485_bkp.obj (.text:UARTConfigSetExpClk)
                  00215b1a    00000002     --HOLE-- [fill = 0]
                  00215b1c    00000074     bsmp_lib.obj (.text:ConfigDPModule)
                  00215b90    00000074     eeprom.obj (.text:EepromWriteRs485Add)
                  00215c04    00000074     ihm.obj (.text:IHMIntHandler)
                  00215c78    00000070     uip.obj (.text:upper_layer_chksum)
                  00215ce8    0000006c     bsmp_lib.obj (.text:WfmRefUpdate)
                  00215d54    0000006c     rtsv7M3_T_le_eabi.lib : autoinit.obj (.text)
                  00215dc0    0000006c                           : fprintf.obj (.text)
                  00215e2c    0000006c     uip_arp.obj (.text:uip_arp_timer)
                  00215e98    0000006a     rtsv7M3_T_le_eabi.lib : copy_decompress_rle.obj (.text)
                  00215f02    00000002     --HOLE-- [fill = 0]
                  00215f04    00000068     eeprom.obj (.text:EepromReadIP)
                  00215f6c    00000068     eeprom.obj (.text:EepromReadIPMask)
                  00215fd4    00000068     eeprom.obj (.text:EepromReadRs485BaudRate)
                  0021603c    00000068     md5.obj (.text:MD5Final)
                  002160a4    00000068     dhcpc.obj (.text:parse_msg)
                  0021610c    00000068     rtsv7M3_T_le_eabi.lib : trgmsg.obj (.text)
                  00216174    00000066     md5.obj (.text:Decode)
                  002161da    00000066     rtsv7M3_T_le_eabi.lib : xdunscal.obj (.text)
                  00216240    00000064     timer.obj (.text:GlobalTimerIntHandler)
                  002162a4    00000064     bsmp_lib.obj (.text:curve_read_block)
                  00216308    00000064     rtsv7M3_T_le_eabi.lib : fseek.obj (.text)
                  0021636c    00000060     ctrl_law.obj (.text:CtrllawInit)
                  002163cc    00000060     eeprom.obj (.text:EepromReadKi)
                  0021642c    00000060     eeprom.obj (.text:EepromReadKp)
                  0021648c    00000060     rtc.obj (.text:RTCCheckOF)
                  002164ec    00000060     rtsv7M3_T_le_eabi.lib : fs_cmp_t2.obj (.text:__aeabi_cfcmple)
                  0021654c    00000058     system.obj (.text:SystemInit)
                  002165a4    00000056     rtsv7M3_T_le_eabi.lib : ltoa.obj (.text)
                  002165fa    00000002     --HOLE-- [fill = 0]
                  002165fc    00000054     bsmp_lib.obj (.text:ConfigWfmRef)
                  00216650    00000054     rtc.obj (.text:RTCClearHT)
                  002166a4    00000054     ethernet_uip.obj (.text:dhcpc_configured)
                  002166f8    00000054     uip.obj (.text:uip_add_rcv_nxt)
                  0021674c    00000052     server_priv.obj (.text:group_to_mod_list)
                  0021679e    00000002     --HOLE-- [fill = 0]
                  002167a0    00000050     timer.obj (.text:GlobalTimerInit)
                  002167f0    00000050     rs485_bkp.obj (.text:InitRS485BKP)
                  00216840    00000050     uip.obj (.text:uip_listen)
                  00216890    0000004c     ihm.obj (.text:InitDisplay)
                  002168dc    0000004c     server_priv.obj (.text:curve_check)
                  00216928    0000004c     server_priv.obj (.text:query_version)
                  00216974    0000004c     rtsv7M3_T_le_eabi.lib : atoi.obj (.text)
                  002169c0    0000004c                           : cpy_tbl.obj (.text)
                  00216a0c    00000048     exio.obj (.text:DcdcPwrCtrl)
                  00216a54    00000048     exio.obj (.text:DisplayPwrCtrl)
                  00216a9c    00000048     rs485.obj (.text:InitRS485)
                  00216ae4    00000048     exio.obj (.text:PwmEletrCtrl)
                  00216b2c    00000048     exio.obj (.text:PwmFiberCtrl)
                  00216b74    00000048     server.obj (.text:bsmp_server_init)
                  00216bbc    00000048     rtsv7M3_T_le_eabi.lib : fd_toi_t2.obj (.text)
                  00216c04    00000048     dhcpc.obj (.text:send_request)
                  00216c4c    00000046     rtsv7M3_T_le_eabi.lib : ldexp.obj (.text)
                  00216c92    00000002     --HOLE-- [fill = 0]
                  00216c94    00000044                           : exit.obj (.text)
                  00216cd8    00000040     exio.obj (.text:DcdcSts)
                  00216d18    00000040     exio.obj (.text:DisplayPwrOCSts)
                  00216d58    00000040     exio.obj (.text:ExIOInit)
                  00216d98    00000040     ethernet_uip.obj (.text:IPAddressRead)
                  00216dd8    00000040     rtsv7M3_T_le_eabi.lib : signal.obj (.text)
                  00216e18    00000040     dhcpc.obj (.text:send_discover)
                  00216e58    0000003e     dhcpc.obj (.text:add_req_options)
                  00216e96    0000003e     server_priv.obj (.text:group_add_var)
                  00216ed4    0000003c     ethernet_uip.obj (.text:EthernetProcessCMD)
                  00216f10    0000003c     md5.obj (.text:MD5Init)
                  00216f4c    0000003c     rtsv7M3_T_le_eabi.lib : boot.obj (.text)
                  00216f88    00000038     ihm.obj (.text:DisplayProcessData)
                  00216fc0    00000038     rtc.obj (.text:RTCStopClock)
                  00216ff8    00000038     rs485.obj (.text:SetRS485Address)
                  00217030    00000038     rtsv7M3_T_le_eabi.lib : i_tofs_t2.obj (.text)
                  00217068    00000038     uip.obj (.text:uip_send)
                  002170a0    00000036     driverlib.lib : cpu.obj (.text)
                  002170d6    00000036     server_priv.obj (.text:func_check)
                  0021710c    00000036     server_priv.obj (.text:group_remove_all)
                  00217142    00000002     --HOLE-- [fill = 0]
                  00217144    00000034     flash_mem.obj (.text:FlashMemInit)
                  00217178    00000034     ipc_lib.obj (.text:IPC_MtoC_Translate)
                  002171ac    00000034     rtc.obj (.text:RTCStatusOF)
                  002171e0    00000034     can_bkp.obj (.text:SendCanMessage)
                  00217214    00000034     system_task.obj (.text:TaskSetNew)
                  00217248    00000034     bsmp.obj (.text:binops_clear)
                  0021727c    00000034     rtsv7M3_T_le_eabi.lib : feraiseexcept.obj (.text)
                  002172b0    00000032     bsmp.obj (.text:binops_and)
                  002172e2    00000032     bsmp.obj (.text:binops_or)
                  00217314    00000032     bsmp.obj (.text:binops_xor)
                  00217346    00000002     --HOLE-- [fill = 0]
                  00217348    00000030     adcp.obj (.text:AdcpConfig)
                  00217378    00000030     rs485.obj (.text:ConfigRS485)
                  002173a8    00000030     ipc_lib.obj (.text:IPC_CtoM_Translate)
                  002173d8    00000030     system_task.obj (.text:TaskCheck)
                  00217408    00000030     rs485_bkp.obj (.text:UARTDisable)
                  00217438    00000030     dhcpc.obj (.text:add_msg_type)
                  00217468    00000030     dhcpc.obj (.text:add_req_ipaddr)
                  00217498    00000030     dhcpc.obj (.text:add_server_id)
                  002174c8    00000030     httpd.obj (.text:httpd_insert_response)
                  002174f8    00000030     rtsv7M3_T_le_eabi.lib : strncpy.obj (.text)
                  00217528    00000030                           : xferaise.obj (.text)
                  00217558    00000030     uip.obj (.text:uip_ipchksum)
                  00217588    0000002e     rtsv7M3_T_le_eabi.lib : i_tofd_t2.obj (.text)
                  002175b6    0000002e                           : raise.obj (.text)
                  002175e4    0000002c     adcp.obj (.text:AdcpRxIntEnable)
                  00217610    0000002c     signals_onboard.obj (.text:HeartBeatLED)
                  0021763c    0000002c     ipc_lib.obj (.text:IPCMtoCBusy)
                  00217668    0000002c     ethernet_uip.obj (.text:SysTickIntHandler)
                  00217694    0000002a     rtsv7M3_T_le_eabi.lib : xdclass.obj (.text)
                  002176be    0000002a     server_priv.obj (.text:var_check)
                  002176e8    00000028     ctrl_law.obj (.text:CtrlLoopWrite)
                  00217710    00000028     eeprom.obj (.text:EepromReadRs485Add)
                  00217738    00000028     main_var.obj (.text:InterlockAlarmReset)
                  00217760    00000024     adcp.obj (.text:AdcpRead)
                  00217784    00000024     i2c_onboard.obj (.text:InitI2COnboard)
                  002177a8    00000024     bsmp_lib.obj (.text:Init_BSMP_var)
                  002177cc    00000024     rs485_bkp.obj (.text:UARTCharPutNonBlocking)
                  002177f0    00000024     rs485_bkp.obj (.text:UARTEnable)
                  00217814    00000024     server_priv.obj (.text:group_init)
                  00217838    00000022     rtsv7M3_T_le_eabi.lib : frexp.obj (.text)
                  0021785a    00000022                           : memcmp.obj (.text)
                  0021787c    00000020     main_var.obj (.text:ISetpointWrite)
                  0021789c    00000020     rtsv7M3_T_le_eabi.lib : memchr.obj (.text)
                  002178bc    0000001e     rs485_bkp.obj (.text:UARTIntStatus)
                  002178da    0000001e     uip_timer.obj (.text:timer_expired)
                  002178f8    0000001c     main_var.obj (.text:OutputStsWrite)
                  00217914    0000001c     rs485_bkp.obj (.text:UARTCharGetNonBlocking)
                  00217930    0000001c     rs485_bkp.obj (.text:UARTTxIntModeSet)
                  0021794c    0000001c     uip.obj (.text:htons)
                  00217968    0000001a     rtsv7M3_T_le_eabi.lib : memccpy.obj (.text)
                  00217982    00000002     --HOLE-- [fill = 0]
                  00217984    00000018     adcp.obj (.text:AdcpCleanRxBuffer)
                  0021799c    00000018     bsmp_lib.obj (.text:BSMPprocess)
                  002179b4    00000018     ctrl_law.obj (.text:CtrlLoopRead)
                  002179cc    00000018     ctrl_law.obj (.text:KiRead)
                  002179e4    00000018     ipc_lib.obj (.text:SendIpcFlag)
                  002179fc    00000018     rs485_bkp.obj (.text:UARTCharsAvail)
                  00217a14    00000018     rs485_bkp.obj (.text:UARTFIFOLevelSet)
                  00217a2c    00000018     rs485_bkp.obj (.text:UARTIntEnable)
                  00217a44    00000018     rs485_bkp.obj (.text:UARTSpaceAvail)
                  00217a5c    00000018     rtsv7M3_T_le_eabi.lib : args_main.obj (.text)
                  00217a74    00000018                           : strcmp.obj (.text)
                  00217a8c    00000016     rs485_bkp.obj (.text:UARTCharGet)
                  00217aa2    00000016     rs485_bkp.obj (.text:UARTFIFOEnable)
                  00217ab8    00000016     dhcpc.obj (.text:add_end)
                  00217ace    00000016     rtsv7M3_T_le_eabi.lib : strchr.obj (.text)
                  00217ae4    00000016                           : strcpy.obj (.text)
                  00217afa    00000016     uip_timer.obj (.text:timer_set)
                  00217b10    00000014     httpd.obj (.text:httpd_get_command)
                  00217b24    00000014     rtsv7M3_T_le_eabi.lib : _lock.obj (.text)
                  00217b38    00000014                           : strlen.obj (.text)
                  00217b4c    00000012     rs485_bkp.obj (.text:UARTIntClear)
                  00217b5e    00000002     --HOLE-- [fill = 0]
                  00217b60    00000010     ipc_lib.obj (.text:CtoMIPC1IntHandler)
                  00217b70    00000010     ipc_lib.obj (.text:CtoMIPC2IntHandler)
                  00217b80    00000010     ipc_lib.obj (.text:CtoMIPC3IntHandler)
                  00217b90    0000000e     bsmp_lib.obj (.text:DummyFunction)
                  00217b9e    0000000e     rtsv7M3_T_le_eabi.lib : copy_decompress_none.obj (.text:decompress:none)
                  00217bac    0000000c     httpd.obj (.text:BufferClear)
                  00217bb8    0000000c     httpd.obj (.text:BufferLen)
                  00217bc4    0000000c     rtc.obj (.text:DataHourRead)
                  00217bd0    0000000c     flash_mem.obj (.text:FlashDeviceIDRead)
                  00217bdc    0000000c     main_var.obj (.text:IOutputRead)
                  00217be8    0000000c     main_var.obj (.text:ISetpointRead)
                  00217bf4    0000000c     main_var.obj (.text:InterlockSts)
                  00217c00    0000000c     ctrl_law.obj (.text:KpRead)
                  00217c0c    0000000c     ihm.obj (.text:LocRemUpdate)
                  00217c18    0000000c     main_var.obj (.text:OutputStsRead)
                  00217c24    0000000c     rtc.obj (.text:RTCInit)
                  00217c30    0000000c     rs485.obj (.text:ReadRS485Address)
                  00217c3c    0000000c     ethernet_uip.obj (.text:clock_time)
                  00217c48    0000000c     rtsv7M3_T_le_eabi.lib : copy_zero_init.obj (.text:decompress:ZI)
                  00217c54    0000000c     httpd.obj (.text:httpd_clear_command)
                  00217c60    0000000c     httpd.obj (.text:httpd_init)
                  00217c6c    0000000a     uip.obj (.text:uip_tcpchksum)
                  00217c76    00000002     --HOLE-- [fill = 0]
                  00217c78    00000008     httpd.obj (.text:BufferAdress)
                  00217c80    00000008     dhcpc.obj (.text:dhcpc_appcall)
                  00217c88    00000006     driverlib.lib : sysctl.obj (.text:SysCtlDelay)
                  00217c8e    00000006     rtsv7M3_T_le_eabi.lib : copy_decompress_rle.obj (.text:decompress:rle24)
                  00217c94    00000004                           : error.obj (.text)
                  00217c98    00000004                           : pre_init.obj (.text)
                  00217c9c    00000008     driverlib.lib : flash.obj (.tramp.FlashInit.1)

.const     0    00217ca8    000002fc     
                  00217ca8    00000101     rtsv7M3_T_le_eabi.lib : ctype.obj (.const:.string:_ctypes_)
                  00217da9    00000003     --HOLE-- [fill = 0]
                  00217dac    00000088     driverlib.lib : gpio.obj (.const:g_pulGPIOBaseAddrs)
                  00217e34    00000070                   : interrupt.obj (.const:g_pulRegs)
                  00217ea4    00000064                   : sysctl.obj (.const)
                  00217f08    00000026     bsmp_lib.obj (.const:.string)
                  00217f2e    00000002     --HOLE-- [fill = 0]
                  00217f30    00000020     driverlib.lib : interrupt.obj (.const)
                  00217f50    00000020                   : ssi.obj (.const)
                  00217f70    00000012                   : can.obj (.const)
                  00217f82    0000000a     uip_arp.obj (.const)
                  00217f8c    00000008     dhcpc.obj (.const:.string)
                  00217f94    00000008     uip.obj (.const:.string)
                  00217f9c    00000008     uip.obj (.const)

.cinit     0    00217fa8    000004b0     
                  00217fa8    000003e9     (.cinit..data.load) [load image, compression = rle]
                  00218391    00000003     --HOLE-- [fill = 0]
                  00218394    0000000c     (__TI_handler_table)
                  002183a0    0000000b     (.cinit.ETHERNETBUFFER.load) [load image, compression = rle]
                  002183ab    00000005     --HOLE-- [fill = 0]
                  002183b0    0000000b     (.cinit.SERIALBUFFER.load) [load image, compression = rle]
                  002183bb    00000005     --HOLE-- [fill = 0]
                  002183c0    00000008     (.cinit..bss.1.load) [load image, compression = zero_init]
                  002183c8    00000008     (.cinit..bss.2.load) [load image, compression = zero_init]
                  002183d0    00000008     (.cinit..vtable.load) [load image, compression = zero_init]
                  002183d8    00000008     (.cinit.MTOC_MSG_RAM.load) [load image, compression = zero_init]
                  002183e0    00000008     (.cinit.SHARERAMS0.load) [load image, compression = zero_init]
                  002183e8    00000008     (.cinit.SHARERAMS1.load) [load image, compression = zero_init]
                  002183f0    00000008     (.cinit.SHARERAMS45.load) [load image, compression = zero_init]
                  002183f8    00000008     (.cinit.SHARERAMS67.load) [load image, compression = zero_init]
                  00218400    00000058     (__TI_cinit_table)

.TI.crctab 
*          0    00218458    00000068     
                  00218458    00000068     (.TI.crctab:AppCrc)

.stack     0    200000bc    00000100     UNINITIALIZED
                  200000bc    00000100     --HOLE--

.sysmem    0    200001c0    00000008     UNINITIALIZED
                  200001c0    00000008     rtsv7M3_T_le_eabi.lib : memory.obj (.sysmem)

.vtable    0    20000400    00000258     UNINITIALIZED
                  20000400    00000258     driverlib.lib : interrupt.obj (.vtable)

.data      0    20006000    0000115f     UNINITIALIZED
                  20006000    00000400     bsmp.obj (.data:bin_op)
                  20006400    00000400     server.obj (.data:command)
                  20006800    000002f4     bsmp_lib.obj (.data)
                  20006af4    00000106     rs485_bkp.obj (.data:recv_buffer)
                  20006bfa    00000106     rs485_bkp.obj (.data:send_buffer)
                  20006d00    000000f0     rtsv7M3_T_le_eabi.lib : defs.obj (.data:_ftable)
                  20006df0    000000d0                           : lowlev.obj (.data)
                  20006ec0    000000b0                           : signal.obj (.data:sigtable)
                  20006f70    00000080                           : xvalues.obj (.data)
                  20006ff0    00000040     md5.obj (.data:PADDING)
                  20007030    00000028     bsmp_lib.obj (.data:samples_buffer)
                  20007058    00000028     bsmp_lib.obj (.data:sigGen_SweepAmp)
                  20007080    00000028     bsmp_lib.obj (.data:wfm_curve)
                  200070a8    0000001e     ethernet_uip.obj (.data)
                  200070c6    00000002     ihm.obj (.data)
                  200070c8    00000015     rs485.obj (.data)
                  200070dd    00000001     exio.obj (.data)
                  200070de    00000012     adcp.obj (.data)
                  200070f0    00000011     can_bkp.obj (.data)
                  20007101    00000003     --HOLE--
                  20007104    00000010     rtsv7M3_T_le_eabi.lib : defs.obj (.data)
                  20007114    0000000c     rs485_bkp.obj (.data)
                  20007120    0000000c     rtsv7M3_T_le_eabi.lib : memory.obj (.data)
                  2000712c    00000008                           : _lock.obj (.data)
                  20007134    00000008                           : exit.obj (.data)
                  2000713c    00000008                           : feraiseexcept.obj (.data)
                  20007144    00000006     uip.obj (.data)
                  2000714a    00000002     --HOLE--
                  2000714c    00000004     rtsv7M3_T_le_eabi.lib : errno.obj (.data)
                  20007150    00000004                           : fopen.obj (.data)
                  20007154    00000004                           : stkdepth_vars.obj (.data)
                  20007158    00000003     httpd.obj (.data)
                  2000715b    00000001     --HOLE--
                  2000715c    00000003     timer.obj (.data)

SHARERAMS0 
*          0    20008000    00000670     UNINITIALIZED
                  20008000    00000670     structs.obj (SHARERAMS0)

SHARERAMS1 
*          0    2000a000    00000670     UNINITIALIZED
                  2000a000    00000670     structs.obj (SHARERAMS1)

.TI.persistent 
*          0    20006000    00000000     UNINITIALIZED

SHARERAMS45 
*          0    20010000    00004000     UNINITIALIZED
                  20010000    00004000     bsmp_lib.obj (SHARERAMS45)

SHARERAMS67 
*          0    20014000    00004000     UNINITIALIZED
                  20014000    00004000     bsmp_lib.obj (SHARERAMS67)

.bss.1     0    20018000    00002000     UNINITIALIZED
                  20018000    0000185c     bsmp_lib.obj (.bss:bsmp)
                  2001985c    00000644     ethernet_uip.obj (.bss:ucUIPBuffer)
                  20019ea0    00000120     rtsv7M3_T_le_eabi.lib : trgmsg.obj (.bss:__CIOBUF_)
                  20019fc0    00000040     uip.obj (.bss:uip_conns)

.bss.2     0    2001a000    000010ab     UNINITIALIZED
                  2001a000    00000634     uip.obj (.bss:uip_reassbuf)
                  2001a634    00000110     ihm.obj (.bss:Dado)
                  2001a744    000000a0     rtsv7M3_T_le_eabi.lib : defs.obj (.bss:__TI_tmpnams)
                  2001a7e4    0000001c                           : vla_alloc.obj (.bss)
                  2001a800    00000400     ethernet_uip.obj (.bss:g_sDMAControlTable)
                  2001ac00    00000105     ihm.obj (.bss:Mensagem)
                  2001ad05    00000001     (.common:IPADDR0)
                  2001ad06    00000002     (.common:count)
                  2001ad08    00000100     uip.obj (.bss:uip_udp_conns)
                  2001ae08    00000060     uip_arp.obj (.bss:arp_table)
                  2001ae68    00000034     dhcpc.obj (.bss:s)
                  2001ae9c    00000034     uip.obj (.bss:uip_stat)
                  2001aed0    00000020     (.common:data_eeprom)
                  2001aef0    00000018     (.common:Mod1Q1)
                  2001af08    00000018     (.common:Mod2Q1)
                  2001af20    00000018     (.common:uip_reassbitmap)
                  2001af38    00000014     (.common:sCANMessage)
                  2001af4c    00000014     (.common:sCANMessageTx)
                  2001af60    0000000c     (.common:AnalogCh0)
                  2001af6c    0000000c     (.common:AnalogCh1)
                  2001af78    0000000c     (.common:AnalogCh2)
                  2001af84    0000000c     (.common:AnalogCh3)
                  2001af90    0000000c     (.common:AnalogCh4)
                  2001af9c    0000000c     (.common:AnalogCh5)
                  2001afa8    0000000c     (.common:AnalogCh6)
                  2001afb4    0000000c     (.common:AnalogCh7)
                  2001afc0    0000000c     (.common:data)
                  2001afcc    0000000c     (.common:data_exio)
                  2001afd8    00000008     (.common:DataHour)
                  2001afe0    00000008     (.common:SerialNumber)
                  2001afe8    00000008     (.common:parmbuf)
                  2001aff0    00000008     (.common:pui8MsgData)
                  2001aff8    00000008     (.common:pui8MsgDataTx)
                  2001b000    00000008     (.common:recv_packet)
                  2001b008    00000008     (.common:response_to_client)
                  2001b010    00000008     (.common:uip_listenports)
                  2001b018    00000006     (.common:sTempAddr)
                  2001b01e    00000002     (.common:dummy_read)
                  2001b020    00000004     (.common:addIP)
                  2001b024    00000004     (.common:dummy_float_memory)
                  2001b028    00000004     (.common:dummy_u16_memory)
                  2001b02c    00000004     (.common:dummy_u32_memory)
                  2001b030    00000004     (.common:floatNchars)
                  2001b034    00000004     (.common:floatNchars)
                  2001b038    00000004     (.common:g_ulFlags)
                  2001b03c    00000004     (.common:ipaddr)
                  2001b040    00000004     (.common:ipaddr)
                  2001b044    00000004     (.common:iss)
                  2001b048    00000004     (.common:lARPTimer)
                  2001b04c    00000004     (.common:lPeriodicTimer)
                  2001b050    00000004     (.common:uip_acc32)
                  2001b054    00000004     (.common:uip_appdata)
                  2001b058    00000004     (.common:uip_buf)
                  2001b05c    00000004     (.common:uip_conn)
                  2001b060    00000004     (.common:uip_draddr)
                  2001b064    00000004     (.common:uip_hostaddr)
                  2001b068    00000004     (.common:uip_netmask)
                  2001b06c    00000004     (.common:uip_sappdata)
                  2001b070    00000004     (.common:uip_udp_conn)
                  2001b074    00000004     (.common:ulLoop)
                  2001b078    00000004     (.common:ulTemp)
                  2001b07c    00000004     (.common:ulTimeout)
                  2001b080    00000002     (.common:ipid)
                  2001b082    00000002     (.common:lastport)
                  2001b084    00000002     (.common:loop_count)
                  2001b086    00000002     (.common:tmp16)
                  2001b088    00000002     (.common:uip_len)
                  2001b08a    00000002     (.common:uip_reasslen)
                  2001b08c    00000002     (.common:uip_slen)
                  2001b08e    00000001     (.common:IPADDR1)
                  2001b08f    00000001     (.common:IPADDR2)
                  2001b090    00000001     (.common:IPADDR3)
                  2001b091    00000001     (.common:READ_IIB)
                  2001b092    00000001     (.common:READ_RTC)
                  2001b093    00000001     (.common:add485)
                  2001b094    00000001     (.common:arptime)
                  2001b095    00000001     (.common:c)
                  2001b096    00000001     (.common:c)
                  2001b097    00000001     (.common:i)
                  2001b098    00000001     (.common:opt)
                  2001b099    00000001     (.common:read_adcp)
                  2001b09a    00000001     (.common:read_add_IP)
                  2001b09b    00000001     (.common:read_add_rs485)
                  2001b09c    00000001     (.common:read_display_sts)
                  2001b09d    00000001     (.common:read_flash_sn)
                  2001b09e    00000001     (.common:read_isodcdc_sts)
                  2001b09f    00000001     (.common:read_rtc)
                  2001b0a0    00000001     (.common:read_rtc_status)
                  2001b0a1    00000001     (.common:set_add_IP)
                  2001b0a2    00000001     (.common:set_add_rs485)
                  2001b0a3    00000001     (.common:set_display_sts)
                  2001b0a4    00000001     (.common:set_isodcdc_sts)
                  2001b0a5    00000001     (.common:stsdisp)
                  2001b0a6    00000001     (.common:stsisodcdc)
                  2001b0a7    00000001     (.common:tmpage)
                  2001b0a8    00000001     (.common:uip_flags)
                  2001b0a9    00000001     (.common:uip_reassflags)
                  2001b0aa    00000001     (.common:uip_reasstmr)

SERIALBUFFER 
*          0    20022000    0000839c     UNINITIALIZED
                  20022000    0000839c     rs485.obj (SERIALBUFFER)

ETHERNETBUFFER 
*          0    2002c000    000027da     UNINITIALIZED
                  2002c000    00002008     httpd.obj (ETHERNETBUFFER)
                  2002e008    000007d2     ethernet_uip.obj (ETHERNETBUFFER)

MTOC_MSG_RAM 
*          0    2007f800    00000128     UNINITIALIZED
                  2007f800    00000128     ipc_lib.obj (MTOC_MSG_RAM)

CTOM_MSG_RAM 
*          0    2007f000    00000044     DSECT
                  2007f000    00000044     ipc_lib.obj (CTOM_MSG_RAM)


LINKER GENERATED COPY TABLES

__TI_cinit_table @ 00218400 records: 11, size/record: 8, table size: 88
	.data: load addr=00217fa8, load size=000003e9 bytes, run addr=20006000, run size=0000115f bytes, compression=rle
	ETHERNETBUFFER: load addr=002183a0, load size=0000000b bytes, run addr=2002c000, run size=000027da bytes, compression=rle
	SERIALBUFFER: load addr=002183b0, load size=0000000b bytes, run addr=20022000, run size=0000839c bytes, compression=rle
	.bss.1: load addr=002183c0, load size=00000008 bytes, run addr=20018000, run size=00002000 bytes, compression=zero_init
	.bss.2: load addr=002183c8, load size=00000008 bytes, run addr=2001a000, run size=000010ab bytes, compression=zero_init
	.vtable: load addr=002183d0, load size=00000008 bytes, run addr=20000400, run size=00000258 bytes, compression=zero_init
	MTOC_MSG_RAM: load addr=002183d8, load size=00000008 bytes, run addr=2007f800, run size=00000128 bytes, compression=zero_init
	SHARERAMS0: load addr=002183e0, load size=00000008 bytes, run addr=20008000, run size=00000670 bytes, compression=zero_init
	SHARERAMS1: load addr=002183e8, load size=00000008 bytes, run addr=2000a000, run size=00000670 bytes, compression=zero_init
	SHARERAMS45: load addr=002183f0, load size=00000008 bytes, run addr=20010000, run size=00004000 bytes, compression=zero_init
	SHARERAMS67: load addr=002183f8, load size=00000008 bytes, run addr=20014000, run size=00004000 bytes, compression=zero_init


LINKER GENERATED HANDLER TABLE

__TI_handler_table @ 00218394 records: 3, size/record: 4, table size: 12
	index: 0, handler: __TI_zero_init
	index: 1, handler: __TI_decompress_rle24
	index: 2, handler: __TI_decompress_none


LINKER GENERATED CRC TABLES

AppCrc @ 00218458 records: 4, size/record: 24, table size: 104
	ramfuncs: algorithm=CRC32_PRIME(ID=0), load addr=00201258, size=000000bc, CRC=000000004cce7c01
	.text: algorithm=CRC32_PRIME(ID=0), load addr=00208000, size=0000fca4, CRC=00000000f83d510f
	.const: algorithm=CRC32_PRIME(ID=0), load addr=00217ca8, size=000002fc, CRC=00000000f270dea0
	.cinit: algorithm=CRC32_PRIME(ID=0), load addr=00217fa8, size=000004b0, CRC=00000000cb984758


FAR CALL TRAMPOLINES

callee name               trampoline name
   callee addr  tramp addr   call addr  call info
--------------  -----------  ---------  ----------------
FlashInit                 $Tramp$TT$L$PI$$FlashInit
   20000001     00217c9c     0020e730   main.obj (.text:main)

[1 trampolines]
[1 trampoline calls]


GLOBAL SYMBOLS: SORTED ALPHABETICALLY BY Name 

address   name                            
-------   ----                            
200070de  ADCP_TxTable                    
00210551  AdcChannel                      
00214599  AdcChannelAppConfig             
00217985  AdcpCleanRxBuffer               
00217349  AdcpConfig                      
00212c89  AdcpInit                        
00213c39  AdcpIntHandler                  
00217761  AdcpRead                        
002175e5  AdcpRxIntEnable                 
2001af60  AnalogCh0                       
2001af6c  AnalogCh1                       
2001af78  AnalogCh2                       
2001af84  AnalogCh3                       
2001af90  AnalogCh4                       
2001af9c  AnalogCh5                       
2001afa8  AnalogCh6                       
2001afb4  AnalogCh7                       
00218458  AppCrc                          
20007118  Arm1                            
2000711c  Arm2                            
0020f2a1  BSMPInit                        
0021799d  BSMPprocess                     
00217c79  BufferAdress                    
00217bad  BufferClear                     
00217bb9  BufferLen                       
00216c95  C$$EXIT                         
0021613b  C$$IO$$                         
0020c499  CANBitRateSet                   
0020c46d  CANBitTimingGet                 
0020c503  CANBitTimingSet                 
0020c447  CANClkSourceSelect              
0020c43d  CANDisable                      
0020c433  CANEnable                       
0020c619  CANErrCntrGet                   
0020c3ab  CANInit                         
0020c5a9  CANIntClear                     
0020c58b  CANIntDisable                   
0020c583  CANIntEnable                    
00210c5d  CANIntHandler                   
0020c557  CANIntRegister                  
0020c595  CANIntStatus                    
0020c56f  CANIntUnregister                
0020c8a1  CANMessageClear                 
0020c775  CANMessageGet                   
0020c631  CANMessageSet                   
0020c5e5  CANRetryGet                     
0020c5d3  CANRetrySet                     
0020c5f1  CANStatusGet                    
002170cd  CPUbasepriGet                   
002170c7  CPUbasepriSet                   
002170a1  CPUcpsid                        
002170b7  CPUcpsie                        
002170ad  CPUprimask                      
002170c3  CPUwfi                          
0020ce39  CanCheck                        
0021575d  ClosedLoop                      
00215b1d  ConfigDPModule                  
00217379  ConfigRS485                     
00212f55  ConfigSigGen                    
002165fd  ConfigWfmRef                    
20007100  Counter                         
00217b61  CtoMIPC1IntHandler              
00217b71  CtoMIPC2IntHandler              
00217b81  CtoMIPC3IntHandler              
002179b5  CtrlLoopRead                    
002176e9  CtrlLoopWrite                   
0021636d  CtrllawInit                     
2000a000  DP_Framework                    
20008000  DP_Framework_MtoC               
2001a634  Dado                            
2001afd8  DataHour                        
00217bc5  DataHourRead                    
00216a0d  DcdcPwrCtrl                     
00216cd9  DcdcSts                         
002153e9  DisableSigGen                   
00216f89  DisplayProcessData              
00216a55  DisplayPwrCtrl                  
00216d19  DisplayPwrOCSts                 
00217b91  DummyFunction                   
00215f05  EepromReadIP                    
00215f6d  EepromReadIPMask                
002163cd  EepromReadKi                    
0021642d  EepromReadKp                    
00217711  EepromReadRs485Add              
00215fd5  EepromReadRs485BaudRate         
002149f1  EepromWriteIP                   
00214a89  EepromWriteIPMask               
00213e49  EepromWriteKd                   
00213ef5  EepromWriteKi                   
00213fa1  EepromWriteKp                   
00215b91  EepromWriteRs485Add             
00214b21  EepromWriteRs485BaudRate        
0021404d  EnablePeripherals               
00215469  EnableSigGen                    
00212359  EthLoadParam                    
0020e12d  EthernetConfigGet               
0020e101  EthernetConfigSet               
0020e1c1  EthernetDisable                 
0020e19f  EthernetEnable                  
0020f55d  EthernetInit                    
0020e0f1  EthernetInitExpClk              
0020e37f  EthernetIntClear                
0020e369  EthernetIntDisable              
0020e361  EthernetIntEnable               
00213551  EthernetIntHandler              
0020e341  EthernetIntRegister             
0020e373  EthernetIntStatus               
0020e351  EthernetIntUnregister           
0020e175  EthernetMACAddrGet              
0020e147  EthernetMACAddrSet              
0020e3c3  EthernetPHYPowerOff             
0020e3df  EthernetPHYPowerOn              
0020e3a3  EthernetPHYRead                 
0020e383  EthernetPHYWrite                
0020e1e3  EthernetPacketAvail             
0020e297  EthernetPacketGet               
0021123d  EthernetPacketGetDMA            
0020e287  EthernetPacketGetNonBlocking    
0020e337  EthernetPacketPut               
0020e327  EthernetPacketPutNonBlocking    
00216ed5  EthernetProcessCMD              
0020ff3d  EthernetProcessData             
0020e1f1  EthernetSpaceAvail              
00216d59  ExIOInit                        
00217bd1  FlashDeviceIDRead               
20000001  FlashInit                       
00217145  FlashMemInit                    
0020fa9d  FlashMemReadSerialNumber        
20000057  FlashSetup                      
0020d353  GPIODirModeGet                  
0020d323  GPIODirModeSet                  
0020d3c3  GPIOIntTypeGet                  
0020d37d  GPIOIntTypeSet                  
0020d457  GPIOPadConfigGet                
0020d3fd  GPIOPadConfigSet                
0020d5e5  GPIOPinConfigure                
0020d649  GPIOPinConfigureCoreSelect      
0020d4bb  GPIOPinIntClear                 
0020d49f  GPIOPinIntDisable               
0020d493  GPIOPinIntEnable                
0020d4ad  GPIOPinIntStatus                
0020d673  GPIOPinLock                     
0020d669  GPIOPinLockStatus               
0020d4ed  GPIOPinRead                     
0020d4f9  GPIOPinTypeCAN                  
0020d5c9  GPIOPinTypeEPI                  
0020d50d  GPIOPinTypeGPIOInput            
0020d521  GPIOPinTypeGPIOOutput           
0020d535  GPIOPinTypeGPIOOutputOD         
0020d549  GPIOPinTypeI2C                  
0020d55d  GPIOPinTypeSSI                  
0020d571  GPIOPinTypeTimer                
0020d585  GPIOPinTypeUART                 
0020d5b5  GPIOPinTypeUSBAnalog            
0020d59d  GPIOPinTypeUSBDigital           
0020d699  GPIOPinUnlock                   
0020d4f3  GPIOPinWrite                    
0020d4c1  GPIOPortIntRegister             
0020d4d9  GPIOPortIntUnregister           
002167a1  GlobalTimerInit                 
00216241  GlobalTimerIntHandler           
0020ef89  HOSTclock                       
0020ef51  HOSTclose                       
0020ef13  HOSTgetenv                      
0020eeb7  HOSTlseek                       
0020ee65  HOSTopen                        
0020ee19  HOSTread                        
0020edbb  HOSTrename                      
0020ed81  HOSTtime                        
0020ed49  HOSTunlink                      
0020ecfd  HOSTwrite                       
00217611  HeartBeatLED                    
00210fe5  I2CIntRegister                  
00211001  I2CIntUnregister                
0021109d  I2CMasterBusBusy                
00211095  I2CMasterBusy                   
002110a5  I2CMasterControl                
002110c7  I2CMasterDataGet                
002110c3  I2CMasterDataPut                
00210fc9  I2CMasterDisable                
00210fad  I2CMasterEnable                 
002110a9  I2CMasterErr                    
00210f71  I2CMasterInitExpClk             
0021107d  I2CMasterIntClear               
00211035  I2CMasterIntDisable             
0021101d  I2CMasterIntEnable              
0021104f  I2CMasterIntStatus              
0021108d  I2CMasterSlaveAddrSet           
002110d3  I2CSlaveDataGet                 
002110cf  I2CSlaveDataPut                 
00210fd3  I2CSlaveDisable                 
00210fb7  I2CSlaveEnable                  
00210f9f  I2CSlaveInit                    
00211083  I2CSlaveIntClear                
00211089  I2CSlaveIntClearEx              
0021103b  I2CSlaveIntDisable              
00211045  I2CSlaveIntDisableEx            
00211023  I2CSlaveIntEnable               
0021102d  I2CSlaveIntEnableEx             
00211061  I2CSlaveIntStatus               
00211073  I2CSlaveIntStatusEx             
002110cb  I2CSlaveStatus                  
00215c05  IHMIntHandler                   
00217bdd  IOutputRead                     
2001ad05  IPADDR0                         
2001b08e  IPADDR1                         
2001b08f  IPADDR2                         
2001b090  IPADDR3                         
00216d99  IPAddressRead                   
0021210d  IPAddressWrite                  
00210ab1  IPCCtoMFlagAcknowledge          
00210abb  IPCCtoMFlagBusy                 
00213039  IPCInit                         
0020cc51  IPCLiteCtoMClearBits            
0020ccab  IPCLiteCtoMClearBits_Protected  
0020cb2f  IPCLiteCtoMDataRead             
0020cd1b  IPCLiteCtoMDataWrite            
0020cd71  IPCLiteCtoMDataWrite_Protected  
0020cddd  IPCLiteCtoMFunctionCall         
0020cb77  IPCLiteCtoMSetBits              
0020cbd9  IPCLiteCtoMSetBits_Protected    
0020cb09  IPCLiteMtoCBootBranch           
0020c9d7  IPCLiteMtoCClearBits            
0020ca1f  IPCLiteMtoCClearBits_Protected  
0020c8e9  IPCLiteMtoCDataRead             
0020ca67  IPCLiteMtoCDataWrite            
0020caa1  IPCLiteMtoCDataWrite_Protected  
0020cadb  IPCLiteMtoCFunctionCall         
0020c8c1  IPCLiteMtoCGetResult            
0020c927  IPCLiteMtoCSetBits              
0020c97f  IPCLiteMtoCSetBits_Protected    
00210b0d  IPCMtoCBootControlSystem        
0021763d  IPCMtoCBusy                     
00210acd  IPCMtoCFlagBusy                 
00210aeb  IPCMtoCFlagClear                
00210adf  IPCMtoCFlagSet                  
00210af7  IPCMtoCSharedRamConvert         
2007f000  IPC_CtoM_Msg                    
002173a9  IPC_CtoM_Translate              
2007f800  IPC_MtoC_Msg                    
00217179  IPC_MtoC_Translate              
200070c0  IPMASK0                         
200070c1  IPMASK1                         
200070c2  IPMASK2                         
200070c3  IPMASK3                         
00217be9  ISetpointRead                   
0021787d  ISetpointWrite                  
002118a1  InitCanBkp                      
00216891  InitDisplay                     
00217785  InitI2COnboard                  
00216a9d  InitRS485                       
002167f1  InitRS485BKP                    
002177a9  Init_BSMP_var                   
0020f12d  IntDisable                      
0020f0b1  IntEnable                       
0020efe7  IntFlashVTable                  
0020efdd  IntMasterDisable                
0020efd3  IntMasterEnable                 
0020f217  IntPendClear                    
0020f1ab  IntPendSet                      
0020f097  IntPriorityGet                  
0020f049  IntPriorityGroupingGet          
0020f037  IntPriorityGroupingSet          
002170cd  IntPriorityMaskGet              
002170c7  IntPriorityMaskSet              
0020f06b  IntPrioritySet                  
0020eff5  IntRAMVTable                    
0020f003  IntRegister                     
0020f02d  IntUnregister                   
00217739  InterlockAlarmReset             
00217bf5  InterlockSts                    
200070fd  ItlkOld1                        
200070fe  ItlkOld2                        
002179cd  KiRead                          
00215155  KiWrite                         
00217c01  KpRead                          
00214f35  KpWrite                         
00217c0d  LocRemUpdate                    
200070b8  MAC_ADDRESS                     
0021603d  MD5Final                        
00216f11  MD5Init                         
00213b81  MD5Update                       
2001ac00  Mensagem                        
2001aef0  Mod1Q1                          
2001af08  Mod2Q1                          
002151d9  OpMode                          
002157d5  OpenLoop                        
00217c19  OutputStsRead                   
002178f9  OutputStsWrite                  
00212d7d  PinCorSet                       
002132d5  PinoutSet                       
0020af15  ProcessCmd                      
00216ae5  PwmEletrCtrl                    
00216b2d  PwmFiberCtrl                    
00212825  RAMControlInitL0L3Ram           
002127bb  RAMControlInitM1MsgRam          
00212795  RAMMReqSharedMemAccess          
2001b091  READ_IIB                        
2001b092  READ_RTC                        
0021525d  RS485BKPIntHandler              
00213ac9  RS485BKPTxHandler               
00211eb5  RS485IntHandler                 
002146e1  RS485ProcessData                
00215569  RS485TxHandler                  
0021648d  RTCCheckOF                      
00216651  RTCClearHT                      
00217c25  RTCInit                         
00211391  RTCReadDataHour                 
002171ad  RTCStatusOF                     
00216fc1  RTCStopClock                    
0021584d  RTCWriteDataHour                
00201314  RamfuncsLoadEnd                 
000000bc  RamfuncsLoadSize                
00201258  RamfuncsLoadStart               
200000bc  RamfuncsRunEnd                  
000000bc  RamfuncsRunSize                 
20000000  RamfuncsRunStart                
00213119  ReadI2C                         
00217c31  ReadRS485Address                
00200031  ResetISR                        
00214ea5  ResetInterlocks                 
UNDEFED   SHT$$INIT_ARRAY$$Base           
UNDEFED   SHT$$INIT_ARRAY$$Limit          
0021234b  SSIBusy                         
0021225b  SSIConfigSetExpClk              
00212341  SSIDMADisable                   
00212339  SSIDMAEnable                    
0021231b  SSIDataGet                      
00212327  SSIDataGetNonBlocking           
00212301  SSIDataPut                      
0021230b  SSIDataPutNonBlocking           
002122ab  SSIDisable                      
002122a1  SSIEnable                       
002122fd  SSIIntClear                     
002122e9  SSIIntDisable                   
002122e1  SSIIntEnable                    
002122b5  SSIIntRegister                  
002122f3  SSIIntStatus                    
002122cd  SSIIntUnregister                
002171e1  SendCanMessage                  
00213621  SendDisplay                     
002179e5  SendIpcFlag                     
00214bb9  SeparaDado                      
2001afe0  SerialNumber                    
002142fd  SetISlowRef                     
00216ff9  SetRS485Address                 
0020c0b5  SysCtlC28Disable                
0020c09d  SysCtlC28Enable                 
0020bfd5  SysCtlClockConfigGet            
0020bf8f  SysCtlClockConfigSet            
0020bd39  SysCtlClockDividersSet          
0020c029  SysCtlClockGet                  
0020be6d  SysCtlClockPllConfig            
0020bc6d  SysCtlDeepSleep                 
00217c89  SysCtlDelay                     
0020c219  SysCtlEnableAERRNMI             
0020b9f7  SysCtlFlashSizeGet              
0020c0ed  SysCtlGPIOAHBDisable            
0020c0d1  SysCtlGPIOAHBEnable             
0020c22f  SysCtlGetNmiConfig              
0020c243  SysCtlGetNmiFlagStatus          
0020c235  SysCtlGetNmiInterruptStatus     
0020c299  SysCtlHoldSubSystemInReset      
0020c263  SysCtlNmiFlgClr                 
0020c27b  SysCtlNmiFlgClrAll              
0020c251  SysCtlNmiIsSet                  
0020bc41  SysCtlPeripheralClockGating     
0020bc19  SysCtlPeripheralDeepSleepDisable
0020bbf1  SysCtlPeripheralDeepSleepEnable 
0020bb5b  SysCtlPeripheralDisable         
0020bb33  SysCtlPeripheralEnable          
0020bb83  SysCtlPeripheralIsEnabled       
0020ba03  SysCtlPeripheralPresent         
0020ba67  SysCtlPeripheralReset           
0020bbc9  SysCtlPeripheralSleepDisable    
0020bba1  SysCtlPeripheralSleepEnable     
0020be45  SysCtlPowerOffPLL               
0020c2c9  SysCtlReleaseSubSystemFromReset 
0020bc65  SysCtlReset                     
0020bc8f  SysCtlResetCauseClear           
0020bc87  SysCtlResetCauseGet             
0020b9d9  SysCtlSRAMSizeGet               
002170c3  SysCtlSleep                     
0020c2eb  SysCtlSubSystemReset            
0020c1f7  SysCtlUSBPLLConfigGet           
0020c15b  SysCtlUSBPLLConfigSet           
0020c143  SysCtlUSBPLLDisable             
0020c111  SysCtlUSBPLLEnable              
0020bc9d  SysCtlXPllClockDividerSet       
002159c1  SysTickDisable                  
002159b5  SysTickEnable                   
002159ff  SysTickIntDisable               
002159f3  SysTickIntEnable                
00217669  SysTickIntHandler               
002159cd  SysTickIntRegister              
002159e3  SysTickIntUnregister            
00215a15  SysTickPeriodGet                
00215a0b  SysTickPeriodSet                
00215a1f  SysTickValueGet                 
0021654d  SystemInit                      
20006800  TIMEOUT_VALUE                   
002173d9  TaskCheck                       
00217215  TaskSetNew                      
0021463d  TestEepromMemory                
0020fd2d  TimerConfigure                  
0020fd73  TimerControlEvent               
0020fd47  TimerControlLevel               
0020fd87  TimerControlStall               
0020fd5d  TimerControlTrigger             
0020fd9d  TimerControlWaitOnTrigger       
0020fd1f  TimerDisable                    
0020fd11  TimerEnable                     
0020ff25  TimerIntClear                   
0020ff11  TimerIntDisable                 
0020ff09  TimerIntEnable                  
0020fe6b  TimerIntRegister                
0020ff1b  TimerIntStatus                  
0020febd  TimerIntUnregister              
0020fe35  TimerLoadGet                    
0020fe23  TimerLoadSet                    
0020fe5f  TimerMatchGet                   
0020fe4d  TimerMatchSet                   
0020fdf9  TimerPrescaleGet                
0020fe17  TimerPrescaleMatchGet           
0020fe05  TimerPrescaleMatchSet           
0020fde7  TimerPrescaleSet                
0020fddd  TimerRTCDisable                 
0020fdd3  TimerRTCEnable                  
0020fe41  TimerValueGet                   
002158c5  TurnOff                         
0021593d  TurnOn                          
00217a8d  UARTCharGet                     
00217915  UARTCharGetNonBlocking          
002177cd  UARTCharPutNonBlocking          
002179fd  UARTCharsAvail                  
00215aa5  UARTConfigSetExpClk             
00217409  UARTDisable                     
002177f1  UARTEnable                      
00217aa3  UARTFIFOEnable                  
00217a15  UARTFIFOLevelSet                
00217b4d  UARTIntClear                    
00217a2d  UARTIntEnable                   
002178bd  UARTIntStatus                   
00217a45  UARTSpaceAvail                  
00217931  UARTTxIntModeSet                
002141ad  WatchdogEnable                  
00214229  WatchdogIntClear                
00214215  WatchdogIntEnable               
002141f5  WatchdogIntRegister             
0021421f  WatchdogIntStatus               
00214205  WatchdogIntUnregister           
002141cb  WatchdogLock                    
002141db  WatchdogLockState               
002141ed  WatchdogReloadGet               
002141e9  WatchdogReloadSet               
002141c1  WatchdogResetDisable            
002141b7  WatchdogResetEnable             
002141a5  WatchdogRunning                 
0021423d  WatchdogStallDisable            
0021422f  WatchdogStallEnable             
002141d3  WatchdogUnlock                  
002141f1  WatchdogValueGet                
00215ce9  WfmRefUpdate                    
002152e1  WriteI2C                        
00217695  _Dclass                         
20006f70  _Denorm                         
00213a0b  _Dnorm                          
00212471  _Dscale                         
002161db  _Dunscale                       
20006f80  _Eps                            
2000714c  _Errno                          
2000713c  _Fenv                           
00217529  _Feraise                        
20006f90  _Hugeval                        
20006fa0  _Inf                            
20006fb0  _Nan                            
20006fd0  _Rteps                          
20006fc0  _Snan                           
20007140  _Tls_setup__Fenv                
20006fe0  _Xbig                           
20006fe8  _Zero                           
20019ea0  __CIOBUF_                       
200001bc  __STACK_END                     
00000100  __STACK_SIZE                    
200001bc  __STACK_TOP                     
00000008  __SYSMEM_SIZE                   
00218400  __TI_CINIT_Base                 
00218458  __TI_CINIT_Limit                
00218458  __TI_CRC_AppCrc                 
00218394  __TI_Handler_Table_Base         
002183a0  __TI_Handler_Table_Limit        
00215d55  __TI_auto_init                  
002107fd  __TI_cleanup                    
20007134  __TI_cleanup_ptr                
00214c51  __TI_closefile                  
00217b9f  __TI_decompress_none            
00217c8f  __TI_decompress_rle24           
0021387d  __TI_doflush                    
20007138  __TI_dtors_ptr                  
20007104  __TI_ft_end                     
00209ffd  __TI_printfi                    
002142b3  __TI_rd_ok                      
0021613f  __TI_readmsg                    
00217fa8  __TI_static_base__              
2001a744  __TI_tmpnams                    
0021610d  __TI_writemsg                   
00214251  __TI_wrt_ok                     
00217c49  __TI_zero_init                  
00217c95  __abort_execution               
00214fc1  __aeabi_cdcmpeq                 
00214fc1  __aeabi_cdcmple                 
00215047  __aeabi_cdrcmple                
002164ed  __aeabi_cfcmpeq                 
002164ed  __aeabi_cfcmple                 
00216bbd  __aeabi_d2iz                    
00210903  __aeabi_dadd                    
00211b19  __aeabi_ddiv                    
0021299d  __aeabi_dmul                    
002108f9  __aeabi_dsub                    
00215669  __aeabi_fmul                    
00217589  __aeabi_i2d                     
00217031  __aeabi_i2f                     
002156e3  __aeabi_memclr                  
002156e3  __aeabi_memclr4                 
002156e3  __aeabi_memclr8                 
002148b9  __aeabi_memcpy                  
002148b9  __aeabi_memcpy4                 
002148b9  __aeabi_memcpy8                 
002156e5  __aeabi_memset                  
002156e5  __aeabi_memset4                 
002156e5  __aeabi_memset8                 
20007110  __aeabi_stderr                  
20007108  __aeabi_stdin                   
2000710c  __aeabi_stdout                  
0021035d  __aeabi_uldivmod                
ffffffff  __binit__                       
ffffffff  __c_args__                      
200000bc  __stack                         
0020f90b  __vla_alloc                     
0020f805  __vla_dealloc                   
0020f88b  __vla_dealloc_eh                
00217a5d  _args_main                      
00216f4d  _c_int00                        
00217ca8  _ctypes_                        
20006d00  _ftable                         
2000712c  _lock                           
00217b33  _nop                            
00217b2b  _register_lock                  
00217b25  _register_unlock                
200001c0  _sys_memory                     
00217c99  _system_pre_init                
20007130  _unlock                         
00216c99  abort                           
2001b093  add485                          
2001b020  addIP                           
0020e661  add_device                      
00216975  atoi                            
20006000  bin_op                          
ffffffff  binit                           
002172b1  binops_and                      
00217249  binops_clear                    
002172e3  binops_or                       
00217315  binops_xor                      
20018000  bsmp                            
002133a9  bsmp_process_packet             
00214d81  bsmp_register_curve             
00214e13  bsmp_register_function          
0021444d  bsmp_register_variable          
00216b75  bsmp_server_init                
0020da71  calloc                          
00217c3d  clock_time                      
0020e611  close                           
002169c1  copy_in                         
2001ad06  count                           
0021268d  curve_block                     
00212b93  curve_block_request             
002168dd  curve_check                     
002155e9  curve_query_csum                
002140f9  curve_query_list                
00211d85  curve_recalc_csum               
2001afc0  data                            
2001aed0  data_eeprom                     
2001afcc  data_exio                       
00217c81  dhcpc_appcall                   
002166a5  dhcpc_configured                
2001b01e  dummy_read                      
00216ca1  exit                            
00214cb7  fclose                          
0021727d  feraiseexcept                   
002138c9  fflush                          
2001b034  floatNchars                     
00210853  fopen                           
00215dc9  fprintf                         
00214ce9  fputc                           
00211c51  fputs                           
0020d7bf  free                            
00210829  freopen                         
00217839  frexp                           
00216309  fseek                           
002170d7  func_check                      
00213945  func_execute                    
00215a2d  func_query_list                 
200070ff  g_bErrFlag                      
200070f4  g_bRXFlag1                      
200070f5  g_bRXFlag2                      
200070f6  g_bRXFlag3                      
200070f7  g_bRXFlag4                      
200070f8  g_bRXFlag5                      
200070f9  g_bRXFlag6                      
200070fa  g_bRXFlag7                      
200070fb  g_bRXFlag8                      
200070fc  g_bRXFlag9                      
20000400  g_pfnRAMVectors                 
00201000  g_pfnVectors                    
2001a800  g_sDMAControlTable              
200070f0  g_ui32MsgCount                  
200070b0  g_ulTickCounter                 
00216e97  group_add_var                   
00211621  group_bin_op                    
00212a99  group_create                    
00217815  group_init                      
0021481d  group_query                     
002150cd  group_query_list                
00212e6d  group_read                      
0021710d  group_remove_all                
002119dd  group_write                     
0021794d  htons                           
0021347d  httpd_appcall                   
00217c55  httpd_clear_command             
00217b11  httpd_get_command               
00217c61  httpd_init                      
002174c9  httpd_insert_response           
2000715e  iib_sample                      
2001b03c  ipaddr                          
2001b048  lARPTimer                       
2001b04c  lPeriodicTimer                  
00216c4d  ldexp                           
2001b084  loop_count                      
0020e5ed  lseek                           
002165a5  ltoa                            
0020e70d  main                            
20007154  main_func_sp                    
0020d757  malloc                          
0020d98d  memalign                        
00217969  memccpy                         
0021789d  memchr                          
0021785b  memcmp                          
002148b9  memcpy                          
002156eb  memset                          
0020d6c9  minit                           
20007158  new_data_send                   
0020e53f  open                            
2001aff0  pui8MsgData                     
2001aff8  pui8MsgDataTx                   
00214ce9  putc                            
00214d6d  putchar                         
00211d5b  puts                            
00216929  query_version                   
002175b7  raise                           
0020e51b  read                            
2001b099  read_adcp                       
2001b09a  read_add_IP                     
2001b09b  read_add_rs485                  
2001b09c  read_display_sts                
2001b09d  read_flash_sn                   
2001b09e  read_isodcdc_sts                
2001b09f  read_rtc                        
2001b0a0  read_rtc_status                 
0020d881  realloc                         
0020e491  remove                          
0020e4f3  remove_device                   
0020e4b5  rename                          
2001b008  response_to_client              
2001af38  sCANMessage                     
2001af4c  sCANMessageTx                   
20010000  samples_buffer_memory           
2001b0a1  set_add_IP                      
2001b0a2  set_add_rs485                   
2001b0a3  set_display_sts                 
2001b0a4  set_isodcdc_sts                 
002131f9  setvbuf                         
00216dd9  signal                          
00217acf  strchr                          
00217a75  strcmp                          
00217ae5  strcpy                          
00217b39  strlen                          
002174f9  strncpy                         
2001b0a5  stsdisp                         
2001b0a6  stsisodcdc                      
2000715c  time                            
002178db  timer_expired                   
00217afb  timer_set                       
0020ec6d  uDMAChannel0_7SelectAltMapping  
0020ec61  uDMAChannel0_7SelectDefault     
0020ec9f  uDMAChannel16_23SelectAltMapping
0020ec91  uDMAChannel16_23SelectDefault   
0020ecb9  uDMAChannel24_31SelectAltMapping
0020ecab  uDMAChannel24_31SelectDefault   
0020ec85  uDMAChannel8_15SelectAltMapping 
0020ec77  uDMAChannel8_15SelectDefault    
0020eac7  uDMAChannelAttributeDisable     
0020ea89  uDMAChannelAttributeEnable      
0020eb05  uDMAChannelAttributeGet         
0020eb55  uDMAChannelControlSet           
0020ea41  uDMAChannelDisable              
0020ea33  uDMAChannelEnable               
0020ea4f  uDMAChannelIsEnabled            
0020ec3d  uDMAChannelModeGet              
0020ea77  uDMAChannelRequest              
0020ebe5  uDMAChannelScatterGatherSet     
0020ec21  uDMAChannelSizeGet              
0020eb6f  uDMAChannelTransferSet          
0020ea6f  uDMAControlAlternateBaseGet     
0020ea67  uDMAControlBaseGet              
0020ea5f  uDMAControlBaseSet              
0020ea19  uDMADisable                     
0020ea11  uDMAEnable                      
0020ea29  uDMAErrorStatusClear            
0020ea21  uDMAErrorStatusGet              
0020ecc5  uDMAIntRegister                 
0020ecd5  uDMAIntUnregister               
2001985c  ucUIPBuffer                     
2001b050  uip_acc32                       
002143a5  uip_add32                       
2001b054  uip_appdata                     
00211fe1  uip_arp_arpin                   
00210165  uip_arp_out                     
00215e2d  uip_arp_timer                   
2001b058  uip_buf                         
2001b05c  uip_conn                        
20019fc0  uip_conns                       
2001b060  uip_draddr                      
20007144  uip_ethaddr                     
2001b0a8  uip_flags                       
2001b064  uip_hostaddr                    
00214955  uip_init                        
00217559  uip_ipchksum                    
2001b088  uip_len                         
00216841  uip_listen                      
2001b010  uip_listenports                 
2001b068  uip_netmask                     
00208001  uip_process                     
2001b06c  uip_sappdata                    
00217069  uip_send                        
2001b08c  uip_slen                        
2001ae9c  uip_stat                        
00217c6d  uip_tcpchksum                   
2001b070  uip_udp_conn                    
2001ad08  uip_udp_conns                   
2001b074  ulLoop                          
2001b078  ulTemp                          
2001b07c  ulTimeout                       
0020e491  unlink                          
00212581  var_bin_op                      
002176bf  var_check                       
00215365  var_query_list                  
00213d99  var_read                        
0021289d  var_write                       
[...]
002119dd  group_write                     
00211b19  __aeabi_ddiv                    
00211c51  fputs                           
00211d5b  puts                            
00211d85  curve_recalc_csum               
00211eb5  RS485IntHandler                 
00211fe1  uip_arp_arpin                   
0021210d  IPAddressWrite                  
0021225b  SSIConfigSetExpClk              
002122a1  SSIEnable                       
002122ab  SSIDisable                      
002122b5  SSIIntRegister                  
002122cd  SSIIntUnregister                
002122e1  SSIIntEnable                    
002122e9  SSIIntDisable                   
002122f3  SSIIntStatus                    
002122fd  SSIIntClear                     
00212301  SSIDataPut                      
0021230b  SSIDataPutNonBlocking           
0021231b  SSIDataGet                      
00212327  SSIDataGetNonBlocking           
00212339  SSIDMAEnable                    
00212341  SSIDMADisable                   
0021234b  SSIBusy                         
00212359  EthLoadParam                    
00212471  _Dscale                         
00212581  var_bin_op                      
0021268d  curve_block                     
00212795  RAMMReqSharedMemAccess          
002127bb  RAMControlInitM1MsgRam          
00212825  RAMControlInitL0L3Ram           
0021289d  var_write                       
0021299d  __aeabi_dmul                    
00212a99  group_create                    
00212b93  curve_block_request             
00212c89  AdcpInit                        
00212d7d  PinCorSet                       
00212e6d  group_read                      
00212f55  ConfigSigGen                    
00213039  IPCInit                         
00213119  ReadI2C                         
002131f9  setvbuf                         
002132d5  PinoutSet                       
002133a9  bsmp_process_packet             
0021347d  httpd_appcall                   
00213551  EthernetIntHandler              
00213621  SendDisplay                     
0021387d  __TI_doflush                    
002138c9  fflush                          
00213945  func_execute                    
00213a0b  _Dnorm                          
00213ac9  RS485BKPTxHandler               
00213b81  MD5Update                       
00213c39  AdcpIntHandler                  
00213d99  var_read                        
00213e49  EepromWriteKd                   
00213ef5  EepromWriteKi                   
00213fa1  EepromWriteKp                   
0021404d  EnablePeripherals               
002140f9  curve_query_list                
002141a5  WatchdogRunning                 
002141ad  WatchdogEnable                  
002141b7  WatchdogResetEnable             
002141c1  WatchdogResetDisable            
002141cb  WatchdogLock                    
002141d3  WatchdogUnlock                  
002141db  WatchdogLockState               
002141e9  WatchdogReloadSet               
002141ed  WatchdogReloadGet               
002141f1  WatchdogValueGet                
002141f5  WatchdogIntRegister             
00214205  WatchdogIntUnregister           
00214215  WatchdogIntEnable               
0021421f  WatchdogIntStatus               
00214229  WatchdogIntClear                
0021422f  WatchdogStallEnable             
0021423d  WatchdogStallDisable            
00214251  __TI_wrt_ok                     
002142b3  __TI_rd_ok                      
002142fd  SetISlowRef                     
002143a5  uip_add32                       
0021444d  bsmp_register_variable          
00214599  AdcChannelAppConfig             
0021463d  TestEepromMemory                
002146e1  RS485ProcessData                
0021481d  group_query                     
002148b9  __aeabi_memcpy                  
002148b9  __aeabi_memcpy4                 
002148b9  __aeabi_memcpy8                 
002148b9  memcpy                          
00214955  uip_init                        
002149f1  EepromWriteIP                   
00214a89  EepromWriteIPMask               
00214b21  EepromWriteRs485BaudRate        
00214bb9  SeparaDado                      
00214c51  __TI_closefile                  
00214cb7  fclose                          
00214ce9  fputc                           
00214ce9  putc                            
00214d6d  putchar                         
00214d81  bsmp_register_curve             
00214e13  bsmp_register_function          
00214ea5  ResetInterlocks                 
00214f35  KpWrite                         
00214fc1  __aeabi_cdcmpeq                 
00214fc1  __aeabi_cdcmple                 
00215047  __aeabi_cdrcmple                
002150cd  group_query_list                
00215155  KiWrite                         
002151d9  OpMode                          
0021525d  RS485BKPIntHandler              
002152e1  WriteI2C                        
00215365  var_query_list                  
002153e9  DisableSigGen                   
00215469  EnableSigGen                    
00215569  RS485TxHandler                  
002155e9  curve_query_csum                
00215669  __aeabi_fmul                    
002156e3  __aeabi_memclr                  
002156e3  __aeabi_memclr4                 
002156e3  __aeabi_memclr8                 
002156e5  __aeabi_memset                  
002156e5  __aeabi_memset4                 
002156e5  __aeabi_memset8                 
002156eb  memset                          
0021575d  ClosedLoop                      
002157d5  OpenLoop                        
0021584d  RTCWriteDataHour                
002158c5  TurnOff                         
0021593d  TurnOn                          
002159b5  SysTickEnable                   
002159c1  SysTickDisable                  
002159cd  SysTickIntRegister              
002159e3  SysTickIntUnregister            
002159f3  SysTickIntEnable                
002159ff  SysTickIntDisable               
00215a0b  SysTickPeriodSet                
00215a15  SysTickPeriodGet                
00215a1f  SysTickValueGet                 
00215a2d  func_query_list                 
00215aa5  UARTConfigSetExpClk             
00215b1d  ConfigDPModule                  
00215b91  EepromWriteRs485Add             
00215c05  IHMIntHandler                   
00215ce9  WfmRefUpdate                    
00215d55  __TI_auto_init                  
00215dc9  fprintf                         
00215e2d  uip_arp_timer                   
00215f05  EepromReadIP                    
00215f6d  EepromReadIPMask                
00215fd5  EepromReadRs485BaudRate         
0021603d  MD5Final                        
0021610d  __TI_writemsg                   
0021613b  C$$IO$$                         
0021613f  __TI_readmsg                    
002161db  _Dunscale                       
00216241  GlobalTimerIntHandler           
00216309  fseek                           
0021636d  CtrllawInit                     
002163cd  EepromReadKi                    
0021642d  EepromReadKp                    
0021648d  RTCCheckOF                      
002164ed  __aeabi_cfcmpeq                 
002164ed  __aeabi_cfcmple                 
0021654d  SystemInit                      
002165a5  ltoa                            
002165fd  ConfigWfmRef                    
00216651  RTCClearHT                      
002166a5  dhcpc_configured                
002167a1  GlobalTimerInit                 
002167f1  InitRS485BKP                    
00216841  uip_listen                      
00216891  InitDisplay                     
002168dd  curve_check                     
00216929  query_version                   
00216975  atoi                            
002169c1  copy_in                         
00216a0d  DcdcPwrCtrl                     
00216a55  DisplayPwrCtrl                  
00216a9d  InitRS485                       
00216ae5  PwmEletrCtrl                    
00216b2d  PwmFiberCtrl                    
00216b75  bsmp_server_init                
00216bbd  __aeabi_d2iz                    
00216c4d  ldexp                           
00216c95  C$$EXIT                         
00216c99  abort                           
00216ca1  exit                            
00216cd9  DcdcSts                         
00216d19  DisplayPwrOCSts                 
00216d59  ExIOInit                        
00216d99  IPAddressRead                   
00216dd9  signal                          
00216e97  group_add_var                   
00216ed5  EthernetProcessCMD              
00216f11  MD5Init                         
00216f4d  _c_int00                        
00216f89  DisplayProcessData              
00216fc1  RTCStopClock                    
00216ff9  SetRS485Address                 
00217031  __aeabi_i2f                     
00217069  uip_send                        
002170a1  CPUcpsid                        
002170ad  CPUprimask                      
002170b7  CPUcpsie                        
002170c3  CPUwfi                          
002170c3  SysCtlSleep                     
002170c7  CPUbasepriSet                   
002170c7  IntPriorityMaskSet              
002170cd  CPUbasepriGet                   
002170cd  IntPriorityMaskGet              
002170d7  func_check                      
0021710d  group_remove_all                
00217145  FlashMemInit                    
00217179  IPC_MtoC_Translate              
002171ad  RTCStatusOF                     
002171e1  SendCanMessage                  
00217215  TaskSetNew                      
00217249  binops_clear                    
0021727d  feraiseexcept                   
002172b1  binops_and                      
002172e3  binops_or                       
00217315  binops_xor                      
00217349  AdcpConfig                      
00217379  ConfigRS485                     
002173a9  IPC_CtoM_Translate              
002173d9  TaskCheck                       
00217409  UARTDisable                     
002174c9  httpd_insert_response           
002174f9  strncpy                         
00217529  _Feraise                        
00217559  uip_ipchksum                    
00217589  __aeabi_i2d                     
002175b7  raise                           
002175e5  AdcpRxIntEnable                 
00217611  HeartBeatLED                    
0021763d  IPCMtoCBusy                     
00217669  SysTickIntHandler               
00217695  _Dclass                         
002176bf  var_check                       
002176e9  CtrlLoopWrite                   
00217711  EepromReadRs485Add              
00217739  InterlockAlarmReset             
00217761  AdcpRead                        
00217785  InitI2COnboard                  
002177a9  Init_BSMP_var                   
002177cd  UARTCharPutNonBlocking          
002177f1  UARTEnable                      
00217815  group_init                      
00217839  frexp                           
0021785b  memcmp                          
0021787d  ISetpointWrite                  
0021789d  memchr                          
002178bd  UARTIntStatus                   
002178db  timer_expired                   
002178f9  OutputStsWrite                  
00217915  UARTCharGetNonBlocking          
00217931  UARTTxIntModeSet                
0021794d  htons                           
00217969  memccpy                         
00217985  AdcpCleanRxBuffer               
0021799d  BSMPprocess                     
002179b5  CtrlLoopRead                    
002179cd  KiRead                          
002179e5  SendIpcFlag                     
002179fd  UARTCharsAvail                  
00217a15  UARTFIFOLevelSet                
00217a2d  UARTIntEnable                   
00217a45  UARTSpaceAvail                  
00217a5d  _args_main                      
00217a75  strcmp                          
00217a8d  UARTCharGet                     
00217aa3  UARTFIFOEnable                  
00217acf  strchr                          
00217ae5  strcpy                          
00217afb  timer_set                       
00217b11  httpd_get_command               
00217b25  _register_unlock                
00217b2b  _register_lock                  
00217b33  _nop                            
00217b39  strlen                          
00217b4d  UARTIntClear                    
00217b61  CtoMIPC1IntHandler              
00217b71  CtoMIPC2IntHandler              
00217b81  CtoMIPC3IntHandler              
00217b91  DummyFunction                   
00217b9f  __TI_decompress_none            
00217bad  BufferClear                     
00217bb9  BufferLen                       
00217bc5  DataHourRead                    
00217bd1  FlashDeviceIDRead               
00217bdd  IOutputRead                     
00217be9  ISetpointRead                   
00217bf5  InterlockSts                    
00217c01  KpRead                          
00217c0d  LocRemUpdate                    
00217c19  OutputStsRead                   
00217c25  RTCInit                         
00217c31  ReadRS485Address                
00217c3d  clock_time                      
00217c49  __TI_zero_init                  
00217c55  httpd_clear_command             
00217c61  httpd_init                      
00217c6d  uip_tcpchksum                   
00217c79  BufferAdress                    
00217c81  dhcpc_appcall                   
00217c89  SysCtlDelay                     
00217c8f  __TI_decompress_rle24           
00217c95  __abort_execution               
00217c99  _system_pre_init                
00217ca8  _ctypes_                        
00217fa8  __TI_static_base__              
00218394  __TI_Handler_Table_Base         
002183a0  __TI_Handler_Table_Limit        
00218400  __TI_CINIT_Base                 
00218458  AppCrc                          
00218458  __TI_CINIT_Limit                
00218458  __TI_CRC_AppCrc                 
20000000  RamfuncsRunStart                
20000001  FlashInit                       
20000057  FlashSetup                      
200000bc  RamfuncsRunEnd                  
200000bc  __stack                         
200001bc  __STACK_END                     
200001bc  __STACK_TOP                     
200001c0  _sys_memory                     
20000400  g_pfnRAMVectors                 
20006000  bin_op                          
20006800  TIMEOUT_VALUE                   
20006d00  _ftable                         
20006f70  _Denorm                         
20006f80  _Eps                            
20006f90  _Hugeval                        
20006fa0  _Inf                            
20006fb0  _Nan                            
20006fc0  _Snan                           
20006fd0  _Rteps                          
20006fe0  _Xbig                           
20006fe8  _Zero                           
200070b0  g_ulTickCounter                 
200070b8  MAC_ADDRESS                     
200070c0  IPMASK0                         
200070c1  IPMASK1                         
200070c2  IPMASK2                         
200070c3  IPMASK3                         
200070de  ADCP_TxTable                    
200070f0  g_ui32MsgCount                  
200070f4  g_bRXFlag1                      
200070f5  g_bRXFlag2                      
200070f6  g_bRXFlag3                      
200070f7  g_bRXFlag4                      
200070f8  g_bRXFlag5                      
200070f9  g_bRXFlag6                      
200070fa  g_bRXFlag7                      
200070fb  g_bRXFlag8                      
200070fc  g_bRXFlag9                      
200070fd  ItlkOld1                        
200070fe  ItlkOld2                        
200070ff  g_bErrFlag                      
20007100  Counter                         
20007104  __TI_ft_end                     
20007108  __aeabi_stdin                   
2000710c  __aeabi_stdout                  
20007110  __aeabi_stderr                  
20007118  Arm1                            
2000711c  Arm2                            
2000712c  _lock                           
20007130  _unlock                         
20007134  __TI_cleanup_ptr                
20007138  __TI_dtors_ptr                  
2000713c  _Fenv                           
20007140  _Tls_setup__Fenv                
20007144  uip_ethaddr                     
2000714c  _Errno                          
20007154  main_func_sp                    
20007158  new_data_send                   
2000715c  time                            
2000715e  iib_sample                      
20008000  DP_Framework_MtoC               
2000a000  DP_Framework                    
20010000  samples_buffer_memory           
20014000  wfm_curve_memory                
20018000  bsmp                            
2001985c  ucUIPBuffer                     
20019ea0  __CIOBUF_                       
20019fc0  uip_conns                       
2001a634  Dado                            
2001a744  __TI_tmpnams                    
2001a800  g_sDMAControlTable              
2001ac00  Mensagem                        
2001ad05  IPADDR0                         
2001ad06  count                           
2001ad08  uip_udp_conns                   
2001ae9c  uip_stat                        
2001aed0  data_eeprom                     
2001aef0  Mod1Q1                          
2001af08  Mod2Q1                          
2001af38  sCANMessage                     
2001af4c  sCANMessageTx                   
2001af60  AnalogCh0                       
2001af6c  AnalogCh1                       
2001af78  AnalogCh2                       
2001af84  AnalogCh3                       
2001af90  AnalogCh4                       
2001af9c  AnalogCh5                       
2001afa8  AnalogCh6                       
2001afb4  AnalogCh7                       
2001afc0  data                            
2001afcc  data_exio                       
2001afd8  DataHour                        
2001afe0  SerialNumber                    
2001aff0  pui8MsgData                     
2001aff8  pui8MsgDataTx                   
2001b008  response_to_client              
2001b010  uip_listenports                 
2001b01e  dummy_read                      
2001b020  addIP                           
2001b034  floatNchars                     
2001b03c  ipaddr                          
2001b048  lARPTimer                       
2001b04c  lPeriodicTimer                  
2001b050  uip_acc32                       
2001b054  uip_appdata                     
2001b058  uip_buf                         
2001b05c  uip_conn                        
2001b060  uip_draddr                      
2001b064  uip_hostaddr                    
2001b068  uip_netmask                     
2001b06c  uip_sappdata                    
2001b070  uip_udp_conn                    
2001b074  ulLoop                          
2001b078  ulTemp                          
2001b07c  ulTimeout                       
2001b084  loop_count                      
2001b088  uip_len                         
2001b08c  uip_slen                        
2001b08e  IPADDR1                         
2001b08f  IPADDR2                         
2001b090  IPADDR3                         
2001b091  READ_IIB                        
2001b092  READ_RTC                        
2001b093  add485                          
2001b099  read_adcp                       
2001b09a  read_add_IP                     
2001b09b  read_add_rs485                  
2001b09c  read_display_sts                
2001b09d  read_flash_sn                   
2001b09e  read_isodcdc_sts                
2001b09f  read_rtc                        
2001b0a0  read_rtc_status                 
2001b0a1  set_add_IP                      
2001b0a2  set_add_rs485                   
2001b0a3  set_display_sts                 
2001b0a4  set_isodcdc_sts                 
2001b0a5  stsdisp                         
2001b0a6  stsisodcdc                      
2001b0a8  uip_flags                       
2007f000  IPC_CtoM_Msg                    
2007f800  IPC_MtoC_Msg                    
ffffffff  __binit__                       
ffffffff  __c_args__                      
ffffffff  binit                           
UNDEFED   SHT$$INIT_ARRAY$$Base           
UNDEFED   SHT$$INIT_ARRAY$$Limit          

[761 symbols]
