******************************************************************************
                  TI ARM Linker PC v5.2.7                      
******************************************************************************
>> Linked Thu Aug 04 14:43:32 2016

OUTPUT FILE NAME:   <M3_V2.0.out>
ENTRY POINT SYMBOL: "_c_int00"  address: 00217179


MEMORY CONFIGURATION

         name            origin    length      used     unused   attr    fill
----------------------  --------  ---------  --------  --------  ----  --------
  CSM_RSVD_Z2           0002ffe0   000001dc  00000000  000001dc  RWIX
  CSM_ECSL_Z1           00200000   00000024  00000000  00000024  RWIX
  CSM_RSVD_Z1           00200024   0000000c  00000000  0000000c  RWIX
  RESETISR              00200030   00000008  00000006  00000002  R  X
  INTVECS               00201000   00000258  00000258  00000000  R  X
  FLASHLOAD             00201258   00006da8  000000bc  00006cec  R  X
  FLASH                 00208000   000f7e00  0001073c  000e76c4  R  X
  CSM_ECSL_Z2           002fffdc   00000024  00000000  00000024  RWIX
  OTPSECLOCK            00681000   00000004  00000000  00000004  RWIX
  OTP_Reserved1         00681004   00000004  00000000  00000004  RWIX
  OTP_Reserved2         00681008   00000004  00000000  00000004  RWIX
  OTP_Z2_FLASH_START_AD 0068100c   00000004  00000000  00000004  RWIX
  OTP_EMACID            00681010   00000008  00000000  00000008  RWIX
  OTP_Reserved3         00681018   00000004  00000000  00000004  RWIX
  CUSTOMER_OTP_MAIN_OSC 0068101c   00000004  00000000  00000004  RWIX
  OTP_Reserved4         00681020   00000004  00000000  00000004  RWIX
  OTP_BOOT_MODE_GPIO_CO 00681024   00000004  00000000  00000004  RWIX
  OTP_Reserved5         00681028   00000004  00000000  00000004  RWIX
  OTP_ENTRY_POINT       0068102c   00000004  00000000  00000004  RWIX
  OTP_Reserved6         00681030   00000010  00000000  00000010  RWIX
  C0                    20000000   00002000  0000041c  00001be4  RW X
  C1                    20002000   00002000  00000000  00002000  RW X
  BOOT_RSVD             20004000   00000ff8  00000000  00000ff8  R  X
  C2                    200051b0   00000e50  00000000  00000e50  RW X
  C3                    20006000   00002000  00001177  00000e89  RW X
  S0                    20008000   00002000  00000670  00001990  RW X
  S1                    2000a000   00002000  00000670  00001990  RW X
  S2                    2000c000   00002000  00000000  00002000  RW X
  S3                    2000e000   00002000  00000000  00002000  RW X
  S45                   20010000   00004000  00004000  00000000  RW X
  S67                   20014000   00004000  00004000  00000000  RW X
  C4                    20018000   00002000  00002000  00000000  RW X
  C5                    2001a000   00002000  000010ab  00000f55  RW X
  C6                    2001c000   00002000  00000000  00002000  RW X
  C7                    2001e000   00002000  00000000  00002000  RW X
  C8                    20020000   00002000  00000000  00002000  RW X
  C0913                 20022000   0000a000  0000839c  00001c64  RW X
  C1415                 2002c000   00004000  000027da  00001826  RW X
  CTOMRAM               2007f000   00000800  00000000  00000800  R  X
  MTOCRAM               2007f800   00000800  0000012c  000006d4  RW X


SEGMENT ALLOCATION MAP

run origin  load origin   length   init length attrs members
----------  ----------- ---------- ----------- ----- -------
00200030    00200030    00000006   00000006    r-x
  00200030    00200030    00000006   00000006    r-x .resetisr
00201000    00201000    00000258   00000258    r--
  00201000    00201000    00000258   00000258    r-- .intvecs
00208000    00208000    00010740   00010740    r-x
  00208000    00208000    0000ff10   0000ff10    r-x .text
  00217f10    00217f10    000002fc   000002fc    r-- .const
  00218210    00218210    000004c8   000004c8    r-- .cinit
  002186d8    002186d8    00000068   00000068    r-- .TI.crctab
20000000    00201258    000000bc   000000bc    r-x
  20000000    00201258    000000bc   000000bc    r-x ramfuncs
200000bc    200000bc    00000100   00000000    rw-
  200000bc    200000bc    00000100   00000000    rw- .stack
200001c0    200001c0    00000008   00000000    rw-
  200001c0    200001c0    00000008   00000000    rw- .sysmem
20000400    20000400    00000258   00000000    rw-
  20000400    20000400    00000258   00000000    rw- .vtable
20006000    20006000    00001177   00000000    rw-
  20006000    20006000    00001177   00000000    rw- .data
20008000    20008000    00000670   00000000    rw-
  20008000    20008000    00000670   00000000    rw- SHARERAMS0
2000a000    2000a000    00000670   00000000    rw-
  2000a000    2000a000    00000670   00000000    rw- SHARERAMS1
20010000    20010000    0000b0ab   00000000    rw-
  20010000    20010000    00004000   00000000    rw- SHARERAMS45
  20014000    20014000    00004000   00000000    rw- SHARERAMS67
  20018000    20018000    00002000   00000000    rw- .bss.1
  2001a000    2001a000    000010ab   00000000    rw- .bss.2
20022000    20022000    0000839c   00000000    rw-
  20022000    20022000    0000839c   00000000    rw- SERIALBUFFER
2002c000    2002c000    000027da   00000000    rw-
  2002c000    2002c000    000027da   00000000    rw- ETHERNETBUFFER
2007f800    2007f800    0000012c   00000000    rw-
  2007f800    2007f800    0000012c   00000000    rw- MTOC_MSG_RAM


SECTION ALLOCATION MAP

 output                                  attributes/
section   page    origin      length       input sections
--------  ----  ----------  ----------   ----------------
.resetisr 
*          0    00200030    00000006     
                  00200030    00000006     startup_ccs.obj (.resetisr:ResetISR)

.intvecs   0    00201000    00000258     
                  00201000    00000258     startup_ccs.obj (.intvecs)

ramfuncs   0    00201258    000000bc     RUN ADDR = 20000000
                  00201258    000000bc     driverlib.lib : flash.obj (ramfuncs)

.text      0    00208000    0000ff10     
                  00208000    00001268     uip.obj (.text:uip_process)
                  00209268    0000109a     rtsv7M3_T_le_eabi.lib : _printfi.obj (.text)
                  0020a302    00000002     startup_ccs.obj (.text:FaultISR)
                  0020a304    00000c10     md5.obj (.text:MD5Transform)
                  0020af14    00000ac4     ihm.obj (.text:ProcessCmd)
                  0020b9d8    0000096c     driverlib.lib : sysctl.obj (.text)
                  0020c344    0000057a                   : can.obj (.text)
                  0020c8be    00000002     startup_ccs.obj (.text:IntDefaultHandler)
                  0020c8c0    00000578     driverlib.lib : ipc_lite.obj (.text)
                  0020ce38    000004cc     bsmp_lib.obj (.text:BSMPInit)
                  0020d304    00000448     can_bkp.obj (.text:CanCheck)
                  0020d74c    00000448     driverlib.lib : gpio.obj (.text)
                  0020db94    000003dc     rtsv7M3_T_le_eabi.lib : memory.obj (.text)
                  0020df70    0000033c     uip.obj (.text:uip_reass)
                  0020e2ac    00000310     set_pinout_udc_v2.0.obj (.text:PortControlSet)
                  0020e5bc    00000310     driverlib.lib : ethernet.obj (.text)
                  0020e8cc    0000030c     rtsv7M3_T_le_eabi.lib : lowlev.obj (.text)
                  0020ebd8    000002ec     driverlib.lib : udma.obj (.text)
                  0020eec4    000002d4     rtsv7M3_T_le_eabi.lib : trgdrv.obj (.text)
                  0020f198    000002d0     driverlib.lib : interrupt.obj (.text)
                  0020f468    000002a8     ethernet_uip.obj (.text:EthernetInit)
                  0020f710    00000298     rtsv7M3_T_le_eabi.lib : vla_alloc.obj (.text)
                  0020f9a8    00000274     flash_mem.obj (.text:FlashMemReadSerialNumber)
                  0020fc1c    0000022c     driverlib.lib : timer.obj (.text)
                  0020fe48    00000228     ethernet_uip.obj (.text:EthernetProcessData)
                  00210070    000001f8     uip_arp.obj (.text:uip_arp_out)
                  00210268    000001f4     rtsv7M3_T_le_eabi.lib : ull_div_t2.obj (.text)
                  0021045c    000001e4     adcp.obj (.text:AdcChannel)
                  00210640    000001e0     main.obj (.text:main)
                  00210820    000001c4     rtsv7M3_T_le_eabi.lib : fopen.obj (.text)
                  002109e4    000001b6                           : fd_add_t2.obj (.text)
                  00210b9a    00000002     startup_ccs.obj (.text:NmiSR)
                  00210b9c    000001ac     driverlib.lib : ipc_util.obj (.text)
                  00210d48    0000018c     can_bkp.obj (.text:CANIntHandler)
                  00210ed4    00000188     dhcpc.obj (.text:handle_dhcp)
                  0021105c    00000170     driverlib.lib : i2c.obj (.text)
                  002111cc    00000168     adcp.obj (.text:AdcChannelAppConfig)
                  00211334    0000015c     server_priv.obj (.text:var_write_read)
                  00211490    00000154     ethernet_uip.obj (.text:EthernetPacketGetDMA)
                  002115e4    0000014c     rtc.obj (.text:RTCReadDataHour)
                  00211730    00000144     bsmp_lib.obj (.text:buffer_read_block)
                  00211874    00000140     server_priv.obj (.text:group_bin_op)
                  002119b4    00000140     uip_arp.obj (.text:uip_arp_update)
                  00211af4    0000013c     can_bkp.obj (.text:InitCanBkp)
                  00211c30    0000013c     server_priv.obj (.text:group_write)
                  00211d6c    00000136     rtsv7M3_T_le_eabi.lib : fd_div_t2.obj (.text)
                  00211ea2    00000002     --HOLE-- [fill = 0]
                  00211ea4    00000134                           : fputs.obj (.text)
                  00211fd8    0000012e     server_priv.obj (.text:curve_recalc_csum)
                  00212106    00000002     --HOLE-- [fill = 0]
                  00212108    0000012c     rs485.obj (.text:RS485IntHandler)
                  00212234    0000012c     uip_arp.obj (.text:uip_arp_arpin)
                  00212360    00000128     ethernet_uip.obj (.text:IPAddressWrite)
                  00212488    00000124     driverlib.lib : ssi.obj (.text)
                  002125ac    00000118     ethernet_uip.obj (.text:EthLoadParam)
                  002126c4    00000110     rtsv7M3_T_le_eabi.lib : xdscale.obj (.text)
                  002127d4    0000010c     server_priv.obj (.text:var_bin_op)
                  002128e0    00000108     server_priv.obj (.text:curve_block)
                  002129e8    00000108     driverlib.lib : ram.obj (.text)
                  00212af0    00000100     server_priv.obj (.text:var_write)
                  00212bf0    000000fc     rtsv7M3_T_le_eabi.lib : fd_mul_t2.obj (.text)
                  00212cec    000000fa     server_priv.obj (.text:group_create)
                  00212de6    000000f6     server_priv.obj (.text:curve_block_request)
                  00212edc    000000f4     adcp.obj (.text:AdcpInit)
                  00212fd0    000000f0     set_pinout_udc_v2.0.obj (.text:PinCorSet)
                  002130c0    000000e6     server_priv.obj (.text:group_read)
                  002131a6    00000002     --HOLE-- [fill = 0]
                  002131a8    000000e4     bsmp_lib.obj (.text:ConfigSigGen)
                  0021328c    000000e4     ipc_lib.obj (.text:IPCInit)
                  00213370    000000e0     i2c_onboard.obj (.text:ReadI2C)
                  00213450    000000dc     rtsv7M3_T_le_eabi.lib : setvbuf.obj (.text)
                  0021352c    000000d4     set_pinout_udc_v2.0.obj (.text:PinoutSet)
                  00213600    000000d4     server.obj (.text:bsmp_process_packet)
                  002136d4    000000d4     httpd.obj (.text:httpd_appcall)
                  002137a8    000000d0     ethernet_uip.obj (.text:EthernetIntHandler)
                  00213878    000000cc     ihm.obj (.text:SendDisplay)
                  00213944    000000c8     ethernet_uip.obj (.text:EthernetPacketPutDMA)
                  00213a0c    000000c8     dhcpc.obj (.text:parse_options)
                  00213ad4    000000c8     rtsv7M3_T_le_eabi.lib : fflush.obj (.text)
                  00213b9c    000000c6     server_priv.obj (.text:func_execute)
                  00213c62    000000be     rtsv7M3_T_le_eabi.lib : xdnorm.obj (.text)
                  00213d20    000000b8     rs485_bkp.obj (.text:RS485BKPTxHandler)
                  00213dd8    000000b6     md5.obj (.text:MD5Update)
                  00213e8e    00000002     --HOLE-- [fill = 0]
                  00213e90    000000b0     adcp.obj (.text:AdcpIntHandler)
                  00213f40    000000b0     dhcpc.obj (.text:create_msg)
                  00213ff0    000000b0     server_priv.obj (.text:var_read)
                  002140a0    000000ac     eeprom.obj (.text:EepromWriteKd)
                  0021414c    000000ac     eeprom.obj (.text:EepromWriteKi)
                  002141f8    000000ac     eeprom.obj (.text:EepromWriteKp)
                  002142a4    000000ac     set_pinout_udc_v2.0.obj (.text:EnablePeripherals)
                  00214350    000000ac     server_priv.obj (.text:curve_query_list)
                  002143fc    000000ac     driverlib.lib : watchdog.obj (.text)
                  002144a8    000000ac     rtsv7M3_T_le_eabi.lib : _io_perm.obj (.text)
                  00214554    000000a8     bsmp_lib.obj (.text:SetISlowRef)
                  002145fc    000000a8     system.obj (.text:TestEepromMemory)
                  002146a4    000000a8     uip.obj (.text:uip_add32)
                  0021474c    000000a6     server.obj (.text:bsmp_register_variable)
                  002147f2    000000a6     uip.obj (.text:chksum)
                  00214898    000000a0     rs485.obj (.text:RS485ProcessData)
                  00214938    0000009c     bsmp_lib.obj (.text:curve_write_block)
                  002149d4    0000009c     server_priv.obj (.text:group_query)
                  00214a70    0000009c     rtsv7M3_T_le_eabi.lib : memcpy_t2.obj (.text)
                  00214b0c    0000009c     uip.obj (.text:uip_init)
                  00214ba8    00000098     eeprom.obj (.text:EepromWriteIP)
                  00214c40    00000098     eeprom.obj (.text:EepromWriteIPMask)
                  00214cd8    00000098     eeprom.obj (.text:EepromWriteRs485BaudRate)
                  00214d70    00000098     ihm.obj (.text:SeparaDado)
                  00214e08    00000098     rtsv7M3_T_le_eabi.lib : fclose.obj (.text)
                  00214ea0    00000098                           : fputc.obj (.text)
                  00214f38    00000092     server.obj (.text:bsmp_register_curve)
                  00214fca    00000092     server.obj (.text:bsmp_register_function)
                  0021505c    00000090     bsmp_lib.obj (.text:ResetInterlocks)
                  002150ec    0000008c     ctrl_law.obj (.text:KpWrite)
                  00215178    00000086     rtsv7M3_T_le_eabi.lib : fd_cmp_t2.obj (.text:__aeabi_cdcmple)
                  002151fe    00000086                           : fd_cmp_t2.obj (.text:__aeabi_cdrcmple)
                  00215284    00000086     server_priv.obj (.text:group_query_list)
                  0021530a    00000002     --HOLE-- [fill = 0]
                  0021530c    00000084     ctrl_law.obj (.text:KiWrite)
                  00215390    00000084     bsmp_lib.obj (.text:OpMode)
                  00215414    00000084     rs485_bkp.obj (.text:RS485BKPIntHandler)
                  00215498    00000084     i2c_onboard.obj (.text:WriteI2C)
                  0021551c    00000082     server_priv.obj (.text:var_query_list)
                  0021559e    00000002     --HOLE-- [fill = 0]
                  002155a0    00000080     bsmp_lib.obj (.text:DisableSigGen)
                  00215620    00000080     bsmp_lib.obj (.text:EnableSigGen)
                  002156a0    00000080     md5.obj (.text:Encode)
                  00215720    00000080     rs485.obj (.text:RS485TxHandler)
                  002157a0    00000080     server_priv.obj (.text:curve_query_csum)
                  00215820    0000007a     rtsv7M3_T_le_eabi.lib : fs_mul_t2.obj (.text)
                  0021589a    0000007a                           : memset_t2.obj (.text)
                  00215914    00000078     bsmp_lib.obj (.text:ClosedLoop)
                  0021598c    00000078     bsmp_lib.obj (.text:OpenLoop)
                  00215a04    00000078     rtc.obj (.text:RTCWriteDataHour)
                  00215a7c    00000078     bsmp_lib.obj (.text:TurnOff)
                  00215af4    00000078     bsmp_lib.obj (.text:TurnOn)
                  00215b6c    00000078     driverlib.lib : systick.obj (.text)
                  00215be4    00000078     server_priv.obj (.text:func_query_list)
                  00215c5c    00000076     rs485_bkp.obj (.text:UARTConfigSetExpClk)
                  00215cd2    00000002     --HOLE-- [fill = 0]
                  00215cd4    00000074     bsmp_lib.obj (.text:ConfigDPModule)
                  00215d48    00000074     eeprom.obj (.text:EepromWritePSModel)
                  00215dbc    00000074     eeprom.obj (.text:EepromWriteRs485Add)
                  00215e30    00000074     ihm.obj (.text:IHMIntHandler)
                  00215ea4    00000070     uip.obj (.text:upper_layer_chksum)
                  00215f14    0000006c     bsmp_lib.obj (.text:WfmRefUpdate)
                  00215f80    0000006c     rtsv7M3_T_le_eabi.lib : autoinit.obj (.text)
                  00215fec    0000006c                           : fprintf.obj (.text)
                  00216058    0000006c     uip_arp.obj (.text:uip_arp_timer)
                  002160c4    0000006a     rtsv7M3_T_le_eabi.lib : copy_decompress_rle.obj (.text)
                  0021612e    00000002     --HOLE-- [fill = 0]
                  00216130    00000068     eeprom.obj (.text:EepromReadIP)
                  00216198    00000068     eeprom.obj (.text:EepromReadIPMask)
                  00216200    00000068     eeprom.obj (.text:EepromReadRs485BaudRate)
                  00216268    00000068     md5.obj (.text:MD5Final)
                  002162d0    00000068     dhcpc.obj (.text:parse_msg)
                  00216338    00000068     rtsv7M3_T_le_eabi.lib : trgmsg.obj (.text)
                  002163a0    00000066     md5.obj (.text:Decode)
                  00216406    00000066     rtsv7M3_T_le_eabi.lib : xdunscal.obj (.text)
                  0021646c    00000064     timer.obj (.text:GlobalTimerIntHandler)
                  002164d0    00000064     bsmp_lib.obj (.text:curve_read_block)
                  00216534    00000064     rtsv7M3_T_le_eabi.lib : fseek.obj (.text)
                  00216598    00000060     ctrl_law.obj (.text:CtrllawInit)
                  002165f8    00000060     eeprom.obj (.text:EepromReadKi)
                  00216658    00000060     eeprom.obj (.text:EepromReadKp)
                  002166b8    00000060     rtc.obj (.text:RTCCheckOF)
                  00216718    00000060     rtsv7M3_T_le_eabi.lib : fs_cmp_t2.obj (.text:__aeabi_cfcmple)
                  00216778    00000058     system.obj (.text:SystemInit)
                  002167d0    00000056     rtsv7M3_T_le_eabi.lib : ltoa.obj (.text)
                  00216826    00000002     --HOLE-- [fill = 0]
                  00216828    00000054     bsmp_lib.obj (.text:ConfigWfmRef)
                  0021687c    00000054     rtc.obj (.text:RTCClearHT)
                  002168d0    00000054     ethernet_uip.obj (.text:dhcpc_configured)
                  00216924    00000054     uip.obj (.text:uip_add_rcv_nxt)
                  00216978    00000052     server_priv.obj (.text:group_to_mod_list)
                  002169ca    00000002     --HOLE-- [fill = 0]
                  002169cc    00000050     timer.obj (.text:GlobalTimerInit)
                  00216a1c    00000050     rs485_bkp.obj (.text:InitRS485BKP)
                  00216a6c    00000050     uip.obj (.text:uip_listen)
                  00216abc    0000004c     ihm.obj (.text:InitDisplay)
                  00216b08    0000004c     server_priv.obj (.text:curve_check)
                  00216b54    0000004c     server_priv.obj (.text:query_version)
                  00216ba0    0000004c     rtsv7M3_T_le_eabi.lib : atoi.obj (.text)
                  00216bec    0000004c                           : cpy_tbl.obj (.text)
                  00216c38    00000048     exio.obj (.text:DcdcPwrCtrl)
                  00216c80    00000048     exio.obj (.text:DisplayPwrCtrl)
                  00216cc8    00000048     rs485.obj (.text:InitRS485)
                  00216d10    00000048     exio.obj (.text:PwmEletrCtrl)
                  00216d58    00000048     exio.obj (.text:PwmFiberCtrl)
                  00216da0    00000048     server.obj (.text:bsmp_server_init)
                  00216de8    00000048     rtsv7M3_T_le_eabi.lib : fd_toi_t2.obj (.text)
                  00216e30    00000048     dhcpc.obj (.text:send_request)
                  00216e78    00000046     rtsv7M3_T_le_eabi.lib : ldexp.obj (.text)
                  00216ebe    00000002     --HOLE-- [fill = 0]
                  00216ec0    00000044                           : exit.obj (.text)
                  00216f04    00000040     exio.obj (.text:DcdcSts)
                  00216f44    00000040     exio.obj (.text:DisplayPwrOCSts)
                  00216f84    00000040     exio.obj (.text:ExIOInit)
                  00216fc4    00000040     ethernet_uip.obj (.text:IPAddressRead)
                  00217004    00000040     rtsv7M3_T_le_eabi.lib : signal.obj (.text)
                  00217044    00000040     dhcpc.obj (.text:send_discover)
                  00217084    0000003e     dhcpc.obj (.text:add_req_options)
                  002170c2    0000003e     server_priv.obj (.text:group_add_var)
                  00217100    0000003c     ethernet_uip.obj (.text:EthernetProcessCMD)
                  0021713c    0000003c     md5.obj (.text:MD5Init)
                  00217178    0000003c     rtsv7M3_T_le_eabi.lib : boot.obj (.text)
                  002171b4    00000038     ihm.obj (.text:DisplayProcessData)
                  002171ec    00000038     rtc.obj (.text:RTCStopClock)
                  00217224    00000038     rs485.obj (.text:SetRS485Address)
                  0021725c    00000038     rtsv7M3_T_le_eabi.lib : i_tofs_t2.obj (.text)
                  00217294    00000038     uip.obj (.text:uip_send)
                  002172cc    00000036     driverlib.lib : cpu.obj (.text)
                  00217302    00000036     server_priv.obj (.text:func_check)
                  00217338    00000036     server_priv.obj (.text:group_remove_all)
                  0021736e    00000002     --HOLE-- [fill = 0]
                  00217370    00000034     flash_mem.obj (.text:FlashMemInit)
                  002173a4    00000034     ipc_lib.obj (.text:IPC_MtoC_Translate)
                  002173d8    00000034     rtc.obj (.text:RTCStatusOF)
                  0021740c    00000034     can_bkp.obj (.text:SendCanMessage)
                  00217440    00000034     system_task.obj (.text:TaskSetNew)
                  00217474    00000034     bsmp.obj (.text:binops_clear)
                  002174a8    00000034     rtsv7M3_T_le_eabi.lib : feraiseexcept.obj (.text)
                  002174dc    00000032     bsmp.obj (.text:binops_and)
                  0021750e    00000032     bsmp.obj (.text:binops_or)
                  00217540    00000032     bsmp.obj (.text:binops_xor)
                  00217572    00000002     --HOLE-- [fill = 0]
                  00217574    00000030     adcp.obj (.text:AdcpConfig)
                  002175a4    00000030     rs485.obj (.text:ConfigRS485)
                  002175d4    00000030     ipc_lib.obj (.text:IPC_CtoM_Translate)
                  00217604    00000030     system_task.obj (.text:TaskCheck)
                  00217634    00000030     rs485_bkp.obj (.text:UARTDisable)
                  00217664    00000030     dhcpc.obj (.text:add_msg_type)
                  00217694    00000030     dhcpc.obj (.text:add_req_ipaddr)
                  002176c4    00000030     dhcpc.obj (.text:add_server_id)
                  002176f4    00000030     httpd.obj (.text:httpd_insert_response)
                  00217724    00000030     rtsv7M3_T_le_eabi.lib : strncpy.obj (.text)
                  00217754    00000030                           : xferaise.obj (.text)
                  00217784    00000030     uip.obj (.text:uip_ipchksum)
                  002177b4    0000002e     rtsv7M3_T_le_eabi.lib : i_tofd_t2.obj (.text)
                  002177e2    0000002e                           : raise.obj (.text)
                  00217810    0000002c     adcp.obj (.text:AdcpRxIntEnable)
                  0021783c    0000002c     signals_onboard.obj (.text:HeartBeatLED)
                  00217868    0000002c     ipc_lib.obj (.text:IPCMtoCBusy)
                  00217894    0000002c     ethernet_uip.obj (.text:SysTickIntHandler)
                  002178c0    0000002a     rtsv7M3_T_le_eabi.lib : xdclass.obj (.text)
                  002178ea    0000002a     server_priv.obj (.text:var_check)
                  00217914    00000028     ctrl_law.obj (.text:CtrlLoopWrite)
                  0021793c    00000028     eeprom.obj (.text:EepromReadPSModel)
                  00217964    00000028     eeprom.obj (.text:EepromReadRs485Add)
                  0021798c    00000028     main_var.obj (.text:InterlockAlarmReset)
                  002179b4    00000024     adcp.obj (.text:AdcpRead)
                  002179d8    00000024     i2c_onboard.obj (.text:InitI2COnboard)
                  002179fc    00000024     bsmp_lib.obj (.text:Init_BSMP_var)
                  00217a20    00000024     rs485_bkp.obj (.text:UARTCharPutNonBlocking)
                  00217a44    00000024     rs485_bkp.obj (.text:UARTEnable)
                  00217a68    00000024     server_priv.obj (.text:group_init)
                  00217a8c    00000022     rtsv7M3_T_le_eabi.lib : frexp.obj (.text)
                  00217aae    00000022                           : memcmp.obj (.text)
                  00217ad0    00000020     main_var.obj (.text:ISetpointWrite)
                  00217af0    00000020     rtsv7M3_T_le_eabi.lib : memchr.obj (.text)
                  00217b10    0000001e     rs485_bkp.obj (.text:UARTIntStatus)
                  00217b2e    0000001e     uip_timer.obj (.text:timer_expired)
                  00217b4c    0000001c     main_var.obj (.text:OutputStsWrite)
                  00217b68    0000001c     rs485_bkp.obj (.text:UARTCharGetNonBlocking)
                  00217b84    0000001c     rs485_bkp.obj (.text:UARTTxIntModeSet)
                  00217ba0    0000001c     uip.obj (.text:htons)
                  00217bbc    0000001a     bsmp_lib.obj (.text:ConfigPSModel)
                  00217bd6    0000001a     rtsv7M3_T_le_eabi.lib : memccpy.obj (.text)
                  00217bf0    00000018     adcp.obj (.text:AdcpCleanRxBuffer)
                  00217c08    00000018     bsmp_lib.obj (.text:BSMPprocess)
                  00217c20    00000018     ctrl_law.obj (.text:CtrlLoopRead)
                  00217c38    00000018     ctrl_law.obj (.text:KiRead)
                  00217c50    00000018     ipc_lib.obj (.text:SendIpcFlag)
                  00217c68    00000018     rs485_bkp.obj (.text:UARTCharsAvail)
                  00217c80    00000018     rs485_bkp.obj (.text:UARTFIFOLevelSet)
                  00217c98    00000018     rs485_bkp.obj (.text:UARTIntEnable)
                  00217cb0    00000018     rs485_bkp.obj (.text:UARTSpaceAvail)
                  00217cc8    00000018     rtsv7M3_T_le_eabi.lib : args_main.obj (.text)
                  00217ce0    00000018                           : strcmp.obj (.text)
                  00217cf8    00000016     rs485_bkp.obj (.text:UARTCharGet)
                  00217d0e    00000016     rs485_bkp.obj (.text:UARTFIFOEnable)
                  00217d24    00000016     dhcpc.obj (.text:add_end)
                  00217d3a    00000016     rtsv7M3_T_le_eabi.lib : strchr.obj (.text)
                  00217d50    00000016                           : strcpy.obj (.text)
                  00217d66    00000016     uip_timer.obj (.text:timer_set)
                  00217d7c    00000014     httpd.obj (.text:httpd_get_command)
                  00217d90    00000014     rtsv7M3_T_le_eabi.lib : _lock.obj (.text)
                  00217da4    00000014                           : strlen.obj (.text)
                  00217db8    00000012     rs485_bkp.obj (.text:UARTIntClear)
                  00217dca    00000002     --HOLE-- [fill = 0]
                  00217dcc    00000010     ipc_lib.obj (.text:CtoMIPC1IntHandler)
                  00217ddc    00000010     ipc_lib.obj (.text:CtoMIPC2IntHandler)
                  00217dec    00000010     ipc_lib.obj (.text:CtoMIPC3IntHandler)
                  00217dfc    0000000e     bsmp_lib.obj (.text:DummyFunction)
                  00217e0a    0000000e     rtsv7M3_T_le_eabi.lib : copy_decompress_none.obj (.text:decompress:none)
                  00217e18    0000000c     httpd.obj (.text:BufferClear)
                  00217e24    0000000c     httpd.obj (.text:BufferLen)
                  00217e30    0000000c     rtc.obj (.text:DataHourRead)
                  00217e3c    0000000c     flash_mem.obj (.text:FlashDeviceIDRead)
                  00217e48    0000000c     main_var.obj (.text:IOutputRead)
                  00217e54    0000000c     main_var.obj (.text:ISetpointRead)
                  00217e60    0000000c     main_var.obj (.text:InterlockSts)
                  00217e6c    0000000c     ctrl_law.obj (.text:KpRead)
                  00217e78    0000000c     ihm.obj (.text:LocRemUpdate)
                  00217e84    0000000c     main_var.obj (.text:OutputStsRead)
                  00217e90    0000000c     rtc.obj (.text:RTCInit)
                  00217e9c    0000000c     rs485.obj (.text:ReadRS485Address)
                  00217ea8    0000000c     ethernet_uip.obj (.text:clock_time)
                  00217eb4    0000000c     rtsv7M3_T_le_eabi.lib : copy_zero_init.obj (.text:decompress:ZI)
                  00217ec0    0000000c     httpd.obj (.text:httpd_clear_command)
                  00217ecc    0000000c     httpd.obj (.text:httpd_init)
                  00217ed8    0000000a     uip.obj (.text:uip_tcpchksum)
                  00217ee2    00000002     --HOLE-- [fill = 0]
                  00217ee4    00000008     httpd.obj (.text:BufferAdress)
                  00217eec    00000008     dhcpc.obj (.text:dhcpc_appcall)
                  00217ef4    00000006     driverlib.lib : sysctl.obj (.text:SysCtlDelay)
                  00217efa    00000006     rtsv7M3_T_le_eabi.lib : copy_decompress_rle.obj (.text:decompress:rle24)
                  00217f00    00000004                           : error.obj (.text)
                  00217f04    00000004                           : pre_init.obj (.text)
                  00217f08    00000008     driverlib.lib : flash.obj (.tramp.FlashInit.1)

.const     0    00217f10    000002fc     
                  00217f10    00000101     rtsv7M3_T_le_eabi.lib : ctype.obj (.const:.string:_ctypes_)
                  00218011    00000003     --HOLE-- [fill = 0]
                  00218014    00000088     driverlib.lib : gpio.obj (.const:g_pulGPIOBaseAddrs)
                  0021809c    00000070                   : interrupt.obj (.const:g_pulRegs)
                  0021810c    00000064                   : sysctl.obj (.const)
                  00218170    00000026     bsmp_lib.obj (.const:.string)
                  00218196    00000002     --HOLE-- [fill = 0]
                  00218198    00000020     driverlib.lib : interrupt.obj (.const)
                  002181b8    00000020                   : ssi.obj (.const)
                  002181d8    00000012                   : can.obj (.const)
                  002181ea    0000000a     uip_arp.obj (.const)
                  002181f4    00000008     dhcpc.obj (.const:.string)
                  002181fc    00000008     uip.obj (.const:.string)
                  00218204    00000008     uip.obj (.const)

.cinit     0    00218210    000004c8     
                  00218210    000003fd     (.cinit..data.load) [load image, compression = rle]
                  0021860d    00000003     --HOLE-- [fill = 0]
                  00218610    0000000c     (__TI_handler_table)
                  0021861c    00000004     --HOLE-- [fill = 0]
                  00218620    0000000b     (.cinit.ETHERNETBUFFER.load) [load image, compression = rle]
                  0021862b    00000005     --HOLE-- [fill = 0]
                  00218630    0000000b     (.cinit.SERIALBUFFER.load) [load image, compression = rle]
                  0021863b    00000005     --HOLE-- [fill = 0]
                  00218640    00000008     (.cinit..bss.1.load) [load image, compression = zero_init]
                  00218648    00000008     (.cinit..bss.2.load) [load image, compression = zero_init]
                  00218650    00000008     (.cinit..vtable.load) [load image, compression = zero_init]
                  00218658    00000008     (.cinit.MTOC_MSG_RAM.load) [load image, compression = zero_init]
                  00218660    00000008     (.cinit.SHARERAMS0.load) [load image, compression = zero_init]
                  00218668    00000008     (.cinit.SHARERAMS1.load) [load image, compression = zero_init]
                  00218670    00000008     (.cinit.SHARERAMS45.load) [load image, compression = zero_init]
                  00218678    00000008     (.cinit.SHARERAMS67.load) [load image, compression = zero_init]
                  00218680    00000058     (__TI_cinit_table)

.TI.crctab 
*          0    002186d8    00000068     
                  002186d8    00000068     (.TI.crctab:AppCrc)

.stack     0    200000bc    00000100     UNINITIALIZED
                  200000bc    00000100     --HOLE--

.sysmem    0    200001c0    00000008     UNINITIALIZED
                  200001c0    00000008     rtsv7M3_T_le_eabi.lib : memory.obj (.sysmem)

.vtable    0    20000400    00000258     UNINITIALIZED
                  20000400    00000258     driverlib.lib : interrupt.obj (.vtable)

.data      0    20006000    00001177     UNINITIALIZED
                  20006000    00000400     bsmp.obj (.data:bin_op)
                  20006400    00000400     server.obj (.data:command)
                  20006800    0000030c     bsmp_lib.obj (.data)
                  20006b0c    00000106     rs485_bkp.obj (.data:recv_buffer)
                  20006c12    00000106     rs485_bkp.obj (.data:send_buffer)
                  20006d18    000000f0     rtsv7M3_T_le_eabi.lib : defs.obj (.data:_ftable)
                  20006e08    000000d0                           : lowlev.obj (.data)
                  20006ed8    000000b0                           : signal.obj (.data:sigtable)
                  20006f88    00000080                           : xvalues.obj (.data)
                  20007008    00000040     md5.obj (.data:PADDING)
                  20007048    00000028     bsmp_lib.obj (.data:samples_buffer)
                  20007070    00000028     bsmp_lib.obj (.data:sigGen_SweepAmp)
                  20007098    00000028     bsmp_lib.obj (.data:wfm_curve)
                  200070c0    0000001e     ethernet_uip.obj (.data)
                  200070de    00000002     ihm.obj (.data)
                  200070e0    00000015     rs485.obj (.data)
                  200070f5    00000001     exio.obj (.data)
                  200070f6    00000012     adcp.obj (.data)
                  20007108    00000011     can_bkp.obj (.data)
                  20007119    00000003     --HOLE--
                  2000711c    00000010     rtsv7M3_T_le_eabi.lib : defs.obj (.data)
                  2000712c    0000000c     rs485_bkp.obj (.data)
                  20007138    0000000c     rtsv7M3_T_le_eabi.lib : memory.obj (.data)
                  20007144    00000008                           : _lock.obj (.data)
                  2000714c    00000008                           : exit.obj (.data)
                  20007154    00000008                           : feraiseexcept.obj (.data)
                  2000715c    00000006     uip.obj (.data)
                  20007162    00000002     --HOLE--
                  20007164    00000004     rtsv7M3_T_le_eabi.lib : errno.obj (.data)
                  20007168    00000004                           : fopen.obj (.data)
                  2000716c    00000004                           : stkdepth_vars.obj (.data)
                  20007170    00000003     httpd.obj (.data)
                  20007173    00000001     --HOLE--
                  20007174    00000003     timer.obj (.data)

SHARERAMS0 
*          0    20008000    00000670     UNINITIALIZED
                  20008000    00000670     structs.obj (SHARERAMS0)

SHARERAMS1 
*          0    2000a000    00000670     UNINITIALIZED
                  2000a000    00000670     structs.obj (SHARERAMS1)

.TI.persistent 
*          0    20006000    00000000     UNINITIALIZED

SHARERAMS45 
*          0    20010000    00004000     UNINITIALIZED
                  20010000    00004000     bsmp_lib.obj (SHARERAMS45)

SHARERAMS67 
*          0    20014000    00004000     UNINITIALIZED
                  20014000    00004000     bsmp_lib.obj (SHARERAMS67)

.bss.1     0    20018000    00002000     UNINITIALIZED
                  20018000    0000185c     bsmp_lib.obj (.bss:bsmp)
                  2001985c    00000644     ethernet_uip.obj (.bss:ucUIPBuffer)
                  20019ea0    00000120     rtsv7M3_T_le_eabi.lib : trgmsg.obj (.bss:__CIOBUF_)
                  20019fc0    00000040     uip.obj (.bss:uip_conns)

.bss.2     0    2001a000    000010ab     UNINITIALIZED
                  2001a000    00000634     uip.obj (.bss:uip_reassbuf)
                  2001a634    00000110     ihm.obj (.bss:Dado)
                  2001a744    000000a0     rtsv7M3_T_le_eabi.lib : defs.obj (.bss:__TI_tmpnams)
                  2001a7e4    0000001c                           : vla_alloc.obj (.bss)
                  2001a800    00000400     ethernet_uip.obj (.bss:g_sDMAControlTable)
                  2001ac00    00000105     ihm.obj (.bss:Mensagem)
                  2001ad05    00000001     (.common:IPADDR0)
                  2001ad06    00000002     (.common:count)
                  2001ad08    00000100     uip.obj (.bss:uip_udp_conns)
                  2001ae08    00000060     uip_arp.obj (.bss:arp_table)
                  2001ae68    00000034     dhcpc.obj (.bss:s)
                  2001ae9c    00000034     uip.obj (.bss:uip_stat)
                  2001aed0    00000020     (.common:data_eeprom)
                  2001aef0    00000018     (.common:Mod1Q1)
                  2001af08    00000018     (.common:Mod2Q1)
                  2001af20    00000018     (.common:uip_reassbitmap)
                  2001af38    00000014     (.common:sCANMessage)
                  2001af4c    00000014     (.common:sCANMessageTx)
                  2001af60    0000000c     (.common:AnalogCh0)
                  2001af6c    0000000c     (.common:AnalogCh1)
                  2001af78    0000000c     (.common:AnalogCh2)
                  2001af84    0000000c     (.common:AnalogCh3)
                  2001af90    0000000c     (.common:AnalogCh4)
                  2001af9c    0000000c     (.common:AnalogCh5)
                  2001afa8    0000000c     (.common:AnalogCh6)
                  2001afb4    0000000c     (.common:AnalogCh7)
                  2001afc0    0000000c     (.common:data)
                  2001afcc    0000000c     (.common:data_exio)
                  2001afd8    00000008     (.common:DataHour)
                  2001afe0    00000008     (.common:SerialNumber)
                  2001afe8    00000008     (.common:parmbuf)
                  2001aff0    00000008     (.common:pui8MsgData)
                  2001aff8    00000008     (.common:pui8MsgDataTx)
                  2001b000    00000008     (.common:recv_packet)
                  2001b008    00000008     (.common:response_to_client)
                  2001b010    00000008     (.common:uip_listenports)
                  2001b018    00000006     (.common:sTempAddr)
                  2001b01e    00000002     (.common:dummy_read)
                  2001b020    00000004     (.common:addIP)
                  2001b024    00000004     (.common:dummy_float_memory)
                  2001b028    00000004     (.common:dummy_u16_memory)
                  2001b02c    00000004     (.common:dummy_u32_memory)
                  2001b030    00000004     (.common:floatNchars)
                  2001b034    00000004     (.common:floatNchars)
                  2001b038    00000004     (.common:g_ulFlags)
                  2001b03c    00000004     (.common:ipaddr)
                  2001b040    00000004     (.common:ipaddr)
                  2001b044    00000004     (.common:iss)
                  2001b048    00000004     (.common:lARPTimer)
                  2001b04c    00000004     (.common:lPeriodicTimer)
                  2001b050    00000004     (.common:uip_acc32)
                  2001b054    00000004     (.common:uip_appdata)
                  2001b058    00000004     (.common:uip_buf)
                  2001b05c    00000004     (.common:uip_conn)
                  2001b060    00000004     (.common:uip_draddr)
                  2001b064    00000004     (.common:uip_hostaddr)
                  2001b068    00000004     (.common:uip_netmask)
                  2001b06c    00000004     (.common:uip_sappdata)
                  2001b070    00000004     (.common:uip_udp_conn)
                  2001b074    00000004     (.common:ulLoop)
                  2001b078    00000004     (.common:ulTemp)
                  2001b07c    00000004     (.common:ulTimeout)
                  2001b080    00000002     (.common:ipid)
                  2001b082    00000002     (.common:lastport)
                  2001b084    00000002     (.common:loop_count)
                  2001b086    00000002     (.common:tmp16)
                  2001b088    00000002     (.common:uip_len)
                  2001b08a    00000002     (.common:uip_reasslen)
                  2001b08c    00000002     (.common:uip_slen)
                  2001b08e    00000001     (.common:IPADDR1)
                  2001b08f    00000001     (.common:IPADDR2)
                  2001b090    00000001     (.common:IPADDR3)
                  2001b091    00000001     (.common:READ_IIB)
                  2001b092    00000001     (.common:READ_RTC)
                  2001b093    00000001     (.common:add485)
                  2001b094    00000001     (.common:arptime)
                  2001b095    00000001     (.common:c)
                  2001b096    00000001     (.common:c)
                  2001b097    00000001     (.common:i)
                  2001b098    00000001     (.common:opt)
                  2001b099    00000001     (.common:read_adcp)
                  2001b09a    00000001     (.common:read_add_IP)
                  2001b09b    00000001     (.common:read_add_rs485)
                  2001b09c    00000001     (.common:read_display_sts)
                  2001b09d    00000001     (.common:read_flash_sn)
                  2001b09e    00000001     (.common:read_isodcdc_sts)
                  2001b09f    00000001     (.common:read_rtc)
                  2001b0a0    00000001     (.common:read_rtc_status)
                  2001b0a1    00000001     (.common:set_add_IP)
                  2001b0a2    00000001     (.common:set_add_rs485)
                  2001b0a3    00000001     (.common:set_display_sts)
                  2001b0a4    00000001     (.common:set_isodcdc_sts)
                  2001b0a5    00000001     (.common:stsdisp)
                  2001b0a6    00000001     (.common:stsisodcdc)
                  2001b0a7    00000001     (.common:tmpage)
                  2001b0a8    00000001     (.common:uip_flags)
                  2001b0a9    00000001     (.common:uip_reassflags)
                  2001b0aa    00000001     (.common:uip_reasstmr)

SERIALBUFFER 
*          0    20022000    0000839c     UNINITIALIZED
                  20022000    0000839c     rs485.obj (SERIALBUFFER)

ETHERNETBUFFER 
*          0    2002c000    000027da     UNINITIALIZED
                  2002c000    00002008     httpd.obj (ETHERNETBUFFER)
                  2002e008    000007d2     ethernet_uip.obj (ETHERNETBUFFER)

MTOC_MSG_RAM 
*          0    2007f800    0000012c     UNINITIALIZED
                  2007f800    0000012c     ipc_lib.obj (MTOC_MSG_RAM)

CTOM_MSG_RAM 
*          0    2007f000    00000044     DSECT
                  2007f000    00000044     ipc_lib.obj (CTOM_MSG_RAM)


LINKER GENERATED COPY TABLES

__TI_cinit_table @ 00218680 records: 11, size/record: 8, table size: 88
	.data: load addr=00218210, load size=000003fd bytes, run addr=20006000, run size=00001177 bytes, compression=rle
	ETHERNETBUFFER: load addr=00218620, load size=0000000b bytes, run addr=2002c000, run size=000027da bytes, compression=rle
	SERIALBUFFER: load addr=00218630, load size=0000000b bytes, run addr=20022000, run size=0000839c bytes, compression=rle
	.bss.1: load addr=00218640, load size=00000008 bytes, run addr=20018000, run size=00002000 bytes, compression=zero_init
	.bss.2: load addr=00218648, load size=00000008 bytes, run addr=2001a000, run size=000010ab bytes, compression=zero_init
	.vtable: load addr=00218650, load size=00000008 bytes, run addr=20000400, run size=00000258 bytes, compression=zero_init
	MTOC_MSG_RAM: load addr=00218658, load size=00000008 bytes, run addr=2007f800, run size=0000012c bytes, compression=zero_init
	SHARERAMS0: load addr=00218660, load size=00000008 bytes, run addr=20008000, run size=00000670 bytes, compression=zero_init
	SHARERAMS1: load addr=00218668, load size=00000008 bytes, run addr=2000a000, run size=00000670 bytes, compression=zero_init
	SHARERAMS45: load addr=00218670, load size=00000008 bytes, run addr=20010000, run size=00004000 bytes, compression=zero_init
	SHARERAMS67: load addr=00218678, load size=00000008 bytes, run addr=20014000, run size=00004000 bytes, compression=zero_init


LINKER GENERATED HANDLER TABLE

__TI_handler_table @ 00218610 records: 3, size/record: 4, table size: 12
	index: 0, handler: __TI_zero_init
	index: 1, handler: __TI_decompress_rle24
	index: 2, handler: __TI_decompress_none


LINKER GENERATED CRC TABLES

AppCrc @ 002186d8 records: 4, size/record: 24, table size: 104
	ramfuncs: algorithm=CRC32_PRIME(ID=0), load addr=00201258, size=000000bc, CRC=000000004cce7c01
	.text: algorithm=CRC32_PRIME(ID=0), load addr=00208000, size=0000ff10, CRC=00000000987a5842
	.const: algorithm=CRC32_PRIME(ID=0), load addr=00217f10, size=000002fc, CRC=00000000f270dea0
	.cinit: algorithm=CRC32_PRIME(ID=0), load addr=00218210, size=000004c8, CRC=00000000df635194


FAR CALL TRAMPOLINES

callee name               trampoline name
   callee addr  tramp addr   call addr  call info
--------------  -----------  ---------  ----------------
FlashInit                 $Tramp$TT$L$PI$$FlashInit
   20000001     00217f08     00210664   main.obj (.text:main)

[1 trampolines]
[1 trampoline calls]


GLOBAL SYMBOLS: SORTED ALPHABETICALLY BY Name 

address   name                            
-------   ----                            
200070f6  ADCP_TxTable                    
0021045d  AdcChannel                      
002111cd  AdcChannelAppConfig             
00217bf1  AdcpCleanRxBuffer               
00217575  AdcpConfig                      
00212edd  AdcpInit                        
00213e91  AdcpIntHandler                  
002179b5  AdcpRead                        
00217811  AdcpRxIntEnable                 
2001af60  AnalogCh0                       
2001af6c  AnalogCh1                       
2001af78  AnalogCh2                       
2001af84  AnalogCh3                       
2001af90  AnalogCh4                       
2001af9c  AnalogCh5                       
2001afa8  AnalogCh6                       
2001afb4  AnalogCh7                       
002186d8  AppCrc                          
20007130  Arm1                            
20007134  Arm2                            
0020ce39  BSMPInit                        
00217c09  BSMPprocess                     
00217ee5  BufferAdress                    
00217e19  BufferClear                     
00217e25  BufferLen                       
00216ec1  C$$EXIT                         
00216367  C$$IO$$                         
0020c499  CANBitRateSet                   
0020c46d  CANBitTimingGet                 
0020c503  CANBitTimingSet                 
0020c447  CANClkSourceSelect              
0020c43d  CANDisable                      
0020c433  CANEnable                       
0020c619  CANErrCntrGet                   
0020c3ab  CANInit                         
0020c5a9  CANIntClear                     
0020c58b  CANIntDisable                   
0020c583  CANIntEnable                    
00210d49  CANIntHandler                   
0020c557  CANIntRegister                  
0020c595  CANIntStatus                    
0020c56f  CANIntUnregister                
0020c8a1  CANMessageClear                 
0020c775  CANMessageGet                   
0020c631  CANMessageSet                   
0020c5e5  CANRetryGet                     
0020c5d3  CANRetrySet                     
0020c5f1  CANStatusGet                    
002172f9  CPUbasepriGet                   
002172f3  CPUbasepriSet                   
002172cd  CPUcpsid                        
002172e3  CPUcpsie                        
002172d9  CPUprimask                      
002172ef  CPUwfi                          
0020d305  CanCheck                        
00215915  ClosedLoop                      
00215cd5  ConfigDPModule                  
00217bbd  ConfigPSModel                   
002175a5  ConfigRS485                     
002131a9  ConfigSigGen                    
00216829  ConfigWfmRef                    
20007118  Counter                         
00217dcd  CtoMIPC1IntHandler              
00217ddd  CtoMIPC2IntHandler              
00217ded  CtoMIPC3IntHandler              
00217c21  CtrlLoopRead                    
00217915  CtrlLoopWrite                   
00216599  CtrllawInit                     
2000a000  DP_Framework                    
20008000  DP_Framework_MtoC               
2001a634  Dado                            
2001afd8  DataHour                        
00217e31  DataHourRead                    
00216c39  DcdcPwrCtrl                     
00216f05  DcdcSts                         
002155a1  DisableSigGen                   
002171b5  DisplayProcessData              
00216c81  DisplayPwrCtrl                  
00216f45  DisplayPwrOCSts                 
00217dfd  DummyFunction                   
00216131  EepromReadIP                    
00216199  EepromReadIPMask                
002165f9  EepromReadKi                    
00216659  EepromReadKp                    
0021793d  EepromReadPSModel               
00217965  EepromReadRs485Add              
00216201  EepromReadRs485BaudRate         
00214ba9  EepromWriteIP                   
00214c41  EepromWriteIPMask               
002140a1  EepromWriteKd                   
0021414d  EepromWriteKi                   
002141f9  EepromWriteKp                   
00215d49  EepromWritePSModel              
00215dbd  EepromWriteRs485Add             
00214cd9  EepromWriteRs485BaudRate        
002142a5  EnablePeripherals               
00215621  EnableSigGen                    
002125ad  EthLoadParam                    
0020e5f9  EthernetConfigGet               
0020e5cd  EthernetConfigSet               
0020e68d  EthernetDisable                 
0020e66b  EthernetEnable                  
0020f469  EthernetInit                    
0020e5bd  EthernetInitExpClk              
0020e84b  EthernetIntClear                
0020e835  EthernetIntDisable              
0020e82d  EthernetIntEnable               
002137a9  EthernetIntHandler              
0020e80d  EthernetIntRegister             
0020e83f  EthernetIntStatus               
0020e81d  EthernetIntUnregister           
0020e641  EthernetMACAddrGet              
0020e613  EthernetMACAddrSet              
0020e88f  EthernetPHYPowerOff             
0020e8ab  EthernetPHYPowerOn              
0020e86f  EthernetPHYRead                 
0020e84f  EthernetPHYWrite                
0020e6af  EthernetPacketAvail             
0020e763  EthernetPacketGet               
00211491  EthernetPacketGetDMA            
0020e753  EthernetPacketGetNonBlocking    
0020e803  EthernetPacketPut               
0020e7f3  EthernetPacketPutNonBlocking    
00217101  EthernetProcessCMD              
0020fe49  EthernetProcessData             
0020e6bd  EthernetSpaceAvail              
00216f85  ExIOInit                        
00217e3d  FlashDeviceIDRead               
20000001  FlashInit                       
00217371  FlashMemInit                    
0020f9a9  FlashMemReadSerialNumber        
20000057  FlashSetup                      
0020d81f  GPIODirModeGet                  
0020d7ef  GPIODirModeSet                  
0020d88f  GPIOIntTypeGet                  
0020d849  GPIOIntTypeSet                  
0020d923  GPIOPadConfigGet                
0020d8c9  GPIOPadConfigSet                
0020dab1  GPIOPinConfigure                
0020db15  GPIOPinConfigureCoreSelect      
0020d987  GPIOPinIntClear                 
0020d96b  GPIOPinIntDisable               
0020d95f  GPIOPinIntEnable                
0020d979  GPIOPinIntStatus                
0020db3f  GPIOPinLock                     
0020db35  GPIOPinLockStatus               
0020d9b9  GPIOPinRead                     
0020d9c5  GPIOPinTypeCAN                  
0020da95  GPIOPinTypeEPI                  
0020d9d9  GPIOPinTypeGPIOInput            
0020d9ed  GPIOPinTypeGPIOOutput           
0020da01  GPIOPinTypeGPIOOutputOD         
0020da15  GPIOPinTypeI2C                  
0020da29  GPIOPinTypeSSI                  
0020da3d  GPIOPinTypeTimer                
0020da51  GPIOPinTypeUART                 
0020da81  GPIOPinTypeUSBAnalog            
0020da69  GPIOPinTypeUSBDigital           
0020db65  GPIOPinUnlock                   
0020d9bf  GPIOPinWrite                    
0020d98d  GPIOPortIntRegister             
0020d9a5  GPIOPortIntUnregister           
002169cd  GlobalTimerInit                 
0021646d  GlobalTimerIntHandler           
0020f151  HOSTclock                       
0020f119  HOSTclose                       
0020f0db  HOSTgetenv                      
0020f07f  HOSTlseek                       
0020f02d  HOSTopen                        
0020efe1  HOSTread                        
0020ef83  HOSTrename                      
0020ef49  HOSTtime                        
0020ef11  HOSTunlink                      
0020eec5  HOSTwrite                       
0021783d  HeartBeatLED                    
002110d1  I2CIntRegister                  
002110ed  I2CIntUnregister                
00211189  I2CMasterBusBusy                
00211181  I2CMasterBusy                   
00211191  I2CMasterControl                
002111b3  I2CMasterDataGet                
002111af  I2CMasterDataPut                
002110b5  I2CMasterDisable                
00211099  I2CMasterEnable                 
00211195  I2CMasterErr                    
0021105d  I2CMasterInitExpClk             
00211169  I2CMasterIntClear               
00211121  I2CMasterIntDisable             
00211109  I2CMasterIntEnable              
0021113b  I2CMasterIntStatus              
00211179  I2CMasterSlaveAddrSet           
002111bf  I2CSlaveDataGet                 
002111bb  I2CSlaveDataPut                 
002110bf  I2CSlaveDisable                 
002110a3  I2CSlaveEnable                  
0021108b  I2CSlaveInit                    
0021116f  I2CSlaveIntClear                
00211175  I2CSlaveIntClearEx              
00211127  I2CSlaveIntDisable              
00211131  I2CSlaveIntDisableEx            
0021110f  I2CSlaveIntEnable               
00211119  I2CSlaveIntEnableEx             
0021114d  I2CSlaveIntStatus               
0021115f  I2CSlaveIntStatusEx             
002111b7  I2CSlaveStatus                  
00215e31  IHMIntHandler                   
00217e49  IOutputRead                     
2001ad05  IPADDR0                         
2001b08e  IPADDR1                         
2001b08f  IPADDR2                         
2001b090  IPADDR3                         
00216fc5  IPAddressRead                   
00212361  IPAddressWrite                  
00210b9d  IPCCtoMFlagAcknowledge          
00210ba7  IPCCtoMFlagBusy                 
0021328d  IPCInit                         
0020cc51  IPCLiteCtoMClearBits            
0020ccab  IPCLiteCtoMClearBits_Protected  
0020cb2f  IPCLiteCtoMDataRead             
0020cd1b  IPCLiteCtoMDataWrite            
0020cd71  IPCLiteCtoMDataWrite_Protected  
0020cddd  IPCLiteCtoMFunctionCall         
0020cb77  IPCLiteCtoMSetBits              
0020cbd9  IPCLiteCtoMSetBits_Protected    
0020cb09  IPCLiteMtoCBootBranch           
0020c9d7  IPCLiteMtoCClearBits            
0020ca1f  IPCLiteMtoCClearBits_Protected  
0020c8e9  IPCLiteMtoCDataRead             
0020ca67  IPCLiteMtoCDataWrite            
0020caa1  IPCLiteMtoCDataWrite_Protected  
0020cadb  IPCLiteMtoCFunctionCall         
0020c8c1  IPCLiteMtoCGetResult            
0020c927  IPCLiteMtoCSetBits              
0020c97f  IPCLiteMtoCSetBits_Protected    
00210bf9  IPCMtoCBootControlSystem        
00217869  IPCMtoCBusy                     
00210bb9  IPCMtoCFlagBusy                 
00210bd7  IPCMtoCFlagClear                
00210bcb  IPCMtoCFlagSet                  
00210be3  IPCMtoCSharedRamConvert         
2007f000  IPC_CtoM_Msg                    
002175d5  IPC_CtoM_Translate              
2007f800  IPC_MtoC_Msg                    
002173a5  IPC_MtoC_Translate              
200070d8  IPMASK0                         
200070d9  IPMASK1                         
200070da  IPMASK2                         
200070db  IPMASK3                         
00217e55  ISetpointRead                   
00217ad1  ISetpointWrite                  
00211af5  InitCanBkp                      
00216abd  InitDisplay                     
002179d9  InitI2COnboard                  
00216cc9  InitRS485                       
00216a1d  InitRS485BKP                    
002179fd  Init_BSMP_var                   
0020f2f5  IntDisable                      
0020f279  IntEnable                       
0020f1af  IntFlashVTable                  
0020f1a5  IntMasterDisable                
0020f19b  IntMasterEnable                 
0020f3df  IntPendClear                    
0020f373  IntPendSet                      
0020f25f  IntPriorityGet                  
0020f211  IntPriorityGroupingGet          
0020f1ff  IntPriorityGroupingSet          
002172f9  IntPriorityMaskGet              
002172f3  IntPriorityMaskSet              
0020f233  IntPrioritySet                  
0020f1bd  IntRAMVTable                    
0020f1cb  IntRegister                     
0020f1f5  IntUnregister                   
0021798d  InterlockAlarmReset             
00217e61  InterlockSts                    
20007115  ItlkOld1                        
20007116  ItlkOld2                        
00217c39  KiRead                          
0021530d  KiWrite                         
00217e6d  KpRead                          
002150ed  KpWrite                         
00217e79  LocRemUpdate                    
200070d0  MAC_ADDRESS                     
00216269  MD5Final                        
0021713d  MD5Init                         
00213dd9  MD5Update                       
2001ac00  Mensagem                        
2001aef0  Mod1Q1                          
2001af08  Mod2Q1                          
00215391  OpMode                          
0021598d  OpenLoop                        
00217e85  OutputStsRead                   
00217b4d  OutputStsWrite                  
00212fd1  PinCorSet                       
0021352d  PinoutSet                       
0020af15  ProcessCmd                      
00216d11  PwmEletrCtrl                    
00216d59  PwmFiberCtrl                    
00212a79  RAMControlInitL0L3Ram           
00212a0f  RAMControlInitM1MsgRam          
002129e9  RAMMReqSharedMemAccess          
2001b091  READ_IIB                        
2001b092  READ_RTC                        
00215415  RS485BKPIntHandler              
00213d21  RS485BKPTxHandler               
00212109  RS485IntHandler                 
00214899  RS485ProcessData                
00215721  RS485TxHandler                  
002166b9  RTCCheckOF                      
0021687d  RTCClearHT                      
00217e91  RTCInit                         
002115e5  RTCReadDataHour                 
002173d9  RTCStatusOF                     
002171ed  RTCStopClock                    
00215a05  RTCWriteDataHour                
00201314  RamfuncsLoadEnd                 
000000bc  RamfuncsLoadSize                
00201258  RamfuncsLoadStart               
200000bc  RamfuncsRunEnd                  
000000bc  RamfuncsRunSize                 
20000000  RamfuncsRunStart                
00213371  ReadI2C                         
00217e9d  ReadRS485Address                
00200031  ResetISR                        
0021505d  ResetInterlocks                 
UNDEFED   SHT$$INIT_ARRAY$$Base           
UNDEFED   SHT$$INIT_ARRAY$$Limit          
0021259f  SSIBusy                         
002124af  SSIConfigSetExpClk              
00212595  SSIDMADisable                   
0021258d  SSIDMAEnable                    
0021256f  SSIDataGet                      
0021257b  SSIDataGetNonBlocking           
00212555  SSIDataPut                      
0021255f  SSIDataPutNonBlocking           
002124ff  SSIDisable                      
002124f5  SSIEnable                       
00212551  SSIIntClear                     
0021253d  SSIIntDisable                   
00212535  SSIIntEnable                    
00212509  SSIIntRegister                  
00212547  SSIIntStatus                    
00212521  SSIIntUnregister                
0021740d  SendCanMessage                  
00213879  SendDisplay                     
00217c51  SendIpcFlag                     
00214d71  SeparaDado                      
2001afe0  SerialNumber                    
00214555  SetISlowRef                     
00217225  SetRS485Address                 
0020c0b5  SysCtlC28Disable                
0020c09d  SysCtlC28Enable                 
0020bfd5  SysCtlClockConfigGet            
0020bf8f  SysCtlClockConfigSet            
0020bd39  SysCtlClockDividersSet          
0020c029  SysCtlClockGet                  
0020be6d  SysCtlClockPllConfig            
0020bc6d  SysCtlDeepSleep                 
00217ef5  SysCtlDelay                     
0020c219  SysCtlEnableAERRNMI             
0020b9f7  SysCtlFlashSizeGet              
0020c0ed  SysCtlGPIOAHBDisable            
0020c0d1  SysCtlGPIOAHBEnable             
0020c22f  SysCtlGetNmiConfig              
0020c243  SysCtlGetNmiFlagStatus          
0020c235  SysCtlGetNmiInterruptStatus     
0020c299  SysCtlHoldSubSystemInReset      
0020c263  SysCtlNmiFlgClr                 
0020c27b  SysCtlNmiFlgClrAll              
0020c251  SysCtlNmiIsSet                  
0020bc41  SysCtlPeripheralClockGating     
0020bc19  SysCtlPeripheralDeepSleepDisable
0020bbf1  SysCtlPeripheralDeepSleepEnable 
0020bb5b  SysCtlPeripheralDisable         
0020bb33  SysCtlPeripheralEnable          
0020bb83  SysCtlPeripheralIsEnabled       
0020ba03  SysCtlPeripheralPresent         
0020ba67  SysCtlPeripheralReset           
0020bbc9  SysCtlPeripheralSleepDisable    
0020bba1  SysCtlPeripheralSleepEnable     
0020be45  SysCtlPowerOffPLL               
0020c2c9  SysCtlReleaseSubSystemFromReset 
0020bc65  SysCtlReset                     
0020bc8f  SysCtlResetCauseClear           
0020bc87  SysCtlResetCauseGet             
0020b9d9  SysCtlSRAMSizeGet               
002172ef  SysCtlSleep                     
0020c2eb  SysCtlSubSystemReset            
0020c1f7  SysCtlUSBPLLConfigGet           
0020c15b  SysCtlUSBPLLConfigSet           
0020c143  SysCtlUSBPLLDisable             
0020c111  SysCtlUSBPLLEnable              
0020bc9d  SysCtlXPllClockDividerSet       
00215b79  SysTickDisable                  
00215b6d  SysTickEnable                   
00215bb7  SysTickIntDisable               
00215bab  SysTickIntEnable                
00217895  SysTickIntHandler               
00215b85  SysTickIntRegister              
00215b9b  SysTickIntUnregister            
00215bcd  SysTickPeriodGet                
00215bc3  SysTickPeriodSet                
00215bd7  SysTickValueGet                 
00216779  SystemInit                      
20006800  TIMEOUT_VALUE                   
00217605  TaskCheck                       
00217441  TaskSetNew                      
002145fd  TestEepromMemory                
0020fc39  TimerConfigure                  
0020fc7f  TimerControlEvent               
0020fc53  TimerControlLevel               
0020fc93  TimerControlStall               
0020fc69  TimerControlTrigger             
0020fca9  TimerControlWaitOnTrigger       
0020fc2b  TimerDisable                    
0020fc1d  TimerEnable                     
0020fe31  TimerIntClear                   
0020fe1d  TimerIntDisable                 
0020fe15  TimerIntEnable                  
0020fd77  TimerIntRegister                
0020fe27  TimerIntStatus                  
0020fdc9  TimerIntUnregister              
0020fd41  TimerLoadGet                    
0020fd2f  TimerLoadSet                    
0020fd6b  TimerMatchGet                   
0020fd59  TimerMatchSet                   
0020fd05  TimerPrescaleGet                
0020fd23  TimerPrescaleMatchGet           
0020fd11  TimerPrescaleMatchSet           
0020fcf3  TimerPrescaleSet                
0020fce9  TimerRTCDisable                 
0020fcdf  TimerRTCEnable                  
0020fd4d  TimerValueGet                   
00215a7d  TurnOff                         
00215af5  TurnOn                          
00217cf9  UARTCharGet                     
00217b69  UARTCharGetNonBlocking          
00217a21  UARTCharPutNonBlocking          
00217c69  UARTCharsAvail                  
00215c5d  UARTConfigSetExpClk             
00217635  UARTDisable                     
00217a45  UARTEnable                      
00217d0f  UARTFIFOEnable                  
00217c81  UARTFIFOLevelSet                
00217db9  UARTIntClear                    
00217c99  UARTIntEnable                   
00217b11  UARTIntStatus                   
00217cb1  UARTSpaceAvail                  
00217b85  UARTTxIntModeSet                
00214405  WatchdogEnable                  
00214481  WatchdogIntClear                
0021446d  WatchdogIntEnable               
0021444d  WatchdogIntRegister             
00214477  WatchdogIntStatus               
0021445d  WatchdogIntUnregister           
00214423  WatchdogLock                    
00214433  WatchdogLockState               
00214445  WatchdogReloadGet               
00214441  WatchdogReloadSet               
00214419  WatchdogResetDisable            
0021440f  WatchdogResetEnable             
002143fd  WatchdogRunning                 
00214495  WatchdogStallDisable            
00214487  WatchdogStallEnable             
0021442b  WatchdogUnlock                  
00214449  WatchdogValueGet                
00215f15  WfmRefUpdate                    
00215499  WriteI2C                        
002178c1  _Dclass                         
20006f88  _Denorm                         
00213c63  _Dnorm                          
002126c5  _Dscale                         
00216407  _Dunscale                       
20006f98  _Eps                            
20007164  _Errno                          
20007154  _Fenv                           
00217755  _Feraise                        
20006fa8  _Hugeval                        
20006fb8  _Inf                            
20006fc8  _Nan                            
20006fe8  _Rteps                          
20006fd8  _Snan                           
20007158  _Tls_setup__Fenv                
20006ff8  _Xbig                           
20007000  _Zero                           
20019ea0  __CIOBUF_                       
200001bc  __STACK_END                     
00000100  __STACK_SIZE                    
200001bc  __STACK_TOP                     
00000008  __SYSMEM_SIZE                   
00218680  __TI_CINIT_Base                 
002186d8  __TI_CINIT_Limit                
002186d8  __TI_CRC_AppCrc                 
00218610  __TI_Handler_Table_Base         
0021861c  __TI_Handler_Table_Limit        
00215f81  __TI_auto_init                  
002108e9  __TI_cleanup                    
2000714c  __TI_cleanup_ptr                
00214e09  __TI_closefile                  
00217e0b  __TI_decompress_none            
00217efb  __TI_decompress_rle24           
00213ad5  __TI_doflush                    
20007150  __TI_dtors_ptr                  
2000711c  __TI_ft_end                     
00209ffd  __TI_printfi                    
0021450b  __TI_rd_ok                      
0021636b  __TI_readmsg                    
00218210  __TI_static_base__              
2001a744  __TI_tmpnams                    
00216339  __TI_writemsg                   
002144a9  __TI_wrt_ok                     
00217eb5  __TI_zero_init                  
00217f01  __abort_execution               
00215179  __aeabi_cdcmpeq                 
00215179  __aeabi_cdcmple                 
002151ff  __aeabi_cdrcmple                
00216719  __aeabi_cfcmpeq                 
00216719  __aeabi_cfcmple                 
00216de9  __aeabi_d2iz                    
002109ef  __aeabi_dadd                    
00211d6d  __aeabi_ddiv                    
00212bf1  __aeabi_dmul                    
002109e5  __aeabi_dsub                    
00215821  __aeabi_fmul                    
002177b5  __aeabi_i2d                     
0021725d  __aeabi_i2f                     
0021589b  __aeabi_memclr                  
0021589b  __aeabi_memclr4                 
0021589b  __aeabi_memclr8                 
00214a71  __aeabi_memcpy                  
00214a71  __aeabi_memcpy4                 
00214a71  __aeabi_memcpy8                 
0021589d  __aeabi_memset                  
0021589d  __aeabi_memset4                 
0021589d  __aeabi_memset8                 
20007128  __aeabi_stderr                  
20007120  __aeabi_stdin                   
20007124  __aeabi_stdout                  
00210269  __aeabi_uldivmod                
ffffffff  __binit__                       
ffffffff  __c_args__                      
200000bc  __stack                         
0020f817  __vla_alloc                     
0020f711  __vla_dealloc                   
0020f797  __vla_dealloc_eh                
00217cc9  _args_main                      
00217179  _c_int00                        
00217f10  _ctypes_                        
20006d18  _ftable                         
20007144  _lock                           
00217d9f  _nop                            
00217d97  _register_lock                  
00217d91  _register_unlock                
200001c0  _sys_memory                     
00217f05  _system_pre_init                
20007148  _unlock                         
00216ec5  abort                           
2001b093  add485                          
2001b020  addIP                           
0020eb2d  add_device                      
00216ba1  atoi                            
20006000  bin_op                          
ffffffff  binit                           
002174dd  binops_and                      
00217475  binops_clear                    
0021750f  binops_or                       
00217541  binops_xor                      
20018000  bsmp                            
00213601  bsmp_process_packet             
00214f39  bsmp_register_curve             
00214fcb  bsmp_register_function          
0021474d  bsmp_register_variable          
00216da1  bsmp_server_init                
0020df3d  calloc                          
00217ea9  clock_time                      
0020eadd  close                           
00216bed  copy_in                         
2001ad06  count                           
002128e1  curve_block                     
00212de7  curve_block_request             
00216b09  curve_check                     
002157a1  curve_query_csum                
00214351  curve_query_list                
00211fd9  curve_recalc_csum               
2001afc0  data                            
2001aed0  data_eeprom                     
2001afcc  data_exio                       
00217eed  dhcpc_appcall                   
002168d1  dhcpc_configured                
2001b01e  dummy_read                      
00216ecd  exit                            
00214e6f  fclose                          
002174a9  feraiseexcept                   
00213b21  fflush                          
2001b034  floatNchars                     
0021093f  fopen                           
00215ff5  fprintf                         
00214ea1  fputc                           
00211ea5  fputs                           
0020dc8b  free                            
00210915  freopen                         
00217a8d  frexp                           
00216535  fseek                           
00217303  func_check                      
00213b9d  func_execute                    
00215be5  func_query_list                 
20007117  g_bErrFlag                      
2000710c  g_bRXFlag1                      
2000710d  g_bRXFlag2                      
2000710e  g_bRXFlag3                      
2000710f  g_bRXFlag4                      
20007110  g_bRXFlag5                      
20007111  g_bRXFlag6                      
20007112  g_bRXFlag7                      
20007113  g_bRXFlag8                      
20007114  g_bRXFlag9                      
20000400  g_pfnRAMVectors                 
00201000  g_pfnVectors                    
2001a800  g_sDMAControlTable              
20007108  g_ui32MsgCount                  
200070c8  g_ulTickCounter                 
002170c3  group_add_var                   
00211875  group_bin_op                    
00212ced  group_create                    
00217a69  group_init                      
002149d5  group_query                     
00215285  group_query_list                
002130c1  group_read                      
00217339  group_remove_all                
00211c31  group_write                     
00217ba1  htons                           
002136d5  httpd_appcall                   
00217ec1  httpd_clear_command             
00217d7d  httpd_get_command               
00217ecd  httpd_init                      
002176f5  httpd_insert_response           
20007176  iib_sample                      
2001b03c  ipaddr                          
2001b048  lARPTimer                       
2001b04c  lPeriodicTimer                  
00216e79  ldexp                           
2001b084  loop_count                      
0020eab9  lseek                           
002167d1  ltoa                            
00210641  main                            
2000716c  main_func_sp                    
0020dc23  malloc                          
0020de59  memalign                        
00217bd7  memccpy                         
00217af1  memchr                          
00217aaf  memcmp                          
00214a71  memcpy                          
002158a3  memset                          
0020db95  minit                           
20007170  new_data_send                   
0020ea0b  open                            
2001aff0  pui8MsgData                     
2001aff8  pui8MsgDataTx                   
00214ea1  putc                            
00214f25  putchar                         
00211faf  puts                            
00216b55  query_version                   
002177e3  raise                           
0020e9e7  read                            
2001b099  read_adcp                       
2001b09a  read_add_IP                     
2001b09b  read_add_rs485                  
2001b09c  read_display_sts                
2001b09d  read_flash_sn                   
2001b09e  read_isodcdc_sts                
2001b09f  read_rtc                        
2001b0a0  read_rtc_status                 
0020dd4d  realloc                         
0020e95d  remove                          
0020e9bf  remove_device                   
0020e981  rename                          
2001b008  response_to_client              
2001af38  sCANMessage                     
2001af4c  sCANMessageTx                   
20010000  samples_buffer_memory           
2001b0a1  set_add_IP                      
2001b0a2  set_add_rs485                   
2001b0a3  set_display_sts                 
2001b0a4  set_isodcdc_sts                 
00213451  setvbuf                         
00217005  signal                          
00217d3b  strchr                          
00217ce1  strcmp                          
00217d51  strcpy                          
00217da5  strlen                          
00217725  strncpy                         
2001b0a5  stsdisp                         
2001b0a6  stsisodcdc                      
20007174  time                            
00217b2f  timer_expired                   
00217d67  timer_set                       
0020ee35  uDMAChannel0_7SelectAltMapping  
0020ee29  uDMAChannel0_7SelectDefault     
0020ee67  uDMAChannel16_23SelectAltMapping
0020ee59  uDMAChannel16_23SelectDefault   
0020ee81  uDMAChannel24_31SelectAltMapping
0020ee73  uDMAChannel24_31SelectDefault   
0020ee4d  uDMAChannel8_15SelectAltMapping 
0020ee3f  uDMAChannel8_15SelectDefault    
0020ec8f  uDMAChannelAttributeDisable     
0020ec51  uDMAChannelAttributeEnable      
0020eccd  uDMAChannelAttributeGet         
0020ed1d  uDMAChannelControlSet           
0020ec09  uDMAChannelDisable              
0020ebfb  uDMAChannelEnable               
0020ec17  uDMAChannelIsEnabled            
0020ee05  uDMAChannelModeGet              
0020ec3f  uDMAChannelRequest              
0020edad  uDMAChannelScatterGatherSet     
0020ede9  uDMAChannelSizeGet              
0020ed37  uDMAChannelTransferSet          
0020ec37  uDMAControlAlternateBaseGet     
0020ec2f  uDMAControlBaseGet              
0020ec27  uDMAControlBaseSet              
0020ebe1  uDMADisable                     
[...]
00212521  SSIIntUnregister                
00212535  SSIIntEnable                    
0021253d  SSIIntDisable                   
00212547  SSIIntStatus                    
00212551  SSIIntClear                     
00212555  SSIDataPut                      
0021255f  SSIDataPutNonBlocking           
0021256f  SSIDataGet                      
0021257b  SSIDataGetNonBlocking           
0021258d  SSIDMAEnable                    
00212595  SSIDMADisable                   
0021259f  SSIBusy                         
002125ad  EthLoadParam                    
002126c5  _Dscale                         
002127d5  var_bin_op                      
002128e1  curve_block                     
002129e9  RAMMReqSharedMemAccess          
00212a0f  RAMControlInitM1MsgRam          
00212a79  RAMControlInitL0L3Ram           
00212af1  var_write                       
00212bf1  __aeabi_dmul                    
00212ced  group_create                    
00212de7  curve_block_request             
00212edd  AdcpInit                        
00212fd1  PinCorSet                       
002130c1  group_read                      
002131a9  ConfigSigGen                    
0021328d  IPCInit                         
00213371  ReadI2C                         
00213451  setvbuf                         
0021352d  PinoutSet                       
00213601  bsmp_process_packet             
002136d5  httpd_appcall                   
002137a9  EthernetIntHandler              
00213879  SendDisplay                     
00213ad5  __TI_doflush                    
00213b21  fflush                          
00213b9d  func_execute                    
00213c63  _Dnorm                          
00213d21  RS485BKPTxHandler               
00213dd9  MD5Update                       
00213e91  AdcpIntHandler                  
00213ff1  var_read                        
002140a1  EepromWriteKd                   
0021414d  EepromWriteKi                   
002141f9  EepromWriteKp                   
002142a5  EnablePeripherals               
00214351  curve_query_list                
002143fd  WatchdogRunning                 
00214405  WatchdogEnable                  
0021440f  WatchdogResetEnable             
00214419  WatchdogResetDisable            
00214423  WatchdogLock                    
0021442b  WatchdogUnlock                  
00214433  WatchdogLockState               
00214441  WatchdogReloadSet               
00214445  WatchdogReloadGet               
00214449  WatchdogValueGet                
0021444d  WatchdogIntRegister             
0021445d  WatchdogIntUnregister           
0021446d  WatchdogIntEnable               
00214477  WatchdogIntStatus               
00214481  WatchdogIntClear                
00214487  WatchdogStallEnable             
00214495  WatchdogStallDisable            
002144a9  __TI_wrt_ok                     
0021450b  __TI_rd_ok                      
00214555  SetISlowRef                     
002145fd  TestEepromMemory                
002146a5  uip_add32                       
0021474d  bsmp_register_variable          
00214899  RS485ProcessData                
002149d5  group_query                     
00214a71  __aeabi_memcpy                  
00214a71  __aeabi_memcpy4                 
00214a71  __aeabi_memcpy8                 
00214a71  memcpy                          
00214b0d  uip_init                        
00214ba9  EepromWriteIP                   
00214c41  EepromWriteIPMask               
00214cd9  EepromWriteRs485BaudRate        
00214d71  SeparaDado                      
00214e09  __TI_closefile                  
00214e6f  fclose                          
00214ea1  fputc                           
00214ea1  putc                            
00214f25  putchar                         
00214f39  bsmp_register_curve             
00214fcb  bsmp_register_function          
0021505d  ResetInterlocks                 
002150ed  KpWrite                         
00215179  __aeabi_cdcmpeq                 
00215179  __aeabi_cdcmple                 
002151ff  __aeabi_cdrcmple                
00215285  group_query_list                
0021530d  KiWrite                         
00215391  OpMode                          
00215415  RS485BKPIntHandler              
00215499  WriteI2C                        
0021551d  var_query_list                  
002155a1  DisableSigGen                   
00215621  EnableSigGen                    
00215721  RS485TxHandler                  
002157a1  curve_query_csum                
00215821  __aeabi_fmul                    
0021589b  __aeabi_memclr                  
0021589b  __aeabi_memclr4                 
0021589b  __aeabi_memclr8                 
0021589d  __aeabi_memset                  
0021589d  __aeabi_memset4                 
0021589d  __aeabi_memset8                 
002158a3  memset                          
00215915  ClosedLoop                      
0021598d  OpenLoop                        
00215a05  RTCWriteDataHour                
00215a7d  TurnOff                         
00215af5  TurnOn                          
00215b6d  SysTickEnable                   
00215b79  SysTickDisable                  
00215b85  SysTickIntRegister              
00215b9b  SysTickIntUnregister            
00215bab  SysTickIntEnable                
00215bb7  SysTickIntDisable               
00215bc3  SysTickPeriodSet                
00215bcd  SysTickPeriodGet                
00215bd7  SysTickValueGet                 
00215be5  func_query_list                 
00215c5d  UARTConfigSetExpClk             
00215cd5  ConfigDPModule                  
00215d49  EepromWritePSModel              
00215dbd  EepromWriteRs485Add             
00215e31  IHMIntHandler                   
00215f15  WfmRefUpdate                    
00215f81  __TI_auto_init                  
00215ff5  fprintf                         
00216059  uip_arp_timer                   
00216131  EepromReadIP                    
00216199  EepromReadIPMask                
00216201  EepromReadRs485BaudRate         
00216269  MD5Final                        
00216339  __TI_writemsg                   
00216367  C$$IO$$                         
0021636b  __TI_readmsg                    
00216407  _Dunscale                       
0021646d  GlobalTimerIntHandler           
00216535  fseek                           
00216599  CtrllawInit                     
002165f9  EepromReadKi                    
00216659  EepromReadKp                    
002166b9  RTCCheckOF                      
00216719  __aeabi_cfcmpeq                 
00216719  __aeabi_cfcmple                 
00216779  SystemInit                      
002167d1  ltoa                            
00216829  ConfigWfmRef                    
0021687d  RTCClearHT                      
002168d1  dhcpc_configured                
002169cd  GlobalTimerInit                 
00216a1d  InitRS485BKP                    
00216a6d  uip_listen                      
00216abd  InitDisplay                     
00216b09  curve_check                     
00216b55  query_version                   
00216ba1  atoi                            
00216bed  copy_in                         
00216c39  DcdcPwrCtrl                     
00216c81  DisplayPwrCtrl                  
00216cc9  InitRS485                       
00216d11  PwmEletrCtrl                    
00216d59  PwmFiberCtrl                    
00216da1  bsmp_server_init                
00216de9  __aeabi_d2iz                    
00216e79  ldexp                           
00216ec1  C$$EXIT                         
00216ec5  abort                           
00216ecd  exit                            
00216f05  DcdcSts                         
00216f45  DisplayPwrOCSts                 
00216f85  ExIOInit                        
00216fc5  IPAddressRead                   
00217005  signal                          
002170c3  group_add_var                   
00217101  EthernetProcessCMD              
0021713d  MD5Init                         
00217179  _c_int00                        
002171b5  DisplayProcessData              
002171ed  RTCStopClock                    
00217225  SetRS485Address                 
0021725d  __aeabi_i2f                     
00217295  uip_send                        
002172cd  CPUcpsid                        
002172d9  CPUprimask                      
002172e3  CPUcpsie                        
002172ef  CPUwfi                          
002172ef  SysCtlSleep                     
002172f3  CPUbasepriSet                   
002172f3  IntPriorityMaskSet              
002172f9  CPUbasepriGet                   
002172f9  IntPriorityMaskGet              
00217303  func_check                      
00217339  group_remove_all                
00217371  FlashMemInit                    
002173a5  IPC_MtoC_Translate              
002173d9  RTCStatusOF                     
0021740d  SendCanMessage                  
00217441  TaskSetNew                      
00217475  binops_clear                    
002174a9  feraiseexcept                   
002174dd  binops_and                      
0021750f  binops_or                       
00217541  binops_xor                      
00217575  AdcpConfig                      
002175a5  ConfigRS485                     
002175d5  IPC_CtoM_Translate              
00217605  TaskCheck                       
00217635  UARTDisable                     
002176f5  httpd_insert_response           
00217725  strncpy                         
00217755  _Feraise                        
00217785  uip_ipchksum                    
002177b5  __aeabi_i2d                     
002177e3  raise                           
00217811  AdcpRxIntEnable                 
0021783d  HeartBeatLED                    
00217869  IPCMtoCBusy                     
00217895  SysTickIntHandler               
002178c1  _Dclass                         
002178eb  var_check                       
00217915  CtrlLoopWrite                   
0021793d  EepromReadPSModel               
00217965  EepromReadRs485Add              
0021798d  InterlockAlarmReset             
002179b5  AdcpRead                        
002179d9  InitI2COnboard                  
002179fd  Init_BSMP_var                   
00217a21  UARTCharPutNonBlocking          
00217a45  UARTEnable                      
00217a69  group_init                      
00217a8d  frexp                           
00217aaf  memcmp                          
00217ad1  ISetpointWrite                  
00217af1  memchr                          
00217b11  UARTIntStatus                   
00217b2f  timer_expired                   
00217b4d  OutputStsWrite                  
00217b69  UARTCharGetNonBlocking          
00217b85  UARTTxIntModeSet                
00217ba1  htons                           
00217bbd  ConfigPSModel                   
00217bd7  memccpy                         
00217bf1  AdcpCleanRxBuffer               
00217c09  BSMPprocess                     
00217c21  CtrlLoopRead                    
00217c39  KiRead                          
00217c51  SendIpcFlag                     
00217c69  UARTCharsAvail                  
00217c81  UARTFIFOLevelSet                
00217c99  UARTIntEnable                   
00217cb1  UARTSpaceAvail                  
00217cc9  _args_main                      
00217ce1  strcmp                          
00217cf9  UARTCharGet                     
00217d0f  UARTFIFOEnable                  
00217d3b  strchr                          
00217d51  strcpy                          
00217d67  timer_set                       
00217d7d  httpd_get_command               
00217d91  _register_unlock                
00217d97  _register_lock                  
00217d9f  _nop                            
00217da5  strlen                          
00217db9  UARTIntClear                    
00217dcd  CtoMIPC1IntHandler              
00217ddd  CtoMIPC2IntHandler              
00217ded  CtoMIPC3IntHandler              
00217dfd  DummyFunction                   
00217e0b  __TI_decompress_none            
00217e19  BufferClear                     
00217e25  BufferLen                       
00217e31  DataHourRead                    
00217e3d  FlashDeviceIDRead               
00217e49  IOutputRead                     
00217e55  ISetpointRead                   
00217e61  InterlockSts                    
00217e6d  KpRead                          
00217e79  LocRemUpdate                    
00217e85  OutputStsRead                   
00217e91  RTCInit                         
00217e9d  ReadRS485Address                
00217ea9  clock_time                      
00217eb5  __TI_zero_init                  
00217ec1  httpd_clear_command             
00217ecd  httpd_init                      
00217ed9  uip_tcpchksum                   
00217ee5  BufferAdress                    
00217eed  dhcpc_appcall                   
00217ef5  SysCtlDelay                     
00217efb  __TI_decompress_rle24           
00217f01  __abort_execution               
00217f05  _system_pre_init                
00217f10  _ctypes_                        
00218210  __TI_static_base__              
00218610  __TI_Handler_Table_Base         
0021861c  __TI_Handler_Table_Limit        
00218680  __TI_CINIT_Base                 
002186d8  AppCrc                          
002186d8  __TI_CINIT_Limit                
002186d8  __TI_CRC_AppCrc                 
20000000  RamfuncsRunStart                
20000001  FlashInit                       
20000057  FlashSetup                      
200000bc  RamfuncsRunEnd                  
200000bc  __stack                         
200001bc  __STACK_END                     
200001bc  __STACK_TOP                     
200001c0  _sys_memory                     
20000400  g_pfnRAMVectors                 
20006000  bin_op                          
20006800  TIMEOUT_VALUE                   
20006d18  _ftable                         
20006f88  _Denorm                         
20006f98  _Eps                            
20006fa8  _Hugeval                        
20006fb8  _Inf                            
20006fc8  _Nan                            
20006fd8  _Snan                           
20006fe8  _Rteps                          
20006ff8  _Xbig                           
20007000  _Zero                           
200070c8  g_ulTickCounter                 
200070d0  MAC_ADDRESS                     
200070d8  IPMASK0                         
200070d9  IPMASK1                         
200070da  IPMASK2                         
200070db  IPMASK3                         
200070f6  ADCP_TxTable                    
20007108  g_ui32MsgCount                  
2000710c  g_bRXFlag1                      
2000710d  g_bRXFlag2                      
2000710e  g_bRXFlag3                      
2000710f  g_bRXFlag4                      
20007110  g_bRXFlag5                      
20007111  g_bRXFlag6                      
20007112  g_bRXFlag7                      
20007113  g_bRXFlag8                      
20007114  g_bRXFlag9                      
20007115  ItlkOld1                        
20007116  ItlkOld2                        
20007117  g_bErrFlag                      
20007118  Counter                         
2000711c  __TI_ft_end                     
20007120  __aeabi_stdin                   
20007124  __aeabi_stdout                  
20007128  __aeabi_stderr                  
20007130  Arm1                            
20007134  Arm2                            
20007144  _lock                           
20007148  _unlock                         
2000714c  __TI_cleanup_ptr                
20007150  __TI_dtors_ptr                  
20007154  _Fenv                           
20007158  _Tls_setup__Fenv                
2000715c  uip_ethaddr                     
20007164  _Errno                          
2000716c  main_func_sp                    
20007170  new_data_send                   
20007174  time                            
20007176  iib_sample                      
20008000  DP_Framework_MtoC               
2000a000  DP_Framework                    
20010000  samples_buffer_memory           
20014000  wfm_curve_memory                
20018000  bsmp                            
2001985c  ucUIPBuffer                     
20019ea0  __CIOBUF_                       
20019fc0  uip_conns                       
2001a634  Dado                            
2001a744  __TI_tmpnams                    
2001a800  g_sDMAControlTable              
2001ac00  Mensagem                        
2001ad05  IPADDR0                         
2001ad06  count                           
2001ad08  uip_udp_conns                   
2001ae9c  uip_stat                        
2001aed0  data_eeprom                     
2001aef0  Mod1Q1                          
2001af08  Mod2Q1                          
2001af38  sCANMessage                     
2001af4c  sCANMessageTx                   
2001af60  AnalogCh0                       
2001af6c  AnalogCh1                       
2001af78  AnalogCh2                       
2001af84  AnalogCh3                       
2001af90  AnalogCh4                       
2001af9c  AnalogCh5                       
2001afa8  AnalogCh6                       
2001afb4  AnalogCh7                       
2001afc0  data                            
2001afcc  data_exio                       
2001afd8  DataHour                        
2001afe0  SerialNumber                    
2001aff0  pui8MsgData                     
2001aff8  pui8MsgDataTx                   
2001b008  response_to_client              
2001b010  uip_listenports                 
2001b01e  dummy_read                      
2001b020  addIP                           
2001b034  floatNchars                     
2001b03c  ipaddr                          
2001b048  lARPTimer                       
2001b04c  lPeriodicTimer                  
2001b050  uip_acc32                       
2001b054  uip_appdata                     
2001b058  uip_buf                         
2001b05c  uip_conn                        
2001b060  uip_draddr                      
2001b064  uip_hostaddr                    
2001b068  uip_netmask                     
2001b06c  uip_sappdata                    
2001b070  uip_udp_conn                    
2001b074  ulLoop                          
2001b078  ulTemp                          
2001b07c  ulTimeout                       
2001b084  loop_count                      
2001b088  uip_len                         
2001b08c  uip_slen                        
2001b08e  IPADDR1                         
2001b08f  IPADDR2                         
2001b090  IPADDR3                         
2001b091  READ_IIB                        
2001b092  READ_RTC                        
2001b093  add485                          
2001b099  read_adcp                       
2001b09a  read_add_IP                     
2001b09b  read_add_rs485                  
2001b09c  read_display_sts                
2001b09d  read_flash_sn                   
2001b09e  read_isodcdc_sts                
2001b09f  read_rtc                        
2001b0a0  read_rtc_status                 
2001b0a1  set_add_IP                      
2001b0a2  set_add_rs485                   
2001b0a3  set_display_sts                 
2001b0a4  set_isodcdc_sts                 
2001b0a5  stsdisp                         
2001b0a6  stsisodcdc                      
2001b0a8  uip_flags                       
2007f000  IPC_CtoM_Msg                    
2007f800  IPC_MtoC_Msg                    
ffffffff  __binit__                       
ffffffff  __c_args__                      
ffffffff  binit                           
UNDEFED   SHT$$INIT_ARRAY$$Base           
UNDEFED   SHT$$INIT_ARRAY$$Limit          

[764 symbols]
